.....................................................                    [100%]
=============================== warnings summary ===============================
tests/acceptance/test_a10_import_binding.py::test_app_runtime_binds_private_under_pytest_session
tests/acceptance/test_a10_import_binding.py::test_app_runtime_binds_private_under_pytest_session
  <frozen importlib._bootstrap>:491: DeprecationWarning: builtin type SwigPyPacked has no __module__ attribute

tests/acceptance/test_a10_import_binding.py::test_app_runtime_binds_private_under_pytest_session
tests/acceptance/test_a10_import_binding.py::test_app_runtime_binds_private_under_pytest_session
  <frozen importlib._bootstrap>:491: DeprecationWarning: builtin type SwigPyObject has no __module__ attribute

tests/acceptance/test_a10_import_binding.py::test_app_runtime_binds_private_under_pytest_session
  <frozen importlib._bootstrap>:491: DeprecationWarning: builtin type swigvarlink has no __module__ attribute

tests/acceptance/test_a10_import_binding.py::test_app_runtime_binds_private_under_pytest_session
  /Users/smkzw/Documents/康哲项目资料/AI/医学经理工作台/implementation/protocol-v3-workbench-mw_protocol_v3_phase0_20260809_111313/services/api/app/main.py:1377: DeprecationWarning: 
          on_event is deprecated, use lifespan event handlers instead.
  
          Read more about it in the
          [FastAPI docs for Lifespan Events](https://fastapi.tiangolo.com/advanced/events/).
          
    @app.on_event("startup")

tests/acceptance/test_a10_import_binding.py::test_app_runtime_binds_private_under_pytest_session
tests/acceptance/test_a10_import_binding.py::test_app_runtime_binds_private_under_pytest_session
tests/acceptance/test_a10_import_binding.py::test_app_runtime_binds_private_under_pytest_session
tests/acceptance/test_a10_import_binding.py::test_app_runtime_binds_private_under_pytest_session
tests/acceptance/test_a10_import_binding.py::test_app_runtime_binds_private_under_pytest_session
tests/acceptance/test_a10_import_binding.py::test_app_runtime_binds_private_under_pytest_session
  /opt/homebrew/lib/python3.14/site-packages/fastapi/applications.py:4598: DeprecationWarning: 
          on_event is deprecated, use lifespan event handlers instead.
  
          Read more about it in the
          [FastAPI docs for Lifespan Events](https://fastapi.tiangolo.com/advanced/events/).
          
    return self.router.on_event(event_type)  # ty: ignore[deprecated]

tests/acceptance/test_a10_import_binding.py::test_app_runtime_binds_private_under_pytest_session
  /Users/smkzw/Documents/康哲项目资料/AI/医学经理工作台/implementation/protocol-v3-workbench-mw_protocol_v3_phase0_20260809_111313/services/api/app/main.py:1387: DeprecationWarning: 
          on_event is deprecated, use lifespan event handlers instead.
  
          Read more about it in the
          [FastAPI docs for Lifespan Events](https://fastapi.tiangolo.com/advanced/events/).
          
    @app.on_event("startup")

tests/acceptance/test_a10_import_binding.py::test_app_runtime_binds_private_under_pytest_session
  /Users/smkzw/Documents/康哲项目资料/AI/医学经理工作台/implementation/protocol-v3-workbench-mw_protocol_v3_phase0_20260809_111313/services/api/app/main.py:1409: DeprecationWarning: 
          on_event is deprecated, use lifespan event handlers instead.
  
          Read more about it in the
          [FastAPI docs for Lifespan Events](https://fastapi.tiangolo.com/advanced/events/).
          
    @app.on_event("startup")

tests/acceptance/test_a10_import_binding.py::test_app_runtime_binds_private_under_pytest_session
  /Users/smkzw/Documents/康哲项目资料/AI/医学经理工作台/implementation/protocol-v3-workbench-mw_protocol_v3_phase0_20260809_111313/services/api/app/main.py:1437: DeprecationWarning: 
          on_event is deprecated, use lifespan event handlers instead.
  
          Read more about it in the
          [FastAPI docs for Lifespan Events](https://fastapi.tiangolo.com/advanced/events/).
          
    @app.on_event("shutdown")

tests/acceptance/test_a10_import_binding.py::test_app_runtime_binds_private_under_pytest_session
  /Users/smkzw/Documents/康哲项目资料/AI/医学经理工作台/implementation/protocol-v3-workbench-mw_protocol_v3_phase0_20260809_111313/services/api/app/main.py:1446: DeprecationWarning: 
          on_event is deprecated, use lifespan event handlers instead.
  
          Read more about it in the
          [FastAPI docs for Lifespan Events](https://fastapi.tiangolo.com/advanced/events/).
          
    @app.on_event("shutdown")

tests/acceptance/test_a10_import_binding.py::test_app_runtime_binds_private_under_pytest_session
  /Users/smkzw/Documents/康哲项目资料/AI/医学经理工作台/implementation/protocol-v3-workbench-mw_protocol_v3_phase0_20260809_111313/services/api/app/main.py:2545: DeprecationWarning: 
          on_event is deprecated, use lifespan event handlers instead.
  
          Read more about it in the
          [FastAPI docs for Lifespan Events](https://fastapi.tiangolo.com/advanced/events/).
          
    @app.on_event("startup")

tests/acceptance/test_fixture_starts_contract.py::test_a19_f1_manifest_complete
  /opt/homebrew/lib/python3.14/site-packages/fastapi/testclient.py:1: StarletteDeprecationWarning: Using `httpx` with `starlette.testclient` is deprecated; install `httpx2` instead.
    from starlette.testclient import TestClient as TestClient  # noqa

-- Docs: https://docs.pytest.org/en/stable/how-to/capture-warnings.html
53 passed, 18 warnings in 18.35s
<sys>:0: DeprecationWarning: builtin type swigvarlink has no __module__ attribute
