parse_click_start=2026-10-05 19:27:35 +0200 epoch=1791221255
double_click_done 2026-10-05 19:27:39 +0200
single_click_parse_wait_begin 2026-10-05 19:28:14 +0200 epoch=1791221294
[2026-10-05 19:28:14] elapsed=0s round=1 status=CANCELLED tail=方案版本 | 暂无项目数据 | 数据批次 | 暂无项目数据 | 当前来源 | 未选择项目 | 未读决策 | 0 | 高风险开放 | 0 | 待交接 | 0 | 待审批 | 0 | 项目总看板 | 请选择项目 | 可运行 | AI 设置 · mtplx · mtplx-flash-next-optimized-speed | 新建项目 | 项目数 | 116 | 模块进度 | — | 开放风险 | — | 待审批 | — | 尚未选择项目 | 系统内共有 116 个项目。请在页面上方的项目下拉列表中选择一个项目开始医学工作；您的选择在本会话内会被记住。 | 医学写作 | 新建研究方案项目 | 从零开始 | 两阶段反问确定研究框架与 PICOS | 导入方案摘要 | 先解析文件，确认提取结果后创建项目 | R3D-W3-慢性咳嗽-PX590-摘要.docx | 37 KB · PDF / DOCX | 导入并提取 | 本次解析已取消。您可以重新选择文件。 | 重新选择
[2026-10-05 19:28:22] elapsed=8s round=2 status=CANCELLED tail=方案版本 | 暂无项目数据 | 数据批次 | 暂无项目数据 | 当前来源 | 未选择项目 | 未读决策 | 0 | 高风险开放 | 0 | 待交接 | 0 | 待审批 | 0 | 项目总看板 | 请选择项目 | 可运行 | AI 设置 · mtplx · mtplx-flash-next-optimized-speed | 新建项目 | 项目数 | 116 | 模块进度 | — | 开放风险 | — | 待审批 | — | 尚未选择项目 | 系统内共有 116 个项目。请在页面上方的项目下拉列表中选择一个项目开始医学工作；您的选择在本会话内会被记住。 | 医学写作 | 新建研究方案项目 | 从零开始 | 两阶段反问确定研究框架与 PICOS | 导入方案摘要 | 先解析文件，确认提取结果后创建项目 | R3D-W3-慢性咳嗽-PX590-摘要.docx | 37 KB · PDF / DOCX | 导入并提取 | 本次解析已取消。您可以重新选择文件。 | 重新选择
[2026-10-05 19:28:30] elapsed=16s round=3 status=CANCELLED tail=方案版本 | 暂无项目数据 | 数据批次 | 暂无项目数据 | 当前来源 | 未选择项目 | 未读决策 | 0 | 高风险开放 | 0 | 待交接 | 0 | 待审批 | 0 | 项目总看板 | 请选择项目 | 可运行 | AI 设置 · mtplx · mtplx-flash-next-optimized-speed | 新建项目 | 项目数 | 116 | 模块进度 | — | 开放风险 | — | 待审批 | — | 尚未选择项目 | 系统内共有 116 个项目。请在页面上方的项目下拉列表中选择一个项目开始医学工作；您的选择在本会话内会被记住。 | 医学写作 | 新建研究方案项目 | 从零开始 | 两阶段反问确定研究框架与 PICOS | 导入方案摘要 | 先解析文件，确认提取结果后创建项目 | R3D-W3-慢性咳嗽-PX590-摘要.docx | 37 KB · PDF / DOCX | 导入并提取 | 本次解析已取消。您可以重新选择文件。 | 重新选择
REAL_PARSE_CLICK 2026-10-05 19:29:13 +0200 epoch=1791221353
[2026-10-05 19:29:15] elapsed=0s r=1 status=CANCELLED busy=False btns=['项目总看板', '证据调研与方案设计', '入排审核', '医学监查', '数据分析与TFL', '医学写作', '安全信号与PV协同', '来源台账', '审批中心', '新建项目', '新建项目', '从零开始\n两阶段反问确定研究框架与 PICOS', '导入方案摘要\n先解析文件，确认提取结果后创建项目', '导入并提取', '重新选择'] tail=未选择项目 | 未读决策 | 0 | 高风险开放 | 0 | 待交接 | 0 | 待审批 | 0 | 项目总看板 | 请选择项目 | 可运行 | AI 设置 · mtplx · mtplx-flash-next-optimized-speed | 新建项目 | 项目数 | 116 | 模块进度 | — | 开放风险 | — | 待审批 | — | 尚未选择项目 | 系统内共有 116 个项目。请在页面上方的项目下拉列表中选择一个项目开始医学工作；您的选择在本会话内会被记住。 | 医学写作 | 新建研究方案项目 | 从零开始 | 两阶段反问确定研究框架与 PICOS | 导入方案摘要 | 先解析文件，确认提取结果后创建项目 | R3D-W3-慢性咳嗽-PX590-摘要.docx | 37 KB · PDF / DOCX | 导入并提取 | 本次解析已取消。您可以重新选择文件。 | 重新选择
[2026-10-05 19:29:28] elapsed=12s r=2 status=CANCELLED busy=False btns=['项目总看板', '证据调研与方案设计', '入排审核', '医学监查', '数据分析与TFL', '医学写作', '安全信号与PV协同', '来源台账', '审批中心', '新建项目', '新建项目', '从零开始\n两阶段反问确定研究框架与 PICOS', '导入方案摘要\n先解析文件，确认提取结果后创建项目', '导入并提取', '重新选择'] tail=未选择项目 | 未读决策 | 0 | 高风险开放 | 0 | 待交接 | 0 | 待审批 | 0 | 项目总看板 | 请选择项目 | 可运行 | AI 设置 · mtplx · mtplx-flash-next-optimized-speed | 新建项目 | 项目数 | 116 | 模块进度 | — | 开放风险 | — | 待审批 | — | 尚未选择项目 | 系统内共有 116 个项目。请在页面上方的项目下拉列表中选择一个项目开始医学工作；您的选择在本会话内会被记住。 | 医学写作 | 新建研究方案项目 | 从零开始 | 两阶段反问确定研究框架与 PICOS | 导入方案摘要 | 先解析文件，确认提取结果后创建项目 | R3D-W3-慢性咳嗽-PX590-摘要.docx | 37 KB · PDF / DOCX | 导入并提取 | 本次解析已取消。您可以重新选择文件。 | 重新选择
JS_SINGLE_CLICK_EXTRACT 2026-10-05 19:30:01 +0200 epoch=1791221401
[2026-10-05 19:30:01] elapsed=0s r=1 status=CANCELLED btns=['项目总看板', '证据调研与方案设计', '入排审核', '医学监查', '数据分析与TFL', '医学写作', '安全信号与PV协同', '来源台账', '审批中心', '新建项目', '新建项目', '从零开始\n两阶段反问确定研究框架与 PICOS', '导入方案摘要\n先解析文件，确认提取结果后创建项目', '导入并提取', '重新选择'] tail=待交接 | 0 | 待审批 | 0 | 项目总看板 | 请选择项目 | 可运行 | AI 设置 · mtplx · mtplx-flash-next-optimized-speed | 新建项目 | 项目数 | 116 | 模块进度 | — | 开放风险 | — | 待审批 | — | 尚未选择项目 | 系统内共有 116 个项目。请在页面上方的项目下拉列表中选择一个项目开始医学工作；您的选择在本会话内会被记住。 | 医学写作 | 新建研究方案项目 | 从零开始 | 两阶段反问确定研究框架与 PICOS | 导入方案摘要 | 先解析文件，确认提取结果后创建项目 | R3D-W3-慢性咳嗽-PX590-摘要.docx | 37 KB · PDF / DOCX | 导入并提取 | 本次解析已取消。您可以重新选择文件。 | 重新选择
[2026-10-05 19:30:11] elapsed=10s r=2 status=CANCELLED btns=['项目总看板', '证据调研与方案设计', '入排审核', '医学监查', '数据分析与TFL', '医学写作', '安全信号与PV协同', '来源台账', '审批中心', '新建项目', '新建项目', '从零开始\n两阶段反问确定研究框架与 PICOS', '导入方案摘要\n先解析文件，确认提取结果后创建项目', '导入并提取', '重新选择'] tail=待交接 | 0 | 待审批 | 0 | 项目总看板 | 请选择项目 | 可运行 | AI 设置 · mtplx · mtplx-flash-next-optimized-speed | 新建项目 | 项目数 | 116 | 模块进度 | — | 开放风险 | — | 待审批 | — | 尚未选择项目 | 系统内共有 116 个项目。请在页面上方的项目下拉列表中选择一个项目开始医学工作；您的选择在本会话内会被记住。 | 医学写作 | 新建研究方案项目 | 从零开始 | 两阶段反问确定研究框架与 PICOS | 导入方案摘要 | 先解析文件，确认提取结果后创建项目 | R3D-W3-慢性咳嗽-PX590-摘要.docx | 37 KB · PDF / DOCX | 导入并提取 | 本次解析已取消。您可以重新选择文件。 | 重新选择
[2026-10-05 19:31:15] click 新建项目 e14
[2026-10-05 19:31:18] js click 导入方案摘要
[2026-10-05 19:31:19] upload file, do NOT click extract yet
[2026-10-05 19:31:23] after-upload text tail: 项目总看板
证据调研与方案设计
入排审核
医学监查
数据分析与TFL
医学写作
安全信号与PV协同
来源台账
审批中心
最后更新
暂无数据
项目
新建项目
适应症
暂无项目数据
方案版本
暂无项目数据
数据批次
暂无项目数据
当前来源
未选择项目
未读决策
0
高风险开放
0
待交接
0
待审批
0
项目总看板
请选择项目
可运行
AI 设置 · mtplx · mtplx-flash-next-optimized-speed
新建项目
项目数
116
模块进度
—
开放风险
—
待审批
—
尚未选择项目
系统内共有 116 个项目。请在页面上方的项目下拉列表中选择一个项目开始医学工作；您的选择在本会话内会被记住。
医学写作
新建研究方案项目
从零开始
两阶段反问确定研究框架与 PICOS
导入方案摘要
先解析文件，确认提取结果后创建项目
R3D-W3-慢性咳嗽-PX590-摘要.docx
37 KB · PDF / DOCX
导入并提取
[2026-10-05 19:31:23] net after upload: []
[2026-10-05 19:31:35] no-click-wait i=0 elapsed=12s status=FORM net=[] tail=新建项目 | 项目数 | 116 | 模块进度 | — | 开放风险 | — | 待审批 | — | 尚未选择项目 | 系统内共有 116 个项目。请在页面上方的项目下拉列表中选择一个项目开始医学工作；您的选择在本会话内会被记住。 | 医学写作 | 新建研究方案项目 | 从零开始 | 两阶段反问确定研究框架与 PICOS | 导入方案摘要 | 先解析文件，确认提取结果后创建项目 | R3D-W3-慢性咳嗽-PX590-摘要.docx | 37 KB · PDF / DOCX | 导入并提取
[2026-10-05 19:34:28] btn_info={"x": 1254.4582901000977, "y": 608.3666763305664, "w": 103.08332824707031, "h": 26.300003051757812, "disabled": false, "onClickType": null, "text": "导入并提取", "type": "button"}
[2026-10-05 19:34:28] COORD_CLICK_START
[2026-10-05 19:35:10] WAIT_AFTER_202_CANCEL_BANNER start
[2026-10-05 19:35:30] post202-wait elapsed=20s r=1 status=CANCEL_BANNER net=[{"t": 1791221685027, "kind": "fetch", "url": "/api/model-lifecycle/status", "method": "GET", "err": "AbortError: The operation was aborted. "}, {"t": 1791221685027, "url": "/api/model-lifecycle/status", "method": "GET", "err": "AbortError: The operation was aborted. "}, {"t": 1791221685032, "kind": "fetch", "url": "/api/medical-writing/project-intake/synopsis", "method": "POST", "status": 202}, {"t": 1791221685032, "url": "/api/medical-writing/project-intake/synopsis", "method": "POST", "status tail=— | 开放风险 | — | 待审批 | — | 尚未选择项目 | 系统内共有 116 个项目。请在页面上方的项目下拉列表中选择一个项目开始医学工作；您的选择在本会话内会被记住。 | 医学写作 | 新建研究方案项目 | 从零开始 | 两阶段反问确定研究框架与 PICOS | 导入方案摘要 | 先解析文件，确认提取结果后创建项目 | R3D-W3-慢性咳嗽-PX590-摘要.docx | 37 KB · PDF / DOCX | 导入并提取 | 本次解析已取消。您可以重新选择文件。 | 重新选择
[2026-10-05 19:35:50] post202-wait elapsed=40s r=2 status=CANCEL_BANNER net=[{"t": 1791221685027, "kind": "fetch", "url": "/api/model-lifecycle/status", "method": "GET", "err": "AbortError: The operation was aborted. "}, {"t": 1791221685027, "url": "/api/model-lifecycle/status", "method": "GET", "err": "AbortError: The operation was aborted. "}, {"t": 1791221685032, "kind": "fetch", "url": "/api/medical-writing/project-intake/synopsis", "method": "POST", "status": 202}, {"t": 1791221685032, "url": "/api/medical-writing/project-intake/synopsis", "method": "POST", "status tail=— | 开放风险 | — | 待审批 | — | 尚未选择项目 | 系统内共有 116 个项目。请在页面上方的项目下拉列表中选择一个项目开始医学工作；您的选择在本会话内会被记住。 | 医学写作 | 新建研究方案项目 | 从零开始 | 两阶段反问确定研究框架与 PICOS | 导入方案摘要 | 先解析文件，确认提取结果后创建项目 | R3D-W3-慢性咳嗽-PX590-摘要.docx | 37 KB · PDF / DOCX | 导入并提取 | 本次解析已取消。您可以重新选择文件。 | 重新选择
[2026-10-05 19:36:10] post202-wait elapsed=60s r=3 status=CANCEL_BANNER net=[{"t": 1791221685027, "kind": "fetch", "url": "/api/model-lifecycle/status", "method": "GET", "err": "AbortError: The operation was aborted. "}, {"t": 1791221685027, "url": "/api/model-lifecycle/status", "method": "GET", "err": "AbortError: The operation was aborted. "}, {"t": 1791221685032, "kind": "fetch", "url": "/api/medical-writing/project-intake/synopsis", "method": "POST", "status": 202}, {"t": 1791221685032, "url": "/api/medical-writing/project-intake/synopsis", "method": "POST", "status tail=— | 开放风险 | — | 待审批 | — | 尚未选择项目 | 系统内共有 116 个项目。请在页面上方的项目下拉列表中选择一个项目开始医学工作；您的选择在本会话内会被记住。 | 医学写作 | 新建研究方案项目 | 从零开始 | 两阶段反问确定研究框架与 PICOS | 导入方案摘要 | 先解析文件，确认提取结果后创建项目 | R3D-W3-慢性咳嗽-PX590-摘要.docx | 37 KB · PDF / DOCX | 导入并提取 | 本次解析已取消。您可以重新选择文件。 | 重新选择
[2026-10-05 19:36:30] post202-wait elapsed=80s r=4 status=CANCEL_BANNER net=[{"t": 1791221685027, "kind": "fetch", "url": "/api/model-lifecycle/status", "method": "GET", "err": "AbortError: The operation was aborted. "}, {"t": 1791221685027, "url": "/api/model-lifecycle/status", "method": "GET", "err": "AbortError: The operation was aborted. "}, {"t": 1791221685032, "kind": "fetch", "url": "/api/medical-writing/project-intake/synopsis", "method": "POST", "status": 202}, {"t": 1791221685032, "url": "/api/medical-writing/project-intake/synopsis", "method": "POST", "status tail=— | 开放风险 | — | 待审批 | — | 尚未选择项目 | 系统内共有 116 个项目。请在页面上方的项目下拉列表中选择一个项目开始医学工作；您的选择在本会话内会被记住。 | 医学写作 | 新建研究方案项目 | 从零开始 | 两阶段反问确定研究框架与 PICOS | 导入方案摘要 | 先解析文件，确认提取结果后创建项目 | R3D-W3-慢性咳嗽-PX590-摘要.docx | 37 KB · PDF / DOCX | 导入并提取 | 本次解析已取消。您可以重新选择文件。 | 重新选择
[2026-10-05 19:36:50] post202-wait elapsed=100s r=5 status=CANCEL_BANNER net=[{"t": 1791221685027, "kind": "fetch", "url": "/api/model-lifecycle/status", "method": "GET", "err": "AbortError: The operation was aborted. "}, {"t": 1791221685027, "url": "/api/model-lifecycle/status", "method": "GET", "err": "AbortError: The operation was aborted. "}, {"t": 1791221685032, "kind": "fetch", "url": "/api/medical-writing/project-intake/synopsis", "method": "POST", "status": 202}, {"t": 1791221685032, "url": "/api/medical-writing/project-intake/synopsis", "method": "POST", "status tail=— | 开放风险 | — | 待审批 | — | 尚未选择项目 | 系统内共有 116 个项目。请在页面上方的项目下拉列表中选择一个项目开始医学工作；您的选择在本会话内会被记住。 | 医学写作 | 新建研究方案项目 | 从零开始 | 两阶段反问确定研究框架与 PICOS | 导入方案摘要 | 先解析文件，确认提取结果后创建项目 | R3D-W3-慢性咳嗽-PX590-摘要.docx | 37 KB · PDF / DOCX | 导入并提取 | 本次解析已取消。您可以重新选择文件。 | 重新选择
[2026-10-05 19:37:10] post202-wait elapsed=120s r=6 status=CANCEL_BANNER net=[{"t": 1791221685027, "kind": "fetch", "url": "/api/model-lifecycle/status", "method": "GET", "err": "AbortError: The operation was aborted. "}, {"t": 1791221685027, "url": "/api/model-lifecycle/status", "method": "GET", "err": "AbortError: The operation was aborted. "}, {"t": 1791221685032, "kind": "fetch", "url": "/api/medical-writing/project-intake/synopsis", "method": "POST", "status": 202}, {"t": 1791221685032, "url": "/api/medical-writing/project-intake/synopsis", "method": "POST", "status tail=— | 开放风险 | — | 待审批 | — | 尚未选择项目 | 系统内共有 116 个项目。请在页面上方的项目下拉列表中选择一个项目开始医学工作；您的选择在本会话内会被记住。 | 医学写作 | 新建研究方案项目 | 从零开始 | 两阶段反问确定研究框架与 PICOS | 导入方案摘要 | 先解析文件，确认提取结果后创建项目 | R3D-W3-慢性咳嗽-PX590-摘要.docx | 37 KB · PDF / DOCX | 导入并提取 | 本次解析已取消。您可以重新选择文件。 | 重新选择
[2026-10-05 19:37:30] post202-wait elapsed=140s r=7 status=CANCEL_BANNER net=[{"t": 1791221685027, "kind": "fetch", "url": "/api/model-lifecycle/status", "method": "GET", "err": "AbortError: The operation was aborted. "}, {"t": 1791221685027, "url": "/api/model-lifecycle/status", "method": "GET", "err": "AbortError: The operation was aborted. "}, {"t": 1791221685032, "kind": "fetch", "url": "/api/medical-writing/project-intake/synopsis", "method": "POST", "status": 202}, {"t": 1791221685032, "url": "/api/medical-writing/project-intake/synopsis", "method": "POST", "status tail=— | 开放风险 | — | 待审批 | — | 尚未选择项目 | 系统内共有 116 个项目。请在页面上方的项目下拉列表中选择一个项目开始医学工作；您的选择在本会话内会被记住。 | 医学写作 | 新建研究方案项目 | 从零开始 | 两阶段反问确定研究框架与 PICOS | 导入方案摘要 | 先解析文件，确认提取结果后创建项目 | R3D-W3-慢性咳嗽-PX590-摘要.docx | 37 KB · PDF / DOCX | 导入并提取 | 本次解析已取消。您可以重新选择文件。 | 重新选择
[2026-10-05 19:37:50] post202-wait elapsed=160s r=8 status=CANCEL_BANNER net=[{"t": 1791221685027, "kind": "fetch", "url": "/api/model-lifecycle/status", "method": "GET", "err": "AbortError: The operation was aborted. "}, {"t": 1791221685027, "url": "/api/model-lifecycle/status", "method": "GET", "err": "AbortError: The operation was aborted. "}, {"t": 1791221685032, "kind": "fetch", "url": "/api/medical-writing/project-intake/synopsis", "method": "POST", "status": 202}, {"t": 1791221685032, "url": "/api/medical-writing/project-intake/synopsis", "method": "POST", "status tail=— | 开放风险 | — | 待审批 | — | 尚未选择项目 | 系统内共有 116 个项目。请在页面上方的项目下拉列表中选择一个项目开始医学工作；您的选择在本会话内会被记住。 | 医学写作 | 新建研究方案项目 | 从零开始 | 两阶段反问确定研究框架与 PICOS | 导入方案摘要 | 先解析文件，确认提取结果后创建项目 | R3D-W3-慢性咳嗽-PX590-摘要.docx | 37 KB · PDF / DOCX | 导入并提取 | 本次解析已取消。您可以重新选择文件。 | 重新选择
[2026-10-05 19:38:10] post202-wait elapsed=180s r=9 status=CANCEL_BANNER net=[{"t": 1791221685027, "kind": "fetch", "url": "/api/model-lifecycle/status", "method": "GET", "err": "AbortError: The operation was aborted. "}, {"t": 1791221685027, "url": "/api/model-lifecycle/status", "method": "GET", "err": "AbortError: The operation was aborted. "}, {"t": 1791221685032, "kind": "fetch", "url": "/api/medical-writing/project-intake/synopsis", "method": "POST", "status": 202}, {"t": 1791221685032, "url": "/api/medical-writing/project-intake/synopsis", "method": "POST", "status tail=— | 开放风险 | — | 待审批 | — | 尚未选择项目 | 系统内共有 116 个项目。请在页面上方的项目下拉列表中选择一个项目开始医学工作；您的选择在本会话内会被记住。 | 医学写作 | 新建研究方案项目 | 从零开始 | 两阶段反问确定研究框架与 PICOS | 导入方案摘要 | 先解析文件，确认提取结果后创建项目 | R3D-W3-慢性咳嗽-PX590-摘要.docx | 37 KB · PDF / DOCX | 导入并提取 | 本次解析已取消。您可以重新选择文件。 | 重新选择
[2026-10-05 19:38:10] EXIT_STATUS=STILL_CANCEL_BANNER_180s
[2026-10-05 19:39:56] FROM_SCRATCH_CREATE_WAIT
[2026-10-05 19:40:03] create-wait elapsed=7s i=0 status=STILL_DIALOG href=http://127.0.0.1:5186/ dlg=True net=[] tail=— | 开放风险 | — | 待审批 | — | 尚未选择项目 | 系统内共有 117 个项目。请在页面上方的项目下拉列表中选择一个项目开始医学工作；您的选择在本会话内会被记住。 | 医学写作 | 新建研究方案项目 | 从零开始 | 两阶段反问确定研究框架与 PICOS | 导入方案摘要 | 先解析文件，确认提取结果后创建项目 | 试验药物 | 适应症 | 研究分期 | 取消 | 创建并进入写作
[2026-10-05 19:40:10] create-wait elapsed=14s i=1 status=STILL_DIALOG href=http://127.0.0.1:5186/ dlg=True net=[] tail=— | 开放风险 | — | 待审批 | — | 尚未选择项目 | 系统内共有 117 个项目。请在页面上方的项目下拉列表中选择一个项目开始医学工作；您的选择在本会话内会被记住。 | 医学写作 | 新建研究方案项目 | 从零开始 | 两阶段反问确定研究框架与 PICOS | 导入方案摘要 | 先解析文件，确认提取结果后创建项目 | 试验药物 | 适应症 | 研究分期 | 取消 | 创建并进入写作
[2026-10-05 19:40:17] create-wait elapsed=21s i=2 status=STILL_DIALOG href=http://127.0.0.1:5186/ dlg=True net=[] tail=— | 开放风险 | — | 待审批 | — | 尚未选择项目 | 系统内共有 117 个项目。请在页面上方的项目下拉列表中选择一个项目开始医学工作；您的选择在本会话内会被记住。 | 医学写作 | 新建研究方案项目 | 从零开始 | 两阶段反问确定研究框架与 PICOS | 导入方案摘要 | 先解析文件，确认提取结果后创建项目 | 试验药物 | 适应症 | 研究分期 | 取消 | 创建并进入写作
[2026-10-05 19:40:24] create-wait elapsed=28s i=3 status=STILL_DIALOG href=http://127.0.0.1:5186/ dlg=True net=[] tail=— | 开放风险 | — | 待审批 | — | 尚未选择项目 | 系统内共有 117 个项目。请在页面上方的项目下拉列表中选择一个项目开始医学工作；您的选择在本会话内会被记住。 | 医学写作 | 新建研究方案项目 | 从零开始 | 两阶段反问确定研究框架与 PICOS | 导入方案摘要 | 先解析文件，确认提取结果后创建项目 | 试验药物 | 适应症 | 研究分期 | 取消 | 创建并进入写作
[2026-10-05 19:40:31] create-wait elapsed=35s i=4 status=STILL_DIALOG href=http://127.0.0.1:5186/ dlg=True net=[] tail=— | 开放风险 | — | 待审批 | — | 尚未选择项目 | 系统内共有 117 个项目。请在页面上方的项目下拉列表中选择一个项目开始医学工作；您的选择在本会话内会被记住。 | 医学写作 | 新建研究方案项目 | 从零开始 | 两阶段反问确定研究框架与 PICOS | 导入方案摘要 | 先解析文件，确认提取结果后创建项目 | 试验药物 | 适应症 | 研究分期 | 取消 | 创建并进入写作
[2026-10-05 19:40:38] create-wait elapsed=42s i=5 status=STILL_DIALOG href=http://127.0.0.1:5186/ dlg=True net=[] tail=— | 开放风险 | — | 待审批 | — | 尚未选择项目 | 系统内共有 117 个项目。请在页面上方的项目下拉列表中选择一个项目开始医学工作；您的选择在本会话内会被记住。 | 医学写作 | 新建研究方案项目 | 从零开始 | 两阶段反问确定研究框架与 PICOS | 导入方案摘要 | 先解析文件，确认提取结果后创建项目 | 试验药物 | 适应症 | 研究分期 | 取消 | 创建并进入写作
[2026-10-05 19:40:45] create-wait elapsed=49s i=6 status=STILL_DIALOG href=http://127.0.0.1:5186/ dlg=True net=[] tail=— | 开放风险 | — | 待审批 | — | 尚未选择项目 | 系统内共有 117 个项目。请在页面上方的项目下拉列表中选择一个项目开始医学工作；您的选择在本会话内会被记住。 | 医学写作 | 新建研究方案项目 | 从零开始 | 两阶段反问确定研究框架与 PICOS | 导入方案摘要 | 先解析文件，确认提取结果后创建项目 | 试验药物 | 适应症 | 研究分期 | 取消 | 创建并进入写作
[2026-10-05 19:40:52] create-wait elapsed=56s i=7 status=STILL_DIALOG href=http://127.0.0.1:5186/ dlg=True net=[] tail=— | 开放风险 | — | 待审批 | — | 尚未选择项目 | 系统内共有 117 个项目。请在页面上方的项目下拉列表中选择一个项目开始医学工作；您的选择在本会话内会被记住。 | 医学写作 | 新建研究方案项目 | 从零开始 | 两阶段反问确定研究框架与 PICOS | 导入方案摘要 | 先解析文件，确认提取结果后创建项目 | 试验药物 | 适应症 | 研究分期 | 取消 | 创建并进入写作
[2026-10-05 19:40:59] create-wait elapsed=63s i=8 status=STILL_DIALOG href=http://127.0.0.1:5186/ dlg=True net=[] tail=— | 开放风险 | — | 待审批 | — | 尚未选择项目 | 系统内共有 117 个项目。请在页面上方的项目下拉列表中选择一个项目开始医学工作；您的选择在本会话内会被记住。 | 医学写作 | 新建研究方案项目 | 从零开始 | 两阶段反问确定研究框架与 PICOS | 导入方案摘要 | 先解析文件，确认提取结果后创建项目 | 试验药物 | 适应症 | 研究分期 | 取消 | 创建并进入写作
[2026-10-05 19:41:07] create-wait elapsed=70s i=9 status=STILL_DIALOG href=http://127.0.0.1:5186/ dlg=True net=[] tail=— | 开放风险 | — | 待审批 | — | 尚未选择项目 | 系统内共有 117 个项目。请在页面上方的项目下拉列表中选择一个项目开始医学工作；您的选择在本会话内会被记住。 | 医学写作 | 新建研究方案项目 | 从零开始 | 两阶段反问确定研究框架与 PICOS | 导入方案摘要 | 先解析文件，确认提取结果后创建项目 | 试验药物 | 适应症 | 研究分期 | 取消 | 创建并进入写作
[2026-10-05 19:41:14] create-wait elapsed=77s i=10 status=STILL_DIALOG href=http://127.0.0.1:5186/ dlg=True net=[] tail=— | 开放风险 | — | 待审批 | — | 尚未选择项目 | 系统内共有 117 个项目。请在页面上方的项目下拉列表中选择一个项目开始医学工作；您的选择在本会话内会被记住。 | 医学写作 | 新建研究方案项目 | 从零开始 | 两阶段反问确定研究框架与 PICOS | 导入方案摘要 | 先解析文件，确认提取结果后创建项目 | 试验药物 | 适应症 | 研究分期 | 取消 | 创建并进入写作
[2026-10-05 19:41:21] create-wait elapsed=84s i=11 status=STILL_DIALOG href=http://127.0.0.1:5186/ dlg=True net=[] tail=— | 开放风险 | — | 待审批 | — | 尚未选择项目 | 系统内共有 117 个项目。请在页面上方的项目下拉列表中选择一个项目开始医学工作；您的选择在本会话内会被记住。 | 医学写作 | 新建研究方案项目 | 从零开始 | 两阶段反问确定研究框架与 PICOS | 导入方案摘要 | 先解析文件，确认提取结果后创建项目 | 试验药物 | 适应症 | 研究分期 | 取消 | 创建并进入写作
[2026-10-05 19:41:21] EXIT_STATUS=STILL_DIALOG_OR_TIMEOUT
