Working...
先备物料并摸清浏览器工具，再按入口 B 亲手走完整条评估链路。
正在拉 camofox 工具参数，并动手写方案摘要。
正在写摘要脚本、建截图目录，并查看已有浏览器标签。
摘要超了字数上限，先压到 600–900 字；工作台已有别人的标签，我会新开自己的。
字数还差一截，再压一点；同时看新开的工作台首页。
点击超时没弹窗。改用页面内点击，同时把摘要压进字数。
导入入口已选中。接着查 camofox 怎么把摘要文件挂到上传框。
摘要已压到 898 字。接下来把文件挂到导入框并截当前对话框。
误把“正在解析”当成完成了。继续盯解析，直到真正出核对页。
解析还在排队。我继续看界面，不把等待丢到后台不管。
解析报了 HTTP 507。先截图，再按界面上的「继续处理」重试。
标签页没了，浏览器会话空了。我重新打开自己的工作台页，看项目还在不在。
解析没建成项目，标签还掉了。按兜底再走一遍入口 B 导入。
第二次提取十几秒就出来了。正在对账字段并截核对页。
项目已进去。正在填研究框架必填项并截图。
「采用建议」没把随机双盲填上。我按摘要把 PICOS 必填项手填进去。
分诊卡在「等待确认」却点不进去。取消这次流水线作为绕过，继续往后测。
PICOS 已提交，卡在语料准入。先看 2 条建议，再走例外进写作。
分诊把 CR845 透析瘙痒口服试验判成不相关，这是错的。我改成直接竞品/间接参照。
EXIT=143
