
==== poll start 2026-10-06T15:21:38 ====
{"n": 1, "elapsed_s": 0.1, "ts": "2026-10-06T15:21:38", "busy": true, "fail": false, "done": false, "pending": true, "region": "研究方案全文初稿 待生成 独立AI会补写当前文档尚无实质正文的章节，并与既有结构化章节合并；你只需审核候选，确认后才会写入工作副本。 第 7/22 批输出未通过校验，正在重新请求（第 2 次尝试） 27% 正在续跑全文初稿；已完成批次会直接复用，不会重头再来。 AI候选，待选择 AI修订指令 当前选中表格。请在全屏表格设计器中选择一个单元格后提交AI修订。 修订意图 用户指令 提交AI修订 独立AI 可直接采用的版本 0 个 尚未生成本章候选。独立AI将基于已确认研究事实、准入语料和本次所选证据提供 3-5 个版本。 生成本章首稿候选", "error": null}
SHOT 41_draft_poll_01_0s.png 320212
{"n": 2, "elapsed_s": 40.1, "ts": "2026-10-06T15:22:18", "busy": true, "fail": false, "done": false, "pending": true, "region": "研究方案全文初稿 待生成 独立AI会补写当前文档尚无实质正文的章节，并与既有结构化章节合并；你只需审核候选，确认后才会写入工作副本。 第 7/22 批输出未通过校验，正在重新请求（第 2 次尝试） 27% 正在续跑全文初稿；已完成批次会直接复用，不会重头再来。 AI候选，待选择 AI修订指令 当前选中表格。请在全屏表格设计器中选择一个单元格后提交AI修订。 修订意图 用户指令 提交AI修订 独立AI 可直接采用的版本 0 个 尚未生成本章候选。独立AI将基于已确认研究事实、准入语料和本次所选证据提供 3-5 个版本。 生成本章首稿候选", "error": null}
{"n": 3, "elapsed_s": 80.1, "ts": "2026-10-06T15:22:58", "busy": true, "fail": false, "done": false, "pending": true, "region": "研究方案全文初稿 待生成 独立AI会补写当前文档尚无实质正文的章节，并与既有结构化章节合并；你只需审核候选，确认后才会写入工作副本。 第 7/22 批输出未通过校验，正在重新请求（第 2 次尝试） 27% 正在续跑全文初稿；已完成批次会直接复用，不会重头再来。 AI候选，待选择 AI修订指令 当前选中表格。请在全屏表格设计器中选择一个单元格后提交AI修订。 修订意图 用户指令 提交AI修订 独立AI 可直接采用的版本 0 个 尚未生成本章候选。独立AI将基于已确认研究事实、准入语料和本次所选证据提供 3-5 个版本。 生成本章首稿候选", "error": null}
{"n": 4, "elapsed_s": 120.1, "ts": "2026-10-06T15:23:38", "busy": true, "fail": true, "done": false, "pending": true, "region": "研究方案全文初稿 待生成 独立AI会补写当前文档尚无实质正文的章节，并与既有结构化章节合并；你只需审核候选，确认后才会写入工作副本。 全文初稿续跑失败：独立AI全文初稿未通过校验：AI provider request failed: HTTP 507 续跑全文初稿（已完成批次会复用，不会重头再来） 生成全文初稿 AI候选，待选择 AI修订指令 当前选中表格。请在全屏表格设计器中选择一个单元格后提交AI修订。 修订意图 用户指令 提交AI修订 独立AI 可直接采用的版本 0 个 尚未生成本章候选。独立AI将基于已确认研究事实、准入语料和本次所选证据提供 3-5 个版本。 生成本章首稿候选", "error": null}
SHOT 41_draft_poll_04_120s.png 316074
{"n": 5, "elapsed_s": 160.2, "ts": "2026-10-06T15:24:18", "busy": true, "fail": true, "done": false, "pending": true, "region": "研究方案全文初稿 待生成 独立AI会补写当前文档尚无实质正文的章节，并与既有结构化章节合并；你只需审核候选，确认后才会写入工作副本。 全文初稿续跑失败：独立AI全文初稿未通过校验：AI provider request failed: HTTP 507 续跑全文初稿（已完成批次会复用，不会重头再来） 生成全文初稿 AI候选，待选择 AI修订指令 当前选中表格。请在全屏表格设计器中选择一个单元格后提交AI修订。 修订意图 用户指令 提交AI修订 独立AI 可直接采用的版本 0 个 尚未生成本章候选。独立AI将基于已确认研究事实、准入语料和本次所选证据提供 3-5 个版本。 生成本章首稿候选", "error": null}
{"n": 6, "elapsed_s": 200.2, "ts": "2026-10-06T15:24:58", "busy": true, "fail": true, "done": false, "pending": true, "region": "研究方案全文初稿 待生成 独立AI会补写当前文档尚无实质正文的章节，并与既有结构化章节合并；你只需审核候选，确认后才会写入工作副本。 全文初稿续跑失败：独立AI全文初稿未通过校验：AI provider request failed: HTTP 507 续跑全文初稿（已完成批次会复用，不会重头再来） 生成全文初稿 AI候选，待选择 AI修订指令 当前选中表格。请在全屏表格设计器中选择一个单元格后提交AI修订。 修订意图 用户指令 提交AI修订 独立AI 可直接采用的版本 0 个 尚未生成本章候选。独立AI将基于已确认研究事实、准入语料和本次所选证据提供 3-5 个版本。 生成本章首稿候选", "error": null}
{"n": 7, "elapsed_s": 240.2, "ts": "2026-10-06T15:25:38", "busy": true, "fail": false, "done": false, "pending": true, "region": "研究方案全文初稿 待生成 独立AI会补写当前文档尚无实质正文的章节，并与既有结构化章节合并；你只需审核候选，确认后才会写入工作副本。 正在生成全文初稿（第 7/22 批） 27% 正在续跑全文初稿；已完成批次会直接复用，不会重头再来。 AI候选，待选择 AI修订指令 当前选中表格。请在全屏表格设计器中选择一个单元格后提交AI修订。 修订意图 用户指令 提交AI修订 独立AI 可直接采用的版本 0 个 尚未生成本章候选。独立AI将基于已确认研究事实、准入语料和本次所选证据提供 3-5 个版本。 生成本章首稿候选", "error": null}
SHOT 41_draft_poll_07_240s.png 316829
{"n": 8, "elapsed_s": 280.3, "ts": "2026-10-06T15:26:18", "busy": true, "fail": false, "done": false, "pending": true, "region": "研究方案全文初稿 待生成 独立AI会补写当前文档尚无实质正文的章节，并与既有结构化章节合并；你只需审核候选，确认后才会写入工作副本。 正在生成全文初稿（第 7/22 批） 27% 正在续跑全文初稿；已完成批次会直接复用，不会重头再来。 AI候选，待选择 AI修订指令 当前选中表格。请在全屏表格设计器中选择一个单元格后提交AI修订。 修订意图 用户指令 提交AI修订 独立AI 可直接采用的版本 0 个 尚未生成本章候选。独立AI将基于已确认研究事实、准入语料和本次所选证据提供 3-5 个版本。 生成本章首稿候选", "error": null}
SHOT 41_draft_poll_08_280s.png 316829
{"n": 9, "elapsed_s": 320.3, "ts": "2026-10-06T15:26:59", "busy": true, "fail": false, "done": false, "pending": true, "region": "研究方案全文初稿 待生成 独立AI会补写当前文档尚无实质正文的章节，并与既有结构化章节合并；你只需审核候选，确认后才会写入工作副本。 正在生成全文初稿（第 8/22 批） 32% 正在续跑全文初稿；已完成批次会直接复用，不会重头再来。 AI候选，待选择 AI修订指令 当前选中表格。请在全屏表格设计器中选择一个单元格后提交AI修订。 修订意图 用户指令 提交AI修订 独立AI 可直接采用的版本 0 个 尚未生成本章候选。独立AI将基于已确认研究事实、准入语料和本次所选证据提供 3-5 个版本。 生成本章首稿候选", "error": null}
SHOT 41_draft_poll_09_320s.png 317029
{"n": 10, "elapsed_s": 360.4, "ts": "2026-10-06T15:27:39", "busy": true, "fail": false, "done": false, "pending": true, "region": "研究方案全文初稿 待生成 独立AI会补写当前文档尚无实质正文的章节，并与既有结构化章节合并；你只需审核候选，确认后才会写入工作副本。 正在生成全文初稿（第 8/22 批） 32% 正在续跑全文初稿；已完成批次会直接复用，不会重头再来。 AI候选，待选择 AI修订指令 当前选中表格。请在全屏表格设计器中选择一个单元格后提交AI修订。 修订意图 用户指令 提交AI修订 独立AI 可直接采用的版本 0 个 尚未生成本章候选。独立AI将基于已确认研究事实、准入语料和本次所选证据提供 3-5 个版本。 生成本章首稿候选", "error": null}
{"n": 11, "elapsed_s": 400.4, "ts": "2026-10-06T15:28:19", "busy": true, "fail": false, "done": false, "pending": true, "region": "研究方案全文初稿 待生成 独立AI会补写当前文档尚无实质正文的章节，并与既有结构化章节合并；你只需审核候选，确认后才会写入工作副本。 正在生成全文初稿（第 8/22 批） 32% 正在续跑全文初稿；已完成批次会直接复用，不会重头再来。 AI候选，待选择 AI修订指令 当前选中表格。请在全屏表格设计器中选择一个单元格后提交AI修订。 修订意图 用户指令 提交AI修订 独立AI 可直接采用的版本 0 个 尚未生成本章候选。独立AI将基于已确认研究事实、准入语料和本次所选证据提供 3-5 个版本。 生成本章首稿候选", "error": null}
{"n": 12, "elapsed_s": 440.4, "ts": "2026-10-06T15:28:59", "busy": true, "fail": false, "done": false, "pending": true, "region": "研究方案全文初稿 待生成 独立AI会补写当前文档尚无实质正文的章节，并与既有结构化章节合并；你只需审核候选，确认后才会写入工作副本。 第 8/22 批输出未通过校验，正在重新请求（第 2 次尝试） 32% 正在续跑全文初稿；已完成批次会直接复用，不会重头再来。 AI候选，待选择 AI修订指令 当前选中表格。请在全屏表格设计器中选择一个单元格后提交AI修订。 修订意图 用户指令 提交AI修订 独立AI 可直接采用的版本 0 个 尚未生成本章候选。独立AI将基于已确认研究事实、准入语料和本次所选证据提供 3-5 个版本。 生成本章首稿候选", "error": null}
SHOT 41_draft_poll_12_440s.png 320217
{"n": 13, "elapsed_s": 480.5, "ts": "2026-10-06T15:29:39", "busy": true, "fail": false, "done": false, "pending": true, "region": "研究方案全文初稿 待生成 独立AI会补写当前文档尚无实质正文的章节，并与既有结构化章节合并；你只需审核候选，确认后才会写入工作副本。 第 8/22 批输出未通过校验，正在重新请求（第 2 次尝试） 32% 正在续跑全文初稿；已完成批次会直接复用，不会重头再来。 AI候选，待选择 AI修订指令 当前选中表格。请在全屏表格设计器中选择一个单元格后提交AI修订。 修订意图 用户指令 提交AI修订 独立AI 可直接采用的版本 0 个 尚未生成本章候选。独立AI将基于已确认研究事实、准入语料和本次所选证据提供 3-5 个版本。 生成本章首稿候选", "error": null}
{"n": 14, "elapsed_s": 520.5, "ts": "2026-10-06T15:30:19", "busy": true, "fail": false, "done": false, "pending": true, "region": "研究方案全文初稿 待生成 独立AI会补写当前文档尚无实质正文的章节，并与既有结构化章节合并；你只需审核候选，确认后才会写入工作副本。 第 8/22 批输出未通过校验，正在重新请求（第 2 次尝试） 32% 正在续跑全文初稿；已完成批次会直接复用，不会重头再来。 AI候选，待选择 AI修订指令 当前选中表格。请在全屏表格设计器中选择一个单元格后提交AI修订。 修订意图 用户指令 提交AI修订 独立AI 可直接采用的版本 0 个 尚未生成本章候选。独立AI将基于已确认研究事实、准入语料和本次所选证据提供 3-5 个版本。 生成本章首稿候选", "error": null}
{"n": 15, "elapsed_s": 560.5, "ts": "2026-10-06T15:30:59", "busy": true, "fail": false, "done": false, "pending": true, "region": "研究方案全文初稿 待生成 独立AI会补写当前文档尚无实质正文的章节，并与既有结构化章节合并；你只需审核候选，确认后才会写入工作副本。 第 8/22 批输出未通过校验，正在重新请求（第 2 次尝试） 32% 正在续跑全文初稿；已完成批次会直接复用，不会重头再来。 AI候选，待选择 AI修订指令 当前选中表格。请在全屏表格设计器中选择一个单元格后提交AI修订。 修订意图 用户指令 提交AI修订 独立AI 可直接采用的版本 0 个 尚未生成本章候选。独立AI将基于已确认研究事实、准入语料和本次所选证据提供 3-5 个版本。 生成本章首稿候选", "error": null}
{"n": 16, "elapsed_s": 600.5, "ts": "2026-10-06T15:31:39", "busy": true, "fail": false, "done": false, "pending": true, "region": "研究方案全文初稿 待生成 独立AI会补写当前文档尚无实质正文的章节，并与既有结构化章节合并；你只需审核候选，确认后才会写入工作副本。 第 8/22 批输出未通过校验，正在重新请求（第 3 次尝试） 32% 正在续跑全文初稿；已完成批次会直接复用，不会重头再来。 AI候选，待选择 AI修订指令 当前选中表格。请在全屏表格设计器中选择一个单元格后提交AI修订。 修订意图 用户指令 提交AI修订 独立AI 可直接采用的版本 0 个 尚未生成本章候选。独立AI将基于已确认研究事实、准入语料和本次所选证据提供 3-5 个版本。 生成本章首稿候选", "error": null}
SHOT 41_draft_poll_16_600s.png 320233
{"n": 17, "elapsed_s": 640.6, "ts": "2026-10-06T15:32:19", "busy": true, "fail": false, "done": false, "pending": true, "region": "研究方案全文初稿 待生成 独立AI会补写当前文档尚无实质正文的章节，并与既有结构化章节合并；你只需审核候选，确认后才会写入工作副本。 第 8/22 批输出未通过校验，正在重新请求（第 3 次尝试） 32% 正在续跑全文初稿；已完成批次会直接复用，不会重头再来。 AI候选，待选择 AI修订指令 当前选中表格。请在全屏表格设计器中选择一个单元格后提交AI修订。 修订意图 用户指令 提交AI修订 独立AI 可直接采用的版本 0 个 尚未生成本章候选。独立AI将基于已确认研究事实、准入语料和本次所选证据提供 3-5 个版本。 生成本章首稿候选", "error": null}
{"n": 18, "elapsed_s": 680.6, "ts": "2026-10-06T15:32:59", "busy": true, "fail": true, "done": false, "pending": true, "region": "研究方案全文初稿 待生成 独立AI会补写当前文档尚无实质正文的章节，并与既有结构化章节合并；你只需审核候选，确认后才会写入工作副本。 全文初稿续跑失败：独立AI全文初稿未通过校验：full_draft.sections[0] contains unexpected key: rationale_note; full_draft.sections[1] contains unexpected key: rationale_note; full_draft.sections[2] contains unexpected key: rationale_note; full_draft.sections[3] contains unexpected key: rationale_note; protocol_full_draft repair retry failed: AI provider r", "error": null}
SHOT 41_draft_poll_18_680s.png 332210
{"n": 19, "elapsed_s": 720.7, "ts": "2026-10-06T15:33:39", "busy": true, "fail": false, "done": false, "pending": true, "region": "研究方案全文初稿 待生成 独立AI会补写当前文档尚无实质正文的章节，并与既有结构化章节合并；你只需审核候选，确认后才会写入工作副本。 第 8/22 批输出未通过校验，正在重新请求（第 3 次尝试） 32% 正在续跑全文初稿；已完成批次会直接复用，不会重头再来。 AI候选，待选择 AI修订指令 当前选中表格。请在全屏表格设计器中选择一个单元格后提交AI修订。 修订意图 用户指令 提交AI修订 独立AI 可直接采用的版本 0 个 尚未生成本章候选。独立AI将基于已确认研究事实、准入语料和本次所选证据提供 3-5 个版本。 生成本章首稿候选", "error": null}
SHOT 41_draft_poll_19_720s.png 322205
{"n": 20, "elapsed_s": 760.8, "ts": "2026-10-06T15:34:19", "busy": true, "fail": false, "done": false, "pending": true, "region": "研究方案全文初稿 待生成 独立AI会补写当前文档尚无实质正文的章节，并与既有结构化章节合并；你只需审核候选，确认后才会写入工作副本。 正在生成全文初稿（第 8/22 批） 32% 正在续跑全文初稿；已完成批次会直接复用，不会重头再来。 AI候选，待选择 AI修订指令 当前选中表格。请在全屏表格设计器中选择一个单元格后提交AI修订。 修订意图 用户指令 提交AI修订 独立AI 可直接采用的版本 0 个 尚未生成本章候选。独立AI将基于已确认研究事实、准入语料和本次所选证据提供 3-5 个版本。 生成本章首稿候选", "error": null}
SHOT 41_draft_poll_20_760s.png 319106
{"n": 21, "elapsed_s": 800.8, "ts": "2026-10-06T15:34:59", "busy": true, "fail": false, "done": false, "pending": true, "region": "研究方案全文初稿 待生成 独立AI会补写当前文档尚无实质正文的章节，并与既有结构化章节合并；你只需审核候选，确认后才会写入工作副本。 正在生成全文初稿（第 8/22 批） 32% 正在续跑全文初稿；已完成批次会直接复用，不会重头再来。 AI候选，待选择 AI修订指令 当前选中表格。请在全屏表格设计器中选择一个单元格后提交AI修订。 修订意图 用户指令 提交AI修订 独立AI 可直接采用的版本 0 个 尚未生成本章候选。独立AI将基于已确认研究事实、准入语料和本次所选证据提供 3-5 个版本。 生成本章首稿候选", "error": null}
{"n": 22, "elapsed_s": 840.8, "ts": "2026-10-06T15:35:39", "busy": true, "fail": false, "done": false, "pending": true, "region": "研究方案全文初稿 待生成 独立AI会补写当前文档尚无实质正文的章节，并与既有结构化章节合并；你只需审核候选，确认后才会写入工作副本。 正在生成全文初稿（第 8/22 批） 32% 正在续跑全文初稿；已完成批次会直接复用，不会重头再来。 AI候选，待选择 AI修订指令 当前选中表格。请在全屏表格设计器中选择一个单元格后提交AI修订。 修订意图 用户指令 提交AI修订 独立AI 可直接采用的版本 0 个 尚未生成本章候选。独立AI将基于已确认研究事实、准入语料和本次所选证据提供 3-5 个版本。 生成本章首稿候选", "error": null}
{"n": 23, "elapsed_s": 880.8, "ts": "2026-10-06T15:36:19", "busy": true, "fail": false, "done": false, "pending": true, "region": "研究方案全文初稿 待生成 独立AI会补写当前文档尚无实质正文的章节，并与既有结构化章节合并；你只需审核候选，确认后才会写入工作副本。 第 8/22 批输出未通过校验，正在重新请求（第 2 次尝试） 32% 正在续跑全文初稿；已完成批次会直接复用，不会重头再来。 AI候选，待选择 AI修订指令 当前选中表格。请在全屏表格设计器中选择一个单元格后提交AI修订。 修订意图 用户指令 提交AI修订 独立AI 可直接采用的版本 0 个 尚未生成本章候选。独立AI将基于已确认研究事实、准入语料和本次所选证据提供 3-5 个版本。 生成本章首稿候选", "error": null}
SHOT 41_draft_poll_23_880s.png 325479
{"n": 24, "elapsed_s": 920.9, "ts": "2026-10-06T15:36:59", "busy": true, "fail": false, "done": false, "pending": true, "region": "研究方案全文初稿 待生成 独立AI会补写当前文档尚无实质正文的章节，并与既有结构化章节合并；你只需审核候选，确认后才会写入工作副本。 第 8/22 批输出未通过校验，正在重新请求（第 2 次尝试） 32% 正在续跑全文初稿；已完成批次会直接复用，不会重头再来。 AI候选，待选择 AI修订指令 当前选中表格。请在全屏表格设计器中选择一个单元格后提交AI修订。 修订意图 用户指令 提交AI修订 独立AI 可直接采用的版本 0 个 尚未生成本章候选。独立AI将基于已确认研究事实、准入语料和本次所选证据提供 3-5 个版本。 生成本章首稿候选", "error": null}
SHOT 41_draft_poll_24_920s.png 312040
{"n": 25, "elapsed_s": 961.0, "ts": "2026-10-06T15:37:39", "busy": true, "fail": false, "done": false, "pending": true, "region": "研究方案全文初稿 待生成 独立AI会补写当前文档尚无实质正文的章节，并与既有结构化章节合并；你只需审核候选，确认后才会写入工作副本。 第 8/22 批输出未通过校验，正在重新请求（第 2 次尝试） 32% 正在续跑全文初稿；已完成批次会直接复用，不会重头再来。 AI候选，待选择 AI修订指令 当前选中表格。请在全屏表格设计器中选择一个单元格后提交AI修订。 修订意图 用户指令 提交AI修订 独立AI 可直接采用的版本 0 个 尚未生成本章候选。独立AI将基于已确认研究事实、准入语料和本次所选证据提供 3-5 个版本。 生成本章首稿候选", "error": null}
{"n": 26, "elapsed_s": 1001.0, "ts": "2026-10-06T15:38:19", "busy": true, "fail": false, "done": false, "pending": true, "region": "研究方案全文初稿 待生成 独立AI会补写当前文档尚无实质正文的章节，并与既有结构化章节合并；你只需审核候选，确认后才会写入工作副本。 第 8/22 批输出未通过校验，正在重新请求（第 3 次尝试） 32% 正在续跑全文初稿；已完成批次会直接复用，不会重头再来。 AI候选，待选择 AI修订指令 当前选中表格。请在全屏表格设计器中选择一个单元格后提交AI修订。 修订意图 用户指令 提交AI修订 独立AI 可直接采用的版本 0 个 尚未生成本章候选。独立AI将基于已确认研究事实、准入语料和本次所选证据提供 3-5 个版本。 生成本章首稿候选", "error": null}
SHOT 41_draft_poll_26_1000s.png 312059
{"n": 27, "elapsed_s": 1041.1, "ts": "2026-10-06T15:38:59", "busy": true, "fail": false, "done": false, "pending": true, "region": "研究方案全文初稿 待生成 独立AI会补写当前文档尚无实质正文的章节，并与既有结构化章节合并；你只需审核候选，确认后才会写入工作副本。 第 8/22 批输出未通过校验，正在重新请求（第 3 次尝试） 32% 正在续跑全文初稿；已完成批次会直接复用，不会重头再来。 AI候选，待选择 AI修订指令 当前选中表格。请在全屏表格设计器中选择一个单元格后提交AI修订。 修订意图 用户指令 提交AI修订 独立AI 可直接采用的版本 0 个 尚未生成本章候选。独立AI将基于已确认研究事实、准入语料和本次所选证据提供 3-5 个版本。 生成本章首稿候选", "error": null}
{"n": 28, "elapsed_s": 1081.1, "ts": "2026-10-06T15:39:39", "busy": true, "fail": false, "done": false, "pending": true, "region": "研究方案全文初稿 待生成 独立AI会补写当前文档尚无实质正文的章节，并与既有结构化章节合并；你只需审核候选，确认后才会写入工作副本。 第 8/22 批输出未通过校验，正在重新请求（第 3 次尝试） 32% 正在续跑全文初稿；已完成批次会直接复用，不会重头再来。 AI候选，待选择 AI修订指令 当前选中表格。请在全屏表格设计器中选择一个单元格后提交AI修订。 修订意图 用户指令 提交AI修订 独立AI 可直接采用的版本 0 个 尚未生成本章候选。独立AI将基于已确认研究事实、准入语料和本次所选证据提供 3-5 个版本。 生成本章首稿候选", "error": null}
SHOT 41_draft_poll_28_1081s.png 312059
{"n": 29, "elapsed_s": 1121.1, "ts": "2026-10-06T15:40:19", "busy": true, "fail": false, "done": false, "pending": true, "region": "研究方案全文初稿 待生成 独立AI会补写当前文档尚无实质正文的章节，并与既有结构化章节合并；你只需审核候选，确认后才会写入工作副本。 第 9/22 批输出未通过校验，正在重新请求（第 2 次尝试） 36% 正在续跑全文初稿；已完成批次会直接复用，不会重头再来。 AI候选，待选择 AI修订指令 当前选中表格。请在全屏表格设计器中选择一个单元格后提交AI修订。 修订意图 用户指令 提交AI修订 独立AI 可直接采用的版本 0 个 尚未生成本章候选。独立AI将基于已确认研究事实、准入语料和本次所选证据提供 3-5 个版本。 生成本章首稿候选", "error": null}
SHOT 41_draft_poll_29_1121s.png 312078
{"n": 30, "elapsed_s": 1161.2, "ts": "2026-10-06T15:40:59", "busy": true, "fail": false, "done": false, "pending": true, "region": "研究方案全文初稿 待生成 独立AI会补写当前文档尚无实质正文的章节，并与既有结构化章节合并；你只需审核候选，确认后才会写入工作副本。 第 9/22 批输出未通过校验，正在重新请求（第 2 次尝试） 36% 正在续跑全文初稿；已完成批次会直接复用，不会重头再来。 AI候选，待选择 AI修订指令 当前选中表格。请在全屏表格设计器中选择一个单元格后提交AI修订。 修订意图 用户指令 提交AI修订 独立AI 可直接采用的版本 0 个 尚未生成本章候选。独立AI将基于已确认研究事实、准入语料和本次所选证据提供 3-5 个版本。 生成本章首稿候选", "error": null}
{"n": 31, "elapsed_s": 1201.2, "ts": "2026-10-06T15:41:39", "busy": true, "fail": false, "done": false, "pending": false, "region": " 审批中心 最后更新 09:00 项目 新建项目 适应症 慢性肾病相关瘙痒（CKD-aP），维持性血液透析人群（非肿瘤） 方案版本 草案 数据批次 未登记批次 当前来源 医学写作 未读决策 0 高风险开放 0 待交接 0 待审批 0 医学写作 研究方案文档编辑与AI修订 研究设计 方案首页 AI修订 全文生成中 目录 确认并冻结 文档工作副本 版本 1 编辑中 已保存 2026/10/6 待审核 2 项 保存工作副本 重新加载 版本与恢复 内容核查 0 预览 Word 版式估算 正式 Word 方案首页与版本信息 工作副本 1 个表格 样式 字体 字号 行距 段落 插入表格 正文同步表格 方案首页信息 通用结构化表格 8 行 × 2 列 0 条附注 方案首页与版本信息 方案编号 R6D-W6-CKDaP-KRX451 版本 1.0 方案标题 KRX-451 治疗维持性血液透析患者慢性肾病相", "error": null}
SHOT 41_draft_poll_31_1201s.png 267106
{"n": 32, "elapsed_s": 1241.3, "ts": "2026-10-06T15:42:19", "busy": true, "fail": false, "done": false, "pending": false, "region": " 审批中心 最后更新 09:00 项目 新建项目 适应症 慢性肾病相关瘙痒（CKD-aP），维持性血液透析人群（非肿瘤） 方案版本 草案 数据批次 未登记批次 当前来源 医学写作 未读决策 0 高风险开放 0 待交接 0 待审批 0 医学写作 研究方案文档编辑与AI修订 研究设计 方案首页 AI修订 全文生成中 目录 确认并冻结 文档工作副本 版本 1 编辑中 已保存 2026/10/6 待审核 2 项 保存工作副本 重新加载 版本与恢复 内容核查 0 预览 Word 版式估算 正式 Word 方案首页与版本信息 工作副本 1 个表格 样式 字体 字号 行距 段落 插入表格 正文同步表格 方案首页信息 通用结构化表格 8 行 × 2 列 0 条附注 方案首页与版本信息 方案编号 R6D-W6-CKDaP-KRX451 版本 1.0 方案标题 KRX-451 治疗维持性血液透析患者慢性肾病相", "error": null}
SHOT 41_draft_poll_32_1241s.png 267106
{"n": 33, "elapsed_s": 1281.4, "ts": "2026-10-06T15:43:00", "busy": true, "fail": false, "done": false, "pending": false, "region": " 审批中心 最后更新 09:00 项目 新建项目 适应症 慢性肾病相关瘙痒（CKD-aP），维持性血液透析人群（非肿瘤） 方案版本 草案 数据批次 未登记批次 当前来源 医学写作 未读决策 0 高风险开放 0 待交接 0 待审批 0 医学写作 研究方案文档编辑与AI修订 研究设计 方案首页 AI修订 全文生成中 目录 确认并冻结 文档工作副本 版本 1 编辑中 已保存 2026/10/6 待审核 2 项 保存工作副本 重新加载 版本与恢复 内容核查 0 预览 Word 版式估算 正式 Word 方案首页与版本信息 工作副本 1 个表格 样式 字体 字号 行距 段落 插入表格 正文同步表格 方案首页信息 通用结构化表格 8 行 × 2 列 0 条附注 方案首页与版本信息 方案编号 R6D-W6-CKDaP-KRX451 版本 1.0 方案标题 KRX-451 治疗维持性血液透析患者慢性肾病相", "error": null}
{"n": 34, "elapsed_s": 1321.4, "ts": "2026-10-06T15:43:40", "busy": true, "fail": false, "done": false, "pending": false, "region": " 审批中心 最后更新 09:00 项目 新建项目 适应症 慢性肾病相关瘙痒（CKD-aP），维持性血液透析人群（非肿瘤） 方案版本 草案 数据批次 未登记批次 当前来源 医学写作 未读决策 0 高风险开放 0 待交接 0 待审批 0 医学写作 研究方案文档编辑与AI修订 研究设计 方案首页 AI修订 全文生成中 目录 确认并冻结 文档工作副本 版本 1 编辑中 已保存 2026/10/6 待审核 2 项 保存工作副本 重新加载 版本与恢复 内容核查 0 预览 Word 版式估算 正式 Word 方案首页与版本信息 工作副本 1 个表格 样式 字体 字号 行距 段落 插入表格 正文同步表格 方案首页信息 通用结构化表格 8 行 × 2 列 0 条附注 方案首页与版本信息 方案编号 R6D-W6-CKDaP-KRX451 版本 1.0 方案标题 KRX-451 治疗维持性血液透析患者慢性肾病相", "error": null}
{"n": 35, "elapsed_s": 1361.4, "ts": "2026-10-06T15:44:20", "busy": true, "fail": false, "done": false, "pending": null, "region": "", "error": "HTTP Error 404: Not Found"}
SHOT_FAIL HTTP Error 404: Not Found
{"n": 36, "elapsed_s": 1401.4, "ts": "2026-10-06T15:45:00", "busy": true, "fail": false, "done": false, "pending": null, "region": "", "error": "HTTP Error 404: Not Found"}
SHOT_FAIL HTTP Error 404: Not Found
