2026-10-06T13:52:05 CLICK_EXTRACT {"ok": true, "result": {"ok": true, "text": "导入并提取"}}
2026-10-06T13:52:05 shot 05_extract_clicked.png
2026-10-06T13:52:05 poll#0 elapsed=0.0s busy=True changed=True btns=['', '从零开始 两阶段反问确定研究框架与 PICOS', '导入方案摘要 先解析文件，确认提取结果后创建项目', '取消'] text=医学写作 | 新建研究方案项目 | 从零开始 | 两阶段反问确定研究框架与 PICOS | 导入方案摘要 | 先解析文件，确认提取结果后创建项目 | R6D-W6-CKDaP-KRX451-摘要.docx | 37 KB · PDF / DOCX | 正在解析文档 | 正在准备文档内容 | 取消
2026-10-06T13:52:05 shot 06_parse_poll_00.png
2026-10-06T13:52:05 DONE_HINT elapsed=0.0s
2026-10-06T13:52:22 poll#10 elapsed_click=17.5s busy=True changed=True btns=['', '从零开始 两阶段反问确定研究框架与 PICOS', '导入方案摘要 先解析文件，确认提取结果后创建项目', '取消'] text=医学写作 | 新建研究方案项目 | 从零开始 | 两阶段反问确定研究框架与 PICOS | 导入方案摘要 | 先解析文件，确认提取结果后创建项目 | R6D-W6-CKDaP-KRX451-摘要.docx | 37 KB · PDF / DOCX | AI正在提取研究框架与PICOS | 正在处理 1 / 1 个内容块 · 模型处理中或排队等待空位 | 模型正被2个任务占用；如长时间无进展可取消后稍后再来。 | 取消
2026-10-06T13:52:22 shot 06_parse_poll_10.png
2026-10-06T13:53:02 poll#11 elapsed_click=57.5s busy=True changed=True btns=['', '从零开始 两阶段反问确定研究框架与 PICOS', '导入方案摘要 先解析文件，确认提取结果后创建项目', '取消'] text=医学写作 | 新建研究方案项目 | 从零开始 | 两阶段反问确定研究框架与 PICOS | 导入方案摘要 | 先解析文件，确认提取结果后创建项目 | R6D-W6-CKDaP-KRX451-摘要.docx | 37 KB · PDF / DOCX | AI正在提取研究框架与PICOS | 正在处理 1 / 1 个内容块 · 模型处理中或排队等待空位 | 模型正被1个任务占用；如长时间无进展可取消后稍后再来。 | 取消
2026-10-06T13:53:02 shot 06_parse_poll_11.png
2026-10-06T13:53:42 poll#12 elapsed_click=97.6s busy=True changed=True btns=['', '从零开始 两阶段反问确定研究框架与 PICOS', '导入方案摘要 先解析文件，确认提取结果后创建项目', '取消'] text=医学写作 | 新建研究方案项目 | 从零开始 | 两阶段反问确定研究框架与 PICOS | 导入方案摘要 | 先解析文件，确认提取结果后创建项目 | R6D-W6-CKDaP-KRX451-摘要.docx | 37 KB · PDF / DOCX | AI正在提取研究框架与PICOS | 正在处理 1 / 1 个内容块 · 模型处理中或排队等待空位 · 已运行 1 分钟 | 模型正被1个任务占用；如长时间无进展可取消后稍后再来。 | 取消
2026-10-06T13:53:42 shot 06_parse_poll_12.png
2026-10-06T13:54:22 poll#13 elapsed_click=137.7s busy=True changed=True btns=['', '从零开始 两阶段反问确定研究框架与 PICOS', '导入方案摘要 先解析文件，确认提取结果后创建项目', '取消'] text=医学写作 | 新建研究方案项目 | 从零开始 | 两阶段反问确定研究框架与 PICOS | 导入方案摘要 | 先解析文件，确认提取结果后创建项目 | R6D-W6-CKDaP-KRX451-摘要.docx | 37 KB · PDF / DOCX | AI正在提取研究框架与PICOS | 正在处理 1 / 1 个内容块 · 模型处理中或排队等待空位 · 已运行 2 分钟 | 模型正被1个任务占用；如长时间无进展可取消后稍后再来。 | 取消
2026-10-06T13:54:22 shot 06_parse_poll_13.png
2026-10-06T13:55:02 poll#14 elapsed_click=177.7s busy=True changed=False btns=['', '从零开始 两阶段反问确定研究框架与 PICOS', '导入方案摘要 先解析文件，确认提取结果后创建项目', '取消'] text=医学写作 | 新建研究方案项目 | 从零开始 | 两阶段反问确定研究框架与 PICOS | 导入方案摘要 | 先解析文件，确认提取结果后创建项目 | R6D-W6-CKDaP-KRX451-摘要.docx | 37 KB · PDF / DOCX | AI正在提取研究框架与PICOS | 正在处理 1 / 1 个内容块 · 模型处理中或排队等待空位 · 已运行 2 分钟 | 模型正被1个任务占用；如长时间无进展可取消后稍后再来。 | 取消
2026-10-06T13:55:42 poll#15 elapsed_click=217.7s busy=True changed=True btns=['', '从零开始 两阶段反问确定研究框架与 PICOS', '导入方案摘要 先解析文件，确认提取结果后创建项目', '取消'] text=医学写作 | 新建研究方案项目 | 从零开始 | 两阶段反问确定研究框架与 PICOS | 导入方案摘要 | 先解析文件，确认提取结果后创建项目 | R6D-W6-CKDaP-KRX451-摘要.docx | 37 KB · PDF / DOCX | AI正在提取研究框架与PICOS | 正在处理 1 / 1 个内容块 · 模型处理中或排队等待空位 · 已运行 3 分钟 | 模型正被1个任务占用；如长时间无进展可取消后稍后再来。 | 取消
2026-10-06T13:55:42 shot 06_parse_poll_15.png
2026-10-06T13:56:22 poll#16 elapsed_click=257.8s busy=True changed=True btns=['', '从零开始 两阶段反问确定研究框架与 PICOS', '导入方案摘要 先解析文件，确认提取结果后创建项目', '取消'] text=医学写作 | 新建研究方案项目 | 从零开始 | 两阶段反问确定研究框架与 PICOS | 导入方案摘要 | 先解析文件，确认提取结果后创建项目 | R6D-W6-CKDaP-KRX451-摘要.docx | 37 KB · PDF / DOCX | AI正在提取研究框架与PICOS | 正在处理 1 / 1 个内容块 · 模型处理中或排队等待空位 · 已运行 4 分钟 | 模型正被1个任务占用；如长时间无进展可取消后稍后再来。 | 取消
2026-10-06T13:56:22 shot 06_parse_poll_16.png
2026-10-06T13:57:02 poll#17 elapsed_click=297.8s busy=True changed=False btns=['', '从零开始 两阶段反问确定研究框架与 PICOS', '导入方案摘要 先解析文件，确认提取结果后创建项目', '取消'] text=医学写作 | 新建研究方案项目 | 从零开始 | 两阶段反问确定研究框架与 PICOS | 导入方案摘要 | 先解析文件，确认提取结果后创建项目 | R6D-W6-CKDaP-KRX451-摘要.docx | 37 KB · PDF / DOCX | AI正在提取研究框架与PICOS | 正在处理 1 / 1 个内容块 · 模型处理中或排队等待空位 · 已运行 4 分钟 | 模型正被1个任务占用；如长时间无进展可取消后稍后再来。 | 取消
2026-10-06T13:57:42 poll#18 elapsed_click=337.8s busy=True changed=True btns=['', '从零开始 两阶段反问确定研究框架与 PICOS', '导入方案摘要 先解析文件，确认提取结果后创建项目', '取消'] text=医学写作 | 新建研究方案项目 | 从零开始 | 两阶段反问确定研究框架与 PICOS | 导入方案摘要 | 先解析文件，确认提取结果后创建项目 | R6D-W6-CKDaP-KRX451-摘要.docx | 37 KB · PDF / DOCX | AI正在提取研究框架与PICOS | 正在处理 1 / 1 个内容块 · 模型处理中或排队等待空位 · 已运行 5 分钟 | 模型正被1个任务占用；如长时间无进展可取消后稍后再来。 | 取消
2026-10-06T13:57:42 shot 06_parse_poll_18.png
2026-10-06T13:58:22 poll#19 elapsed_click=377.9s busy=True changed=True btns=['', '从零开始 两阶段反问确定研究框架与 PICOS', '导入方案摘要 先解析文件，确认提取结果后创建项目', '取消'] text=医学写作 | 新建研究方案项目 | 从零开始 | 两阶段反问确定研究框架与 PICOS | 导入方案摘要 | 先解析文件，确认提取结果后创建项目 | R6D-W6-CKDaP-KRX451-摘要.docx | 37 KB · PDF / DOCX | AI正在提取研究框架与PICOS | 正在处理 1 / 1 个内容块 · 模型处理中或排队等待空位 · 已运行 6 分钟 | 模型正被1个任务占用；如长时间无进展可取消后稍后再来。 | 取消
2026-10-06T13:58:22 shot 06_parse_poll_19.png
2026-10-06T13:59:02 poll#20 elapsed_click=418.0s busy=True changed=False btns=['', '从零开始 两阶段反问确定研究框架与 PICOS', '导入方案摘要 先解析文件，确认提取结果后创建项目', '取消'] text=医学写作 | 新建研究方案项目 | 从零开始 | 两阶段反问确定研究框架与 PICOS | 导入方案摘要 | 先解析文件，确认提取结果后创建项目 | R6D-W6-CKDaP-KRX451-摘要.docx | 37 KB · PDF / DOCX | AI正在提取研究框架与PICOS | 正在处理 1 / 1 个内容块 · 模型处理中或排队等待空位 · 已运行 6 分钟 | 模型正被1个任务占用；如长时间无进展可取消后稍后再来。 | 取消
2026-10-06T13:59:42 poll#21 elapsed_click=458.0s busy=True changed=True btns=['', '从零开始 两阶段反问确定研究框架与 PICOS', '导入方案摘要 先解析文件，确认提取结果后创建项目', '取消'] text=医学写作 | 新建研究方案项目 | 从零开始 | 两阶段反问确定研究框架与 PICOS | 导入方案摘要 | 先解析文件，确认提取结果后创建项目 | R6D-W6-CKDaP-KRX451-摘要.docx | 37 KB · PDF / DOCX | AI正在提取研究框架与PICOS | 正在处理 1 / 1 个内容块 · 模型处理中或排队等待空位 · 已运行 7 分钟 | 模型正被1个任务占用；如长时间无进展可取消后稍后再来。 | 取消
2026-10-06T13:59:43 shot 06_parse_poll_21.png
2026-10-06T14:00:23 poll#22 elapsed_click=498.0s busy=True changed=True btns=['', '从零开始 两阶段反问确定研究框架与 PICOS', '导入方案摘要 先解析文件，确认提取结果后创建项目', '取消'] text=医学写作 | 新建研究方案项目 | 从零开始 | 两阶段反问确定研究框架与 PICOS | 导入方案摘要 | 先解析文件，确认提取结果后创建项目 | R6D-W6-CKDaP-KRX451-摘要.docx | 37 KB · PDF / DOCX | AI正在提取研究框架与PICOS | 正在处理 1 / 1 个内容块 · 模型处理中或排队等待空位 · 已运行 8 分钟 | 模型正被1个任务占用；如长时间无进展可取消后稍后再来。 | 取消
2026-10-06T14:00:23 shot 06_parse_poll_22.png
2026-10-06T14:01:03 poll#23 elapsed_click=538.1s busy=True changed=False btns=['', '从零开始 两阶段反问确定研究框架与 PICOS', '导入方案摘要 先解析文件，确认提取结果后创建项目', '取消'] text=医学写作 | 新建研究方案项目 | 从零开始 | 两阶段反问确定研究框架与 PICOS | 导入方案摘要 | 先解析文件，确认提取结果后创建项目 | R6D-W6-CKDaP-KRX451-摘要.docx | 37 KB · PDF / DOCX | AI正在提取研究框架与PICOS | 正在处理 1 / 1 个内容块 · 模型处理中或排队等待空位 · 已运行 8 分钟 | 模型正被1个任务占用；如长时间无进展可取消后稍后再来。 | 取消
2026-10-06T14:01:43 poll#24 elapsed_click=578.1s busy=True changed=True btns=['', '从零开始 两阶段反问确定研究框架与 PICOS', '导入方案摘要 先解析文件，确认提取结果后创建项目', '取消'] text=医学写作 | 新建研究方案项目 | 从零开始 | 两阶段反问确定研究框架与 PICOS | 导入方案摘要 | 先解析文件，确认提取结果后创建项目 | R6D-W6-CKDaP-KRX451-摘要.docx | 37 KB · PDF / DOCX | AI正在提取研究框架与PICOS | 正在处理 1 / 1 个内容块 · 模型处理中或排队等待空位 · 已运行 9 分钟 | 模型正被1个任务占用；如长时间无进展可取消后稍后再来。 | 取消
2026-10-06T14:01:43 shot 06_parse_poll_24.png
2026-10-06T14:02:23 poll#25 elapsed_click=618.2s busy=True changed=True btns=['', '从零开始 两阶段反问确定研究框架与 PICOS', '导入方案摘要 先解析文件，确认提取结果后创建项目', '取消'] text=医学写作 | 新建研究方案项目 | 从零开始 | 两阶段反问确定研究框架与 PICOS | 导入方案摘要 | 先解析文件，确认提取结果后创建项目 | R6D-W6-CKDaP-KRX451-摘要.docx | 37 KB · PDF / DOCX | AI正在提取研究框架与PICOS | 正在处理 1 / 1 个内容块 · 模型处理中或排队等待空位 · 已运行 10 分钟 | 模型正被1个任务占用；如长时间无进展可取消后稍后再来。 | 取消
2026-10-06T14:02:23 shot 06_parse_poll_25.png
2026-10-06T14:03:03 poll#26 elapsed_click=658.2s busy=True changed=True btns=['', '从零开始 两阶段反问确定研究框架与 PICOS', '导入方案摘要 先解析文件，确认提取结果后创建项目', '取消'] text=医学写作 | 新建研究方案项目 | 从零开始 | 两阶段反问确定研究框架与 PICOS | 导入方案摘要 | 先解析文件，确认提取结果后创建项目 | R6D-W6-CKDaP-KRX451-摘要.docx | 37 KB · PDF / DOCX | AI正在提取研究框架与PICOS | 正在处理 1 / 1 个内容块 · 模型处理中或排队等待空位 · 已运行 10 分钟 | 模型正被2个任务占用；如长时间无进展可取消后稍后再来。 | 取消
2026-10-06T14:03:03 shot 06_parse_poll_26.png
2026-10-06T14:03:43 poll#27 elapsed_click=698.3s busy=True changed=True btns=['', '从零开始 两阶段反问确定研究框架与 PICOS', '导入方案摘要 先解析文件，确认提取结果后创建项目', '取消'] text=医学写作 | 新建研究方案项目 | 从零开始 | 两阶段反问确定研究框架与 PICOS | 导入方案摘要 | 先解析文件，确认提取结果后创建项目 | R6D-W6-CKDaP-KRX451-摘要.docx | 37 KB · PDF / DOCX | AI正在提取研究框架与PICOS | 正在处理 1 / 1 个内容块 · 模型处理中或排队等待空位 · 已运行 11 分钟 | 模型正被2个任务占用；如长时间无进展可取消后稍后再来。 | 取消
2026-10-06T14:03:43 shot 06_parse_poll_27.png
2026-10-06T14:04:23 poll#28 elapsed_click=738.3s busy=True changed=True btns=['', '从零开始 两阶段反问确定研究框架与 PICOS', '导入方案摘要 先解析文件，确认提取结果后创建项目', '取消'] text=医学写作 | 新建研究方案项目 | 从零开始 | 两阶段反问确定研究框架与 PICOS | 导入方案摘要 | 先解析文件，确认提取结果后创建项目 | R6D-W6-CKDaP-KRX451-摘要.docx | 37 KB · PDF / DOCX | AI正在提取研究框架与PICOS | 正在处理 1 / 1 个内容块 · 模型处理中或排队等待空位 · 已运行 12 分钟 | 模型正被2个任务占用；如长时间无进展可取消后稍后再来。 | 取消
2026-10-06T14:04:23 shot 06_parse_poll_28.png
2026-10-06T14:05:03 poll#29 elapsed_click=778.4s busy=True changed=False btns=['', '从零开始 两阶段反问确定研究框架与 PICOS', '导入方案摘要 先解析文件，确认提取结果后创建项目', '取消'] text=医学写作 | 新建研究方案项目 | 从零开始 | 两阶段反问确定研究框架与 PICOS | 导入方案摘要 | 先解析文件，确认提取结果后创建项目 | R6D-W6-CKDaP-KRX451-摘要.docx | 37 KB · PDF / DOCX | AI正在提取研究框架与PICOS | 正在处理 1 / 1 个内容块 · 模型处理中或排队等待空位 · 已运行 12 分钟 | 模型正被2个任务占用；如长时间无进展可取消后稍后再来。 | 取消
2026-10-06T14:05:43 poll#30 elapsed_click=818.4s busy=True changed=True btns=['', '从零开始 两阶段反问确定研究框架与 PICOS', '导入方案摘要 先解析文件，确认提取结果后创建项目', '取消'] text=医学写作 | 新建研究方案项目 | 从零开始 | 两阶段反问确定研究框架与 PICOS | 导入方案摘要 | 先解析文件，确认提取结果后创建项目 | R6D-W6-CKDaP-KRX451-摘要.docx | 37 KB · PDF / DOCX | AI正在提取研究框架与PICOS | 正在处理 1 / 1 个内容块 · 模型处理中或排队等待空位 · 已运行 13 分钟 | 模型正被2个任务占用；如长时间无进展可取消后稍后再来。 | 取消
2026-10-06T14:05:43 shot 06_parse_poll_30.png
2026-10-06T14:06:23 poll#31 elapsed_click=858.4s busy=True changed=True btns=['', '从零开始 两阶段反问确定研究框架与 PICOS', '导入方案摘要 先解析文件，确认提取结果后创建项目', '取消'] text=医学写作 | 新建研究方案项目 | 从零开始 | 两阶段反问确定研究框架与 PICOS | 导入方案摘要 | 先解析文件，确认提取结果后创建项目 | R6D-W6-CKDaP-KRX451-摘要.docx | 37 KB · PDF / DOCX | AI正在提取研究框架与PICOS | 正在处理 1 / 1 个内容块 · 模型处理中或排队等待空位 · 已运行 14 分钟 | 模型正被2个任务占用；如长时间无进展可取消后稍后再来。 | 取消
2026-10-06T14:06:23 shot 06_parse_poll_31.png
2026-10-06T14:07:03 poll#32 elapsed_click=898.5s busy=True changed=False btns=['', '从零开始 两阶段反问确定研究框架与 PICOS', '导入方案摘要 先解析文件，确认提取结果后创建项目', '取消'] text=医学写作 | 新建研究方案项目 | 从零开始 | 两阶段反问确定研究框架与 PICOS | 导入方案摘要 | 先解析文件，确认提取结果后创建项目 | R6D-W6-CKDaP-KRX451-摘要.docx | 37 KB · PDF / DOCX | AI正在提取研究框架与PICOS | 正在处理 1 / 1 个内容块 · 模型处理中或排队等待空位 · 已运行 14 分钟 | 模型正被2个任务占用；如长时间无进展可取消后稍后再来。 | 取消
2026-10-06T14:07:43 poll#33 elapsed_click=938.5s busy=True changed=True btns=['', '从零开始 两阶段反问确定研究框架与 PICOS', '导入方案摘要 先解析文件，确认提取结果后创建项目', '取消'] text=医学写作 | 新建研究方案项目 | 从零开始 | 两阶段反问确定研究框架与 PICOS | 导入方案摘要 | 先解析文件，确认提取结果后创建项目 | R6D-W6-CKDaP-KRX451-摘要.docx | 37 KB · PDF / DOCX | AI正在提取研究框架与PICOS | 正在处理 1 / 1 个内容块 · 模型处理中或排队等待空位 · 已运行 15 分钟 | 模型正被2个任务占用；如长时间无进展可取消后稍后再来。 | 取消
2026-10-06T14:07:43 shot 06_parse_poll_33.png
2026-10-06T14:08:23 poll#34 elapsed_click=978.5s busy=True changed=True btns=['', '从零开始 两阶段反问确定研究框架与 PICOS', '导入方案摘要 先解析文件，确认提取结果后创建项目', '取消'] text=医学写作 | 新建研究方案项目 | 从零开始 | 两阶段反问确定研究框架与 PICOS | 导入方案摘要 | 先解析文件，确认提取结果后创建项目 | R6D-W6-CKDaP-KRX451-摘要.docx | 37 KB · PDF / DOCX | AI正在提取研究框架与PICOS | 正在处理 1 / 1 个内容块 · 模型处理中或排队等待空位 · 已运行 16 分钟 | 模型正被2个任务占用；如长时间无进展可取消后稍后再来。 | 取消
2026-10-06T14:08:23 shot 06_parse_poll_34.png
2026-10-06T14:09:03 poll#35 elapsed_click=1018.6s busy=True changed=False btns=['', '从零开始 两阶段反问确定研究框架与 PICOS', '导入方案摘要 先解析文件，确认提取结果后创建项目', '取消'] text=医学写作 | 新建研究方案项目 | 从零开始 | 两阶段反问确定研究框架与 PICOS | 导入方案摘要 | 先解析文件，确认提取结果后创建项目 | R6D-W6-CKDaP-KRX451-摘要.docx | 37 KB · PDF / DOCX | AI正在提取研究框架与PICOS | 正在处理 1 / 1 个内容块 · 模型处理中或排队等待空位 · 已运行 16 分钟 | 模型正被2个任务占用；如长时间无进展可取消后稍后再来。 | 取消
2026-10-06T14:09:43 poll#36 elapsed_click=1058.6s busy=True changed=True btns=['', '从零开始 两阶段反问确定研究框架与 PICOS', '导入方案摘要 先解析文件，确认提取结果后创建项目', '取消'] text=医学写作 | 新建研究方案项目 | 从零开始 | 两阶段反问确定研究框架与 PICOS | 导入方案摘要 | 先解析文件，确认提取结果后创建项目 | R6D-W6-CKDaP-KRX451-摘要.docx | 37 KB · PDF / DOCX | AI正在提取研究框架与PICOS | 正在处理 1 / 1 个内容块 · 模型处理中或排队等待空位 · 已运行 17 分钟 | 模型正被2个任务占用；如长时间无进展可取消后稍后再来。 | 取消
2026-10-06T14:09:43 shot 06_parse_poll_36.png
2026-10-06T14:10:23 poll#37 elapsed_click=1098.6s busy=True changed=True btns=['', '从零开始 两阶段反问确定研究框架与 PICOS', '导入方案摘要 先解析文件，确认提取结果后创建项目', '取消'] text=医学写作 | 新建研究方案项目 | 从零开始 | 两阶段反问确定研究框架与 PICOS | 导入方案摘要 | 先解析文件，确认提取结果后创建项目 | R6D-W6-CKDaP-KRX451-摘要.docx | 37 KB · PDF / DOCX | AI正在提取研究框架与PICOS | 正在处理 1 / 1 个内容块 · 模型处理中或排队等待空位 · 已运行 18 分钟 | 模型正被2个任务占用；如长时间无进展可取消后稍后再来。 | 取消
2026-10-06T14:10:23 shot 06_parse_poll_37.png
2026-10-06T14:11:03 poll#38 elapsed_click=1138.8s busy=True changed=False btns=['', '从零开始 两阶段反问确定研究框架与 PICOS', '导入方案摘要 先解析文件，确认提取结果后创建项目', '取消'] text=医学写作 | 新建研究方案项目 | 从零开始 | 两阶段反问确定研究框架与 PICOS | 导入方案摘要 | 先解析文件，确认提取结果后创建项目 | R6D-W6-CKDaP-KRX451-摘要.docx | 37 KB · PDF / DOCX | AI正在提取研究框架与PICOS | 正在处理 1 / 1 个内容块 · 模型处理中或排队等待空位 · 已运行 18 分钟 | 模型正被2个任务占用；如长时间无进展可取消后稍后再来。 | 取消
2026-10-06T14:11:44 poll#39 elapsed_click=1178.8s busy=True changed=True btns=['', '从零开始 两阶段反问确定研究框架与 PICOS', '导入方案摘要 先解析文件，确认提取结果后创建项目', '取消'] text=医学写作 | 新建研究方案项目 | 从零开始 | 两阶段反问确定研究框架与 PICOS | 导入方案摘要 | 先解析文件，确认提取结果后创建项目 | R6D-W6-CKDaP-KRX451-摘要.docx | 37 KB · PDF / DOCX | AI正在提取研究框架与PICOS | 正在处理 1 / 1 个内容块 · 模型处理中或排队等待空位 · 已运行 19 分钟 | 模型正被2个任务占用；如长时间无进展可取消后稍后再来。 | 取消
2026-10-06T14:11:44 shot 06_parse_poll_39.png
2026-10-06T14:12:24 poll#40 elapsed_click=1219.3s busy=True changed=True btns=['', '从零开始 两阶段反问确定研究框架与 PICOS', '导入方案摘要 先解析文件，确认提取结果后创建项目', '取消'] text=医学写作 | 新建研究方案项目 | 从零开始 | 两阶段反问确定研究框架与 PICOS | 导入方案摘要 | 先解析文件，确认提取结果后创建项目 | R6D-W6-CKDaP-KRX451-摘要.docx | 37 KB · PDF / DOCX | AI正在提取研究框架与PICOS | 正在处理 1 / 1 个内容块 · 模型处理中或排队等待空位 · 已运行 20 分钟 | 模型正被2个任务占用；如长时间无进展可取消后稍后再来。 | 取消
2026-10-06T14:12:24 shot 06_parse_poll_40.png
2026-10-06T14:13:04 poll#41 elapsed_click=1259.4s busy=False changed=True btns=['', '从零开始 两阶段反问确定研究框架与 PICOS', '导入方案摘要 先解析文件，确认提取结果后创建项目', '导入并提取', '继续处理', '重新选择'] text=医学写作 | 新建研究方案项目 | 从零开始 | 两阶段反问确定研究框架与 PICOS | 导入方案摘要 | 先解析文件，确认提取结果后创建项目 | R6D-W6-CKDaP-KRX451-摘要.docx | 37 KB · PDF / DOCX | 导入并提取 | chunk 0 validation failed: AI provider request failed: HTTP 507 | 继续处理 | 重新选择
2026-10-06T14:13:04 shot 06_parse_poll_41.png
2026-10-06T14:13:04 PARSE_UI_CHANGED elapsed_click=1259.4s
