done: tests/protocol_v3/test_chapter_batch* (cli subprocess family) live=FAILED export=FAILED
done: tests/test_ai_execution_policy.py live=PASSED export=FAILED
done: tests/test_ai_fallback_chain.py live=FAILED export=FAILED
done: tests/test_medical_writing_author_freeze_backend.py live=PASSED export=PASSED
done: tests/test_medical_writing_authoring_journey.py live=PASSED export=PASSED
done: tests/test_medical_writing_candidate_generation_progress.py live=PASSED export=PASSED
done: tests/test_medical_writing_content_quality_api.py live=PASSED export=PASSED
done: tests/test_medical_writing_document_export_api.py live=PASSED export=PASSED
done: tests/test_medical_writing_generation_context_v2.py live=PASSED export=PASSED
done: tests/test_medical_writing_greenfield_runtime.py live=FAILED export=FAILED
done: tests/test_medical_writing_legacy_authoring_migration.py live=FAILED export=FAILED
done: tests/test_medical_writing_revision_durable.py live=PASSED export=PASSED
done: tests/test_medical_writing_synopsis_import.py live=PASSED export=PASSED
done: tests/test_medical_writing_table_ai_revision.py live=PASSED export=PASSED
done: tests/test_monitoring_batch_api.py live=PASSED export=PASSED
done: tests/test_monitoring_real_loop_evidence_semantics.py live=FAILED export=FAILED
done: tests/test_monitoring_real_loop_manifest_replay.py live=FAILED export=FAILED
done: tests/test_monitoring_real_loop_semantics_binding.py live=FAILED export=FAILED
done: tests/test_monitoring_real_project_intake_gate.py live=PASSED export=PASSED
done: tests/test_monitoring_structure_profile_contract.py live=FAILED export=FAILED
done: tests/test_monitoring_structure_shape_matrix.py live=FAILED export=FAILED
done: tests/test_mw_r5_a1_preparation_progress.py live=FAILED export=FAILED
done: tests/test_phase1_corpus_source_boundaries.py live=FAILED export=FAILED
done: tests/test_source_registry.py live=FAILED export=FAILED
done: tests/test_sqlite_runtime_integration.py live=FAILED export=FAILED
done: tests/test_sqlite_runtime_real_rux.py live=FAILED export=FAILED
done: tests/test_synopsis_async_real_chunks.py live=FAILED export=FAILED
done: tests/test_vlm_gateway.py live=FAILED export=FAILED
done: tests/test_writing_reference_preparation_batch.py live=FAILED export=FAILED
done: tests/test_writing_reference_upper_layer_execution.py live=FAILED export=FAILED
done: tests/test_writing_reference_upper_layer_production_wiring.py live=FAILED export=FAILED
done: tests/test_omlx_workload_gate_contract.py live=FAILED export=FAILED
WROTE /Users/smkzw/Documents/康哲项目资料/AI/医学经理工作台/implementation/protocol-v3-workbench-mw_protocol_v3_phase0_20260809_111313/runs/requirements_v2_20260919/t17_round18_0926v1/g1_step6_drift_samples.json
