
==================================== ERRORS ====================================
_ ERROR collecting tests/protocol_v3/integration/test_confirmation_binding.py __
ImportError while importing test module '/Users/smkzw/Documents/康哲项目资料/AI/医学经理工作台/implementation/protocol-v3-workbench-mw_protocol_v3_phase0_20260809_111313/tests/protocol_v3/integration/test_confirmation_binding.py'.
Hint: make sure your test modules/packages have valid Python names.
Traceback:
/opt/homebrew/Cellar/python@3.12/3.12.13_2/Frameworks/Python.framework/Versions/3.12/lib/python3.12/importlib/__init__.py:90: in import_module
    return _bootstrap._gcd_import(name[level:], package, level)
           ^^^^^^^^^^^^^^^^^^^^^^^^^^^^^^^^^^^^^^^^^^^^^^^^^^^^
tests/protocol_v3/integration/test_confirmation_binding.py:24: in <module>
    from test_clinical_design_worker import prepared_reference
E   ModuleNotFoundError: No module named 'test_clinical_design_worker'
_ ERROR collecting tests/protocol_v3/integration/test_design_cards_adoption.py _
ImportError while importing test module '/Users/smkzw/Documents/康哲项目资料/AI/医学经理工作台/implementation/protocol-v3-workbench-mw_protocol_v3_phase0_20260809_111313/tests/protocol_v3/integration/test_design_cards_adoption.py'.
Hint: make sure your test modules/packages have valid Python names.
Traceback:
/opt/homebrew/Cellar/python@3.12/3.12.13_2/Frameworks/Python.framework/Versions/3.12/lib/python3.12/importlib/__init__.py:90: in import_module
    return _bootstrap._gcd_import(name[level:], package, level)
           ^^^^^^^^^^^^^^^^^^^^^^^^^^^^^^^^^^^^^^^^^^^^^^^^^^^^
tests/protocol_v3/integration/test_design_cards_adoption.py:23: in <module>
    from test_regimen_workflow_integration import ROOT
E   ModuleNotFoundError: No module named 'test_regimen_workflow_integration'
___ ERROR collecting tests/protocol_v3/integration/test_document_read_api.py ___
ImportError while importing test module '/Users/smkzw/Documents/康哲项目资料/AI/医学经理工作台/implementation/protocol-v3-workbench-mw_protocol_v3_phase0_20260809_111313/tests/protocol_v3/integration/test_document_read_api.py'.
Hint: make sure your test modules/packages have valid Python names.
Traceback:
/opt/homebrew/Cellar/python@3.12/3.12.13_2/Frameworks/Python.framework/Versions/3.12/lib/python3.12/importlib/__init__.py:90: in import_module
    return _bootstrap._gcd_import(name[level:], package, level)
           ^^^^^^^^^^^^^^^^^^^^^^^^^^^^^^^^^^^^^^^^^^^^^^^^^^^^
tests/protocol_v3/integration/test_document_read_api.py:4: in <module>
    from test_semantic_document_reducer import _study_definition, _document_revision
E   ModuleNotFoundError: No module named 'test_semantic_document_reducer'
_ ERROR collecting tests/protocol_v3/integration/test_fact_impact_adoption.py __
ImportError while importing test module '/Users/smkzw/Documents/康哲项目资料/AI/医学经理工作台/implementation/protocol-v3-workbench-mw_protocol_v3_phase0_20260809_111313/tests/protocol_v3/integration/test_fact_impact_adoption.py'.
Hint: make sure your test modules/packages have valid Python names.
Traceback:
/opt/homebrew/Cellar/python@3.12/3.12.13_2/Frameworks/Python.framework/Versions/3.12/lib/python3.12/importlib/__init__.py:90: in import_module
    return _bootstrap._gcd_import(name[level:], package, level)
           ^^^^^^^^^^^^^^^^^^^^^^^^^^^^^^^^^^^^^^^^^^^^^^^^^^^^
tests/protocol_v3/integration/test_fact_impact_adoption.py:8: in <module>
    from test_application_service import _SharedState, _service, _create_command
E   ModuleNotFoundError: No module named 'test_application_service'
_ ERROR collecting tests/protocol_v3/integration/test_manuscript_edit_control.py _
ImportError while importing test module '/Users/smkzw/Documents/康哲项目资料/AI/医学经理工作台/implementation/protocol-v3-workbench-mw_protocol_v3_phase0_20260809_111313/tests/protocol_v3/integration/test_manuscript_edit_control.py'.
Hint: make sure your test modules/packages have valid Python names.
Traceback:
/opt/homebrew/Cellar/python@3.12/3.12.13_2/Frameworks/Python.framework/Versions/3.12/lib/python3.12/importlib/__init__.py:90: in import_module
    return _bootstrap._gcd_import(name[level:], package, level)
           ^^^^^^^^^^^^^^^^^^^^^^^^^^^^^^^^^^^^^^^^^^^^^^^^^^^^
tests/protocol_v3/integration/test_manuscript_edit_control.py:23: in <module>
    from test_clinical_design_worker import prepared_reference
E   ModuleNotFoundError: No module named 'test_clinical_design_worker'
__ ERROR collecting tests/protocol_v3/integration/test_manuscript_plan_api.py __
ImportError while importing test module '/Users/smkzw/Documents/康哲项目资料/AI/医学经理工作台/implementation/protocol-v3-workbench-mw_protocol_v3_phase0_20260809_111313/tests/protocol_v3/integration/test_manuscript_plan_api.py'.
Hint: make sure your test modules/packages have valid Python names.
Traceback:
/opt/homebrew/Cellar/python@3.12/3.12.13_2/Frameworks/Python.framework/Versions/3.12/lib/python3.12/importlib/__init__.py:90: in import_module
    return _bootstrap._gcd_import(name[level:], package, level)
           ^^^^^^^^^^^^^^^^^^^^^^^^^^^^^^^^^^^^^^^^^^^^^^^^^^^^
tests/protocol_v3/integration/test_manuscript_plan_api.py:5: in <module>
    from test_semantic_document_reducer import _study_definition
E   ModuleNotFoundError: No module named 'test_semantic_document_reducer'
_ ERROR collecting tests/protocol_v3/integration/test_manuscript_sources_api.py _
ImportError while importing test module '/Users/smkzw/Documents/康哲项目资料/AI/医学经理工作台/implementation/protocol-v3-workbench-mw_protocol_v3_phase0_20260809_111313/tests/protocol_v3/integration/test_manuscript_sources_api.py'.
Hint: make sure your test modules/packages have valid Python names.
Traceback:
/opt/homebrew/Cellar/python@3.12/3.12.13_2/Frameworks/Python.framework/Versions/3.12/lib/python3.12/importlib/__init__.py:90: in import_module
    return _bootstrap._gcd_import(name[level:], package, level)
           ^^^^^^^^^^^^^^^^^^^^^^^^^^^^^^^^^^^^^^^^^^^^^^^^^^^^
tests/protocol_v3/integration/test_manuscript_sources_api.py:13: in <module>
    from test_source_identity_product import adopt
E   ModuleNotFoundError: No module named 'test_source_identity_product'
_ ERROR collecting tests/protocol_v3/integration/test_object_revision_scope_and_recovery.py _
ImportError while importing test module '/Users/smkzw/Documents/康哲项目资料/AI/医学经理工作台/implementation/protocol-v3-workbench-mw_protocol_v3_phase0_20260809_111313/tests/protocol_v3/integration/test_object_revision_scope_and_recovery.py'.
Hint: make sure your test modules/packages have valid Python names.
Traceback:
/opt/homebrew/Cellar/python@3.12/3.12.13_2/Frameworks/Python.framework/Versions/3.12/lib/python3.12/importlib/__init__.py:90: in import_module
    return _bootstrap._gcd_import(name[level:], package, level)
           ^^^^^^^^^^^^^^^^^^^^^^^^^^^^^^^^^^^^^^^^^^^^^^^^^^^^
tests/protocol_v3/integration/test_object_revision_scope_and_recovery.py:12: in <module>
    from test_manuscript_edit_control import seed_working_document
tests/protocol_v3/integration/test_manuscript_edit_control.py:23: in <module>
    from test_clinical_design_worker import prepared_reference
E   ModuleNotFoundError: No module named 'test_clinical_design_worker'
_ ERROR collecting tests/protocol_v3/integration/test_reconciliation_honest_binding.py _
ImportError while importing test module '/Users/smkzw/Documents/康哲项目资料/AI/医学经理工作台/implementation/protocol-v3-workbench-mw_protocol_v3_phase0_20260809_111313/tests/protocol_v3/integration/test_reconciliation_honest_binding.py'.
Hint: make sure your test modules/packages have valid Python names.
Traceback:
/opt/homebrew/Cellar/python@3.12/3.12.13_2/Frameworks/Python.framework/Versions/3.12/lib/python3.12/importlib/__init__.py:90: in import_module
    return _bootstrap._gcd_import(name[level:], package, level)
           ^^^^^^^^^^^^^^^^^^^^^^^^^^^^^^^^^^^^^^^^^^^^^^^^^^^^
tests/protocol_v3/integration/test_reconciliation_honest_binding.py:9: in <module>
    from test_manuscript_edit_control import seed_working_document
tests/protocol_v3/integration/test_manuscript_edit_control.py:23: in <module>
    from test_clinical_design_worker import prepared_reference
E   ModuleNotFoundError: No module named 'test_clinical_design_worker'
_ ERROR collecting tests/protocol_v3/integration/test_regimen_adoption_api.py __
ImportError while importing test module '/Users/smkzw/Documents/康哲项目资料/AI/医学经理工作台/implementation/protocol-v3-workbench-mw_protocol_v3_phase0_20260809_111313/tests/protocol_v3/integration/test_regimen_adoption_api.py'.
Hint: make sure your test modules/packages have valid Python names.
Traceback:
/opt/homebrew/Cellar/python@3.12/3.12.13_2/Frameworks/Python.framework/Versions/3.12/lib/python3.12/importlib/__init__.py:90: in import_module
    return _bootstrap._gcd_import(name[level:], package, level)
           ^^^^^^^^^^^^^^^^^^^^^^^^^^^^^^^^^^^^^^^^^^^^^^^^^^^^
tests/protocol_v3/integration/test_regimen_adoption_api.py:11: in <module>
    from test_clinical_design_worker import prepared_reference
E   ModuleNotFoundError: No module named 'test_clinical_design_worker'
__ ERROR collecting tests/protocol_v3/integration/test_regimen_design_api.py ___
ImportError while importing test module '/Users/smkzw/Documents/康哲项目资料/AI/医学经理工作台/implementation/protocol-v3-workbench-mw_protocol_v3_phase0_20260809_111313/tests/protocol_v3/integration/test_regimen_design_api.py'.
Hint: make sure your test modules/packages have valid Python names.
Traceback:
/opt/homebrew/Cellar/python@3.12/3.12.13_2/Frameworks/Python.framework/Versions/3.12/lib/python3.12/importlib/__init__.py:90: in import_module
    return _bootstrap._gcd_import(name[level:], package, level)
           ^^^^^^^^^^^^^^^^^^^^^^^^^^^^^^^^^^^^^^^^^^^^^^^^^^^^
tests/protocol_v3/integration/test_regimen_design_api.py:7: in <module>
    from test_seed_workflow_integration import ROOT
E   ModuleNotFoundError: No module named 'test_seed_workflow_integration'
_ ERROR collecting tests/protocol_v3/integration/test_regimen_fact_adoption.py _
ImportError while importing test module '/Users/smkzw/Documents/康哲项目资料/AI/医学经理工作台/implementation/protocol-v3-workbench-mw_protocol_v3_phase0_20260809_111313/tests/protocol_v3/integration/test_regimen_fact_adoption.py'.
Hint: make sure your test modules/packages have valid Python names.
Traceback:
/opt/homebrew/Cellar/python@3.12/3.12.13_2/Frameworks/Python.framework/Versions/3.12/lib/python3.12/importlib/__init__.py:90: in import_module
    return _bootstrap._gcd_import(name[level:], package, level)
           ^^^^^^^^^^^^^^^^^^^^^^^^^^^^^^^^^^^^^^^^^^^^^^^^^^^^
tests/protocol_v3/integration/test_regimen_fact_adoption.py:3: in <module>
    from test_clinical_design_worker import prepared_reference
E   ModuleNotFoundError: No module named 'test_clinical_design_worker'
_ ERROR collecting tests/protocol_v3/integration/test_research_context_api.py __
ImportError while importing test module '/Users/smkzw/Documents/康哲项目资料/AI/医学经理工作台/implementation/protocol-v3-workbench-mw_protocol_v3_phase0_20260809_111313/tests/protocol_v3/integration/test_research_context_api.py'.
Hint: make sure your test modules/packages have valid Python names.
Traceback:
/opt/homebrew/Cellar/python@3.12/3.12.13_2/Frameworks/Python.framework/Versions/3.12/lib/python3.12/importlib/__init__.py:90: in import_module
    return _bootstrap._gcd_import(name[level:], package, level)
           ^^^^^^^^^^^^^^^^^^^^^^^^^^^^^^^^^^^^^^^^^^^^^^^^^^^^
tests/protocol_v3/integration/test_research_context_api.py:6: in <module>
    from test_seed_workflow_integration import ROOT
E   ModuleNotFoundError: No module named 'test_seed_workflow_integration'
__ ERROR collecting tests/protocol_v3/integration/test_research_intent_api.py __
ImportError while importing test module '/Users/smkzw/Documents/康哲项目资料/AI/医学经理工作台/implementation/protocol-v3-workbench-mw_protocol_v3_phase0_20260809_111313/tests/protocol_v3/integration/test_research_intent_api.py'.
Hint: make sure your test modules/packages have valid Python names.
Traceback:
/opt/homebrew/Cellar/python@3.12/3.12.13_2/Frameworks/Python.framework/Versions/3.12/lib/python3.12/importlib/__init__.py:90: in import_module
    return _bootstrap._gcd_import(name[level:], package, level)
           ^^^^^^^^^^^^^^^^^^^^^^^^^^^^^^^^^^^^^^^^^^^^^^^^^^^^
tests/protocol_v3/integration/test_research_intent_api.py:9: in <module>
    from test_regimen_workflow_integration import ROOT
E   ModuleNotFoundError: No module named 'test_regimen_workflow_integration'
____ ERROR collecting tests/protocol_v3/integration/test_seed_intake_api.py ____
ImportError while importing test module '/Users/smkzw/Documents/康哲项目资料/AI/医学经理工作台/implementation/protocol-v3-workbench-mw_protocol_v3_phase0_20260809_111313/tests/protocol_v3/integration/test_seed_intake_api.py'.
Hint: make sure your test modules/packages have valid Python names.
Traceback:
/opt/homebrew/Cellar/python@3.12/3.12.13_2/Frameworks/Python.framework/Versions/3.12/lib/python3.12/importlib/__init__.py:90: in import_module
    return _bootstrap._gcd_import(name[level:], package, level)
           ^^^^^^^^^^^^^^^^^^^^^^^^^^^^^^^^^^^^^^^^^^^^^^^^^^^^
tests/protocol_v3/integration/test_seed_intake_api.py:12: in <module>
    from test_seed_workflow_integration import ROOT
E   ModuleNotFoundError: No module named 'test_seed_workflow_integration'
___ ERROR collecting tests/protocol_v3/integration/test_source_import_api.py ___
ImportError while importing test module '/Users/smkzw/Documents/康哲项目资料/AI/医学经理工作台/implementation/protocol-v3-workbench-mw_protocol_v3_phase0_20260809_111313/tests/protocol_v3/integration/test_source_import_api.py'.
Hint: make sure your test modules/packages have valid Python names.
Traceback:
/opt/homebrew/Cellar/python@3.12/3.12.13_2/Frameworks/Python.framework/Versions/3.12/lib/python3.12/importlib/__init__.py:90: in import_module
    return _bootstrap._gcd_import(name[level:], package, level)
           ^^^^^^^^^^^^^^^^^^^^^^^^^^^^^^^^^^^^^^^^^^^^^^^^^^^^
tests/protocol_v3/integration/test_source_import_api.py:6: in <module>
    from test_writing_reference_docx import build_docx, paragraph_xml
E   ModuleNotFoundError: No module named 'test_writing_reference_docx'
_________ ERROR collecting tests/protocol_v3/test_agent1_docx_parse.py _________
ImportError while importing test module '/Users/smkzw/Documents/康哲项目资料/AI/医学经理工作台/implementation/protocol-v3-workbench-mw_protocol_v3_phase0_20260809_111313/tests/protocol_v3/test_agent1_docx_parse.py'.
Hint: make sure your test modules/packages have valid Python names.
Traceback:
/opt/homebrew/Cellar/python@3.12/3.12.13_2/Frameworks/Python.framework/Versions/3.12/lib/python3.12/importlib/__init__.py:90: in import_module
    return _bootstrap._gcd_import(name[level:], package, level)
           ^^^^^^^^^^^^^^^^^^^^^^^^^^^^^^^^^^^^^^^^^^^^^^^^^^^^
tests/protocol_v3/test_agent1_docx_parse.py:7: in <module>
    from test_writing_reference_docx import build_docx, paragraph_xml, table_xml
E   ModuleNotFoundError: No module named 'test_writing_reference_docx'
______ ERROR collecting tests/protocol_v3/test_chapter_source_material.py ______
ImportError while importing test module '/Users/smkzw/Documents/康哲项目资料/AI/医学经理工作台/implementation/protocol-v3-workbench-mw_protocol_v3_phase0_20260809_111313/tests/protocol_v3/test_chapter_source_material.py'.
Hint: make sure your test modules/packages have valid Python names.
Traceback:
/opt/homebrew/Cellar/python@3.12/3.12.13_2/Frameworks/Python.framework/Versions/3.12/lib/python3.12/importlib/__init__.py:90: in import_module
    return _bootstrap._gcd_import(name[level:], package, level)
           ^^^^^^^^^^^^^^^^^^^^^^^^^^^^^^^^^^^^^^^^^^^^^^^^^^^^
tests/protocol_v3/test_chapter_source_material.py:4: in <module>
    from test_writing_reference_docx import build_docx,paragraph_xml,table_xml
E   ModuleNotFoundError: No module named 'test_writing_reference_docx'
____ ERROR collecting tests/protocol_v3/test_chapter_source_preparation.py _____
ImportError while importing test module '/Users/smkzw/Documents/康哲项目资料/AI/医学经理工作台/implementation/protocol-v3-workbench-mw_protocol_v3_phase0_20260809_111313/tests/protocol_v3/test_chapter_source_preparation.py'.
Hint: make sure your test modules/packages have valid Python names.
Traceback:
/opt/homebrew/Cellar/python@3.12/3.12.13_2/Frameworks/Python.framework/Versions/3.12/lib/python3.12/importlib/__init__.py:90: in import_module
    return _bootstrap._gcd_import(name[level:], package, level)
           ^^^^^^^^^^^^^^^^^^^^^^^^^^^^^^^^^^^^^^^^^^^^^^^^^^^^
tests/protocol_v3/test_chapter_source_preparation.py:5: in <module>
    from test_writing_reference_docx import build_docx,paragraph_xml
E   ModuleNotFoundError: No module named 'test_writing_reference_docx'
_____ ERROR collecting tests/protocol_v3/test_manuscript_draft_request.py ______
ImportError while importing test module '/Users/smkzw/Documents/康哲项目资料/AI/医学经理工作台/implementation/protocol-v3-workbench-mw_protocol_v3_phase0_20260809_111313/tests/protocol_v3/test_manuscript_draft_request.py'.
Hint: make sure your test modules/packages have valid Python names.
Traceback:
/opt/homebrew/Cellar/python@3.12/3.12.13_2/Frameworks/Python.framework/Versions/3.12/lib/python3.12/importlib/__init__.py:90: in import_module
    return _bootstrap._gcd_import(name[level:], package, level)
           ^^^^^^^^^^^^^^^^^^^^^^^^^^^^^^^^^^^^^^^^^^^^^^^^^^^^
tests/protocol_v3/test_manuscript_draft_request.py:7: in <module>
    from test_writing_reference_docx import build_docx,paragraph_xml
E   ModuleNotFoundError: No module named 'test_writing_reference_docx'
___ ERROR collecting tests/protocol_v3/test_persisted_chapter_preparation.py ___
ImportError while importing test module '/Users/smkzw/Documents/康哲项目资料/AI/医学经理工作台/implementation/protocol-v3-workbench-mw_protocol_v3_phase0_20260809_111313/tests/protocol_v3/test_persisted_chapter_preparation.py'.
Hint: make sure your test modules/packages have valid Python names.
Traceback:
/opt/homebrew/Cellar/python@3.12/3.12.13_2/Frameworks/Python.framework/Versions/3.12/lib/python3.12/importlib/__init__.py:90: in import_module
    return _bootstrap._gcd_import(name[level:], package, level)
           ^^^^^^^^^^^^^^^^^^^^^^^^^^^^^^^^^^^^^^^^^^^^^^^^^^^^
tests/protocol_v3/test_persisted_chapter_preparation.py:15: in <module>
    from test_writing_reference_docx import build_docx, paragraph_xml
E   ModuleNotFoundError: No module named 'test_writing_reference_docx'
______ ERROR collecting tests/protocol_v3/test_pinned_chapter_sources.py _______
ImportError while importing test module '/Users/smkzw/Documents/康哲项目资料/AI/医学经理工作台/implementation/protocol-v3-workbench-mw_protocol_v3_phase0_20260809_111313/tests/protocol_v3/test_pinned_chapter_sources.py'.
Hint: make sure your test modules/packages have valid Python names.
Traceback:
/opt/homebrew/Cellar/python@3.12/3.12.13_2/Frameworks/Python.framework/Versions/3.12/lib/python3.12/importlib/__init__.py:90: in import_module
    return _bootstrap._gcd_import(name[level:], package, level)
           ^^^^^^^^^^^^^^^^^^^^^^^^^^^^^^^^^^^^^^^^^^^^^^^^^^^^
tests/protocol_v3/test_pinned_chapter_sources.py:5: in <module>
    from test_writing_reference_docx import build_docx,paragraph_xml
E   ModuleNotFoundError: No module named 'test_writing_reference_docx'
____ ERROR collecting tests/protocol_v3/test_research_seed_normalization.py ____
ImportError while importing test module '/Users/smkzw/Documents/康哲项目资料/AI/医学经理工作台/implementation/protocol-v3-workbench-mw_protocol_v3_phase0_20260809_111313/tests/protocol_v3/test_research_seed_normalization.py'.
Hint: make sure your test modules/packages have valid Python names.
Traceback:
/opt/homebrew/Cellar/python@3.12/3.12.13_2/Frameworks/Python.framework/Versions/3.12/lib/python3.12/importlib/__init__.py:90: in import_module
    return _bootstrap._gcd_import(name[level:], package, level)
           ^^^^^^^^^^^^^^^^^^^^^^^^^^^^^^^^^^^^^^^^^^^^^^^^^^^^
tests/protocol_v3/test_research_seed_normalization.py:10: in <module>
    from test_writing_reference_docx import build_docx, paragraph_xml
E   ModuleNotFoundError: No module named 'test_writing_reference_docx'
_______ ERROR collecting tests/protocol_v3/test_seed_source_selection.py _______
ImportError while importing test module '/Users/smkzw/Documents/康哲项目资料/AI/医学经理工作台/implementation/protocol-v3-workbench-mw_protocol_v3_phase0_20260809_111313/tests/protocol_v3/test_seed_source_selection.py'.
Hint: make sure your test modules/packages have valid Python names.
Traceback:
/opt/homebrew/Cellar/python@3.12/3.12.13_2/Frameworks/Python.framework/Versions/3.12/lib/python3.12/importlib/__init__.py:90: in import_module
    return _bootstrap._gcd_import(name[level:], package, level)
           ^^^^^^^^^^^^^^^^^^^^^^^^^^^^^^^^^^^^^^^^^^^^^^^^^^^^
tests/protocol_v3/test_seed_source_selection.py:4: in <module>
    from test_writing_reference_docx import build_docx, paragraph_xml
E   ModuleNotFoundError: No module named 'test_writing_reference_docx'
=========================== short test summary info ============================
ERROR tests/protocol_v3/integration/test_confirmation_binding.py
ERROR tests/protocol_v3/integration/test_design_cards_adoption.py
ERROR tests/protocol_v3/integration/test_document_read_api.py
ERROR tests/protocol_v3/integration/test_fact_impact_adoption.py
ERROR tests/protocol_v3/integration/test_manuscript_edit_control.py
ERROR tests/protocol_v3/integration/test_manuscript_plan_api.py
ERROR tests/protocol_v3/integration/test_manuscript_sources_api.py
ERROR tests/protocol_v3/integration/test_object_revision_scope_and_recovery.py
ERROR tests/protocol_v3/integration/test_reconciliation_honest_binding.py
ERROR tests/protocol_v3/integration/test_regimen_adoption_api.py
ERROR tests/protocol_v3/integration/test_regimen_design_api.py
ERROR tests/protocol_v3/integration/test_regimen_fact_adoption.py
ERROR tests/protocol_v3/integration/test_research_context_api.py
ERROR tests/protocol_v3/integration/test_research_intent_api.py
ERROR tests/protocol_v3/integration/test_seed_intake_api.py
ERROR tests/protocol_v3/integration/test_source_import_api.py
ERROR tests/protocol_v3/test_agent1_docx_parse.py
ERROR tests/protocol_v3/test_chapter_source_material.py
ERROR tests/protocol_v3/test_chapter_source_preparation.py
ERROR tests/protocol_v3/test_manuscript_draft_request.py
ERROR tests/protocol_v3/test_persisted_chapter_preparation.py
ERROR tests/protocol_v3/test_pinned_chapter_sources.py
ERROR tests/protocol_v3/test_research_seed_normalization.py
ERROR tests/protocol_v3/test_seed_source_selection.py
!!!!!!!!!!!!!!!!!!! Interrupted: 24 errors during collection !!!!!!!!!!!!!!!!!!!
24 errors in 1.19s
