TAP version 13
# Subtest: document identity and opened study identity remain distinct; parent sees save receipt
ok 1 - document identity and opened study identity remain distinct; parent sees save receipt
  ---
  duration_ms: 3.808166
  type: 'test'
  ...
# Subtest: missing study baseline remains null
ok 2 - missing study baseline remains null
  ---
  duration_ms: 1.117084
  type: 'test'
  ...
# Subtest: conflict does not silently adopt another window revision
ok 3 - conflict does not silently adopt another window revision
  ---
  duration_ms: 0.787541
  type: 'test'
  ...
# Subtest: a lost receipt is recovered with original bytes before later typing is saved
ok 4 - a lost receipt is recovered with original bytes before later typing is saved
  ---
  duration_ms: 1.016209
  type: 'test'
  ...
# Subtest: unverifiable success keeps the same operation and pending bytes
ok 5 - unverifiable success keeps the same operation and pending bytes
  ---
  duration_ms: 1.241459
  type: 'test'
  ...
1..5
# tests 5
# suites 0
# pass 5
# fail 0
# cancelled 0
# skipped 0
# todo 0
# duration_ms 45.372667
