vite v7.3.6 building client environment for production...
transforming...
✓ 483 modules transformed.
rendering chunks...
computing gzip size...
dist/index.html                                                  0.71 kB │ gzip:     0.41 kB
dist/assets/send-enter-off-B0IfWMyy.png                          4.25 kB
dist/assets/GenOfficeCheLatinKR-CFVfemg_.woff2                   8.30 kB
dist/assets/GenOfficePoppins-Bold-subset-CLJyStaw.woff2         14.13 kB
dist/assets/GenOfficePoppins-Regular-subset-RElVmxhA.woff2      14.16 kB
dist/assets/GenOfficeUIKanaJP-Regular-Bj_7JzTT.woff2            25.29 kB
dist/assets/GenOfficeUIKanaJP-Bold-DbcaglVT.woff2               26.20 kB
dist/assets/GenOfficeTamil-Regular-DLISHPmH.woff2               33.07 kB
dist/assets/Caladea-Bold-D8qQyaGr.ttf                           58.89 kB
dist/assets/Caladea-Regular-BTbwo_Qo.ttf                        58.96 kB
dist/assets/Caladea-BoldItalic-wZEKqfeH.ttf                     61.83 kB
dist/assets/Caladea-Italic-B_Jy4Zu6.ttf                         61.86 kB
dist/assets/NotoSansArabic-Regular-subset-D207GVuU.woff2        63.67 kB
dist/assets/NotoNaskhArabic-Regular-subset-DQSqx2ZA.woff2       69.62 kB
dist/assets/GenOfficeSansKR-Regular-subset-CVxxonE8.woff2      266.13 kB
dist/assets/LiberationMono-Italic-BaW6sbi8.ttf                 281.54 kB
dist/assets/GenOfficeGothicKR-Regular-subset-Bkvj_MFZ.woff2    281.98 kB
dist/assets/LiberationMono-BoldItalic-CW50-m9W.ttf             284.07 kB
dist/assets/LiberationMono-Bold-JpIqZVyK.ttf                   308.00 kB
dist/assets/LiberationMono-Regular-CscJ8ftk.ttf                319.51 kB
dist/assets/LiberationSerif-Bold-CT7WGLoV.ttf                  370.10 kB
dist/assets/LiberationSerif-Italic-Bwtmn-ni.ttf                375.63 kB
dist/assets/LiberationSerif-BoldItalic-DHf5skZ4.ttf            376.77 kB
dist/assets/LiberationSerif-Regular-DREh6cMU.ttf               393.58 kB
dist/assets/LiberationSans-BoldItalic-BC07J_j6.ttf             409.00 kB
dist/assets/LiberationSans-Regular-CqxnOoBp.ttf                410.71 kB
dist/assets/LiberationSans-Bold-CAnzDFU4.ttf                   414.46 kB
dist/assets/LiberationSans-Italic-D6GtLuAT.ttf                 415.82 kB
dist/assets/GenOfficeSerifKR-Regular-subset-BkQyd75u.woff2     512.44 kB
dist/assets/Carlito-Italic-KkZUqxJW.ttf                        619.05 kB
dist/assets/Carlito-Regular-Cbe9FLjp.ttf                       631.71 kB
dist/assets/Carlito-Bold-BhbXr__n.ttf                          686.24 kB
dist/assets/Carlito-BoldItalic-0dXjwGA0.ttf                    812.34 kB
dist/assets/pdf.worker.min-CLrFZWeq.mjs                      1,312.45 kB
dist/assets/NotoSansCJKsc-Regular-subset-BuHGXxnc.woff2      2,533.16 kB
dist/assets/NotoSerifCJKsc-Regular-subset-CLPB6QGT.woff2     3,495.93 kB
dist/assets/index-BPaMYPw8.css                                 206.45 kB │ gzip:    34.87 kB
dist/assets/pdf.worker.min-B2kr_lfe.js                           0.08 kB │ gzip:     0.10 kB
dist/assets/pdf-Db4OFiBi.js                                    489.68 kB │ gzip:   148.85 kB
dist/assets/index-CpFso7_5.js                                3,916.60 kB │ gzip: 1,207.19 kB

(!) Some chunks are larger than 500 kB after minification. Consider:
- Using dynamic import() to code-split the application
- Use build.rollupOptions.output.manualChunks to improve chunking: https://rollupjs.org/configuration-options/#output-manualchunks
- Adjust chunk size limit for this warning via build.chunkSizeWarningLimit.
✓ built in 2.65s
shim and embedded styles injected
GenOffice renderer installed at /Users/smkzw/Documents/康哲项目资料/AI/医学经理工作台/implementation/protocol-v3-workbench-mw_protocol_v3_phase0_20260809_111313/frontend/public/genoffice
