FFF                                                                      [100%]
=================================== FAILURES ===================================
___ test_multiplicity_disposition_never_releases_confirmatory_family[False] ____

no_adjustment = False

    @pytest.mark.parametrize('no_adjustment',[False,True,None])
    def test_multiplicity_disposition_never_releases_confirmatory_family(no_adjustment):
        from app.protocol_workflow.registries.applicability import bind_applicable_input, ApplicabilityResolutionError
        from app.protocol_workflow.registries.fact_bindings import FactBindingCatalog, FactBindingError
        from packages.contracts.workbench_contracts.protocol_v3 import ChapterContractV2
        from test_all_chapter_contracts import REAL_TEMPLATE_DIR
        from test_chapter_fact_binding import confirmed_study
        c=ChapterContractV2.model_validate_json((REAL_TEMPLATE_DIR/'chapter_contracts/v2_n_11_4_8.json').read_text())
        bindings=FactBindingCatalog.model_validate_json((REAL_TEMPLATE_DIR/'fact_bindings.json').read_text()).bindings
        facts={f.fact_path:'Synthetic project multiplicity rationale' for f in c.substantive_content.fact_requirements if f.obligation.value=='required'}
        facts['statistics.multiplicity.no_adjustment_applicable']=no_adjustment
        rules=real_rule_catalog().rules
        if no_adjustment is None:
            with pytest.raises(ApplicabilityResolutionError,match='conditional_applicability_unresolved'):
                bind_applicable_input(confirmed_study(facts),c,bindings,rules=rules)
            return
>       assert bind_applicable_input(confirmed_study(facts),c,bindings,rules=rules).resolved_facts==facts
               ^^^^^^^^^^^^^^^^^^^^^^^^^^^^^^^^^^^^^^^^^^^^^^^^^^^^^^^^^^^^^^^^^^^^

tests/protocol_v3/test_chapter_applicability.py:1626: 
_ _ _ _ _ _ _ _ _ _ _ _ _ _ _ _ _ _ _ _ _ _ _ _ _ _ _ _ _ _ _ _ _ _ _ _ _ _ _ _ 
services/api/app/protocol_workflow/registries/applicability.py:346: in bind_applicable_input
    effective, active_ids, digest = _resolved_input_contract(study, contract, bindings, rules)
                                    ^^^^^^^^^^^^^^^^^^^^^^^^^^^^^^^^^^^^^^^^^^^^^^^^^^^^^^^^^^
_ _ _ _ _ _ _ _ _ _ _ _ _ _ _ _ _ _ _ _ _ _ _ _ _ _ _ _ _ _ _ _ _ _ _ _ _ _ _ _ 

study = StudyDefinitionV3(schema_version='mw_protocol_v3_contract_v1', canonical_state=<CanonicalState.CONFIRMED: 'confirmed'>...cable': False}, decision_record_ids=(), updated_at=datetime.datetime(2026, 8, 10, 10, 0, tzinfo=datetime.timezone.utc))
contract = ChapterContractV2(schema_version='mw_protocol_v3_contract_v2', canonical_state=<CanonicalState.FROZEN: 'frozen'>, chap...sk_if_unmet='统计章节与项目设计不一致会导致不可复核或误导性结论。'),), patient_participation_obligations=(), registry_consistency_obligations=())
bindings = (FactBinding(fact_path='ae.ae_collection_not_teaee_classification', canonical_path='ae.ae_collection_not_teaee_classif..._n_10_1_4.json#/substantive_content/fact_requirements/3/fact_path'), unit=None, timing=None, required_members={}), ...)
rules = (RulePredicate(rule_id='conditional:v2-n-11-4-6:pk', source_rule_sha256='9c71f57857555dc84965dfabe4a9fa1898691bdbfcc04..._claim_requirements=(), inactive_evidence_requirements=(), active_evidence_requirements=(), reference_targets=()), ...)

    def _resolved_input_contract(study, contract, bindings, rules):
        from app.protocol_workflow.registries.chapters import ChapterContentPayload, ContentFact
        index, states, findings = _resolve_rule_states(contract, study, rules)
        if findings:
>           raise ApplicabilityResolutionError(findings)
E           app.protocol_workflow.registries.applicability.ApplicabilityResolutionError: conditional_predicate_missing:conditional_rule:conditional:v2-n-11-4-8:no-adjustment

services/api/app/protocol_workflow/registries/applicability.py:305: ApplicabilityResolutionError
____ test_multiplicity_disposition_never_releases_confirmatory_family[True] ____

no_adjustment = True

    @pytest.mark.parametrize('no_adjustment',[False,True,None])
    def test_multiplicity_disposition_never_releases_confirmatory_family(no_adjustment):
        from app.protocol_workflow.registries.applicability import bind_applicable_input, ApplicabilityResolutionError
        from app.protocol_workflow.registries.fact_bindings import FactBindingCatalog, FactBindingError
        from packages.contracts.workbench_contracts.protocol_v3 import ChapterContractV2
        from test_all_chapter_contracts import REAL_TEMPLATE_DIR
        from test_chapter_fact_binding import confirmed_study
        c=ChapterContractV2.model_validate_json((REAL_TEMPLATE_DIR/'chapter_contracts/v2_n_11_4_8.json').read_text())
        bindings=FactBindingCatalog.model_validate_json((REAL_TEMPLATE_DIR/'fact_bindings.json').read_text()).bindings
        facts={f.fact_path:'Synthetic project multiplicity rationale' for f in c.substantive_content.fact_requirements if f.obligation.value=='required'}
        facts['statistics.multiplicity.no_adjustment_applicable']=no_adjustment
        rules=real_rule_catalog().rules
        if no_adjustment is None:
            with pytest.raises(ApplicabilityResolutionError,match='conditional_applicability_unresolved'):
                bind_applicable_input(confirmed_study(facts),c,bindings,rules=rules)
            return
>       assert bind_applicable_input(confirmed_study(facts),c,bindings,rules=rules).resolved_facts==facts
               ^^^^^^^^^^^^^^^^^^^^^^^^^^^^^^^^^^^^^^^^^^^^^^^^^^^^^^^^^^^^^^^^^^^^

tests/protocol_v3/test_chapter_applicability.py:1626: 
_ _ _ _ _ _ _ _ _ _ _ _ _ _ _ _ _ _ _ _ _ _ _ _ _ _ _ _ _ _ _ _ _ _ _ _ _ _ _ _ 
services/api/app/protocol_workflow/registries/applicability.py:346: in bind_applicable_input
    effective, active_ids, digest = _resolved_input_contract(study, contract, bindings, rules)
                                    ^^^^^^^^^^^^^^^^^^^^^^^^^^^^^^^^^^^^^^^^^^^^^^^^^^^^^^^^^^
_ _ _ _ _ _ _ _ _ _ _ _ _ _ _ _ _ _ _ _ _ _ _ _ _ _ _ _ _ _ _ _ _ _ _ _ _ _ _ _ 

study = StudyDefinitionV3(schema_version='mw_protocol_v3_contract_v1', canonical_state=<CanonicalState.CONFIRMED: 'confirmed'>...icable': True}, decision_record_ids=(), updated_at=datetime.datetime(2026, 8, 10, 10, 0, tzinfo=datetime.timezone.utc))
contract = ChapterContractV2(schema_version='mw_protocol_v3_contract_v2', canonical_state=<CanonicalState.FROZEN: 'frozen'>, chap...sk_if_unmet='统计章节与项目设计不一致会导致不可复核或误导性结论。'),), patient_participation_obligations=(), registry_consistency_obligations=())
bindings = (FactBinding(fact_path='ae.ae_collection_not_teaee_classification', canonical_path='ae.ae_collection_not_teaee_classif..._n_10_1_4.json#/substantive_content/fact_requirements/3/fact_path'), unit=None, timing=None, required_members={}), ...)
rules = (RulePredicate(rule_id='conditional:v2-n-11-4-6:pk', source_rule_sha256='9c71f57857555dc84965dfabe4a9fa1898691bdbfcc04..._claim_requirements=(), inactive_evidence_requirements=(), active_evidence_requirements=(), reference_targets=()), ...)

    def _resolved_input_contract(study, contract, bindings, rules):
        from app.protocol_workflow.registries.chapters import ChapterContentPayload, ContentFact
        index, states, findings = _resolve_rule_states(contract, study, rules)
        if findings:
>           raise ApplicabilityResolutionError(findings)
E           app.protocol_workflow.registries.applicability.ApplicabilityResolutionError: conditional_predicate_missing:conditional_rule:conditional:v2-n-11-4-8:no-adjustment

services/api/app/protocol_workflow/registries/applicability.py:305: ApplicabilityResolutionError
____ test_multiplicity_disposition_never_releases_confirmatory_family[None] ____

no_adjustment = None

    @pytest.mark.parametrize('no_adjustment',[False,True,None])
    def test_multiplicity_disposition_never_releases_confirmatory_family(no_adjustment):
        from app.protocol_workflow.registries.applicability import bind_applicable_input, ApplicabilityResolutionError
        from app.protocol_workflow.registries.fact_bindings import FactBindingCatalog, FactBindingError
        from packages.contracts.workbench_contracts.protocol_v3 import ChapterContractV2
        from test_all_chapter_contracts import REAL_TEMPLATE_DIR
        from test_chapter_fact_binding import confirmed_study
        c=ChapterContractV2.model_validate_json((REAL_TEMPLATE_DIR/'chapter_contracts/v2_n_11_4_8.json').read_text())
        bindings=FactBindingCatalog.model_validate_json((REAL_TEMPLATE_DIR/'fact_bindings.json').read_text()).bindings
        facts={f.fact_path:'Synthetic project multiplicity rationale' for f in c.substantive_content.fact_requirements if f.obligation.value=='required'}
        facts['statistics.multiplicity.no_adjustment_applicable']=no_adjustment
        rules=real_rule_catalog().rules
        if no_adjustment is None:
            with pytest.raises(ApplicabilityResolutionError,match='conditional_applicability_unresolved'):
>               bind_applicable_input(confirmed_study(facts),c,bindings,rules=rules)

tests/protocol_v3/test_chapter_applicability.py:1624: 
_ _ _ _ _ _ _ _ _ _ _ _ _ _ _ _ _ _ _ _ _ _ _ _ _ _ _ _ _ _ _ _ _ _ _ _ _ _ _ _ 
services/api/app/protocol_workflow/registries/applicability.py:346: in bind_applicable_input
    effective, active_ids, digest = _resolved_input_contract(study, contract, bindings, rules)
                                    ^^^^^^^^^^^^^^^^^^^^^^^^^^^^^^^^^^^^^^^^^^^^^^^^^^^^^^^^^^
_ _ _ _ _ _ _ _ _ _ _ _ _ _ _ _ _ _ _ _ _ _ _ _ _ _ _ _ _ _ _ _ _ _ _ _ _ _ _ _ 

study = StudyDefinitionV3(schema_version='mw_protocol_v3_contract_v1', canonical_state=<CanonicalState.CONFIRMED: 'confirmed'>...icable': None}, decision_record_ids=(), updated_at=datetime.datetime(2026, 8, 10, 10, 0, tzinfo=datetime.timezone.utc))
contract = ChapterContractV2(schema_version='mw_protocol_v3_contract_v2', canonical_state=<CanonicalState.FROZEN: 'frozen'>, chap...sk_if_unmet='统计章节与项目设计不一致会导致不可复核或误导性结论。'),), patient_participation_obligations=(), registry_consistency_obligations=())
bindings = (FactBinding(fact_path='ae.ae_collection_not_teaee_classification', canonical_path='ae.ae_collection_not_teaee_classif..._n_10_1_4.json#/substantive_content/fact_requirements/3/fact_path'), unit=None, timing=None, required_members={}), ...)
rules = (RulePredicate(rule_id='conditional:v2-n-11-4-6:pk', source_rule_sha256='9c71f57857555dc84965dfabe4a9fa1898691bdbfcc04..._claim_requirements=(), inactive_evidence_requirements=(), active_evidence_requirements=(), reference_targets=()), ...)

    def _resolved_input_contract(study, contract, bindings, rules):
        from app.protocol_workflow.registries.chapters import ChapterContentPayload, ContentFact
        index, states, findings = _resolve_rule_states(contract, study, rules)
        if findings:
>           raise ApplicabilityResolutionError(findings)
E           app.protocol_workflow.registries.applicability.ApplicabilityResolutionError: conditional_predicate_missing:conditional_rule:conditional:v2-n-11-4-8:no-adjustment

services/api/app/protocol_workflow/registries/applicability.py:305: ApplicabilityResolutionError

During handling of the above exception, another exception occurred:

no_adjustment = None

    @pytest.mark.parametrize('no_adjustment',[False,True,None])
    def test_multiplicity_disposition_never_releases_confirmatory_family(no_adjustment):
        from app.protocol_workflow.registries.applicability import bind_applicable_input, ApplicabilityResolutionError
        from app.protocol_workflow.registries.fact_bindings import FactBindingCatalog, FactBindingError
        from packages.contracts.workbench_contracts.protocol_v3 import ChapterContractV2
        from test_all_chapter_contracts import REAL_TEMPLATE_DIR
        from test_chapter_fact_binding import confirmed_study
        c=ChapterContractV2.model_validate_json((REAL_TEMPLATE_DIR/'chapter_contracts/v2_n_11_4_8.json').read_text())
        bindings=FactBindingCatalog.model_validate_json((REAL_TEMPLATE_DIR/'fact_bindings.json').read_text()).bindings
        facts={f.fact_path:'Synthetic project multiplicity rationale' for f in c.substantive_content.fact_requirements if f.obligation.value=='required'}
        facts['statistics.multiplicity.no_adjustment_applicable']=no_adjustment
        rules=real_rule_catalog().rules
        if no_adjustment is None:
>           with pytest.raises(ApplicabilityResolutionError,match='conditional_applicability_unresolved'):
                 ^^^^^^^^^^^^^^^^^^^^^^^^^^^^^^^^^^^^^^^^^^^^^^^^^^^^^^^^^^^^^^^^^^^^^^^^^^^^^^^^^^^^^^^^
E           AssertionError: Regex pattern did not match.
E            Regex: 'conditional_applicability_unresolved'
E            Input: 'conditional_predicate_missing:conditional_rule:conditional:v2-n-11-4-8:no-adjustment'

tests/protocol_v3/test_chapter_applicability.py:1623: AssertionError
=========================== short test summary info ============================
FAILED tests/protocol_v3/test_chapter_applicability.py::test_multiplicity_disposition_never_releases_confirmatory_family[False]
FAILED tests/protocol_v3/test_chapter_applicability.py::test_multiplicity_disposition_never_releases_confirmatory_family[True]
FAILED tests/protocol_v3/test_chapter_applicability.py::test_multiplicity_disposition_never_releases_confirmatory_family[None]
3 failed, 216 deselected in 0.56s
