[protocol-v3-test-inventory] runner=vitest tests=35

 RUN  v4.1.10 /Users/smkzw/Documents/康哲项目资料/AI/医学经理工作台/implementation/protocol-v3-workbench-mw_protocol_v3_phase0_20260809_111313/frontend

 ✓ src/features/medical-writing/protocol-workbench/RegimenProposalCard.test.jsx (10 tests) 274ms
 ✓ src/features/medical-writing/protocol-workbench/office/GenOfficeFrame.test.jsx (7 tests) 313ms
 ✓ src/features/medical-writing/MedicalWritingSynopsisProjectIntake.test.jsx (20 tests) 315ms
 ✓ src/features/medical-writing/protocol-workbench/ProtocolWritingDesk.test.jsx (4 tests) 343ms
 ✓ src/features/writing-reference/WritingReferencePanel.residualAdmission.test.jsx (2 tests) 450ms
 ❯ src/features/medical-writing/MedicalWritingAuthoringJourneySetup.assemblyPlanConfirmEntry.test.jsx (3 tests | 1 failed) 451ms
     × enables the writing entry when the plan is complete but unconfirmed, and the click confirms the plan before creating the document 230ms
     ✓ keeps the entry disabled with actionable Chinese guidance while blocking drivers remain unresolved 109ms
     ✓ keeps the already-confirmed ready path one-click 112ms
 ✓ src/features/medical-writing/MedicalWritingAuthoringJourneySetup.platformEntryIdempotent.test.jsx (3 tests) 491ms
 ✓ src/features/medical-writing/MedicalWritingAuthoringJourneySetup.impactVisibility.test.jsx (1 test) 498ms
     ✓ closes the competitor drawer and reveals the confirmation when impact opens  498ms
 ✓ src/features/medical-writing/protocol-workbench/RegimenAdoptionCard.test.jsx (12 tests) 713ms
 ✓ src/features/medical-writing/MedicalWritingAuthoringJourneySetup.impactStaleRecovery.test.jsx (1 test) 579ms
     ✓ auto-refreshes the journey and resubmits on 409 stale instead of dead-ending  578ms
 ✓ src/features/medical-writing/protocol-workbench/ProtocolSourceIntake.test.jsx (21 tests) 819ms
 ✓ src/features/medical-writing/protocol-workbench/ProtocolIntakeWorkspace.test.jsx (9 tests) 585ms
 ✓ src/features/medical-writing/MedicalWritingAuthoringJourneySetup.pipelineDraftRelease.test.jsx (3 tests) 691ms
     ✓ triaging keeps the draft save usable while the stage commit stays frozen  437ms
 ✓ src/features/medical-writing/MedicalWritingAuthoringJourneySetup.errorAndHydration.test.jsx (10 tests) 786ms
     ✓ keeps the checked administration route when the draft-save response omits product_profile  319ms
     ✓ NEW-42: explains disabled stage-strip buttons and always shows missing framing fields  319ms
 ✓ src/features/medical-writing/MedicalWritingAuthoringJourneySetup.overrideAck.test.jsx (3 tests) 931ms
     ✓ keeps the checked gaps and reason when the revision bumps with an unchanged gap set  462ms
 ✓ src/features/medical-writing/protocol-workbench/DesignElementsCards.test.jsx (3 tests) 240ms
 ✓ src/features/medical-writing/protocol-workbench/RegimenDesignWorkspace.test.jsx (9 tests) 287ms
 ✓ src/features/medical-writing/protocol-workbench/ResearchInformationCard.test.jsx (8 tests) 346ms
 ✓ src/runtimeReadiness.test.jsx (8 tests) 4ms
 ✓ src/features/medical-writing/lineBreakAndShellWidth.test.jsx (3 tests) 3ms
 ✓ src/features/medical-writing/protocol-workbench/ChapterDraftPreview.test.jsx (3 tests) 151ms
 ✓ src/features/medical-writing/AuthoringCandidatePackagePanel.test.jsx (12 tests) 6ms
 ✓ src/features/medical-writing/protocol-workbench/StudyContextWorkspace.test.jsx (4 tests) 195ms
 ✓ src/features/medical-writing/errorContract.test.jsx (16 tests) 5ms
 ✓ src/features/writing-reference/userFacingErrorCopy.test.jsx (3 tests) 219ms
 ✓ src/features/medical-writing/protocol-workbench/ManuscriptWorkspace.test.jsx (5 tests) 69ms
 ✓ tests/ProtocolSourceSelectionRecovery.test.jsx (1 test) 133ms
 ✓ src/features/medical-writing/CorpusGate.overrideDeadlock.test.jsx (1 test) 94ms
 ✓ src/features/writing-reference/WritingReferencePanel.basketAuthority.test.jsx (3 tests) 178ms
 ✓ src/features/medical-writing/parsePopulationIntent.test.jsx (3 tests) 2ms
 ✓ src/features/medical-writing/MedicalWritingAuthoringJourneySetup.requiredFieldSurfaces.test.jsx (7 tests) 1563ms
     ✓ L1: 高级微调表单体默认展开，第二步与第一步皆可直接编辑  393ms
     ✓ L4: 草稿保存后提示缺失字段名称而非仅数量  330ms
 ✓ src/features/medical-writing/MedicalWritingAuthoringJourneySetup.prefillDestination.test.jsx (3 tests) 2ms
 ✓ src/features/medical-writing/MedicalWritingPreviewPanel.test.jsx (2 tests) 2ms
 ✓ src/features/medical-writing/MedicalWritingAuthoringJourneySetup.dirtyMergeArrays.test.jsx (2 tests) 2ms
 ✓ src/features/writing-reference/WritingReferencePanel.reviseTranslation.test.jsx (2 tests) 4332ms
     ✓ sends the revision POST, polls the accepted durable job to completion, and surfaces the result  2246ms
     ✓ surfaces the durable job failure instead of failing silently  2085ms

⎯⎯⎯⎯⎯⎯⎯ Failed Tests 1 ⎯⎯⎯⎯⎯⎯⎯

 FAIL  src/features/medical-writing/MedicalWritingAuthoringJourneySetup.assemblyPlanConfirmEntry.test.jsx > assembly-plan confirm-on-entry closes the ready-path deadlock (R26 node ⑤) > enables the writing entry when the plan is complete but unconfirmed, and the click confirms the plan before creating the document
AssertionError: expected true to be false // Object.is equality

- Expected
+ Received

- false
+ true

 ❯ src/features/medical-writing/MedicalWritingAuthoringJourneySetup.assemblyPlanConfirmEntry.test.jsx:217:28
    215|
    216|     const entry = await findWritingEntryButton();
    217|     expect(entry.disabled).toBe(false);
       |                            ^
    218|
    219|     fireEvent.click(entry);

⎯⎯⎯⎯⎯⎯⎯⎯⎯⎯⎯⎯⎯⎯⎯⎯⎯⎯⎯⎯⎯⎯⎯⎯[1/1]⎯


 Test Files  1 failed | 34 passed (35)
      Tests  1 failed | 206 passed (207)
   Start at  23:28:24
   Duration  5.48s (transform 4.66s, setup 0ms, import 10.64s, tests 16.07s, environment 18.94s)

