[protocol-v3-test-inventory] runner=vitest tests=35

 RUN  v4.1.10 /Users/smkzw/Documents/康哲项目资料/AI/医学经理工作台/implementation/protocol-v3-workbench-mw_protocol_v3_phase0_20260809_111313/frontend

 ✓ src/features/medical-writing/protocol-workbench/ResearchInformationCard.test.jsx (8 tests) 221ms
 ✓ src/features/medical-writing/protocol-workbench/RegimenDesignWorkspace.test.jsx (9 tests) 274ms
 ✓ src/features/medical-writing/protocol-workbench/office/GenOfficeFrame.test.jsx (7 tests) 298ms
 ✓ src/features/medical-writing/MedicalWritingSynopsisProjectIntake.test.jsx (20 tests) 461ms
 ✓ src/features/medical-writing/protocol-workbench/ProtocolWritingDesk.test.jsx (4 tests) 384ms
 ✓ src/features/medical-writing/MedicalWritingAuthoringJourneySetup.impactVisibility.test.jsx (1 test) 466ms
     ✓ closes the competitor drawer and reveals the confirmation when impact opens  465ms
 ✓ src/features/writing-reference/WritingReferencePanel.residualAdmission.test.jsx (2 tests) 522ms
     ✓ lets the author admit a fidelity-blocked translation after acknowledging every failure code  371ms
 ✓ src/features/medical-writing/MedicalWritingAuthoringJourneySetup.platformEntryIdempotent.test.jsx (3 tests) 513ms
 ✓ src/features/medical-writing/protocol-workbench/ProtocolIntakeWorkspace.test.jsx (9 tests) 570ms
 ✓ src/features/medical-writing/MedicalWritingAuthoringJourneySetup.impactStaleRecovery.test.jsx (1 test) 613ms
     ✓ auto-refreshes the journey and resubmits on 409 stale instead of dead-ending  612ms
 ✓ src/features/medical-writing/protocol-workbench/RegimenAdoptionCard.test.jsx (12 tests) 875ms
 ✓ src/features/medical-writing/MedicalWritingAuthoringJourneySetup.pipelineDraftRelease.test.jsx (3 tests) 710ms
     ✓ triaging keeps the draft save usable while the stage commit stays frozen  412ms
 ✓ src/features/medical-writing/protocol-workbench/ProtocolSourceIntake.test.jsx (21 tests) 1047ms
 ✓ src/features/medical-writing/MedicalWritingAuthoringJourneySetup.errorAndHydration.test.jsx (10 tests) 859ms
     ✓ keeps the checked administration route when the draft-save response omits product_profile  319ms
     ✓ NEW-42: explains disabled stage-strip buttons and always shows missing framing fields  384ms
 ✓ src/features/medical-writing/MedicalWritingAuthoringJourneySetup.overrideAck.test.jsx (3 tests) 949ms
     ✓ keeps the checked gaps and reason when the revision bumps with an unchanged gap set  475ms
 ✓ src/features/medical-writing/protocol-workbench/RegimenProposalCard.test.jsx (10 tests) 441ms
 ✓ src/features/medical-writing/protocol-workbench/DesignElementsCards.test.jsx (3 tests) 285ms
 ✓ src/features/writing-reference/userFacingErrorCopy.test.jsx (3 tests) 228ms
 ✓ src/features/medical-writing/errorContract.test.jsx (16 tests) 5ms
 ✓ src/features/medical-writing/AuthoringCandidatePackagePanel.test.jsx (12 tests) 5ms
 ✓ src/features/medical-writing/protocol-workbench/StudyContextWorkspace.test.jsx (4 tests) 236ms
 ✓ src/features/medical-writing/protocol-workbench/ChapterDraftPreview.test.jsx (3 tests) 186ms
 ✓ src/features/medical-writing/lineBreakAndShellWidth.test.jsx (3 tests) 3ms
 ✓ src/runtimeReadiness.test.jsx (8 tests) 4ms
 ✓ src/features/medical-writing/protocol-workbench/ManuscriptWorkspace.test.jsx (5 tests) 89ms
 ✓ src/features/medical-writing/CorpusGate.overrideDeadlock.test.jsx (1 test) 103ms
 ✓ tests/ProtocolSourceSelectionRecovery.test.jsx (1 test) 175ms
 ✓ src/features/writing-reference/WritingReferencePanel.basketAuthority.test.jsx (3 tests) 241ms
 ✓ src/features/medical-writing/MedicalWritingAuthoringJourneySetup.assemblyPlanConfirmEntry.test.jsx (3 tests) 377ms
 ✓ src/features/medical-writing/MedicalWritingPreviewPanel.test.jsx (2 tests) 2ms
 ✓ src/features/medical-writing/MedicalWritingAuthoringJourneySetup.requiredFieldSurfaces.test.jsx (7 tests) 1616ms
     ✓ L1: 高级微调表单体默认展开，第二步与第一步皆可直接编辑  393ms
     ✓ L4: 草稿保存后提示缺失字段名称而非仅数量  326ms
 ✓ src/features/medical-writing/MedicalWritingAuthoringJourneySetup.prefillDestination.test.jsx (3 tests) 2ms
 ✓ src/features/medical-writing/parsePopulationIntent.test.jsx (3 tests) 2ms
 ✓ src/features/medical-writing/MedicalWritingAuthoringJourneySetup.dirtyMergeArrays.test.jsx (2 tests) 2ms
 ✓ src/features/writing-reference/WritingReferencePanel.reviseTranslation.test.jsx (2 tests) 4350ms
     ✓ sends the revision POST, polls the accepted durable job to completion, and surfaces the result  2275ms
     ✓ surfaces the durable job failure instead of failing silently  2075ms

 Test Files  35 passed (35)
      Tests  207 passed (207)
   Start at  23:29:09
   Duration  5.50s (transform 3.19s, setup 0ms, import 9.01s, tests 17.11s, environment 19.22s)

[protocol-v3-test-inventory] runner=node tests=48
TAP version 13
# medicalMonitoringApi: 130 passed
# Subtest: src/features/medical-monitoring/medicalMonitoringApi.test.mjs
ok 1 - src/features/medical-monitoring/medicalMonitoringApi.test.mjs
  ---
  duration_ms: 62.718125
  type: 'test'
  ...
# medicalMonitoringAssurance: 46 passed
# Subtest: src/features/medical-monitoring/medicalMonitoringAssurance.test.mjs
ok 2 - src/features/medical-monitoring/medicalMonitoringAssurance.test.mjs
  ---
  duration_ms: 47.911375
  type: 'test'
  ...
# medicalMonitoringAssuranceRemediation: contract checks passed
# Subtest: src/features/medical-monitoring/medicalMonitoringAssuranceRemediation.test.mjs
ok 3 - src/features/medical-monitoring/medicalMonitoringAssuranceRemediation.test.mjs
  ---
  duration_ms: 37.980417
  type: 'test'
  ...
# medicalMonitoringAssuranceRollup: 16 passed
# Subtest: src/features/medical-monitoring/medicalMonitoringAssuranceRollup.test.mjs
ok 4 - src/features/medical-monitoring/medicalMonitoringAssuranceRollup.test.mjs
  ---
  duration_ms: 38.817625
  type: 'test'
  ...
# medicalMonitoringAssuranceView: 31 passed
# Subtest: src/features/medical-monitoring/medicalMonitoringAssuranceView.test.mjs
ok 5 - src/features/medical-monitoring/medicalMonitoringAssuranceView.test.mjs
  ---
  duration_ms: 34.250167
  type: 'test'
  ...
# medicalMonitoringBatchView: 13 passed
# Subtest: src/features/medical-monitoring/medicalMonitoringBatchView.test.mjs
ok 6 - src/features/medical-monitoring/medicalMonitoringBatchView.test.mjs
  ---
  duration_ms: 38.288917
  type: 'test'
  ...
# medicalMonitoringChecklistState: 20 passed
# Subtest: src/features/medical-monitoring/medicalMonitoringChecklistState.test.mjs
ok 7 - src/features/medical-monitoring/medicalMonitoringChecklistState.test.mjs
  ---
  duration_ms: 36.515625
  type: 'test'
  ...
# medicalMonitoringConsumerContract: 33 passed
# Subtest: src/features/medical-monitoring/medicalMonitoringConsumerContract.test.mjs
ok 8 - src/features/medical-monitoring/medicalMonitoringConsumerContract.test.mjs
  ---
  duration_ms: 46.000209
  type: 'test'
  ...
# medicalMonitoringDailyAiCandidates: contract checks passed
# Subtest: src/features/medical-monitoring/medicalMonitoringDailyAiCandidates.test.mjs
ok 9 - src/features/medical-monitoring/medicalMonitoringDailyAiCandidates.test.mjs
  ---
  duration_ms: 37.989166
  type: 'test'
  ...
# medicalMonitoringDailyAiEvidence: 36 passed
# Subtest: src/features/medical-monitoring/medicalMonitoringDailyAiEvidence.test.mjs
ok 10 - src/features/medical-monitoring/medicalMonitoringDailyAiEvidence.test.mjs
  ---
  duration_ms: 39.599958
  type: 'test'
  ...
# medicalMonitoringDailyDiffView: 27 passed
# Subtest: src/features/medical-monitoring/medicalMonitoringDailyDiffView.test.mjs
ok 11 - src/features/medical-monitoring/medicalMonitoringDailyDiffView.test.mjs
  ---
  duration_ms: 38.212208
  type: 'test'
  ...
# medicalMonitoringDailyRunEvidence: 31 passed
# Subtest: src/features/medical-monitoring/medicalMonitoringDailyRunEvidence.test.mjs
ok 12 - src/features/medical-monitoring/medicalMonitoringDailyRunEvidence.test.mjs
  ---
  duration_ms: 36.008708
  type: 'test'
  ...
# medicalMonitoringDailyRunStartGate: 7 passed
# Subtest: src/features/medical-monitoring/medicalMonitoringDailyRunStartGate.test.mjs
ok 13 - src/features/medical-monitoring/medicalMonitoringDailyRunStartGate.test.mjs
  ---
  duration_ms: 40.161708
  type: 'test'
  ...
# medicalMonitoringDailyRunView: 41 passed
# Subtest: src/features/medical-monitoring/medicalMonitoringDailyRunView.test.mjs
ok 14 - src/features/medical-monitoring/medicalMonitoringDailyRunView.test.mjs
  ---
  duration_ms: 40.785917
  type: 'test'
  ...
# medicalMonitoringFieldMappingState: 8 passed
# Subtest: src/features/medical-monitoring/medicalMonitoringFieldMappingState.test.mjs
ok 15 - src/features/medical-monitoring/medicalMonitoringFieldMappingState.test.mjs
  ---
  duration_ms: 34.834
  type: 'test'
  ...
# medicalMonitoringFieldMappingView: 15 passed
# Subtest: src/features/medical-monitoring/medicalMonitoringFieldMappingView.test.mjs
ok 16 - src/features/medical-monitoring/medicalMonitoringFieldMappingView.test.mjs
  ---
  duration_ms: 37.583208
  type: 'test'
  ...
# medicalMonitoringMetricConfiguration: 18 checks passed
# Subtest: src/features/medical-monitoring/medicalMonitoringMetricConfiguration.test.mjs
ok 17 - src/features/medical-monitoring/medicalMonitoringMetricConfiguration.test.mjs
  ---
  duration_ms: 40.190459
  type: 'test'
  ...
# medicalMonitoringModeCatalog: 18 passed
# Subtest: src/features/medical-monitoring/medicalMonitoringModeCatalog.test.mjs
ok 18 - src/features/medical-monitoring/medicalMonitoringModeCatalog.test.mjs
  ---
  duration_ms: 39.899375
  type: 'test'
  ...
# medicalMonitoringModels: 84 passed
# Subtest: src/features/medical-monitoring/medicalMonitoringModels.test.mjs
ok 19 - src/features/medical-monitoring/medicalMonitoringModels.test.mjs
  ---
  duration_ms: 46.4005
  type: 'test'
  ...
# Subtest: src/features/medical-monitoring/medicalMonitoringOwnership.test.mjs
ok 20 - src/features/medical-monitoring/medicalMonitoringOwnership.test.mjs
  ---
  duration_ms: 43.412666
  type: 'test'
  ...
# medicalMonitoringPrincipal: 17 passed
# Subtest: src/features/medical-monitoring/medicalMonitoringPrincipal.test.mjs
ok 21 - src/features/medical-monitoring/medicalMonitoringPrincipal.test.mjs
  ---
  duration_ms: 36.705833
  type: 'test'
  ...
# medicalMonitoringProjectNeutralContract: 66 production files scanned
# Subtest: src/features/medical-monitoring/medicalMonitoringProjectNeutralContract.test.mjs
ok 22 - src/features/medical-monitoring/medicalMonitoringProjectNeutralContract.test.mjs
  ---
  duration_ms: 48.11075
  type: 'test'
  ...
# medicalMonitoringProjectRequestScope: 14 passed
# Subtest: src/features/medical-monitoring/medicalMonitoringProjectRequestScope.test.mjs
ok 23 - src/features/medical-monitoring/medicalMonitoringProjectRequestScope.test.mjs
  ---
  duration_ms: 35.473584
  type: 'test'
  ...
# medicalMonitoringProjectSwitchIsolation: 69 passed
# Subtest: src/features/medical-monitoring/medicalMonitoringProjectSwitchIsolation.test.mjs
ok 24 - src/features/medical-monitoring/medicalMonitoringProjectSwitchIsolation.test.mjs
  ---
  duration_ms: 35.547375
  type: 'test'
  ...
# medicalMonitoringProtocolPreparation: 32 passed
# Subtest: src/features/medical-monitoring/medicalMonitoringProtocolPreparation.test.mjs
ok 25 - src/features/medical-monitoring/medicalMonitoringProtocolPreparation.test.mjs
  ---
  duration_ms: 41.446
  type: 'test'
  ...
# medicalMonitoringRiskEvidenceContext: 24 passed
# Subtest: src/features/medical-monitoring/medicalMonitoringRiskEvidenceContext.test.mjs
ok 26 - src/features/medical-monitoring/medicalMonitoringRiskEvidenceContext.test.mjs
  ---
  duration_ms: 36.581333
  type: 'test'
  ...
# medicalMonitoringRiskHistoryTrend: 23 passed
# Subtest: src/features/medical-monitoring/medicalMonitoringRiskHistoryTrend.test.mjs
ok 27 - src/features/medical-monitoring/medicalMonitoringRiskHistoryTrend.test.mjs
  ---
  duration_ms: 37.010667
  type: 'test'
  ...
# medicalMonitoringRiskProjection: 26 passed
# Subtest: src/features/medical-monitoring/medicalMonitoringRiskProjection.test.mjs
ok 28 - src/features/medical-monitoring/medicalMonitoringRiskProjection.test.mjs
  ---
  duration_ms: 45.774083
  type: 'test'
  ...
# medicalMonitoringRouteState: 56 passed
# Subtest: src/features/medical-monitoring/medicalMonitoringRouteState.test.mjs
ok 29 - src/features/medical-monitoring/medicalMonitoringRouteState.test.mjs
  ---
  duration_ms: 38.803041
  type: 'test'
  ...
# medicalMonitoringRuleRelease: 71 passed
# Subtest: src/features/medical-monitoring/medicalMonitoringRuleRelease.test.mjs
ok 30 - src/features/medical-monitoring/medicalMonitoringRuleRelease.test.mjs
  ---
  duration_ms: 48.716084
  type: 'test'
  ...
# medicalMonitoringRuleReleaseView: 21 passed
# Subtest: src/features/medical-monitoring/medicalMonitoringRuleReleaseView.test.mjs
ok 31 - src/features/medical-monitoring/medicalMonitoringRuleReleaseView.test.mjs
  ---
  duration_ms: 38.159375
  type: 'test'
  ...
# medicalMonitoringRuleTemplateRecommendation: 24 passed
# Subtest: src/features/medical-monitoring/medicalMonitoringRuleTemplateRecommendation.test.mjs
ok 32 - src/features/medical-monitoring/medicalMonitoringRuleTemplateRecommendation.test.mjs
  ---
  duration_ms: 42.176833
  type: 'test'
  ...
# medicalMonitoringRuleTemplateView: 13 passed
# Subtest: src/features/medical-monitoring/medicalMonitoringRuleTemplateView.test.mjs
ok 33 - src/features/medical-monitoring/medicalMonitoringRuleTemplateView.test.mjs
  ---
  duration_ms: 38.158167
  type: 'test'
  ...
# medicalMonitoringScopeSummary: 29 passed
# Subtest: src/features/medical-monitoring/medicalMonitoringScopeSummary.test.mjs
ok 34 - src/features/medical-monitoring/medicalMonitoringScopeSummary.test.mjs
  ---
  duration_ms: 35.101791
  type: 'test'
  ...
# medicalMonitoringScrollState: 8 passed
# Subtest: src/features/medical-monitoring/medicalMonitoringScrollState.test.mjs
ok 35 - src/features/medical-monitoring/medicalMonitoringScrollState.test.mjs
  ---
  duration_ms: 34.370417
  type: 'test'
  ...
# medicalMonitoringServerIdentity: 56 passed
# Subtest: src/features/medical-monitoring/medicalMonitoringServerIdentity.test.mjs
ok 36 - src/features/medical-monitoring/medicalMonitoringServerIdentity.test.mjs
  ---
  duration_ms: 48.8715
  type: 'test'
  ...
# medicalMonitoringSourceReadiness: 25 passed
# Subtest: src/features/medical-monitoring/medicalMonitoringSourceReadiness.test.mjs
ok 37 - src/features/medical-monitoring/medicalMonitoringSourceReadiness.test.mjs
  ---
  duration_ms: 31.880041
  type: 'test'
  ...
# medicalMonitoringSubjectModels tests passed
# Subtest: src/features/medical-monitoring/medicalMonitoringSubjectModels.test.mjs
ok 38 - src/features/medical-monitoring/medicalMonitoringSubjectModels.test.mjs
  ---
  duration_ms: 40.206083
  type: 'test'
  ...
# 52 passed, 0 failed
# Subtest: src/features/medical-writing/durableJobState.test.mjs
ok 39 - src/features/medical-writing/durableJobState.test.mjs
  ---
  duration_ms: 30.230625
  type: 'test'
  ...
# Subtest: document identity and opened study identity remain distinct; parent sees save receipt
ok 40 - document identity and opened study identity remain distinct; parent sees save receipt
  ---
  duration_ms: 4.593916
  type: 'test'
  ...
# Subtest: missing study baseline remains null
ok 41 - missing study baseline remains null
  ---
  duration_ms: 1.066458
  type: 'test'
  ...
# Subtest: conflict does not silently adopt another window revision
ok 42 - conflict does not silently adopt another window revision
  ---
  duration_ms: 0.900625
  type: 'test'
  ...
# Subtest: a lost receipt is recovered with original bytes before later typing is saved
ok 43 - a lost receipt is recovered with original bytes before later typing is saved
  ---
  duration_ms: 1.090042
  type: 'test'
  ...
# Subtest: unverifiable success keeps the same operation and pending bytes
ok 44 - unverifiable success keeps the same operation and pending bytes
  ---
  duration_ms: 1.358958
  type: 'test'
  ...
# Subtest: regimen design uses the stored seed and preserves lookup versus execution
ok 45 - regimen design uses the stored seed and preserves lookup versus execution
  ---
  duration_ms: 1.276625
  type: 'test'
  ...
# Subtest: metadata correction changes descriptors without uploading file bytes
ok 46 - metadata correction changes descriptors without uploading file bytes
  ---
  duration_ms: 0.267959
  type: 'test'
  ...
# Subtest: source upload preserves bytes and lets the browser provide multipart boundary
ok 47 - source upload preserves bytes and lets the browser provide multipart boundary
  ---
  duration_ms: 9.636708
  type: 'test'
  ...
# Subtest: source conflict retains the server's actionable explanation
ok 48 - source conflict retains the server's actionable explanation
  ---
  duration_ms: 0.309959
  type: 'test'
  ...
# Subtest: parse and original download use the selected immutable source
ok 49 - parse and original download use the selected immutable source
  ---
  duration_ms: 0.109167
  type: 'test'
  ...
# Subtest: research intake carries selected identities and reads the same durable job
ok 50 - research intake carries selected identities and reads the same durable job
  ---
  duration_ms: 0.361583
  type: 'test'
  ...
# Subtest: research context lists selected inputs and recovers original writes
ok 51 - research context lists selected inputs and recovers original writes
  ---
  duration_ms: 0.375875
  type: 'test'
  ...
# Subtest: study-bound design transports the same prepared identity for start and recovery
ok 52 - study-bound design transports the same prepared identity for start and recovery
  ---
  duration_ms: 0.182708
  type: 'test'
  ...
# Subtest: basic research information preserves original adoption and recovery intent
ok 53 - basic research information preserves original adoption and recovery intent
  ---
  duration_ms: 0.440209
  type: 'test'
  ...
# Subtest: manuscript preparation reads current research without sending invented facts
ok 54 - manuscript preparation reads current research without sending invented facts
  ---
  duration_ms: 0.288833
  type: 'test'
  ...
# Subtest: manuscript sources and chapter generation preserve original identities and recovery
ok 55 - manuscript sources and chapter generation preserve original identities and recovery
  ---
  duration_ms: 0.250416
  type: 'test'
  ...
# progressJourneyLogic: 12 passed
# Subtest: src/features/writing-reference/progressJourneyLogic.test.mjs
ok 42 - src/features/writing-reference/progressJourneyLogic.test.mjs
  ---
  duration_ms: 35.163708
  type: 'test'
  ...
# Subtest: candidate selection replaces a cross-study artifact with the current study artifact
ok 57 - candidate selection replaces a cross-study artifact with the current study artifact
  ---
  duration_ms: 0.425875
  type: 'test'
  ...
# Subtest: candidate selection preserves an artifact already bound to the same study
ok 58 - candidate selection preserves an artifact already bound to the same study
  ---
  duration_ms: 0.072208
  type: 'test'
  ...
# Subtest: candidate selection clears artifact state when the study has no prepared document
ok 59 - candidate selection clears artifact state when the study has no prepared document
  ---
  duration_ms: 0.049792
  type: 'test'
  ...
# triagePresentationState: 19 passed
# Subtest: src/features/writing-reference/triagePresentationState.test.mjs
ok 44 - src/features/writing-reference/triagePresentationState.test.mjs
  ---
  duration_ms: 30.000209
  type: 'test'
  ...
# {"completed":{"status":0},"timedOut":{"status":null,"timeoutSignal":"SIGKILL"},"descendant":{"status":null,"timeoutSignal":"SIGKILL","pid":41413,"alive":false}}
# Subtest: tests/final_matrix_process.test.mjs
ok 45 - tests/final_matrix_process.test.mjs
  ---
  duration_ms: 910.605083
  type: 'test'
  ...
# {"fieldMapping":"stale-read-clears","protocolPreparation":"stale-read-clears","ruleRelease":"auxiliary-read-visible","dailyRun":"readiness-and-ai-progress-errors-visible"}
# Subtest: tests/monitoring_child_read_contract_qc.mjs
ok 46 - tests/monitoring_child_read_contract_qc.mjs
  ---
  duration_ms: 32.903166
  type: 'test'
  ...
# monitoring_source_only_ui_qc: 10 passed
# Subtest: tests/monitoring_source_only_ui_qc.mjs
ok 47 - tests/monitoring_source_only_ui_qc.mjs
  ---
  duration_ms: 33.42575
  type: 'test'
  ...
# Subtest: the frontend inventory discovers every supported test exactly once
ok 64 - the frontend inventory discovers every supported test exactly once
  ---
  duration_ms: 10.316
  type: 'test'
  ...
# Subtest: the inventory validator rejects duplicate, unknown, or uncollected tests
ok 65 - the inventory validator rejects duplicate, unknown, or uncollected tests
  ---
  duration_ms: 0.284292
  type: 'test'
  ...
# Subtest: runner commands remain explicit and separate
ok 66 - runner commands remain explicit and separate
  ---
  duration_ms: 0.117375
  type: 'test'
  ...
1..66
# tests 66
# suites 0
# pass 66
# fail 0
# cancelled 0
# skipped 0
# todo 0
# duration_ms 1008.331542
