
  VITE v6.4.2  ready in 109 ms

  ➜  Local:   http://127.0.0.1:5186/
[BABEL] Note: The code generator has deoptimised the styling of /Users/smkzw/Documents/康哲项目资料/AI/医学经理工作台/implementation/protocol-v3-workbench-mw_protocol_v3_phase0_20260809_111313/frontend/src/App.jsx as it exceeds the max of 500KB.
11:08:40 PM [vite] (client) hmr update /src/features/medical-writing/MedicalWritingAuthoringJourneySetup.jsx
11:08:40 PM [vite] (client) hmr update /src/features/writing-reference/WritingReferencePanel.jsx
11:08:41 PM [vite] (client) hmr update /src/features/medical-writing/MedicalWritingAuthoringJourneySetup.jsx
11:08:41 PM [vite] (client) hmr update /src/features/writing-reference/WritingReferencePanel.jsx
11:09:59 PM [vite] (client) hmr update /src/features/medical-writing/MedicalWritingAuthoringJourneySetup.jsx
11:09:59 PM [vite] (client) hmr update /src/features/writing-reference/WritingReferencePanel.jsx
11:09:59 PM [vite] (client) hmr update /src/features/medical-writing/MedicalWritingAuthoringJourneySetup.jsx
11:09:59 PM [vite] (client) hmr update /src/features/writing-reference/WritingReferencePanel.jsx
11:11:41 PM [vite] (client) hmr update /src/features/writing-reference/WritingReferencePanel.jsx
11:11:45 PM [vite] (client) hmr update /src/features/writing-reference/WritingReferencePanel.jsx
11:13:05 PM [vite] (client) hmr update /src/features/medical-writing/MedicalWritingAuthoringJourneySetup.jsx
11:13:05 PM [vite] (client) hmr update /src/features/writing-reference/WritingReferencePanel.jsx
11:13:06 PM [vite] (client) hmr update /src/features/medical-writing/MedicalWritingAuthoringJourneySetup.jsx
11:13:06 PM [vite] (client) hmr update /src/features/writing-reference/WritingReferencePanel.jsx
11:23:48 PM [vite] (client) hmr update /src/features/medical-writing/MedicalWritingAuthoringJourneySetup.jsx
11:27:40 PM [vite] (client) hmr update /src/features/medical-writing/MedicalWritingAuthoringJourneySetup.jsx
11:27:40 PM [vite] (client) hmr update /src/features/writing-reference/WritingReferencePanel.jsx
11:27:40 PM [vite] (client) hmr update /src/features/medical-writing/MedicalWritingAuthoringJourneySetup.jsx
11:27:40 PM [vite] (client) hmr update /src/features/writing-reference/WritingReferencePanel.jsx
11:28:59 PM [vite] (client) hmr update /src/features/medical-writing/MedicalWritingAuthoringJourneySetup.jsx
11:28:59 PM [vite] (client) hmr update /src/features/writing-reference/WritingReferencePanel.jsx
11:28:59 PM [vite] (client) hmr update /src/features/medical-writing/MedicalWritingAuthoringJourneySetup.jsx
11:28:59 PM [vite] (client) hmr update /src/features/writing-reference/WritingReferencePanel.jsx
11:29:39 PM [vite] (client) hmr update /src/App.jsx
11:29:47 PM [vite] (client) hmr update /src/App.jsx
11:31:56 PM [vite] (client) hmr update /src/App.jsx
11:31:56 PM [vite] (client) hmr update /src/features/medical-writing/MedicalWritingAuthoringJourneySetup.jsx
11:31:56 PM [vite] (client) hmr update /src/features/writing-reference/WritingReferencePanel.jsx
11:31:56 PM [vite] (client) hmr update /src/App.jsx
11:31:56 PM [vite] (client) hmr update /src/App.jsx
11:31:56 PM [vite] (client) hmr update /src/features/medical-writing/MedicalWritingAuthoringJourneySetup.jsx
11:31:56 PM [vite] (client) hmr update /src/features/writing-reference/WritingReferencePanel.jsx
11:32:03 PM [vite] (client) hmr update /src/App.jsx
11:32:03 PM [vite] (client) hmr update /src/features/medical-writing/MedicalWritingAuthoringJourneySetup.jsx
11:32:03 PM [vite] (client) hmr update /src/features/writing-reference/WritingReferencePanel.jsx
11:32:04 PM [vite] (client) hmr update /src/App.jsx
11:32:04 PM [vite] (client) hmr update /src/features/medical-writing/MedicalWritingAuthoringJourneySetup.jsx
11:32:04 PM [vite] (client) hmr update /src/features/writing-reference/WritingReferencePanel.jsx
11:59:58 PM [vite] (client) hmr update /src/App.jsx
11:59:58 PM [vite] (client) hmr update /src/features/medical-writing/MedicalWritingAuthoringJourneySetup.jsx
11:59:58 PM [vite] (client) hmr update /src/features/writing-reference/WritingReferencePanel.jsx
11:59:58 PM [vite] (client) hmr update /src/App.jsx
11:59:59 PM [vite] (client) hmr update /src/App.jsx
11:59:59 PM [vite] (client) hmr update /src/features/medical-writing/MedicalWritingAuthoringJourneySetup.jsx
11:59:59 PM [vite] (client) hmr update /src/features/writing-reference/WritingReferencePanel.jsx
[BABEL] Note: The code generator has deoptimised the styling of /Users/smkzw/Documents/康哲项目资料/AI/医学经理工作台/implementation/protocol-v3-workbench-mw_protocol_v3_phase0_20260809_111313/frontend/src/App.jsx as it exceeds the max of 500KB.
