
  VITE v6.4.2  ready in 103 ms

  ➜  Local:   http://127.0.0.1:5186/
[BABEL] Note: The code generator has deoptimised the styling of /Users/smkzw/Documents/康哲项目资料/AI/医学经理工作台/implementation/protocol-v3-workbench-mw_protocol_v3_phase0_20260809_111313/frontend/src/App.jsx as it exceeds the max of 500KB.
6:18:16 AM [vite] (client) hmr update /src/App.jsx
[BABEL] Note: The code generator has deoptimised the styling of /Users/smkzw/Documents/康哲项目资料/AI/医学经理工作台/implementation/protocol-v3-workbench-mw_protocol_v3_phase0_20260809_111313/frontend/src/App.jsx as it exceeds the max of 500KB.
6:18:17 AM [vite] (client) hmr invalidate /src/App.jsx Could not Fast Refresh ("CitationMark" export is incompatible). Learn more at https://github.com/vitejs/vite-plugin-react/tree/main/packages/plugin-react#consistent-components-exports
6:18:17 AM [vite] (client) page reload src/App.jsx
6:18:51 AM [vite] (client) hmr update /src/App.jsx
[BABEL] Note: The code generator has deoptimised the styling of /Users/smkzw/Documents/康哲项目资料/AI/医学经理工作台/implementation/protocol-v3-workbench-mw_protocol_v3_phase0_20260809_111313/frontend/src/App.jsx as it exceeds the max of 500KB.
6:18:52 AM [vite] (client) hmr invalidate /src/App.jsx Could not Fast Refresh ("CitationMark" export is incompatible). Learn more at https://github.com/vitejs/vite-plugin-react/tree/main/packages/plugin-react#consistent-components-exports
6:18:52 AM [vite] (client) page reload src/App.jsx
6:20:07 AM [vite] (client) hmr update /src/App.jsx
[BABEL] Note: The code generator has deoptimised the styling of /Users/smkzw/Documents/康哲项目资料/AI/医学经理工作台/implementation/protocol-v3-workbench-mw_protocol_v3_phase0_20260809_111313/frontend/src/App.jsx as it exceeds the max of 500KB.
6:20:07 AM [vite] (client) hmr invalidate /src/App.jsx Could not Fast Refresh ("CitationMark" export is incompatible). Learn more at https://github.com/vitejs/vite-plugin-react/tree/main/packages/plugin-react#consistent-components-exports
6:20:07 AM [vite] (client) page reload src/App.jsx
10:24:30 AM [vite] (client) hmr update /src/features/medical-writing/MedicalWritingAuthoringJourneySetup.jsx
10:25:44 AM [vite] (client) hmr update /src/styles.css
12:21:32 PM [vite] (client) hmr update /src/features/medical-writing/MedicalWritingAuthoringJourneySetup.jsx
12:21:32 PM [vite] (client) hmr invalidate /src/features/medical-writing/MedicalWritingAuthoringJourneySetup.jsx Could not Fast Refresh ("BLOCKER_FIELD_LABEL_FALLBACKS" export is incompatible). Learn more at https://github.com/vitejs/vite-plugin-react/tree/main/packages/plugin-react#consistent-components-exports
12:21:32 PM [vite] (client) hmr update /src/App.jsx
[BABEL] Note: The code generator has deoptimised the styling of /Users/smkzw/Documents/康哲项目资料/AI/医学经理工作台/implementation/protocol-v3-workbench-mw_protocol_v3_phase0_20260809_111313/frontend/src/App.jsx as it exceeds the max of 500KB.
12:21:33 PM [vite] (client) hmr invalidate /src/App.jsx Could not Fast Refresh ("CitationMark" export is incompatible). Learn more at https://github.com/vitejs/vite-plugin-react/tree/main/packages/plugin-react#consistent-components-exports
12:21:33 PM [vite] (client) page reload src/App.jsx
