
  VITE v6.4.2  ready in 204 ms

  ➜  Local:   http://127.0.0.1:5186/
[BABEL] Note: The code generator has deoptimised the styling of /Users/smkzw/Documents/康哲项目资料/AI/医学经理工作台/implementation/protocol-v3-workbench-mw_protocol_v3_phase0_20260809_111313/frontend/src/App.jsx as it exceeds the max of 500KB.
1:05:21 AM [vite] (client) warning: Duplicate "title" attribute in JSX element
1517|  setNewProjectOpen(true);
1518|  }}
1519|  title={!projectsLoaded||projectsLoadError?"项目列表尚未就绪，暂不能新建项目":"新建中国临床试验方案写作项目"}>
   |  ^
1520|  
1521|                <Plus size={16}/> 新建项目

  Plugin: vite:esbuild
  File: /Users/smkzw/Documents/康哲项目资料/AI/医学经理工作台/implementation/protocol-v3-workbench-mw_protocol_v3_phase0_20260809_111313/frontend/src/App.jsx
1:25:48 AM [vite] (client) page reload src/runtimeReadiness.js
1:25:48 AM [vite] (client) hmr update /src/App.jsx
1:26:50 AM [vite] (client) hmr update /src/App.jsx
1:26:50 AM [vite] (client) hmr update /src/features/medical-writing/MedicalWritingSynopsisProjectIntake.jsx
1:26:50 AM [vite] (client) hmr update /src/features/medical-writing/MedicalWritingAuthoringJourneySetup.jsx
1:26:50 AM [vite] (client) hmr update /src/styles.css
[BABEL] Note: The code generator has deoptimised the styling of /Users/smkzw/Documents/康哲项目资料/AI/医学经理工作台/implementation/protocol-v3-workbench-mw_protocol_v3_phase0_20260809_111313/frontend/src/App.jsx as it exceeds the max of 500KB.
1:36:48 AM [vite] (client) warning: Duplicate "title" attribute in JSX element
1517|  setNewProjectOpen(true);
1518|  }}
1519|  title={!projectsLoaded||projectsLoadError?"项目列表尚未就绪，暂不能新建项目":"新建中国临床试验方案写作项目"}>
   |  ^
1520|  
1521|                <Plus size={16}/> 新建项目

  Plugin: vite:esbuild
  File: /Users/smkzw/Documents/康哲项目资料/AI/医学经理工作台/implementation/protocol-v3-workbench-mw_protocol_v3_phase0_20260809_111313/frontend/src/App.jsx
