FFF                                                                      [100%]
=================================== FAILURES ===================================
_ test_empty_structures_are_preserved_without_claiming_substantive_content[value0] _

value = []

    @pytest.mark.parametrize("value", [[], {}, {"items": []}])
    def test_empty_structures_are_preserved_without_claiming_substantive_content(value):
        from app.protocol_workflow.registries.fact_bindings import bind_chapter_input
        from app.protocol_workflow.registries.chapters import _has_fact_value
        study = confirmed_study({"study.objective": value})
>       bound = bind_chapter_input(study, _objectives_contract(), bindings_for_objective())
                ^^^^^^^^^^^^^^^^^^^^^^^^^^^^^^^^^^^^^^^^^^^^^^^^^^^^^^^^^^^^^^^^^^^^^^^^^^^

tests/protocol_v3/test_chapter_fact_binding.py:81: 
_ _ _ _ _ _ _ _ _ _ _ _ _ _ _ _ _ _ _ _ _ _ _ _ _ _ _ _ _ _ _ _ _ _ _ _ _ _ _ _ 

study = StudyDefinitionV3(schema_version='mw_protocol_v3_contract_v1', canonical_state=<CanonicalState.CONFIRMED: 'confirmed'>...bjective': []}, decision_record_ids=(), updated_at=datetime.datetime(2026, 8, 10, 10, 0, tzinfo=datetime.timezone.utc))
contract = ChapterContractV2(schema_version='mw_protocol_v3_contract_v2', canonical_state=<CanonicalState.FROZEN: 'frozen'>, chap... risk_if_unmet='目的与估计目标脱节会导致研究目的章整体不可用。'),), patient_participation_obligations=(), registry_consistency_obligations=())
bindings = (FactBinding(fact_path='picos.objective.primary', canonical_path='study.objective', value_type='json', source_refs=('test:synthetic-binding',), unit=None, timing=None),)

    def bind_chapter_input(
        study: StudyDefinitionV3,
        contract: ChapterContractV2,
        bindings: Iterable[FactBinding],
        *,
        source_format: Literal["native_json", "legacy_strings_v1"] = "native_json",
    ) -> BoundChapterSkillInput:
        """Read literal canonical dictionary keys; never split dotted paths.
    
        Required/conditional applicability remains the contract's responsibility.
        This boundary fails with exact paths when a required value cannot be read.
        Legacy conversion is opt-in and does not rewrite the original study.
        """
        if study.canonical_state not in (CanonicalState.CONFIRMED, CanonicalState.FROZEN):
            raise FactBindingError("study_not_confirmed")
        if source_format not in ("native_json", "legacy_strings_v1"):
            raise FactBindingError("unknown_fact_source_format")
        index = {}
        for binding in bindings:
            if binding.fact_path in index:
                raise FactBindingError("duplicate_fact_binding", (binding.fact_path,))
            index[binding.fact_path] = binding
        required = {
            item.fact_path for item in contract.substantive_content.fact_requirements
            if item.obligation.value == "required"
        }
        paths = {
            item.fact_path for item in contract.substantive_content.fact_requirements
            if item.obligation.value != "forbidden"
        }
        # Some trigger/conditional paths have no unconditional FactRequirement.
        # Carry available values now; 3R.4B decides which obligations activate.
        forbidden = {
            item.fact_path for item in contract.substantive_content.fact_requirements
            if item.obligation.value == "forbidden"
        }
        for rule in contract.conditional_applicability_rules:
            paths.update(rule.triggering_fact_paths)
            paths.update(rule.required_when_active_fact_paths)
        for item in contract.ctq_items:
            paths.update(item.linked_fact_paths)
        for item in contract.registry_consistency_obligations:
            paths.update(item.eligibility_fact_paths)
        paths.difference_update(forbidden)
        resolved, missing, unsupported = {}, [], []
        for path in sorted(paths):
            binding = index.get(path)
            if binding is None or binding.canonical_path is None:
                if path in required:
                    unsupported.append(path)
                continue
            if binding.canonical_path not in study.facts:
                if path in required:
                    missing.append(path)
                continue
            value = _typed_value(binding, study.facts[binding.canonical_path], source_format)
            if binding.canonical_path != path and path in study.facts:
                alias_value = _typed_value(binding, study.facts[path], source_format)
                if _json(value) != _json(alias_value):
                    raise FactBindingError("fact_alias_conflict", (path, binding.canonical_path))
            if not _has_fact_value(value):
                if path in required:
                    missing.append(path)
                continue
            resolved[path] = value
        if unsupported:
            raise FactBindingError("unsupported_required_fact", unsupported)
        if missing:
>           raise FactBindingError("missing_required_fact", missing)
E           app.protocol_workflow.registries.fact_bindings.FactBindingError: missing_required_fact: picos.objective.primary

services/api/app/protocol_workflow/registries/fact_bindings.py:237: FactBindingError
_ test_empty_structures_are_preserved_without_claiming_substantive_content[value1] _

value = {}

    @pytest.mark.parametrize("value", [[], {}, {"items": []}])
    def test_empty_structures_are_preserved_without_claiming_substantive_content(value):
        from app.protocol_workflow.registries.fact_bindings import bind_chapter_input
        from app.protocol_workflow.registries.chapters import _has_fact_value
        study = confirmed_study({"study.objective": value})
>       bound = bind_chapter_input(study, _objectives_contract(), bindings_for_objective())
                ^^^^^^^^^^^^^^^^^^^^^^^^^^^^^^^^^^^^^^^^^^^^^^^^^^^^^^^^^^^^^^^^^^^^^^^^^^^

tests/protocol_v3/test_chapter_fact_binding.py:81: 
_ _ _ _ _ _ _ _ _ _ _ _ _ _ _ _ _ _ _ _ _ _ _ _ _ _ _ _ _ _ _ _ _ _ _ _ _ _ _ _ 

study = StudyDefinitionV3(schema_version='mw_protocol_v3_contract_v1', canonical_state=<CanonicalState.CONFIRMED: 'confirmed'>...bjective': {}}, decision_record_ids=(), updated_at=datetime.datetime(2026, 8, 10, 10, 0, tzinfo=datetime.timezone.utc))
contract = ChapterContractV2(schema_version='mw_protocol_v3_contract_v2', canonical_state=<CanonicalState.FROZEN: 'frozen'>, chap... risk_if_unmet='目的与估计目标脱节会导致研究目的章整体不可用。'),), patient_participation_obligations=(), registry_consistency_obligations=())
bindings = (FactBinding(fact_path='picos.objective.primary', canonical_path='study.objective', value_type='json', source_refs=('test:synthetic-binding',), unit=None, timing=None),)

    def bind_chapter_input(
        study: StudyDefinitionV3,
        contract: ChapterContractV2,
        bindings: Iterable[FactBinding],
        *,
        source_format: Literal["native_json", "legacy_strings_v1"] = "native_json",
    ) -> BoundChapterSkillInput:
        """Read literal canonical dictionary keys; never split dotted paths.
    
        Required/conditional applicability remains the contract's responsibility.
        This boundary fails with exact paths when a required value cannot be read.
        Legacy conversion is opt-in and does not rewrite the original study.
        """
        if study.canonical_state not in (CanonicalState.CONFIRMED, CanonicalState.FROZEN):
            raise FactBindingError("study_not_confirmed")
        if source_format not in ("native_json", "legacy_strings_v1"):
            raise FactBindingError("unknown_fact_source_format")
        index = {}
        for binding in bindings:
            if binding.fact_path in index:
                raise FactBindingError("duplicate_fact_binding", (binding.fact_path,))
            index[binding.fact_path] = binding
        required = {
            item.fact_path for item in contract.substantive_content.fact_requirements
            if item.obligation.value == "required"
        }
        paths = {
            item.fact_path for item in contract.substantive_content.fact_requirements
            if item.obligation.value != "forbidden"
        }
        # Some trigger/conditional paths have no unconditional FactRequirement.
        # Carry available values now; 3R.4B decides which obligations activate.
        forbidden = {
            item.fact_path for item in contract.substantive_content.fact_requirements
            if item.obligation.value == "forbidden"
        }
        for rule in contract.conditional_applicability_rules:
            paths.update(rule.triggering_fact_paths)
            paths.update(rule.required_when_active_fact_paths)
        for item in contract.ctq_items:
            paths.update(item.linked_fact_paths)
        for item in contract.registry_consistency_obligations:
            paths.update(item.eligibility_fact_paths)
        paths.difference_update(forbidden)
        resolved, missing, unsupported = {}, [], []
        for path in sorted(paths):
            binding = index.get(path)
            if binding is None or binding.canonical_path is None:
                if path in required:
                    unsupported.append(path)
                continue
            if binding.canonical_path not in study.facts:
                if path in required:
                    missing.append(path)
                continue
            value = _typed_value(binding, study.facts[binding.canonical_path], source_format)
            if binding.canonical_path != path and path in study.facts:
                alias_value = _typed_value(binding, study.facts[path], source_format)
                if _json(value) != _json(alias_value):
                    raise FactBindingError("fact_alias_conflict", (path, binding.canonical_path))
            if not _has_fact_value(value):
                if path in required:
                    missing.append(path)
                continue
            resolved[path] = value
        if unsupported:
            raise FactBindingError("unsupported_required_fact", unsupported)
        if missing:
>           raise FactBindingError("missing_required_fact", missing)
E           app.protocol_workflow.registries.fact_bindings.FactBindingError: missing_required_fact: picos.objective.primary

services/api/app/protocol_workflow/registries/fact_bindings.py:237: FactBindingError
_ test_empty_structures_are_preserved_without_claiming_substantive_content[value2] _

value = {'items': []}

    @pytest.mark.parametrize("value", [[], {}, {"items": []}])
    def test_empty_structures_are_preserved_without_claiming_substantive_content(value):
        from app.protocol_workflow.registries.fact_bindings import bind_chapter_input
        from app.protocol_workflow.registries.chapters import _has_fact_value
        study = confirmed_study({"study.objective": value})
>       bound = bind_chapter_input(study, _objectives_contract(), bindings_for_objective())
                ^^^^^^^^^^^^^^^^^^^^^^^^^^^^^^^^^^^^^^^^^^^^^^^^^^^^^^^^^^^^^^^^^^^^^^^^^^^

tests/protocol_v3/test_chapter_fact_binding.py:81: 
_ _ _ _ _ _ _ _ _ _ _ _ _ _ _ _ _ _ _ _ _ _ _ _ _ _ _ _ _ _ _ _ _ _ _ _ _ _ _ _ 

study = StudyDefinitionV3(schema_version='mw_protocol_v3_contract_v1', canonical_state=<CanonicalState.CONFIRMED: 'confirmed'>...{'items': []}}, decision_record_ids=(), updated_at=datetime.datetime(2026, 8, 10, 10, 0, tzinfo=datetime.timezone.utc))
contract = ChapterContractV2(schema_version='mw_protocol_v3_contract_v2', canonical_state=<CanonicalState.FROZEN: 'frozen'>, chap... risk_if_unmet='目的与估计目标脱节会导致研究目的章整体不可用。'),), patient_participation_obligations=(), registry_consistency_obligations=())
bindings = (FactBinding(fact_path='picos.objective.primary', canonical_path='study.objective', value_type='json', source_refs=('test:synthetic-binding',), unit=None, timing=None),)

    def bind_chapter_input(
        study: StudyDefinitionV3,
        contract: ChapterContractV2,
        bindings: Iterable[FactBinding],
        *,
        source_format: Literal["native_json", "legacy_strings_v1"] = "native_json",
    ) -> BoundChapterSkillInput:
        """Read literal canonical dictionary keys; never split dotted paths.
    
        Required/conditional applicability remains the contract's responsibility.
        This boundary fails with exact paths when a required value cannot be read.
        Legacy conversion is opt-in and does not rewrite the original study.
        """
        if study.canonical_state not in (CanonicalState.CONFIRMED, CanonicalState.FROZEN):
            raise FactBindingError("study_not_confirmed")
        if source_format not in ("native_json", "legacy_strings_v1"):
            raise FactBindingError("unknown_fact_source_format")
        index = {}
        for binding in bindings:
            if binding.fact_path in index:
                raise FactBindingError("duplicate_fact_binding", (binding.fact_path,))
            index[binding.fact_path] = binding
        required = {
            item.fact_path for item in contract.substantive_content.fact_requirements
            if item.obligation.value == "required"
        }
        paths = {
            item.fact_path for item in contract.substantive_content.fact_requirements
            if item.obligation.value != "forbidden"
        }
        # Some trigger/conditional paths have no unconditional FactRequirement.
        # Carry available values now; 3R.4B decides which obligations activate.
        forbidden = {
            item.fact_path for item in contract.substantive_content.fact_requirements
            if item.obligation.value == "forbidden"
        }
        for rule in contract.conditional_applicability_rules:
            paths.update(rule.triggering_fact_paths)
            paths.update(rule.required_when_active_fact_paths)
        for item in contract.ctq_items:
            paths.update(item.linked_fact_paths)
        for item in contract.registry_consistency_obligations:
            paths.update(item.eligibility_fact_paths)
        paths.difference_update(forbidden)
        resolved, missing, unsupported = {}, [], []
        for path in sorted(paths):
            binding = index.get(path)
            if binding is None or binding.canonical_path is None:
                if path in required:
                    unsupported.append(path)
                continue
            if binding.canonical_path not in study.facts:
                if path in required:
                    missing.append(path)
                continue
            value = _typed_value(binding, study.facts[binding.canonical_path], source_format)
            if binding.canonical_path != path and path in study.facts:
                alias_value = _typed_value(binding, study.facts[path], source_format)
                if _json(value) != _json(alias_value):
                    raise FactBindingError("fact_alias_conflict", (path, binding.canonical_path))
            if not _has_fact_value(value):
                if path in required:
                    missing.append(path)
                continue
            resolved[path] = value
        if unsupported:
            raise FactBindingError("unsupported_required_fact", unsupported)
        if missing:
>           raise FactBindingError("missing_required_fact", missing)
E           app.protocol_workflow.registries.fact_bindings.FactBindingError: missing_required_fact: picos.objective.primary

services/api/app/protocol_workflow/registries/fact_bindings.py:237: FactBindingError
=========================== short test summary info ============================
FAILED tests/protocol_v3/test_chapter_fact_binding.py::test_empty_structures_are_preserved_without_claiming_substantive_content[value0]
FAILED tests/protocol_v3/test_chapter_fact_binding.py::test_empty_structures_are_preserved_without_claiming_substantive_content[value1]
FAILED tests/protocol_v3/test_chapter_fact_binding.py::test_empty_structures_are_preserved_without_claiming_substantive_content[value2]
3 failed, 34 deselected in 0.47s
