........................................................................ [  3%]
........................................................................ [  7%]
........................................................................ [ 11%]
........................................................................ [ 15%]
........................................................................ [ 18%]
........................................................................ [ 22%]
........................................................................ [ 26%]
........................................................................ [ 30%]
........................................................................ [ 34%]
........................................................................ [ 37%]
........................................................................ [ 41%]
........................................................................ [ 45%]
........................................................................ [ 49%]
........................................................................ [ 52%]
........................................................................ [ 56%]
........................................................................ [ 60%]
........................................................................ [ 64%]
........................................................................ [ 68%]
........................................................................ [ 71%]
........................................................................ [ 75%]
........................................................................ [ 79%]
........................................................................ [ 83%]
........................................................................ [ 87%]
........................................................................ [ 90%]
........................................................................ [ 94%]
........................................................................ [ 98%]
..............................                                           [100%]
=============================== warnings summary ===============================
tests/protocol_v3/test_source_baseline.py::ManifestAndTarTests::test_manifest_and_tar_round_trip
  /Users/smkzw/Documents/康哲项目资料/AI/医学经理工作台/implementation/protocol-v3-workbench-mw_protocol_v3_phase0_20260809_111313/scripts/qc/protocol_v3/verify_source_baseline.py:75: DeprecationWarning: Python 3.14 will, by default, filter extracted tar archives and reject files or modify their metadata. Use the filter argument to control this behavior.
    archive.extractall(str(destination_root))

-- Docs: https://docs.pytest.org/en/stable/how-to/capture-warnings.html
- generated xml file: /Users/smkzw/Documents/康哲项目资料/AI/医学经理工作台/implementation/protocol-v3-workbench-mw_protocol_v3_phase0_20260809_111313/runs/mw_protocol_v3_3r4a_20260912/review_verification.xml -
1902 passed, 1 warning in 98.33s (0:01:38)
