............................................                             [100%]
=============================== warnings summary ===============================
<frozen importlib._bootstrap>:491
<frozen importlib._bootstrap>:491
  <frozen importlib._bootstrap>:491: DeprecationWarning: builtin type SwigPyPacked has no __module__ attribute

<frozen importlib._bootstrap>:491
<frozen importlib._bootstrap>:491
  <frozen importlib._bootstrap>:491: DeprecationWarning: builtin type SwigPyObject has no __module__ attribute

<frozen importlib._bootstrap>:491
  <frozen importlib._bootstrap>:491: DeprecationWarning: builtin type swigvarlink has no __module__ attribute

../../../../../../opt/homebrew/lib/python3.14/site-packages/fastapi/testclient.py:1
  /opt/homebrew/lib/python3.14/site-packages/fastapi/testclient.py:1: StarletteDeprecationWarning: Using `httpx` with `starlette.testclient` is deprecated; install `httpx2` instead.
    from starlette.testclient import TestClient as TestClient  # noqa

implementation/protocol-v3-workbench-mw_protocol_v3_phase0_20260809_111313/services/api/app/main.py:1424
  /Users/smkzw/Documents/康哲项目资料/AI/医学经理工作台/implementation/protocol-v3-workbench-mw_protocol_v3_phase0_20260809_111313/services/api/app/main.py:1424: DeprecationWarning: 
          on_event is deprecated, use lifespan event handlers instead.
  
          Read more about it in the
          [FastAPI docs for Lifespan Events](https://fastapi.tiangolo.com/advanced/events/).
          
    @app.on_event("startup")

../../../../../../opt/homebrew/lib/python3.14/site-packages/fastapi/applications.py:4598
../../../../../../opt/homebrew/lib/python3.14/site-packages/fastapi/applications.py:4598
../../../../../../opt/homebrew/lib/python3.14/site-packages/fastapi/applications.py:4598
../../../../../../opt/homebrew/lib/python3.14/site-packages/fastapi/applications.py:4598
../../../../../../opt/homebrew/lib/python3.14/site-packages/fastapi/applications.py:4598
../../../../../../opt/homebrew/lib/python3.14/site-packages/fastapi/applications.py:4598
  /opt/homebrew/lib/python3.14/site-packages/fastapi/applications.py:4598: DeprecationWarning: 
          on_event is deprecated, use lifespan event handlers instead.
  
          Read more about it in the
          [FastAPI docs for Lifespan Events](https://fastapi.tiangolo.com/advanced/events/).
          
    return self.router.on_event(event_type)  # ty: ignore[deprecated]

implementation/protocol-v3-workbench-mw_protocol_v3_phase0_20260809_111313/services/api/app/main.py:1434
  /Users/smkzw/Documents/康哲项目资料/AI/医学经理工作台/implementation/protocol-v3-workbench-mw_protocol_v3_phase0_20260809_111313/services/api/app/main.py:1434: DeprecationWarning: 
          on_event is deprecated, use lifespan event handlers instead.
  
          Read more about it in the
          [FastAPI docs for Lifespan Events](https://fastapi.tiangolo.com/advanced/events/).
          
    @app.on_event("startup")

implementation/protocol-v3-workbench-mw_protocol_v3_phase0_20260809_111313/services/api/app/main.py:1456
  /Users/smkzw/Documents/康哲项目资料/AI/医学经理工作台/implementation/protocol-v3-workbench-mw_protocol_v3_phase0_20260809_111313/services/api/app/main.py:1456: DeprecationWarning: 
          on_event is deprecated, use lifespan event handlers instead.
  
          Read more about it in the
          [FastAPI docs for Lifespan Events](https://fastapi.tiangolo.com/advanced/events/).
          
    @app.on_event("startup")

implementation/protocol-v3-workbench-mw_protocol_v3_phase0_20260809_111313/services/api/app/main.py:1484
  /Users/smkzw/Documents/康哲项目资料/AI/医学经理工作台/implementation/protocol-v3-workbench-mw_protocol_v3_phase0_20260809_111313/services/api/app/main.py:1484: DeprecationWarning: 
          on_event is deprecated, use lifespan event handlers instead.
  
          Read more about it in the
          [FastAPI docs for Lifespan Events](https://fastapi.tiangolo.com/advanced/events/).
          
    @app.on_event("shutdown")

implementation/protocol-v3-workbench-mw_protocol_v3_phase0_20260809_111313/services/api/app/main.py:1493
  /Users/smkzw/Documents/康哲项目资料/AI/医学经理工作台/implementation/protocol-v3-workbench-mw_protocol_v3_phase0_20260809_111313/services/api/app/main.py:1493: DeprecationWarning: 
          on_event is deprecated, use lifespan event handlers instead.
  
          Read more about it in the
          [FastAPI docs for Lifespan Events](https://fastapi.tiangolo.com/advanced/events/).
          
    @app.on_event("shutdown")

implementation/protocol-v3-workbench-mw_protocol_v3_phase0_20260809_111313/services/api/app/main.py:2648
  /Users/smkzw/Documents/康哲项目资料/AI/医学经理工作台/implementation/protocol-v3-workbench-mw_protocol_v3_phase0_20260809_111313/services/api/app/main.py:2648: DeprecationWarning: 
          on_event is deprecated, use lifespan event handlers instead.
  
          Read more about it in the
          [FastAPI docs for Lifespan Events](https://fastapi.tiangolo.com/advanced/events/).
          
    @app.on_event("startup")

-- Docs: https://docs.pytest.org/en/stable/how-to/capture-warnings.html
44 passed, 18 warnings in 1.86s
<sys>:0: DeprecationWarning: builtin type swigvarlink has no __module__ attribute
