F                                                                        [100%]
=================================== FAILURES ===================================
_______ test_exploratory_objective_uses_explicit_flags_not_analysis_text _______

    def test_exploratory_objective_uses_explicit_flags_not_analysis_text():
        from app.protocol_workflow.registries.applicability import bind_applicable_input, ApplicabilityResolutionError
        from app.protocol_workflow.registries.fact_bindings import FactBindingCatalog, FactBindingError
        from packages.contracts.workbench_contracts.protocol_v3 import ChapterContractV2
        from test_all_chapter_contracts import REAL_TEMPLATE_DIR
        from test_chapter_fact_binding import confirmed_study
        c = ChapterContractV2.model_validate_json((REAL_TEMPLATE_DIR / 'chapter_contracts/v2_n_3_4_1.json').read_text())
        bindings = FactBindingCatalog.model_validate_json((REAL_TEMPLATE_DIR / 'fact_bindings.json').read_text()).bindings
        facts = {'picos.exploratory_objectives': 'Synthetic no additional exploratory objectives',
                 'exploratory.disposition': 'Synthetic confirmed disposition',
                 'exploratory.population_pk_applicable': False, 'statistics.pk_pd_er.er_applicable': False,
                 'exploratory.immunogenicity_applicable': False, 'exploratory.biomarker_applicable': False}
        rules = real_rule_catalog().rules
>       assert bind_applicable_input(confirmed_study(facts), c, bindings, rules=rules).resolved_facts == facts
               ^^^^^^^^^^^^^^^^^^^^^^^^^^^^^^^^^^^^^^^^^^^^^^^^^^^^^^^^^^^^^^^^^^^^^^^

tests/protocol_v3/test_chapter_applicability.py:833: 
_ _ _ _ _ _ _ _ _ _ _ _ _ _ _ _ _ _ _ _ _ _ _ _ _ _ _ _ _ _ _ _ _ _ _ _ _ _ _ _ 
services/api/app/protocol_workflow/registries/applicability.py:346: in bind_applicable_input
    effective, active_ids, digest = _resolved_input_contract(study, contract, bindings, rules)
                                    ^^^^^^^^^^^^^^^^^^^^^^^^^^^^^^^^^^^^^^^^^^^^^^^^^^^^^^^^^^
_ _ _ _ _ _ _ _ _ _ _ _ _ _ _ _ _ _ _ _ _ _ _ _ _ _ _ _ _ _ _ _ _ _ _ _ _ _ _ _ 

study = StudyDefinitionV3(schema_version='mw_protocol_v3_contract_v1', canonical_state=<CanonicalState.CONFIRMED: 'confirmed'>...cable': False}, decision_record_ids=(), updated_at=datetime.datetime(2026, 8, 10, 10, 0, tzinfo=datetime.timezone.utc))
contract = ChapterContractV2(schema_version='mw_protocol_v3_contract_v2', canonical_state=<CanonicalState.FROZEN: 'frozen'>, chap...sk_if_unmet='探索性目的缺项会使该章不可用，并使下游合同失去输入。'),), patient_participation_obligations=(), registry_consistency_obligations=())
bindings = (FactBinding(fact_path='ae.ae_collection_not_teaee_classification', canonical_path='ae.ae_collection_not_teaee_classif...'chapter_contracts/v2_n_10_1_4.json#/substantive_content/fact_requirements/3/fact_path'), unit=None, timing=None), ...)
rules = (RulePredicate(rule_id='conditional:v2-n-11-4-6:pk', source_rule_sha256='9c71f57857555dc84965dfabe4a9fa1898691bdbfcc04..._claim_requirements=(), inactive_evidence_requirements=(), active_evidence_requirements=(), reference_targets=()), ...)

    def _resolved_input_contract(study, contract, bindings, rules):
        from app.protocol_workflow.registries.chapters import ChapterContentPayload, ContentFact
        index, states, findings = _resolve_rule_states(contract, study, rules)
        if findings:
>           raise ApplicabilityResolutionError(findings)
E           app.protocol_workflow.registries.applicability.ApplicabilityResolutionError: conditional_predicate_missing:conditional_rule:applicability:n-3-4-1:analysis-commitment

services/api/app/protocol_workflow/registries/applicability.py:305: ApplicabilityResolutionError
=========================== short test summary info ============================
FAILED tests/protocol_v3/test_chapter_applicability.py::test_exploratory_objective_uses_explicit_flags_not_analysis_text
1 failed, 99 deselected in 0.57s
