我先按任务书备物料：生成方案摘要 docx、建截图目录，同时确认浏览器工具和任务空间，再从用户视角走入口B。物料和浏览器工具齐了。接下来生成摘要 docx，并核对 camofox 的上传/截图能力，再进产品。摘要文档和截图目录接着做；CAO 记忆这次搜不到，不影响按任务书继续。摘要已落盘（758 字）。接着开浏览器进工作台，并确认 camofox 怎么上传文件、怎么把截图落到本地。首页已打开，无登录、无角色选择。接下来落盘截图并点「新建项目」，走入口B。建项弹窗里入口B叫「导入方案摘要」。先截图，再选这一路并填项目信息。入口B已选中，出现「选择方案摘要或完整方案」。现在上传摘要并开始掐表。文件已选上，还没提交。截图后点「导入并提取」，从这一刻开始掐表。导入立刻报模型服务不可用。先截图，再点界面上的「继续处理」，看是卡住还是还能往下走。解析已真正开始：界面显示「AI正在提取…排队等待空位」。先截等待画面，再盯到出结果或满 30 分钟。等待解析期间，先把已经看到的界面现象记进笔记，避免后面漏项。解析还在排队，监控会在出结果或满 30 分钟时叫醒我。先停在这一步，不刷新、不碰后端。刚才那次 15 秒等待已经结束，解析监控还在跑。继续等提取结果或 30 分钟超时。
从断点接着做：先核对解析结果和浏览器当前页，再把主链路和报告收完。上次「解析结果」其实是误报：20:56:10 仍是模型不可用，文件也丢了。先截现状，再重新选文件提交，从这一轮认真掐表。解析其实还在跑：界面写「已运行 10 分钟 · 第3次解析尝试」。重新截图并盯真正的提取结果，不再把 PICOS 按钮当成功。解析还在第 3 次排队，监控会在真正出提取结果或满 30 分钟时叫醒我。先停在这一步。
这次不停下等监控。先看对话框到哪了，再用同一轮 shell 循环轮询到出结果或 21:19:25。现在 21:12，解析已跑 22 分钟、仍在排队。接下来用同一轮 shell 循环盯到 21:19:25 或真正出结果。轮询已在跑，我在本轮里等它结束，不收工。卡点已到，解析仍在排队。先看 21:19:25 当下界面还有没有「继续处理」可试，再决定是往下走还是写报告收尾。30 分钟卡点已过，界面仍在排队，没有「继续处理」可点。按任务书记 P0，后面环节标 NOT_RUN，开始写报告并收尾。入口B 导入解析在 **30.0 分钟**内没有交出提取结果，主链路在建项这一步断了。报告已写完。

**走到哪：** 首页 → 新建项目 → 「导入方案摘要」→ 上传我写的 CKD 瘙痒 II 期摘要 → 点「导入并提取」。三次尝试、两次英文模型不可用报错，卡点 21:19:25 仍停在「第3次解析尝试 / 排队」，只有「取消」。没有改走「从零开始」。框架、竞品、PICOS、初稿、改稿、导出全部 **NOT_RUN**。没有 `export.docx`。

**W-2：** 20:49:25 提交，等到 21:19:25，**实际 30.0 分钟，结果没出现**。等待期间有「AI正在提取 / 已运行 N 分钟 / 第几次尝试 / 模型被占用」提示，不是白等。上一轮说的「约 32 分钟已修复」，这次在浏览器里没有验证到修复。

**报告：** `runs/requirements_v2_20260919/t17_round27_loop/r2-D/report.md`  
**cleaned=true**（tab 已关，`list_tabs` 为空）

`EXIT=OK`

===== WAVE2 DISPATCH 2026-10-04 (cursor-grok-4.6 high, omp headless) =====
Working...
先备物料并摸清 camofox 工具，再从浏览器入口开测。
物料脚本和截图目录一起建，同时把 camofox 点击/输入接口摸清。
摘要正文超了 900 字，先压到规定字数；同时看一眼当前已打开的工作台页面。
点「新建项目」没弹出对话框。改走项目总看板找入口 B。
表格遮罩已关掉。先截版本告警，再点「新建项目」。
点「新建项目」没反应。改在页面里直接点这个按钮，并同时进「证据调研与方案设计」。
对话框出来了。先截图，再选「导入方案摘要」。
入口 B 已选中。接着查 camofox 怎么把本地 docx 塞进文件选择框。
文件已挂上。截图后点「导入并提取」，并记下解析开始时间。
解析对话框自己没了，还停在别人的心衰项目上。先查有没有新建出 R2D 项目或报错提示。
解析对话框无报错就关了，项目列表里也没有 R2D。再走一遍入口 B。
第一次解析其实还在跑，对话框自己关了；重开后提示已恢复，继续等。
解析报了英文校验错误。先截图，再点「继续处理」。
第二次解析超时，入口 B 建不出项目。先截图，再改走「从零开始」把后面写作链路测完。
从零开始也创建失败。开始写报告、关标签页、清临时文件。
试用做完。报告在 `runs/requirements_v2_20260919/t17_round27_loop/r2-D/report.md`。

入口B（导入方案摘要）走不通：摘要传上去了，第1次解析约 15 分钟后甩英文校验（`chunk 0` / `framing.version`），点「继续处理」后再等约 31 分钟超时。项目没建成，药物/适应症/分期从未抽出给人核对。绕过「从零开始」同样失败，对话框直接甩 `idempotency_key` 的 JSON。初稿、编辑、导出 Word 都没走到。

截图在 `shots_w2/`。标签页已关，`cleaned=true`。

`EXIT=OK`
EXIT=0
