.F.                                                                      [100%]
=================================== FAILURES ===================================
___ test_central_lab_requires_its_scope_without_releasing_local_units[True] ____

central = True

    @pytest.mark.parametrize("central", [False, True, None])
    def test_central_lab_requires_its_scope_without_releasing_local_units(central):
        from app.protocol_workflow.registries.applicability import FactPredicate, RulePredicate, bind_applicable_input, ApplicabilityResolutionError
        from app.protocol_workflow.registries.fact_bindings import FactBindingCatalog, FactBindingError
        from packages.contracts.workbench_contracts.protocol_v3 import ChapterContractV2
        from test_all_chapter_contracts import REAL_TEMPLATE_DIR
        from test_chapter_fact_binding import confirmed_study
        c = ChapterContractV2.model_validate_json((REAL_TEMPLATE_DIR / "chapter_contracts/v2_n_9_2.json").read_text())
        rule = c.conditional_applicability_rules[0]
        declarations = (RulePredicate(rule_id=rule.conditional_applicability_rule_id,source_rule_sha256=rule.material_sha256(),
                                       source_contract_sha256=c.material_sha256(),predicates=(FactPredicate(fact_path="safety.central_lab_applicable",expected=True),)),)
        facts = {f.fact_path: "synthetic project assessment" for f in c.substantive_content.fact_requirements if f.obligation.value == "required"}
        facts["safety.central_lab_applicable"] = central
        bindings = FactBindingCatalog.model_validate_json((REAL_TEMPLATE_DIR / "fact_bindings.json").read_text()).bindings
        if central is None:
            with pytest.raises(ApplicabilityResolutionError, match="conditional_applicability_unresolved"):
                bind_applicable_input(confirmed_study(facts), c, bindings, rules=declarations)
        else:
            if central:
>               with pytest.raises(FactBindingError, match="missing_required_fact") as caught:
                     ^^^^^^^^^^^^^^^^^^^^^^^^^^^^^^^^^^^^^^^^^^^^^^^^^^^^^^^^^^^^^^
E               Failed: DID NOT RAISE <class 'app.protocol_workflow.registries.fact_bindings.FactBindingError'>

tests/protocol_v3/test_chapter_applicability.py:528: Failed
=========================== short test summary info ============================
FAILED tests/protocol_v3/test_chapter_applicability.py::test_central_lab_requires_its_scope_without_releasing_local_units[True]
1 failed, 2 passed, 61 deselected in 1.11s
