FFF                                                                      [100%]
=================================== FAILURES ===================================
_ test_actual_content_checker_executes_rule_from_canonical_facts[True-missing_conditional_fact] _

value = True, code = 'missing_conditional_fact'

    @pytest.mark.parametrize("value,code", [(True, "missing_conditional_fact"), (False, None), (None, "conditional_applicability_unresolved")])
    def test_actual_content_checker_executes_rule_from_canonical_facts(value, code):
>       from app.protocol_workflow.registries.applicability import FactPredicate, RulePredicate, evaluate_applicable_content
E       ImportError: cannot import name 'RulePredicate' from 'app.protocol_workflow.registries.applicability' (/Users/smkzw/Documents/康哲项目资料/AI/医学经理工作台/implementation/protocol-v3-workbench-mw_protocol_v3_phase0_20260809_111313/services/api/app/protocol_workflow/registries/applicability.py)

tests/protocol_v3/test_chapter_applicability.py:53: ImportError
__ test_actual_content_checker_executes_rule_from_canonical_facts[False-None] __

value = False, code = None

    @pytest.mark.parametrize("value,code", [(True, "missing_conditional_fact"), (False, None), (None, "conditional_applicability_unresolved")])
    def test_actual_content_checker_executes_rule_from_canonical_facts(value, code):
>       from app.protocol_workflow.registries.applicability import FactPredicate, RulePredicate, evaluate_applicable_content
E       ImportError: cannot import name 'RulePredicate' from 'app.protocol_workflow.registries.applicability' (/Users/smkzw/Documents/康哲项目资料/AI/医学经理工作台/implementation/protocol-v3-workbench-mw_protocol_v3_phase0_20260809_111313/services/api/app/protocol_workflow/registries/applicability.py)

tests/protocol_v3/test_chapter_applicability.py:53: ImportError
_ test_actual_content_checker_executes_rule_from_canonical_facts[None-conditional_applicability_unresolved] _

value = None, code = 'conditional_applicability_unresolved'

    @pytest.mark.parametrize("value,code", [(True, "missing_conditional_fact"), (False, None), (None, "conditional_applicability_unresolved")])
    def test_actual_content_checker_executes_rule_from_canonical_facts(value, code):
>       from app.protocol_workflow.registries.applicability import FactPredicate, RulePredicate, evaluate_applicable_content
E       ImportError: cannot import name 'RulePredicate' from 'app.protocol_workflow.registries.applicability' (/Users/smkzw/Documents/康哲项目资料/AI/医学经理工作台/implementation/protocol-v3-workbench-mw_protocol_v3_phase0_20260809_111313/services/api/app/protocol_workflow/registries/applicability.py)

tests/protocol_v3/test_chapter_applicability.py:53: ImportError
=========================== short test summary info ============================
FAILED tests/protocol_v3/test_chapter_applicability.py::test_actual_content_checker_executes_rule_from_canonical_facts[True-missing_conditional_fact]
FAILED tests/protocol_v3/test_chapter_applicability.py::test_actual_content_checker_executes_rule_from_canonical_facts[False-None]
FAILED tests/protocol_v3/test_chapter_applicability.py::test_actual_content_checker_executes_rule_from_canonical_facts[None-conditional_applicability_unresolved]
3 failed, 15 deselected in 0.67s
