FFFFFFFFF                                                                [100%]
=================================== FAILURES ===================================
_ test_product_optional_plans_preserve_base_and_require_only_active_details[False-v2_n_14_1] _

node = 'v2_n_14_1', flag = False

    @pytest.mark.parametrize("node", ["v2_n_14_1", "v2_n_14_3", "v2_n_15"])
    @pytest.mark.parametrize("flag", [False, True, None])
    def test_product_optional_plans_preserve_base_and_require_only_active_details(node, flag):
        from app.protocol_workflow.registries.applicability import bind_applicable_input, ApplicabilityResolutionError
        from app.protocol_workflow.registries.fact_bindings import FactBindingCatalog, FactBindingError
        from packages.contracts.workbench_contracts.protocol_v3 import ChapterContractV2
        from test_all_chapter_contracts import REAL_TEMPLATE_DIR
        from test_chapter_fact_binding import confirmed_study
        c = ChapterContractV2.model_validate_json((REAL_TEMPLATE_DIR / f"chapter_contracts/{node}.json").read_text())
        rule = c.conditional_applicability_rules[0]
        facts = {f.fact_path: "synthetic confirmed base arrangement" for f in c.substantive_content.fact_requirements
                 if f.obligation.value == "required"}
        facts[rule.triggering_fact_paths[0]] = flag
        bindings = FactBindingCatalog.model_validate_json((REAL_TEMPLATE_DIR / "fact_bindings.json").read_text()).bindings
        if flag is False:
>           result = bind_applicable_input(confirmed_study(facts), c, bindings, rules=real_rule_catalog().rules)
                     ^^^^^^^^^^^^^^^^^^^^^^^^^^^^^^^^^^^^^^^^^^^^^^^^^^^^^^^^^^^^^^^^^^^^^^^^^^^^^^^^^^^^^^^^^^^

tests/protocol_v3/test_chapter_applicability.py:423: 
_ _ _ _ _ _ _ _ _ _ _ _ _ _ _ _ _ _ _ _ _ _ _ _ _ _ _ _ _ _ _ _ _ _ _ _ _ _ _ _ 
services/api/app/protocol_workflow/registries/applicability.py:311: in bind_applicable_input
    effective, active_ids, digest = _resolved_input_contract(study, contract, bindings, rules)
                                    ^^^^^^^^^^^^^^^^^^^^^^^^^^^^^^^^^^^^^^^^^^^^^^^^^^^^^^^^^^
_ _ _ _ _ _ _ _ _ _ _ _ _ _ _ _ _ _ _ _ _ _ _ _ _ _ _ _ _ _ _ _ _ _ _ _ _ _ _ _ 

study = StudyDefinitionV3(schema_version='mw_protocol_v3_contract_v1', canonical_state=<CanonicalState.CONFIRMED: 'confirmed'>...cable': False}, decision_record_ids=(), updated_at=datetime.datetime(2026, 8, 10, 10, 0, tzinfo=datetime.timezone.utc))
contract = ChapterContractV2(schema_version='mw_protocol_v3_contract_v2', canonical_state=<CanonicalState.FROZEN: 'frozen'>, chap...risk_if_unmet='缺少锚点会把通用口号或模板示例写成项目质量结论。'),), patient_participation_obligations=(), registry_consistency_obligations=())
bindings = (FactBinding(fact_path='ae.ae_collection_not_teaee_classification', canonical_path='ae.ae_collection_not_teaee_classif...'chapter_contracts/v2_n_10_1_4.json#/substantive_content/fact_requirements/3/fact_path'), unit=None, timing=None), ...)
rules = (RulePredicate(rule_id='conditional:v2-n-11-4-6:pk', source_rule_sha256='9c71f57857555dc84965dfabe4a9fa1898691bdbfcc04...itional_object_kinds=(), inactive_claim_requirements=(), inactive_evidence_requirements=(), reference_targets=()), ...)

    def _resolved_input_contract(study, contract, bindings, rules):
        from app.protocol_workflow.registries.chapters import ChapterContentPayload, ContentFact
        index, states, findings = _resolve_rule_states(contract, study, rules)
        if findings:
>           raise ApplicabilityResolutionError(findings)
E           app.protocol_workflow.registries.applicability.ApplicabilityResolutionError: conditional_predicate_missing:conditional_rule:applicability:n-14-1:risk-plan

services/api/app/protocol_workflow/registries/applicability.py:270: ApplicabilityResolutionError
_ test_product_optional_plans_preserve_base_and_require_only_active_details[False-v2_n_14_3] _

node = 'v2_n_14_3', flag = False

    @pytest.mark.parametrize("node", ["v2_n_14_1", "v2_n_14_3", "v2_n_15"])
    @pytest.mark.parametrize("flag", [False, True, None])
    def test_product_optional_plans_preserve_base_and_require_only_active_details(node, flag):
        from app.protocol_workflow.registries.applicability import bind_applicable_input, ApplicabilityResolutionError
        from app.protocol_workflow.registries.fact_bindings import FactBindingCatalog, FactBindingError
        from packages.contracts.workbench_contracts.protocol_v3 import ChapterContractV2
        from test_all_chapter_contracts import REAL_TEMPLATE_DIR
        from test_chapter_fact_binding import confirmed_study
        c = ChapterContractV2.model_validate_json((REAL_TEMPLATE_DIR / f"chapter_contracts/{node}.json").read_text())
        rule = c.conditional_applicability_rules[0]
        facts = {f.fact_path: "synthetic confirmed base arrangement" for f in c.substantive_content.fact_requirements
                 if f.obligation.value == "required"}
        facts[rule.triggering_fact_paths[0]] = flag
        bindings = FactBindingCatalog.model_validate_json((REAL_TEMPLATE_DIR / "fact_bindings.json").read_text()).bindings
        if flag is False:
>           result = bind_applicable_input(confirmed_study(facts), c, bindings, rules=real_rule_catalog().rules)
                     ^^^^^^^^^^^^^^^^^^^^^^^^^^^^^^^^^^^^^^^^^^^^^^^^^^^^^^^^^^^^^^^^^^^^^^^^^^^^^^^^^^^^^^^^^^^

tests/protocol_v3/test_chapter_applicability.py:423: 
_ _ _ _ _ _ _ _ _ _ _ _ _ _ _ _ _ _ _ _ _ _ _ _ _ _ _ _ _ _ _ _ _ _ _ _ _ _ _ _ 
services/api/app/protocol_workflow/registries/applicability.py:311: in bind_applicable_input
    effective, active_ids, digest = _resolved_input_contract(study, contract, bindings, rules)
                                    ^^^^^^^^^^^^^^^^^^^^^^^^^^^^^^^^^^^^^^^^^^^^^^^^^^^^^^^^^^
_ _ _ _ _ _ _ _ _ _ _ _ _ _ _ _ _ _ _ _ _ _ _ _ _ _ _ _ _ _ _ _ _ _ _ _ _ _ _ _ 

study = StudyDefinitionV3(schema_version='mw_protocol_v3_contract_v1', canonical_state=<CanonicalState.CONFIRMED: 'confirmed'>...cable': False}, decision_record_ids=(), updated_at=datetime.datetime(2026, 8, 10, 10, 0, tzinfo=datetime.timezone.utc))
contract = ChapterContractV2(schema_version='mw_protocol_v3_contract_v2', canonical_state=<CanonicalState.FROZEN: 'frozen'>, chap..., risk_if_unmet='不成比例的监查声明会造成无法履行的质量承诺。'),), patient_participation_obligations=(), registry_consistency_obligations=())
bindings = (FactBinding(fact_path='ae.ae_collection_not_teaee_classification', canonical_path='ae.ae_collection_not_teaee_classif...'chapter_contracts/v2_n_10_1_4.json#/substantive_content/fact_requirements/3/fact_path'), unit=None, timing=None), ...)
rules = (RulePredicate(rule_id='conditional:v2-n-11-4-6:pk', source_rule_sha256='9c71f57857555dc84965dfabe4a9fa1898691bdbfcc04...itional_object_kinds=(), inactive_claim_requirements=(), inactive_evidence_requirements=(), reference_targets=()), ...)

    def _resolved_input_contract(study, contract, bindings, rules):
        from app.protocol_workflow.registries.chapters import ChapterContentPayload, ContentFact
        index, states, findings = _resolve_rule_states(contract, study, rules)
        if findings:
>           raise ApplicabilityResolutionError(findings)
E           app.protocol_workflow.registries.applicability.ApplicabilityResolutionError: conditional_predicate_missing:conditional_rule:applicability:n-14-3:remote-monitoring

services/api/app/protocol_workflow/registries/applicability.py:270: ApplicabilityResolutionError
_ test_product_optional_plans_preserve_base_and_require_only_active_details[False-v2_n_15] _

node = 'v2_n_15', flag = False

    @pytest.mark.parametrize("node", ["v2_n_14_1", "v2_n_14_3", "v2_n_15"])
    @pytest.mark.parametrize("flag", [False, True, None])
    def test_product_optional_plans_preserve_base_and_require_only_active_details(node, flag):
        from app.protocol_workflow.registries.applicability import bind_applicable_input, ApplicabilityResolutionError
        from app.protocol_workflow.registries.fact_bindings import FactBindingCatalog, FactBindingError
        from packages.contracts.workbench_contracts.protocol_v3 import ChapterContractV2
        from test_all_chapter_contracts import REAL_TEMPLATE_DIR
        from test_chapter_fact_binding import confirmed_study
        c = ChapterContractV2.model_validate_json((REAL_TEMPLATE_DIR / f"chapter_contracts/{node}.json").read_text())
        rule = c.conditional_applicability_rules[0]
        facts = {f.fact_path: "synthetic confirmed base arrangement" for f in c.substantive_content.fact_requirements
                 if f.obligation.value == "required"}
        facts[rule.triggering_fact_paths[0]] = flag
        bindings = FactBindingCatalog.model_validate_json((REAL_TEMPLATE_DIR / "fact_bindings.json").read_text()).bindings
        if flag is False:
>           result = bind_applicable_input(confirmed_study(facts), c, bindings, rules=real_rule_catalog().rules)
                     ^^^^^^^^^^^^^^^^^^^^^^^^^^^^^^^^^^^^^^^^^^^^^^^^^^^^^^^^^^^^^^^^^^^^^^^^^^^^^^^^^^^^^^^^^^^

tests/protocol_v3/test_chapter_applicability.py:423: 
_ _ _ _ _ _ _ _ _ _ _ _ _ _ _ _ _ _ _ _ _ _ _ _ _ _ _ _ _ _ _ _ _ _ _ _ _ _ _ _ 
services/api/app/protocol_workflow/registries/applicability.py:311: in bind_applicable_input
    effective, active_ids, digest = _resolved_input_contract(study, contract, bindings, rules)
                                    ^^^^^^^^^^^^^^^^^^^^^^^^^^^^^^^^^^^^^^^^^^^^^^^^^^^^^^^^^^
_ _ _ _ _ _ _ _ _ _ _ _ _ _ _ _ _ _ _ _ _ _ _ _ _ _ _ _ _ _ _ _ _ _ _ _ _ _ _ _ 

study = StudyDefinitionV3(schema_version='mw_protocol_v3_contract_v1', canonical_state=<CanonicalState.CONFIRMED: 'confirmed'>...esent': False}, decision_record_ids=(), updated_at=datetime.datetime(2026, 8, 10, 10, 0, tzinfo=datetime.timezone.utc))
contract = ChapterContractV2(schema_version='mw_protocol_v3_contract_v2', canonical_state=<CanonicalState.FROZEN: 'frozen'>, chap...sk_if_unmet='复制示例书目或悬空引用会把未核查内容呈现为研究证据。'),), patient_participation_obligations=(), registry_consistency_obligations=())
bindings = (FactBinding(fact_path='ae.ae_collection_not_teaee_classification', canonical_path='ae.ae_collection_not_teaee_classif...'chapter_contracts/v2_n_10_1_4.json#/substantive_content/fact_requirements/3/fact_path'), unit=None, timing=None), ...)
rules = (RulePredicate(rule_id='conditional:v2-n-11-4-6:pk', source_rule_sha256='9c71f57857555dc84965dfabe4a9fa1898691bdbfcc04...itional_object_kinds=(), inactive_claim_requirements=(), inactive_evidence_requirements=(), reference_targets=()), ...)

    def _resolved_input_contract(study, contract, bindings, rules):
        from app.protocol_workflow.registries.chapters import ChapterContentPayload, ContentFact
        index, states, findings = _resolve_rule_states(contract, study, rules)
        if findings:
>           raise ApplicabilityResolutionError(findings)
E           app.protocol_workflow.registries.applicability.ApplicabilityResolutionError: conditional_predicate_missing:conditional_rule:applicability:n-15:foreign-style

services/api/app/protocol_workflow/registries/applicability.py:270: ApplicabilityResolutionError
_ test_product_optional_plans_preserve_base_and_require_only_active_details[True-v2_n_14_1] _

node = 'v2_n_14_1', flag = True

    @pytest.mark.parametrize("node", ["v2_n_14_1", "v2_n_14_3", "v2_n_15"])
    @pytest.mark.parametrize("flag", [False, True, None])
    def test_product_optional_plans_preserve_base_and_require_only_active_details(node, flag):
        from app.protocol_workflow.registries.applicability import bind_applicable_input, ApplicabilityResolutionError
        from app.protocol_workflow.registries.fact_bindings import FactBindingCatalog, FactBindingError
        from packages.contracts.workbench_contracts.protocol_v3 import ChapterContractV2
        from test_all_chapter_contracts import REAL_TEMPLATE_DIR
        from test_chapter_fact_binding import confirmed_study
        c = ChapterContractV2.model_validate_json((REAL_TEMPLATE_DIR / f"chapter_contracts/{node}.json").read_text())
        rule = c.conditional_applicability_rules[0]
        facts = {f.fact_path: "synthetic confirmed base arrangement" for f in c.substantive_content.fact_requirements
                 if f.obligation.value == "required"}
        facts[rule.triggering_fact_paths[0]] = flag
        bindings = FactBindingCatalog.model_validate_json((REAL_TEMPLATE_DIR / "fact_bindings.json").read_text()).bindings
        if flag is False:
            result = bind_applicable_input(confirmed_study(facts), c, bindings, rules=real_rule_catalog().rules)
            assert dict(result.resolved_facts) == facts
        elif flag is True:
            with pytest.raises(FactBindingError, match="missing_required_fact") as caught:
>               bind_applicable_input(confirmed_study(facts), c, bindings, rules=real_rule_catalog().rules)

tests/protocol_v3/test_chapter_applicability.py:427: 
_ _ _ _ _ _ _ _ _ _ _ _ _ _ _ _ _ _ _ _ _ _ _ _ _ _ _ _ _ _ _ _ _ _ _ _ _ _ _ _ 
services/api/app/protocol_workflow/registries/applicability.py:311: in bind_applicable_input
    effective, active_ids, digest = _resolved_input_contract(study, contract, bindings, rules)
                                    ^^^^^^^^^^^^^^^^^^^^^^^^^^^^^^^^^^^^^^^^^^^^^^^^^^^^^^^^^^
_ _ _ _ _ _ _ _ _ _ _ _ _ _ _ _ _ _ _ _ _ _ _ _ _ _ _ _ _ _ _ _ _ _ _ _ _ _ _ _ 

study = StudyDefinitionV3(schema_version='mw_protocol_v3_contract_v1', canonical_state=<CanonicalState.CONFIRMED: 'confirmed'>...icable': True}, decision_record_ids=(), updated_at=datetime.datetime(2026, 8, 10, 10, 0, tzinfo=datetime.timezone.utc))
contract = ChapterContractV2(schema_version='mw_protocol_v3_contract_v2', canonical_state=<CanonicalState.FROZEN: 'frozen'>, chap...risk_if_unmet='缺少锚点会把通用口号或模板示例写成项目质量结论。'),), patient_participation_obligations=(), registry_consistency_obligations=())
bindings = (FactBinding(fact_path='ae.ae_collection_not_teaee_classification', canonical_path='ae.ae_collection_not_teaee_classif...'chapter_contracts/v2_n_10_1_4.json#/substantive_content/fact_requirements/3/fact_path'), unit=None, timing=None), ...)
rules = (RulePredicate(rule_id='conditional:v2-n-11-4-6:pk', source_rule_sha256='9c71f57857555dc84965dfabe4a9fa1898691bdbfcc04...itional_object_kinds=(), inactive_claim_requirements=(), inactive_evidence_requirements=(), reference_targets=()), ...)

    def _resolved_input_contract(study, contract, bindings, rules):
        from app.protocol_workflow.registries.chapters import ChapterContentPayload, ContentFact
        index, states, findings = _resolve_rule_states(contract, study, rules)
        if findings:
>           raise ApplicabilityResolutionError(findings)
E           app.protocol_workflow.registries.applicability.ApplicabilityResolutionError: conditional_predicate_missing:conditional_rule:applicability:n-14-1:risk-plan

services/api/app/protocol_workflow/registries/applicability.py:270: ApplicabilityResolutionError
_ test_product_optional_plans_preserve_base_and_require_only_active_details[True-v2_n_14_3] _

node = 'v2_n_14_3', flag = True

    @pytest.mark.parametrize("node", ["v2_n_14_1", "v2_n_14_3", "v2_n_15"])
    @pytest.mark.parametrize("flag", [False, True, None])
    def test_product_optional_plans_preserve_base_and_require_only_active_details(node, flag):
        from app.protocol_workflow.registries.applicability import bind_applicable_input, ApplicabilityResolutionError
        from app.protocol_workflow.registries.fact_bindings import FactBindingCatalog, FactBindingError
        from packages.contracts.workbench_contracts.protocol_v3 import ChapterContractV2
        from test_all_chapter_contracts import REAL_TEMPLATE_DIR
        from test_chapter_fact_binding import confirmed_study
        c = ChapterContractV2.model_validate_json((REAL_TEMPLATE_DIR / f"chapter_contracts/{node}.json").read_text())
        rule = c.conditional_applicability_rules[0]
        facts = {f.fact_path: "synthetic confirmed base arrangement" for f in c.substantive_content.fact_requirements
                 if f.obligation.value == "required"}
        facts[rule.triggering_fact_paths[0]] = flag
        bindings = FactBindingCatalog.model_validate_json((REAL_TEMPLATE_DIR / "fact_bindings.json").read_text()).bindings
        if flag is False:
            result = bind_applicable_input(confirmed_study(facts), c, bindings, rules=real_rule_catalog().rules)
            assert dict(result.resolved_facts) == facts
        elif flag is True:
            with pytest.raises(FactBindingError, match="missing_required_fact") as caught:
>               bind_applicable_input(confirmed_study(facts), c, bindings, rules=real_rule_catalog().rules)

tests/protocol_v3/test_chapter_applicability.py:427: 
_ _ _ _ _ _ _ _ _ _ _ _ _ _ _ _ _ _ _ _ _ _ _ _ _ _ _ _ _ _ _ _ _ _ _ _ _ _ _ _ 
services/api/app/protocol_workflow/registries/applicability.py:311: in bind_applicable_input
    effective, active_ids, digest = _resolved_input_contract(study, contract, bindings, rules)
                                    ^^^^^^^^^^^^^^^^^^^^^^^^^^^^^^^^^^^^^^^^^^^^^^^^^^^^^^^^^^
_ _ _ _ _ _ _ _ _ _ _ _ _ _ _ _ _ _ _ _ _ _ _ _ _ _ _ _ _ _ _ _ _ _ _ _ _ _ _ _ 

study = StudyDefinitionV3(schema_version='mw_protocol_v3_contract_v1', canonical_state=<CanonicalState.CONFIRMED: 'confirmed'>...icable': True}, decision_record_ids=(), updated_at=datetime.datetime(2026, 8, 10, 10, 0, tzinfo=datetime.timezone.utc))
contract = ChapterContractV2(schema_version='mw_protocol_v3_contract_v2', canonical_state=<CanonicalState.FROZEN: 'frozen'>, chap..., risk_if_unmet='不成比例的监查声明会造成无法履行的质量承诺。'),), patient_participation_obligations=(), registry_consistency_obligations=())
bindings = (FactBinding(fact_path='ae.ae_collection_not_teaee_classification', canonical_path='ae.ae_collection_not_teaee_classif...'chapter_contracts/v2_n_10_1_4.json#/substantive_content/fact_requirements/3/fact_path'), unit=None, timing=None), ...)
rules = (RulePredicate(rule_id='conditional:v2-n-11-4-6:pk', source_rule_sha256='9c71f57857555dc84965dfabe4a9fa1898691bdbfcc04...itional_object_kinds=(), inactive_claim_requirements=(), inactive_evidence_requirements=(), reference_targets=()), ...)

    def _resolved_input_contract(study, contract, bindings, rules):
        from app.protocol_workflow.registries.chapters import ChapterContentPayload, ContentFact
        index, states, findings = _resolve_rule_states(contract, study, rules)
        if findings:
>           raise ApplicabilityResolutionError(findings)
E           app.protocol_workflow.registries.applicability.ApplicabilityResolutionError: conditional_predicate_missing:conditional_rule:applicability:n-14-3:remote-monitoring

services/api/app/protocol_workflow/registries/applicability.py:270: ApplicabilityResolutionError
_ test_product_optional_plans_preserve_base_and_require_only_active_details[True-v2_n_15] _

node = 'v2_n_15', flag = True

    @pytest.mark.parametrize("node", ["v2_n_14_1", "v2_n_14_3", "v2_n_15"])
    @pytest.mark.parametrize("flag", [False, True, None])
    def test_product_optional_plans_preserve_base_and_require_only_active_details(node, flag):
        from app.protocol_workflow.registries.applicability import bind_applicable_input, ApplicabilityResolutionError
        from app.protocol_workflow.registries.fact_bindings import FactBindingCatalog, FactBindingError
        from packages.contracts.workbench_contracts.protocol_v3 import ChapterContractV2
        from test_all_chapter_contracts import REAL_TEMPLATE_DIR
        from test_chapter_fact_binding import confirmed_study
        c = ChapterContractV2.model_validate_json((REAL_TEMPLATE_DIR / f"chapter_contracts/{node}.json").read_text())
        rule = c.conditional_applicability_rules[0]
        facts = {f.fact_path: "synthetic confirmed base arrangement" for f in c.substantive_content.fact_requirements
                 if f.obligation.value == "required"}
        facts[rule.triggering_fact_paths[0]] = flag
        bindings = FactBindingCatalog.model_validate_json((REAL_TEMPLATE_DIR / "fact_bindings.json").read_text()).bindings
        if flag is False:
            result = bind_applicable_input(confirmed_study(facts), c, bindings, rules=real_rule_catalog().rules)
            assert dict(result.resolved_facts) == facts
        elif flag is True:
            with pytest.raises(FactBindingError, match="missing_required_fact") as caught:
>               bind_applicable_input(confirmed_study(facts), c, bindings, rules=real_rule_catalog().rules)

tests/protocol_v3/test_chapter_applicability.py:427: 
_ _ _ _ _ _ _ _ _ _ _ _ _ _ _ _ _ _ _ _ _ _ _ _ _ _ _ _ _ _ _ _ _ _ _ _ _ _ _ _ 
services/api/app/protocol_workflow/registries/applicability.py:311: in bind_applicable_input
    effective, active_ids, digest = _resolved_input_contract(study, contract, bindings, rules)
                                    ^^^^^^^^^^^^^^^^^^^^^^^^^^^^^^^^^^^^^^^^^^^^^^^^^^^^^^^^^^
_ _ _ _ _ _ _ _ _ _ _ _ _ _ _ _ _ _ _ _ _ _ _ _ _ _ _ _ _ _ _ _ _ _ _ _ _ _ _ _ 

study = StudyDefinitionV3(schema_version='mw_protocol_v3_contract_v1', canonical_state=<CanonicalState.CONFIRMED: 'confirmed'>...resent': True}, decision_record_ids=(), updated_at=datetime.datetime(2026, 8, 10, 10, 0, tzinfo=datetime.timezone.utc))
contract = ChapterContractV2(schema_version='mw_protocol_v3_contract_v2', canonical_state=<CanonicalState.FROZEN: 'frozen'>, chap...sk_if_unmet='复制示例书目或悬空引用会把未核查内容呈现为研究证据。'),), patient_participation_obligations=(), registry_consistency_obligations=())
bindings = (FactBinding(fact_path='ae.ae_collection_not_teaee_classification', canonical_path='ae.ae_collection_not_teaee_classif...'chapter_contracts/v2_n_10_1_4.json#/substantive_content/fact_requirements/3/fact_path'), unit=None, timing=None), ...)
rules = (RulePredicate(rule_id='conditional:v2-n-11-4-6:pk', source_rule_sha256='9c71f57857555dc84965dfabe4a9fa1898691bdbfcc04...itional_object_kinds=(), inactive_claim_requirements=(), inactive_evidence_requirements=(), reference_targets=()), ...)

    def _resolved_input_contract(study, contract, bindings, rules):
        from app.protocol_workflow.registries.chapters import ChapterContentPayload, ContentFact
        index, states, findings = _resolve_rule_states(contract, study, rules)
        if findings:
>           raise ApplicabilityResolutionError(findings)
E           app.protocol_workflow.registries.applicability.ApplicabilityResolutionError: conditional_predicate_missing:conditional_rule:applicability:n-15:foreign-style

services/api/app/protocol_workflow/registries/applicability.py:270: ApplicabilityResolutionError
_ test_product_optional_plans_preserve_base_and_require_only_active_details[None-v2_n_14_1] _

node = 'v2_n_14_1', flag = None

    @pytest.mark.parametrize("node", ["v2_n_14_1", "v2_n_14_3", "v2_n_15"])
    @pytest.mark.parametrize("flag", [False, True, None])
    def test_product_optional_plans_preserve_base_and_require_only_active_details(node, flag):
        from app.protocol_workflow.registries.applicability import bind_applicable_input, ApplicabilityResolutionError
        from app.protocol_workflow.registries.fact_bindings import FactBindingCatalog, FactBindingError
        from packages.contracts.workbench_contracts.protocol_v3 import ChapterContractV2
        from test_all_chapter_contracts import REAL_TEMPLATE_DIR
        from test_chapter_fact_binding import confirmed_study
        c = ChapterContractV2.model_validate_json((REAL_TEMPLATE_DIR / f"chapter_contracts/{node}.json").read_text())
        rule = c.conditional_applicability_rules[0]
        facts = {f.fact_path: "synthetic confirmed base arrangement" for f in c.substantive_content.fact_requirements
                 if f.obligation.value == "required"}
        facts[rule.triggering_fact_paths[0]] = flag
        bindings = FactBindingCatalog.model_validate_json((REAL_TEMPLATE_DIR / "fact_bindings.json").read_text()).bindings
        if flag is False:
            result = bind_applicable_input(confirmed_study(facts), c, bindings, rules=real_rule_catalog().rules)
            assert dict(result.resolved_facts) == facts
        elif flag is True:
            with pytest.raises(FactBindingError, match="missing_required_fact") as caught:
                bind_applicable_input(confirmed_study(facts), c, bindings, rules=real_rule_catalog().rules)
            assert set(caught.value.fact_paths) == set(rule.required_when_active_fact_paths)
            facts.update({p: "synthetic confirmed applicable detail" for p in rule.required_when_active_fact_paths})
            result = bind_applicable_input(confirmed_study(facts), c, bindings, rules=real_rule_catalog().rules)
            assert dict(result.resolved_facts) == facts
        else:
            with pytest.raises(ApplicabilityResolutionError, match="conditional_applicability_unresolved"):
>               bind_applicable_input(confirmed_study(facts), c, bindings, rules=real_rule_catalog().rules)

tests/protocol_v3/test_chapter_applicability.py:434: 
_ _ _ _ _ _ _ _ _ _ _ _ _ _ _ _ _ _ _ _ _ _ _ _ _ _ _ _ _ _ _ _ _ _ _ _ _ _ _ _ 
services/api/app/protocol_workflow/registries/applicability.py:311: in bind_applicable_input
    effective, active_ids, digest = _resolved_input_contract(study, contract, bindings, rules)
                                    ^^^^^^^^^^^^^^^^^^^^^^^^^^^^^^^^^^^^^^^^^^^^^^^^^^^^^^^^^^
_ _ _ _ _ _ _ _ _ _ _ _ _ _ _ _ _ _ _ _ _ _ _ _ _ _ _ _ _ _ _ _ _ _ _ _ _ _ _ _ 

study = StudyDefinitionV3(schema_version='mw_protocol_v3_contract_v1', canonical_state=<CanonicalState.CONFIRMED: 'confirmed'>...icable': None}, decision_record_ids=(), updated_at=datetime.datetime(2026, 8, 10, 10, 0, tzinfo=datetime.timezone.utc))
contract = ChapterContractV2(schema_version='mw_protocol_v3_contract_v2', canonical_state=<CanonicalState.FROZEN: 'frozen'>, chap...risk_if_unmet='缺少锚点会把通用口号或模板示例写成项目质量结论。'),), patient_participation_obligations=(), registry_consistency_obligations=())
bindings = (FactBinding(fact_path='ae.ae_collection_not_teaee_classification', canonical_path='ae.ae_collection_not_teaee_classif...'chapter_contracts/v2_n_10_1_4.json#/substantive_content/fact_requirements/3/fact_path'), unit=None, timing=None), ...)
rules = (RulePredicate(rule_id='conditional:v2-n-11-4-6:pk', source_rule_sha256='9c71f57857555dc84965dfabe4a9fa1898691bdbfcc04...itional_object_kinds=(), inactive_claim_requirements=(), inactive_evidence_requirements=(), reference_targets=()), ...)

    def _resolved_input_contract(study, contract, bindings, rules):
        from app.protocol_workflow.registries.chapters import ChapterContentPayload, ContentFact
        index, states, findings = _resolve_rule_states(contract, study, rules)
        if findings:
>           raise ApplicabilityResolutionError(findings)
E           app.protocol_workflow.registries.applicability.ApplicabilityResolutionError: conditional_predicate_missing:conditional_rule:applicability:n-14-1:risk-plan

services/api/app/protocol_workflow/registries/applicability.py:270: ApplicabilityResolutionError

During handling of the above exception, another exception occurred:

node = 'v2_n_14_1', flag = None

    @pytest.mark.parametrize("node", ["v2_n_14_1", "v2_n_14_3", "v2_n_15"])
    @pytest.mark.parametrize("flag", [False, True, None])
    def test_product_optional_plans_preserve_base_and_require_only_active_details(node, flag):
        from app.protocol_workflow.registries.applicability import bind_applicable_input, ApplicabilityResolutionError
        from app.protocol_workflow.registries.fact_bindings import FactBindingCatalog, FactBindingError
        from packages.contracts.workbench_contracts.protocol_v3 import ChapterContractV2
        from test_all_chapter_contracts import REAL_TEMPLATE_DIR
        from test_chapter_fact_binding import confirmed_study
        c = ChapterContractV2.model_validate_json((REAL_TEMPLATE_DIR / f"chapter_contracts/{node}.json").read_text())
        rule = c.conditional_applicability_rules[0]
        facts = {f.fact_path: "synthetic confirmed base arrangement" for f in c.substantive_content.fact_requirements
                 if f.obligation.value == "required"}
        facts[rule.triggering_fact_paths[0]] = flag
        bindings = FactBindingCatalog.model_validate_json((REAL_TEMPLATE_DIR / "fact_bindings.json").read_text()).bindings
        if flag is False:
            result = bind_applicable_input(confirmed_study(facts), c, bindings, rules=real_rule_catalog().rules)
            assert dict(result.resolved_facts) == facts
        elif flag is True:
            with pytest.raises(FactBindingError, match="missing_required_fact") as caught:
                bind_applicable_input(confirmed_study(facts), c, bindings, rules=real_rule_catalog().rules)
            assert set(caught.value.fact_paths) == set(rule.required_when_active_fact_paths)
            facts.update({p: "synthetic confirmed applicable detail" for p in rule.required_when_active_fact_paths})
            result = bind_applicable_input(confirmed_study(facts), c, bindings, rules=real_rule_catalog().rules)
            assert dict(result.resolved_facts) == facts
        else:
>           with pytest.raises(ApplicabilityResolutionError, match="conditional_applicability_unresolved"):
                 ^^^^^^^^^^^^^^^^^^^^^^^^^^^^^^^^^^^^^^^^^^^^^^^^^^^^^^^^^^^^^^^^^^^^^^^^^^^^^^^^^^^^^^^^^
E           AssertionError: Regex pattern did not match.
E            Regex: 'conditional_applicability_unresolved'
E            Input: 'conditional_predicate_missing:conditional_rule:applicability:n-14-1:risk-plan'

tests/protocol_v3/test_chapter_applicability.py:433: AssertionError
_ test_product_optional_plans_preserve_base_and_require_only_active_details[None-v2_n_14_3] _

node = 'v2_n_14_3', flag = None

    @pytest.mark.parametrize("node", ["v2_n_14_1", "v2_n_14_3", "v2_n_15"])
    @pytest.mark.parametrize("flag", [False, True, None])
    def test_product_optional_plans_preserve_base_and_require_only_active_details(node, flag):
        from app.protocol_workflow.registries.applicability import bind_applicable_input, ApplicabilityResolutionError
        from app.protocol_workflow.registries.fact_bindings import FactBindingCatalog, FactBindingError
        from packages.contracts.workbench_contracts.protocol_v3 import ChapterContractV2
        from test_all_chapter_contracts import REAL_TEMPLATE_DIR
        from test_chapter_fact_binding import confirmed_study
        c = ChapterContractV2.model_validate_json((REAL_TEMPLATE_DIR / f"chapter_contracts/{node}.json").read_text())
        rule = c.conditional_applicability_rules[0]
        facts = {f.fact_path: "synthetic confirmed base arrangement" for f in c.substantive_content.fact_requirements
                 if f.obligation.value == "required"}
        facts[rule.triggering_fact_paths[0]] = flag
        bindings = FactBindingCatalog.model_validate_json((REAL_TEMPLATE_DIR / "fact_bindings.json").read_text()).bindings
        if flag is False:
            result = bind_applicable_input(confirmed_study(facts), c, bindings, rules=real_rule_catalog().rules)
            assert dict(result.resolved_facts) == facts
        elif flag is True:
            with pytest.raises(FactBindingError, match="missing_required_fact") as caught:
                bind_applicable_input(confirmed_study(facts), c, bindings, rules=real_rule_catalog().rules)
            assert set(caught.value.fact_paths) == set(rule.required_when_active_fact_paths)
            facts.update({p: "synthetic confirmed applicable detail" for p in rule.required_when_active_fact_paths})
            result = bind_applicable_input(confirmed_study(facts), c, bindings, rules=real_rule_catalog().rules)
            assert dict(result.resolved_facts) == facts
        else:
            with pytest.raises(ApplicabilityResolutionError, match="conditional_applicability_unresolved"):
>               bind_applicable_input(confirmed_study(facts), c, bindings, rules=real_rule_catalog().rules)

tests/protocol_v3/test_chapter_applicability.py:434: 
_ _ _ _ _ _ _ _ _ _ _ _ _ _ _ _ _ _ _ _ _ _ _ _ _ _ _ _ _ _ _ _ _ _ _ _ _ _ _ _ 
services/api/app/protocol_workflow/registries/applicability.py:311: in bind_applicable_input
    effective, active_ids, digest = _resolved_input_contract(study, contract, bindings, rules)
                                    ^^^^^^^^^^^^^^^^^^^^^^^^^^^^^^^^^^^^^^^^^^^^^^^^^^^^^^^^^^
_ _ _ _ _ _ _ _ _ _ _ _ _ _ _ _ _ _ _ _ _ _ _ _ _ _ _ _ _ _ _ _ _ _ _ _ _ _ _ _ 

study = StudyDefinitionV3(schema_version='mw_protocol_v3_contract_v1', canonical_state=<CanonicalState.CONFIRMED: 'confirmed'>...icable': None}, decision_record_ids=(), updated_at=datetime.datetime(2026, 8, 10, 10, 0, tzinfo=datetime.timezone.utc))
contract = ChapterContractV2(schema_version='mw_protocol_v3_contract_v2', canonical_state=<CanonicalState.FROZEN: 'frozen'>, chap..., risk_if_unmet='不成比例的监查声明会造成无法履行的质量承诺。'),), patient_participation_obligations=(), registry_consistency_obligations=())
bindings = (FactBinding(fact_path='ae.ae_collection_not_teaee_classification', canonical_path='ae.ae_collection_not_teaee_classif...'chapter_contracts/v2_n_10_1_4.json#/substantive_content/fact_requirements/3/fact_path'), unit=None, timing=None), ...)
rules = (RulePredicate(rule_id='conditional:v2-n-11-4-6:pk', source_rule_sha256='9c71f57857555dc84965dfabe4a9fa1898691bdbfcc04...itional_object_kinds=(), inactive_claim_requirements=(), inactive_evidence_requirements=(), reference_targets=()), ...)

    def _resolved_input_contract(study, contract, bindings, rules):
        from app.protocol_workflow.registries.chapters import ChapterContentPayload, ContentFact
        index, states, findings = _resolve_rule_states(contract, study, rules)
        if findings:
>           raise ApplicabilityResolutionError(findings)
E           app.protocol_workflow.registries.applicability.ApplicabilityResolutionError: conditional_predicate_missing:conditional_rule:applicability:n-14-3:remote-monitoring

services/api/app/protocol_workflow/registries/applicability.py:270: ApplicabilityResolutionError

During handling of the above exception, another exception occurred:

node = 'v2_n_14_3', flag = None

    @pytest.mark.parametrize("node", ["v2_n_14_1", "v2_n_14_3", "v2_n_15"])
    @pytest.mark.parametrize("flag", [False, True, None])
    def test_product_optional_plans_preserve_base_and_require_only_active_details(node, flag):
        from app.protocol_workflow.registries.applicability import bind_applicable_input, ApplicabilityResolutionError
        from app.protocol_workflow.registries.fact_bindings import FactBindingCatalog, FactBindingError
        from packages.contracts.workbench_contracts.protocol_v3 import ChapterContractV2
        from test_all_chapter_contracts import REAL_TEMPLATE_DIR
        from test_chapter_fact_binding import confirmed_study
        c = ChapterContractV2.model_validate_json((REAL_TEMPLATE_DIR / f"chapter_contracts/{node}.json").read_text())
        rule = c.conditional_applicability_rules[0]
        facts = {f.fact_path: "synthetic confirmed base arrangement" for f in c.substantive_content.fact_requirements
                 if f.obligation.value == "required"}
        facts[rule.triggering_fact_paths[0]] = flag
        bindings = FactBindingCatalog.model_validate_json((REAL_TEMPLATE_DIR / "fact_bindings.json").read_text()).bindings
        if flag is False:
            result = bind_applicable_input(confirmed_study(facts), c, bindings, rules=real_rule_catalog().rules)
            assert dict(result.resolved_facts) == facts
        elif flag is True:
            with pytest.raises(FactBindingError, match="missing_required_fact") as caught:
                bind_applicable_input(confirmed_study(facts), c, bindings, rules=real_rule_catalog().rules)
            assert set(caught.value.fact_paths) == set(rule.required_when_active_fact_paths)
            facts.update({p: "synthetic confirmed applicable detail" for p in rule.required_when_active_fact_paths})
            result = bind_applicable_input(confirmed_study(facts), c, bindings, rules=real_rule_catalog().rules)
            assert dict(result.resolved_facts) == facts
        else:
>           with pytest.raises(ApplicabilityResolutionError, match="conditional_applicability_unresolved"):
                 ^^^^^^^^^^^^^^^^^^^^^^^^^^^^^^^^^^^^^^^^^^^^^^^^^^^^^^^^^^^^^^^^^^^^^^^^^^^^^^^^^^^^^^^^^
E           AssertionError: Regex pattern did not match.
E            Regex: 'conditional_applicability_unresolved'
E            Input: 'conditional_predicate_missing:conditional_rule:applicability:n-14-3:remote-monitoring'

tests/protocol_v3/test_chapter_applicability.py:433: AssertionError
_ test_product_optional_plans_preserve_base_and_require_only_active_details[None-v2_n_15] _

node = 'v2_n_15', flag = None

    @pytest.mark.parametrize("node", ["v2_n_14_1", "v2_n_14_3", "v2_n_15"])
    @pytest.mark.parametrize("flag", [False, True, None])
    def test_product_optional_plans_preserve_base_and_require_only_active_details(node, flag):
        from app.protocol_workflow.registries.applicability import bind_applicable_input, ApplicabilityResolutionError
        from app.protocol_workflow.registries.fact_bindings import FactBindingCatalog, FactBindingError
        from packages.contracts.workbench_contracts.protocol_v3 import ChapterContractV2
        from test_all_chapter_contracts import REAL_TEMPLATE_DIR
        from test_chapter_fact_binding import confirmed_study
        c = ChapterContractV2.model_validate_json((REAL_TEMPLATE_DIR / f"chapter_contracts/{node}.json").read_text())
        rule = c.conditional_applicability_rules[0]
        facts = {f.fact_path: "synthetic confirmed base arrangement" for f in c.substantive_content.fact_requirements
                 if f.obligation.value == "required"}
        facts[rule.triggering_fact_paths[0]] = flag
        bindings = FactBindingCatalog.model_validate_json((REAL_TEMPLATE_DIR / "fact_bindings.json").read_text()).bindings
        if flag is False:
            result = bind_applicable_input(confirmed_study(facts), c, bindings, rules=real_rule_catalog().rules)
            assert dict(result.resolved_facts) == facts
        elif flag is True:
            with pytest.raises(FactBindingError, match="missing_required_fact") as caught:
                bind_applicable_input(confirmed_study(facts), c, bindings, rules=real_rule_catalog().rules)
            assert set(caught.value.fact_paths) == set(rule.required_when_active_fact_paths)
            facts.update({p: "synthetic confirmed applicable detail" for p in rule.required_when_active_fact_paths})
            result = bind_applicable_input(confirmed_study(facts), c, bindings, rules=real_rule_catalog().rules)
            assert dict(result.resolved_facts) == facts
        else:
            with pytest.raises(ApplicabilityResolutionError, match="conditional_applicability_unresolved"):
>               bind_applicable_input(confirmed_study(facts), c, bindings, rules=real_rule_catalog().rules)

tests/protocol_v3/test_chapter_applicability.py:434: 
_ _ _ _ _ _ _ _ _ _ _ _ _ _ _ _ _ _ _ _ _ _ _ _ _ _ _ _ _ _ _ _ _ _ _ _ _ _ _ _ 
services/api/app/protocol_workflow/registries/applicability.py:311: in bind_applicable_input
    effective, active_ids, digest = _resolved_input_contract(study, contract, bindings, rules)
                                    ^^^^^^^^^^^^^^^^^^^^^^^^^^^^^^^^^^^^^^^^^^^^^^^^^^^^^^^^^^
_ _ _ _ _ _ _ _ _ _ _ _ _ _ _ _ _ _ _ _ _ _ _ _ _ _ _ _ _ _ _ _ _ _ _ _ _ _ _ _ 

study = StudyDefinitionV3(schema_version='mw_protocol_v3_contract_v1', canonical_state=<CanonicalState.CONFIRMED: 'confirmed'>...resent': None}, decision_record_ids=(), updated_at=datetime.datetime(2026, 8, 10, 10, 0, tzinfo=datetime.timezone.utc))
contract = ChapterContractV2(schema_version='mw_protocol_v3_contract_v2', canonical_state=<CanonicalState.FROZEN: 'frozen'>, chap...sk_if_unmet='复制示例书目或悬空引用会把未核查内容呈现为研究证据。'),), patient_participation_obligations=(), registry_consistency_obligations=())
bindings = (FactBinding(fact_path='ae.ae_collection_not_teaee_classification', canonical_path='ae.ae_collection_not_teaee_classif...'chapter_contracts/v2_n_10_1_4.json#/substantive_content/fact_requirements/3/fact_path'), unit=None, timing=None), ...)
rules = (RulePredicate(rule_id='conditional:v2-n-11-4-6:pk', source_rule_sha256='9c71f57857555dc84965dfabe4a9fa1898691bdbfcc04...itional_object_kinds=(), inactive_claim_requirements=(), inactive_evidence_requirements=(), reference_targets=()), ...)

    def _resolved_input_contract(study, contract, bindings, rules):
        from app.protocol_workflow.registries.chapters import ChapterContentPayload, ContentFact
        index, states, findings = _resolve_rule_states(contract, study, rules)
        if findings:
>           raise ApplicabilityResolutionError(findings)
E           app.protocol_workflow.registries.applicability.ApplicabilityResolutionError: conditional_predicate_missing:conditional_rule:applicability:n-15:foreign-style

services/api/app/protocol_workflow/registries/applicability.py:270: ApplicabilityResolutionError

During handling of the above exception, another exception occurred:

node = 'v2_n_15', flag = None

    @pytest.mark.parametrize("node", ["v2_n_14_1", "v2_n_14_3", "v2_n_15"])
    @pytest.mark.parametrize("flag", [False, True, None])
    def test_product_optional_plans_preserve_base_and_require_only_active_details(node, flag):
        from app.protocol_workflow.registries.applicability import bind_applicable_input, ApplicabilityResolutionError
        from app.protocol_workflow.registries.fact_bindings import FactBindingCatalog, FactBindingError
        from packages.contracts.workbench_contracts.protocol_v3 import ChapterContractV2
        from test_all_chapter_contracts import REAL_TEMPLATE_DIR
        from test_chapter_fact_binding import confirmed_study
        c = ChapterContractV2.model_validate_json((REAL_TEMPLATE_DIR / f"chapter_contracts/{node}.json").read_text())
        rule = c.conditional_applicability_rules[0]
        facts = {f.fact_path: "synthetic confirmed base arrangement" for f in c.substantive_content.fact_requirements
                 if f.obligation.value == "required"}
        facts[rule.triggering_fact_paths[0]] = flag
        bindings = FactBindingCatalog.model_validate_json((REAL_TEMPLATE_DIR / "fact_bindings.json").read_text()).bindings
        if flag is False:
            result = bind_applicable_input(confirmed_study(facts), c, bindings, rules=real_rule_catalog().rules)
            assert dict(result.resolved_facts) == facts
        elif flag is True:
            with pytest.raises(FactBindingError, match="missing_required_fact") as caught:
                bind_applicable_input(confirmed_study(facts), c, bindings, rules=real_rule_catalog().rules)
            assert set(caught.value.fact_paths) == set(rule.required_when_active_fact_paths)
            facts.update({p: "synthetic confirmed applicable detail" for p in rule.required_when_active_fact_paths})
            result = bind_applicable_input(confirmed_study(facts), c, bindings, rules=real_rule_catalog().rules)
            assert dict(result.resolved_facts) == facts
        else:
>           with pytest.raises(ApplicabilityResolutionError, match="conditional_applicability_unresolved"):
                 ^^^^^^^^^^^^^^^^^^^^^^^^^^^^^^^^^^^^^^^^^^^^^^^^^^^^^^^^^^^^^^^^^^^^^^^^^^^^^^^^^^^^^^^^^
E           AssertionError: Regex pattern did not match.
E            Regex: 'conditional_applicability_unresolved'
E            Input: 'conditional_predicate_missing:conditional_rule:applicability:n-15:foreign-style'

tests/protocol_v3/test_chapter_applicability.py:433: AssertionError
=========================== short test summary info ============================
FAILED tests/protocol_v3/test_chapter_applicability.py::test_product_optional_plans_preserve_base_and_require_only_active_details[False-v2_n_14_1]
FAILED tests/protocol_v3/test_chapter_applicability.py::test_product_optional_plans_preserve_base_and_require_only_active_details[False-v2_n_14_3]
FAILED tests/protocol_v3/test_chapter_applicability.py::test_product_optional_plans_preserve_base_and_require_only_active_details[False-v2_n_15]
FAILED tests/protocol_v3/test_chapter_applicability.py::test_product_optional_plans_preserve_base_and_require_only_active_details[True-v2_n_14_1]
FAILED tests/protocol_v3/test_chapter_applicability.py::test_product_optional_plans_preserve_base_and_require_only_active_details[True-v2_n_14_3]
FAILED tests/protocol_v3/test_chapter_applicability.py::test_product_optional_plans_preserve_base_and_require_only_active_details[True-v2_n_15]
FAILED tests/protocol_v3/test_chapter_applicability.py::test_product_optional_plans_preserve_base_and_require_only_active_details[None-v2_n_14_1]
FAILED tests/protocol_v3/test_chapter_applicability.py::test_product_optional_plans_preserve_base_and_require_only_active_details[None-v2_n_14_3]
FAILED tests/protocol_v3/test_chapter_applicability.py::test_product_optional_plans_preserve_base_and_require_only_active_details[None-v2_n_15]
9 failed, 41 deselected in 1.24s
