FFF                                                                      [100%]
=================================== FAILURES ===================================
_ test_existing_snapshot_distinguishes_chapter_presence_from_inner_condition[False-applicable] _

value = False, status = 'applicable'

    @pytest.mark.parametrize("value,status", [(False, "applicable"), (None, "conditional")])
    def test_existing_snapshot_distinguishes_chapter_presence_from_inner_condition(value, status):
        from datetime import datetime, timezone
>       from app.protocol_workflow.registries.applicability import build_applicability_snapshot
E       ImportError: cannot import name 'build_applicability_snapshot' from 'app.protocol_workflow.registries.applicability' (/Users/smkzw/Documents/康哲项目资料/AI/医学经理工作台/implementation/protocol-v3-workbench-mw_protocol_v3_phase0_20260809_111313/services/api/app/protocol_workflow/registries/applicability.py)

tests/protocol_v3/test_chapter_applicability.py:237: ImportError
_ test_existing_snapshot_distinguishes_chapter_presence_from_inner_condition[None-conditional] _

value = None, status = 'conditional'

    @pytest.mark.parametrize("value,status", [(False, "applicable"), (None, "conditional")])
    def test_existing_snapshot_distinguishes_chapter_presence_from_inner_condition(value, status):
        from datetime import datetime, timezone
>       from app.protocol_workflow.registries.applicability import build_applicability_snapshot
E       ImportError: cannot import name 'build_applicability_snapshot' from 'app.protocol_workflow.registries.applicability' (/Users/smkzw/Documents/康哲项目资料/AI/医学经理工作台/implementation/protocol-v3-workbench-mw_protocol_v3_phase0_20260809_111313/services/api/app/protocol_workflow/registries/applicability.py)

tests/protocol_v3/test_chapter_applicability.py:237: ImportError
___________ test_explicit_whole_appendix_condition_can_exclude_ecog ____________

    def test_explicit_whole_appendix_condition_can_exclude_ecog():
        from datetime import datetime, timezone
>       from app.protocol_workflow.registries.applicability import FactPredicate, RulePredicate, build_applicability_snapshot
E       ImportError: cannot import name 'build_applicability_snapshot' from 'app.protocol_workflow.registries.applicability' (/Users/smkzw/Documents/康哲项目资料/AI/医学经理工作台/implementation/protocol-v3-workbench-mw_protocol_v3_phase0_20260809_111313/services/api/app/protocol_workflow/registries/applicability.py)

tests/protocol_v3/test_chapter_applicability.py:252: ImportError
=========================== short test summary info ============================
FAILED tests/protocol_v3/test_chapter_applicability.py::test_existing_snapshot_distinguishes_chapter_presence_from_inner_condition[False-applicable]
FAILED tests/protocol_v3/test_chapter_applicability.py::test_existing_snapshot_distinguishes_chapter_presence_from_inner_condition[None-conditional]
FAILED tests/protocol_v3/test_chapter_applicability.py::test_explicit_whole_appendix_condition_can_exclude_ecog
3 failed, 26 deselected in 0.59s
