02:25:34 WAIT_TRIAGE_W4 start
02:25:34 n=1 elapsed=0s {"status": "项目状态 研究框架待确认 来源：从零开始 · 版本 12 竞品调研进度 AI竞品分诊 01 研究框架 02 PICOS设计 03", "ver": "版本 12", "lit": "正在处理竞品文献 9/14 · 第 9 批，可同时查看已准备资料", "done": "已完成 8/14", "pct": "57%", "pipe": true, "step1Dis": true, "saveDis": true, "lockDis": true, "ocr": false, "stale": false, "err": "", "nPending": 50, "nDirect": 3, "picos": false}
02:25:34 SHOT 20-triage-poll-01.png 182770b
02:26:14 n=2 elapsed=40s {"status": "项目状态 研究框架待确认 来源：从零开始 · 版本 12 竞品调研进度 AI竞品分诊 01 研究框架 02 PICOS设计 03", "ver": "版本 12", "lit": "正在处理竞品文献 10/14 · 第 10 批，可同时查看已准备资料", "done": "已完成 9/14", "pct": "64%", "pipe": true, "step1Dis": true, "saveDis": true, "lockDis": true, "ocr": false, "stale": false, "err": "", "nPending": 50, "nDirect": 3, "picos": false}
02:26:14 PROGRESS 已完成 8/14 -> 已完成 9/14
02:26:54 n=3 elapsed=80s {"status": "项目状态 研究框架待确认 来源：从零开始 · 版本 12 竞品调研进度 AI竞品分诊 01 研究框架 02 PICOS设计 03", "ver": "版本 12", "lit": "正在处理竞品文献 11/14 · 第 11 批，可同时查看已准备资料", "done": "已完成 10/14", "pct": "71%", "pipe": true, "step1Dis": true, "saveDis": true, "lockDis": true, "ocr": false, "stale": false, "err": "", "nPending": 50, "nDirect": 3, "picos": false}
02:26:54 SHOT 20-triage-poll-03.png 182712b
02:26:54 PROGRESS 已完成 9/14 -> 已完成 10/14
02:27:34 n=4 elapsed=120s {"status": "项目状态 研究框架待确认 来源：从零开始 · 版本 12 竞品调研进度 AI竞品分诊 01 研究框架 02 PICOS设计 03", "ver": "版本 12", "lit": "正在处理竞品文献 12/14 · 第 12 批，可同时查看已准备资料", "done": "已完成 11/14", "pct": "79%", "pipe": true, "step1Dis": true, "saveDis": true, "lockDis": true, "ocr": false, "stale": false, "err": "", "nPending": 50, "nDirect": 3, "picos": false}
02:27:34 PROGRESS 已完成 10/14 -> 已完成 11/14
02:28:14 n=5 elapsed=160s {"status": "项目状态 研究框架待确认 来源：从零开始 · 版本 12 竞品调研进度 AI竞品分诊 01 研究框架 02 PICOS设计 03", "ver": "版本 12", "lit": "正在处理竞品文献 12/14 · 第 12 批，可同时查看已准备资料", "done": "已完成 11/14", "pct": "79%", "pipe": true, "step1Dis": true, "saveDis": true, "lockDis": true, "ocr": false, "stale": false, "err": "", "nPending": 50, "nDirect": 3, "picos": false}
02:28:54 n=6 elapsed=200s {"status": "项目状态 研究框架待确认 来源：从零开始 · 版本 12 竞品调研进度 AI竞品分诊 01 研究框架 02 PICOS设计 03", "ver": "版本 12", "lit": "正在处理竞品文献 12/14 · 第 12 批，可同时查看已准备资料", "done": "已完成 11/14", "pct": "79%", "pipe": true, "step1Dis": true, "saveDis": true, "lockDis": true, "ocr": false, "stale": false, "err": "", "nPending": 50, "nDirect": 3, "picos": false}
02:28:54 SHOT 20-triage-poll-06.png 182921b
02:29:34 n=7 elapsed=240s {"status": "项目状态 研究框架待确认 来源：从零开始 · 版本 12 竞品调研进度 AI竞品分诊 01 研究框架 02 PICOS设计 03", "ver": "版本 12", "lit": "正在处理竞品文献 12/14 · 第 12 批，可同时查看已准备资料", "done": "已完成 11/14", "pct": "79%", "pipe": true, "step1Dis": true, "saveDis": true, "lockDis": true, "ocr": false, "stale": false, "err": "", "nPending": 50, "nDirect": 3, "picos": false}
02:29:53 RESUME_TRIAGE_WAIT cap~26min remaining (30min from 02:25:34)
02:29:53 n=1 elapsed=0s EVAL_ERR HTTP Error 400: Bad Request
02:30:14 n=8 elapsed=280s {"status": "项目状态 研究框架待确认 来源：从零开始 · 版本 12 竞品调研进度 AI竞品分诊 01 研究框架 02 PICOS设计 03", "ver": "版本 12", "lit": "正在处理竞品文献 13/14 · 第 13 批，可同时查看已准备资料", "done": "已完成 12/14", "pct": "86%", "pipe": true, "step1Dis": true, "saveDis": true, "lockDis": true, "ocr": false, "stale": false, "err": "", "nPending": 50, "nDirect": 3, "picos": false}
02:30:14 PROGRESS 已完成 11/14 -> 已完成 12/14
02:30:33 n=2 elapsed=40s EVAL_ERR HTTP Error 400: Bad Request
02:30:54 n=9 elapsed=320s {"status": "项目状态 研究框架待确认 来源：从零开始 · 版本 12 竞品调研进度 AI竞品分诊 01 研究框架 02 PICOS设计 03", "ver": "版本 12", "lit": "正在处理竞品文献 14/14 · 第 14 批，可同时查看已准备资料", "done": "已完成 13/14", "pct": "93%", "pipe": true, "step1Dis": true, "saveDis": true, "lockDis": true, "ocr": false, "stale": false, "err": "", "nPending": 50, "nDirect": 3, "picos": false}
02:30:54 SHOT 20-triage-poll-09.png 182830b
02:30:54 PROGRESS 已完成 12/14 -> 已完成 13/14
02:31:13 n=3 elapsed=80s EVAL_ERR HTTP Error 400: Bad Request
02:31:34 RESUME_TRIAGE_WAIT2 userId-in-body cap~23min
02:31:34 n=10 elapsed=360s {"status": "项目状态 研究框架待确认 来源：从零开始 · 版本 12 竞品调研进度 AI竞品分诊 01 研究框架 02 PICOS设计 03", "ver": "版本 12", "lit": "正在处理竞品文献 14/14 · 第 14 批，可同时查看已准备资料", "done": "已完成 13/14", "pct": "93%", "pipe": true, "step1Dis": true, "saveDis": true, "lockDis": true, "ocr": false, "stale": false, "err": "", "nPending": 50, "nDirect": 3, "picos": false}
02:31:34 n=1 elapsed=0s {"status": "项目状态", "ver": "版本 12", "lit": "正在处理竞品文献 14/14 · 第 14 批，可同时查看已准备资料。", "done": "已完成 13/14", "pct": "93%", "pipeFreeze": true, "step1Dis": true, "saveDis": true, "lockDis": true, "picosDis": null, "ocr": false, "stale": false, "err": "", "nPending": 50, "nDirect": 3, "cancel": false, "locked": "已锁定 146 项"}
02:31:34 PROGRESS None -> 已完成 13/14
02:31:34 SHOT 20-triage-poll-r2-01.png 182830b
02:31:53 n=4 elapsed=120s EVAL_ERR HTTP Error 400: Bad Request
02:32:14 n=11 elapsed=400s {"status": "项目状态 研究框架待确认 来源：从零开始 · 版本 12 竞品调研进度 等待确认分诊 01 研究框架 02 PICOS设计 03", "ver": "版本 12", "lit": "", "done": "已完成 14/14", "pct": "100%", "pipe": false, "step1Dis": false, "saveDis": true, "lockDis": true, "ocr": false, "stale": false, "err": "", "nPending": 50, "nDirect": 3, "picos": false}
02:32:14 SHOT 21-triage-wait-end.png 178251b
02:32:14 DONE reason=step1_enabled elapsed=400s polls=11
02:32:14 n=2 elapsed=40s {"status": "项目状态", "ver": "版本 12", "lit": "", "done": "已完成 14/14", "pct": "100%", "pipeFreeze": false, "step1Dis": false, "saveDis": true, "lockDis": true, "picosDis": null, "ocr": false, "stale": false, "err": "", "nPending": 50, "nDirect": 3, "cancel": false, "locked": "已锁定 146 项"}
02:32:14 PROGRESS 已完成 13/14 -> 已完成 14/14
02:32:15 SHOT 20-triage-poll-r2-02.png 178251b
02:32:15 STOP step1 ENABLED
02:32:15 SHOT 22-triage-done-step1-enabled.png 178251b
02:32:15 DONE reason=step1_enabled
02:32:33 n=5 elapsed=160s EVAL_ERR HTTP Error 400: Bad Request
02:33:13 n=6 elapsed=200s EVAL_ERR HTTP Error 400: Bad Request
02:33:53 n=7 elapsed=240s EVAL_ERR HTTP Error 400: Bad Request
02:34:33 n=8 elapsed=280s EVAL_ERR HTTP Error 400: Bad Request
02:35:13 n=9 elapsed=320s EVAL_ERR HTTP Error 400: Bad Request
02:35:53 n=10 elapsed=360s EVAL_ERR HTTP Error 400: Bad Request
02:36:33 n=11 elapsed=400s EVAL_ERR HTTP Error 400: Bad Request
02:37:13 n=12 elapsed=440s EVAL_ERR HTTP Error 400: Bad Request
02:37:53 n=13 elapsed=480s EVAL_ERR HTTP Error 400: Bad Request
02:38:33 n=14 elapsed=520s EVAL_ERR HTTP Error 400: Bad Request
02:39:13 n=15 elapsed=560s EVAL_ERR HTTP Error 400: Bad Request
02:39:53 n=16 elapsed=600s EVAL_ERR HTTP Error 400: Bad Request
02:40:33 n=17 elapsed=640s EVAL_ERR HTTP Error 400: Bad Request
02:41:13 n=18 elapsed=680s EVAL_ERR HTTP Error 400: Bad Request
02:41:53 n=19 elapsed=720s EVAL_ERR HTTP Error 400: Bad Request
02:42:33 n=20 elapsed=760s EVAL_ERR HTTP Error 400: Bad Request
02:43:13 n=21 elapsed=800s EVAL_ERR HTTP Error 400: Bad Request
02:43:53 n=22 elapsed=840s EVAL_ERR HTTP Error 400: Bad Request
02:44:33 n=23 elapsed=880s EVAL_ERR HTTP Error 400: Bad Request
02:45:13 n=24 elapsed=920s EVAL_ERR HTTP Error 400: Bad Request
02:45:53 n=25 elapsed=960s EVAL_ERR HTTP Error 400: Bad Request
02:46:33 n=26 elapsed=1000s EVAL_ERR HTTP Error 400: Bad Request
02:47:13 n=27 elapsed=1040s EVAL_ERR HTTP Error 400: Bad Request
02:47:53 n=28 elapsed=1080s EVAL_ERR HTTP Error 400: Bad Request
02:48:33 n=29 elapsed=1120s EVAL_ERR HTTP Error 400: Bad Request
02:49:13 n=30 elapsed=1160s EVAL_ERR HTTP Error 400: Bad Request
02:49:53 n=31 elapsed=1200s EVAL_ERR HTTP Error 400: Bad Request
02:50:33 n=32 elapsed=1240s EVAL_ERR HTTP Error 400: Bad Request
02:51:13 n=33 elapsed=1280s EVAL_ERR HTTP Error 400: Bad Request
02:51:53 n=34 elapsed=1320s EVAL_ERR HTTP Error 400: Bad Request
02:52:33 n=35 elapsed=1360s EVAL_ERR HTTP Error 400: Bad Request
02:53:13 n=36 elapsed=1400s EVAL_ERR HTTP Error 400: Bad Request
02:53:53 n=37 elapsed=1440s EVAL_ERR HTTP Error 400: Bad Request
02:54:33 n=38 elapsed=1480s EVAL_ERR HTTP Error 400: Bad Request
