11:20:55 WAIT_TRIAGE start
11:20:55 n=1 elapsed=0s searching=False nDirect=0 nItem=146 api=返回 146/146 romos=True ocr=False err=False lock=False
建稿前语料准备
竞品方案参照
当前工作区已保存本次公开检索快照（wref_search_131b2e851683acecb851）；候选分诊、原文处理、译文审核和准入将沿用同一来源链。检索快照本身不等于医学确认。
候选研究
文档与解析
结构与译文确认
已准入证据

API 2.0.5 · 数据时间 2026-09-29T09:00:05 · 返回 146/146

146项
NCT00310531
待AI分类
3-year Study of Menostar Versus Evista to Prevent Osteoporosis in Post-menopausal Women
Bayer · PHASE3
NCT04591275
待AI分类
Clinical Efficacy and Safety Comparative Study Between CMAB807 Injection and Prolia® .
Shanghai Biomabs Pharmaceutical Co., Ltd. · PHASE3
NCT00092014
待AI分类
A Study to Evaluate and Compare Alendronate and Risedronate on Bone Mineral Density in Women With Postmenopausal Osteoporosis (MK-0217-211)
Organon and Co · PHASE3
NCT00718861
待AI分类
3 yr Efficacy & Safety Study of Zo
---
11:20:55 DONE
