11:22:13 WAIT_LOCK start
11:22:13 n=1 elapsed=0s status=语料准备中 prog= ocr=False trans=False blocked=True ready=False c3={} err=
语料准备与写作准入
公开竞品原文、监管中文语料和项目设计事实共同决定章节可写性
当前阻断写作
ClinicalTrials.gov竞品检索计划
先按注册库条件宽检索，再由医学经理按项目设计线索分诊相关研究。
重新检索竞品
实际发送到注册库的条件
疾病/适应症
postmenopausal osteoporosis
研究分期
PHASE3
研究类型
INTERVENTIONAL
干预名称
不限
研究地区
不限
检索后医学分诊线索
靶点/作用机制相近
同靶点：romosozumab（Evenity）。同治疗线/机制相邻：denosumab、特立帕肽、abaloparatide、口服双膦酸盐（阿仑膦酸钠等）。
内在研究目的相近
确证性研究、长期延展性研究（OLE）
总体设计相近
随机、双盲、安慰剂对照加阳性药对照（阿仑膦酸钠70mg口服每周一次）、平行分组、多中心。12个月双盲主要治疗期加12个月延伸治疗期。
目标研究人群相近
年龄段：成人；疾病状态：中重度；绝经后女性55–85岁，绝经不少于5年，腰椎或全髋BMD T-score -2.5至-3.5。排除肿瘤相关骨病。
研究药物技术类型相近
monoclonal_antibody
给药途径相近
皮下注射
系统或局部暴露特征相近
systemic

自动调研未完成：该检索计划已锁定快照，请刷新页面后重试检索。

建稿前语料准备
竞品方案参照
当前工作区已保存本次公开检索快照（wref_search_131b2e851683acecb851）；候选分诊、原文处理、译文审核和准入将沿用同一来源链。检索快照本身不等于医学确认。
候选研究
文档与解析
结构与译文确认
已准入证据
已锁定1项直接竞品/间接参照进入深度语料处理。

API 2.0.5 · 数据时间 2026-09-29T09:00:05 · 返回 146/146

146项

---
11:22:33 n=2 elapsed=20s status=语料准备中 prog= ocr=False trans=False blocked=True ready=False c3={} err=
语料准备与写作准入
公开竞品原文、监管中文语料和项目设计事实共同决定章节可写性
当前阻断写作
ClinicalTrials.gov竞品检索计划
先按注册库条件宽检索，再由医学经理按项目设计线索分诊相关研究。
重新检索竞品
实际发送到注册库的条件
疾病/适应症
postmenopausal osteoporosis
研究分期
PHASE3
研究类型
INTERVENTIONAL
干预名称
不限
研究地区
不限
检索后医学分诊线索
靶点/作用机制相近
同靶点：romosozumab（Evenity）。同治疗线/机制相邻：denosumab、特立帕肽、abaloparatide、口服双膦酸盐（阿仑膦酸钠等）。
内在研究目的相近
确证性研究、长期延展性研究（OLE）
总体设计相近
随机、双盲、安慰剂对照加阳性药对照（阿仑膦酸钠70mg口服每周一次）、平行分组、多中心。12个月双盲主要治疗期加12个月延伸治疗期。
目标研究人群相近
年龄段：成人；疾病状态：中重度；绝经后女性55–85岁，绝经不少于5年，腰椎或全髋BMD T-score -2.5至-3.5。排除肿瘤相关骨病。
研究药物技术类型相近
monoclonal_antibody
给药途径相近
皮下注射
系统或局部暴露特征相近
systemic

自动调研未完成：该检索计划已锁定快照，请刷新页面后重试检索。

建稿前语料准备
竞品方案参照
当前工作区已保存本次公开检索快照（wref_search_131b2e851683acecb851）；候选分诊、原文处理、译文审核和准入将沿用同一来源链。检索快照本身不等于医学确认。
候选研究
文档与解析
结构与译文确认
已准入证据
已锁定1项直接竞品/间接参照进入深度语料处理。

API 2.0.5 · 数据时间 2026-09-29T09:00:05 · 返回 146/146

146项

---
11:22:53 n=3 elapsed=40s status=语料准备中 prog= ocr=False trans=False blocked=True ready=False c3={} err=
语料准备与写作准入
公开竞品原文、监管中文语料和项目设计事实共同决定章节可写性
当前阻断写作
ClinicalTrials.gov竞品检索计划
先按注册库条件宽检索，再由医学经理按项目设计线索分诊相关研究。
重新检索竞品
实际发送到注册库的条件
疾病/适应症
postmenopausal osteoporosis
研究分期
PHASE3
研究类型
INTERVENTIONAL
干预名称
不限
研究地区
不限
检索后医学分诊线索
靶点/作用机制相近
同靶点：romosozumab（Evenity）。同治疗线/机制相邻：denosumab、特立帕肽、abaloparatide、口服双膦酸盐（阿仑膦酸钠等）。
内在研究目的相近
确证性研究、长期延展性研究（OLE）
总体设计相近
随机、双盲、安慰剂对照加阳性药对照（阿仑膦酸钠70mg口服每周一次）、平行分组、多中心。12个月双盲主要治疗期加12个月延伸治疗期。
目标研究人群相近
年龄段：成人；疾病状态：中重度；绝经后女性55–85岁，绝经不少于5年，腰椎或全髋BMD T-score -2.5至-3.5。排除肿瘤相关骨病。
研究药物技术类型相近
monoclonal_antibody
给药途径相近
皮下注射
系统或局部暴露特征相近
systemic

自动调研未完成：该检索计划已锁定快照，请刷新页面后重试检索。

建稿前语料准备
竞品方案参照
当前工作区已保存本次公开检索快照（wref_search_131b2e851683acecb851）；候选分诊、原文处理、译文审核和准入将沿用同一来源链。检索快照本身不等于医学确认。
候选研究
文档与解析
结构与译文确认
已准入证据
已锁定1项直接竞品/间接参照进入深度语料处理。

API 2.0.5 · 数据时间 2026-09-29T09:00:05 · 返回 146/146

146项

---
11:23:13 n=4 elapsed=60s status=语料准备中 prog= ocr=False trans=False blocked=True ready=False c3={} err=
语料准备与写作准入
公开竞品原文、监管中文语料和项目设计事实共同决定章节可写性
当前阻断写作
ClinicalTrials.gov竞品检索计划
先按注册库条件宽检索，再由医学经理按项目设计线索分诊相关研究。
重新检索竞品
实际发送到注册库的条件
疾病/适应症
postmenopausal osteoporosis
研究分期
PHASE3
研究类型
INTERVENTIONAL
干预名称
不限
研究地区
不限
检索后医学分诊线索
靶点/作用机制相近
同靶点：romosozumab（Evenity）。同治疗线/机制相邻：denosumab、特立帕肽、abaloparatide、口服双膦酸盐（阿仑膦酸钠等）。
内在研究目的相近
确证性研究、长期延展性研究（OLE）
总体设计相近
随机、双盲、安慰剂对照加阳性药对照（阿仑膦酸钠70mg口服每周一次）、平行分组、多中心。12个月双盲主要治疗期加12个月延伸治疗期。
目标研究人群相近
年龄段：成人；疾病状态：中重度；绝经后女性55–85岁，绝经不少于5年，腰椎或全髋BMD T-score -2.5至-3.5。排除肿瘤相关骨病。
研究药物技术类型相近
monoclonal_antibody
给药途径相近
皮下注射
系统或局部暴露特征相近
systemic

自动调研未完成：该检索计划已锁定快照，请刷新页面后重试检索。

建稿前语料准备
竞品方案参照
当前工作区已保存本次公开检索快照（wref_search_131b2e851683acecb851）；候选分诊、原文处理、译文审核和准入将沿用同一来源链。检索快照本身不等于医学确认。
候选研究
文档与解析
结构与译文确认
已准入证据
已锁定1项直接竞品/间接参照进入深度语料处理。

API 2.0.5 · 数据时间 2026-09-29T09:00:05 · 返回 146/146

146项

---
11:23:33 n=5 elapsed=80s status=语料准备中 prog= ocr=False trans=False blocked=True ready=False c3={} err=
语料准备与写作准入
公开竞品原文、监管中文语料和项目设计事实共同决定章节可写性
当前阻断写作
ClinicalTrials.gov竞品检索计划
先按注册库条件宽检索，再由医学经理按项目设计线索分诊相关研究。
重新检索竞品
实际发送到注册库的条件
疾病/适应症
postmenopausal osteoporosis
研究分期
PHASE3
研究类型
INTERVENTIONAL
干预名称
不限
研究地区
不限
检索后医学分诊线索
靶点/作用机制相近
同靶点：romosozumab（Evenity）。同治疗线/机制相邻：denosumab、特立帕肽、abaloparatide、口服双膦酸盐（阿仑膦酸钠等）。
内在研究目的相近
确证性研究、长期延展性研究（OLE）
总体设计相近
随机、双盲、安慰剂对照加阳性药对照（阿仑膦酸钠70mg口服每周一次）、平行分组、多中心。12个月双盲主要治疗期加12个月延伸治疗期。
目标研究人群相近
年龄段：成人；疾病状态：中重度；绝经后女性55–85岁，绝经不少于5年，腰椎或全髋BMD T-score -2.5至-3.5。排除肿瘤相关骨病。
研究药物技术类型相近
monoclonal_antibody
给药途径相近
皮下注射
系统或局部暴露特征相近
systemic

自动调研未完成：该检索计划已锁定快照，请刷新页面后重试检索。

建稿前语料准备
竞品方案参照
当前工作区已保存本次公开检索快照（wref_search_131b2e851683acecb851）；候选分诊、原文处理、译文审核和准入将沿用同一来源链。检索快照本身不等于医学确认。
候选研究
文档与解析
结构与译文确认
已准入证据
已锁定1项直接竞品/间接参照进入深度语料处理。

API 2.0.5 · 数据时间 2026-09-29T09:00:05 · 返回 146/146

146项

---
11:23:53 n=6 elapsed=100s status=语料准备中 prog= ocr=False trans=False blocked=True ready=False c3={} err=
语料准备与写作准入
公开竞品原文、监管中文语料和项目设计事实共同决定章节可写性
当前阻断写作
ClinicalTrials.gov竞品检索计划
先按注册库条件宽检索，再由医学经理按项目设计线索分诊相关研究。
重新检索竞品
实际发送到注册库的条件
疾病/适应症
postmenopausal osteoporosis
研究分期
PHASE3
研究类型
INTERVENTIONAL
干预名称
不限
研究地区
不限
检索后医学分诊线索
靶点/作用机制相近
同靶点：romosozumab（Evenity）。同治疗线/机制相邻：denosumab、特立帕肽、abaloparatide、口服双膦酸盐（阿仑膦酸钠等）。
内在研究目的相近
确证性研究、长期延展性研究（OLE）
总体设计相近
随机、双盲、安慰剂对照加阳性药对照（阿仑膦酸钠70mg口服每周一次）、平行分组、多中心。12个月双盲主要治疗期加12个月延伸治疗期。
目标研究人群相近
年龄段：成人；疾病状态：中重度；绝经后女性55–85岁，绝经不少于5年，腰椎或全髋BMD T-score -2.5至-3.5。排除肿瘤相关骨病。
研究药物技术类型相近
monoclonal_antibody
给药途径相近
皮下注射
系统或局部暴露特征相近
systemic

自动调研未完成：该检索计划已锁定快照，请刷新页面后重试检索。

建稿前语料准备
竞品方案参照
当前工作区已保存本次公开检索快照（wref_search_131b2e851683acecb851）；候选分诊、原文处理、译文审核和准入将沿用同一来源链。检索快照本身不等于医学确认。
候选研究
文档与解析
结构与译文确认
已准入证据
已锁定1项直接竞品/间接参照进入深度语料处理。

API 2.0.5 · 数据时间 2026-09-29T09:00:05 · 返回 146/146

146项

---
11:24:13 n=7 elapsed=120s status=语料准备中 prog= ocr=False trans=False blocked=True ready=False c3={} err=
语料准备与写作准入
公开竞品原文、监管中文语料和项目设计事实共同决定章节可写性
当前阻断写作
ClinicalTrials.gov竞品检索计划
先按注册库条件宽检索，再由医学经理按项目设计线索分诊相关研究。
重新检索竞品
实际发送到注册库的条件
疾病/适应症
postmenopausal osteoporosis
研究分期
PHASE3
研究类型
INTERVENTIONAL
干预名称
不限
研究地区
不限
检索后医学分诊线索
靶点/作用机制相近
同靶点：romosozumab（Evenity）。同治疗线/机制相邻：denosumab、特立帕肽、abaloparatide、口服双膦酸盐（阿仑膦酸钠等）。
内在研究目的相近
确证性研究、长期延展性研究（OLE）
总体设计相近
随机、双盲、安慰剂对照加阳性药对照（阿仑膦酸钠70mg口服每周一次）、平行分组、多中心。12个月双盲主要治疗期加12个月延伸治疗期。
目标研究人群相近
年龄段：成人；疾病状态：中重度；绝经后女性55–85岁，绝经不少于5年，腰椎或全髋BMD T-score -2.5至-3.5。排除肿瘤相关骨病。
研究药物技术类型相近
monoclonal_antibody
给药途径相近
皮下注射
系统或局部暴露特征相近
systemic

自动调研未完成：该检索计划已锁定快照，请刷新页面后重试检索。

建稿前语料准备
竞品方案参照
当前工作区已保存本次公开检索快照（wref_search_131b2e851683acecb851）；候选分诊、原文处理、译文审核和准入将沿用同一来源链。检索快照本身不等于医学确认。
候选研究
文档与解析
结构与译文确认
已准入证据
已锁定1项直接竞品/间接参照进入深度语料处理。

API 2.0.5 · 数据时间 2026-09-29T09:00:05 · 返回 146/146

146项

---
11:24:33 n=8 elapsed=140s status=语料准备中 prog= ocr=False trans=False blocked=True ready=False c3={} err=
语料准备与写作准入
公开竞品原文、监管中文语料和项目设计事实共同决定章节可写性
当前阻断写作
ClinicalTrials.gov竞品检索计划
先按注册库条件宽检索，再由医学经理按项目设计线索分诊相关研究。
重新检索竞品
实际发送到注册库的条件
疾病/适应症
postmenopausal osteoporosis
研究分期
PHASE3
研究类型
INTERVENTIONAL
干预名称
不限
研究地区
不限
检索后医学分诊线索
靶点/作用机制相近
同靶点：romosozumab（Evenity）。同治疗线/机制相邻：denosumab、特立帕肽、abaloparatide、口服双膦酸盐（阿仑膦酸钠等）。
内在研究目的相近
确证性研究、长期延展性研究（OLE）
总体设计相近
随机、双盲、安慰剂对照加阳性药对照（阿仑膦酸钠70mg口服每周一次）、平行分组、多中心。12个月双盲主要治疗期加12个月延伸治疗期。
目标研究人群相近
年龄段：成人；疾病状态：中重度；绝经后女性55–85岁，绝经不少于5年，腰椎或全髋BMD T-score -2.5至-3.5。排除肿瘤相关骨病。
研究药物技术类型相近
monoclonal_antibody
给药途径相近
皮下注射
系统或局部暴露特征相近
systemic

自动调研未完成：该检索计划已锁定快照，请刷新页面后重试检索。

建稿前语料准备
竞品方案参照
当前工作区已保存本次公开检索快照（wref_search_131b2e851683acecb851）；候选分诊、原文处理、译文审核和准入将沿用同一来源链。检索快照本身不等于医学确认。
候选研究
文档与解析
结构与译文确认
已准入证据
已锁定1项直接竞品/间接参照进入深度语料处理。

API 2.0.5 · 数据时间 2026-09-29T09:00:05 · 返回 146/146

146项

---
11:24:53 n=9 elapsed=160s status=语料准备中 prog= ocr=False trans=False blocked=True ready=False c3={} err=
语料准备与写作准入
公开竞品原文、监管中文语料和项目设计事实共同决定章节可写性
当前阻断写作
ClinicalTrials.gov竞品检索计划
先按注册库条件宽检索，再由医学经理按项目设计线索分诊相关研究。
重新检索竞品
实际发送到注册库的条件
疾病/适应症
postmenopausal osteoporosis
研究分期
PHASE3
研究类型
INTERVENTIONAL
干预名称
不限
研究地区
不限
检索后医学分诊线索
靶点/作用机制相近
同靶点：romosozumab（Evenity）。同治疗线/机制相邻：denosumab、特立帕肽、abaloparatide、口服双膦酸盐（阿仑膦酸钠等）。
内在研究目的相近
确证性研究、长期延展性研究（OLE）
总体设计相近
随机、双盲、安慰剂对照加阳性药对照（阿仑膦酸钠70mg口服每周一次）、平行分组、多中心。12个月双盲主要治疗期加12个月延伸治疗期。
目标研究人群相近
年龄段：成人；疾病状态：中重度；绝经后女性55–85岁，绝经不少于5年，腰椎或全髋BMD T-score -2.5至-3.5。排除肿瘤相关骨病。
研究药物技术类型相近
monoclonal_antibody
给药途径相近
皮下注射
系统或局部暴露特征相近
systemic

自动调研未完成：该检索计划已锁定快照，请刷新页面后重试检索。

建稿前语料准备
竞品方案参照
当前工作区已保存本次公开检索快照（wref_search_131b2e851683acecb851）；候选分诊、原文处理、译文审核和准入将沿用同一来源链。检索快照本身不等于医学确认。
候选研究
文档与解析
结构与译文确认
已准入证据
已锁定1项直接竞品/间接参照进入深度语料处理。

API 2.0.5 · 数据时间 2026-09-29T09:00:05 · 返回 146/146

146项

---
11:25:13 n=10 elapsed=180s status=语料准备中 prog= ocr=False trans=False blocked=True ready=False c3={} err=
语料准备与写作准入
公开竞品原文、监管中文语料和项目设计事实共同决定章节可写性
当前阻断写作
ClinicalTrials.gov竞品检索计划
先按注册库条件宽检索，再由医学经理按项目设计线索分诊相关研究。
重新检索竞品
实际发送到注册库的条件
疾病/适应症
postmenopausal osteoporosis
研究分期
PHASE3
研究类型
INTERVENTIONAL
干预名称
不限
研究地区
不限
检索后医学分诊线索
靶点/作用机制相近
同靶点：romosozumab（Evenity）。同治疗线/机制相邻：denosumab、特立帕肽、abaloparatide、口服双膦酸盐（阿仑膦酸钠等）。
内在研究目的相近
确证性研究、长期延展性研究（OLE）
总体设计相近
随机、双盲、安慰剂对照加阳性药对照（阿仑膦酸钠70mg口服每周一次）、平行分组、多中心。12个月双盲主要治疗期加12个月延伸治疗期。
目标研究人群相近
年龄段：成人；疾病状态：中重度；绝经后女性55–85岁，绝经不少于5年，腰椎或全髋BMD T-score -2.5至-3.5。排除肿瘤相关骨病。
研究药物技术类型相近
monoclonal_antibody
给药途径相近
皮下注射
系统或局部暴露特征相近
systemic

自动调研未完成：该检索计划已锁定快照，请刷新页面后重试检索。

建稿前语料准备
竞品方案参照
当前工作区已保存本次公开检索快照（wref_search_131b2e851683acecb851）；候选分诊、原文处理、译文审核和准入将沿用同一来源链。检索快照本身不等于医学确认。
候选研究
文档与解析
结构与译文确认
已准入证据
已锁定1项直接竞品/间接参照进入深度语料处理。

API 2.0.5 · 数据时间 2026-09-29T09:00:05 · 返回 146/146

146项

---
11:25:33 n=11 elapsed=200s status=语料准备中 prog= ocr=False trans=False blocked=True ready=False c3={} err=
语料准备与写作准入
公开竞品原文、监管中文语料和项目设计事实共同决定章节可写性
当前阻断写作
ClinicalTrials.gov竞品检索计划
先按注册库条件宽检索，再由医学经理按项目设计线索分诊相关研究。
重新检索竞品
实际发送到注册库的条件
疾病/适应症
postmenopausal osteoporosis
研究分期
PHASE3
研究类型
INTERVENTIONAL
干预名称
不限
研究地区
不限
检索后医学分诊线索
靶点/作用机制相近
同靶点：romosozumab（Evenity）。同治疗线/机制相邻：denosumab、特立帕肽、abaloparatide、口服双膦酸盐（阿仑膦酸钠等）。
内在研究目的相近
确证性研究、长期延展性研究（OLE）
总体设计相近
随机、双盲、安慰剂对照加阳性药对照（阿仑膦酸钠70mg口服每周一次）、平行分组、多中心。12个月双盲主要治疗期加12个月延伸治疗期。
目标研究人群相近
年龄段：成人；疾病状态：中重度；绝经后女性55–85岁，绝经不少于5年，腰椎或全髋BMD T-score -2.5至-3.5。排除肿瘤相关骨病。
研究药物技术类型相近
monoclonal_antibody
给药途径相近
皮下注射
系统或局部暴露特征相近
systemic

自动调研未完成：该检索计划已锁定快照，请刷新页面后重试检索。

建稿前语料准备
竞品方案参照
当前工作区已保存本次公开检索快照（wref_search_131b2e851683acecb851）；候选分诊、原文处理、译文审核和准入将沿用同一来源链。检索快照本身不等于医学确认。
候选研究
文档与解析
结构与译文确认
已准入证据
已锁定1项直接竞品/间接参照进入深度语料处理。

API 2.0.5 · 数据时间 2026-09-29T09:00:05 · 返回 146/146

146项

---
11:25:53 n=12 elapsed=220s status=语料准备中 prog= ocr=False trans=False blocked=True ready=False c3={} err=
语料准备与写作准入
公开竞品原文、监管中文语料和项目设计事实共同决定章节可写性
当前阻断写作
ClinicalTrials.gov竞品检索计划
先按注册库条件宽检索，再由医学经理按项目设计线索分诊相关研究。
重新检索竞品
实际发送到注册库的条件
疾病/适应症
postmenopausal osteoporosis
研究分期
PHASE3
研究类型
INTERVENTIONAL
干预名称
不限
研究地区
不限
检索后医学分诊线索
靶点/作用机制相近
同靶点：romosozumab（Evenity）。同治疗线/机制相邻：denosumab、特立帕肽、abaloparatide、口服双膦酸盐（阿仑膦酸钠等）。
内在研究目的相近
确证性研究、长期延展性研究（OLE）
总体设计相近
随机、双盲、安慰剂对照加阳性药对照（阿仑膦酸钠70mg口服每周一次）、平行分组、多中心。12个月双盲主要治疗期加12个月延伸治疗期。
目标研究人群相近
年龄段：成人；疾病状态：中重度；绝经后女性55–85岁，绝经不少于5年，腰椎或全髋BMD T-score -2.5至-3.5。排除肿瘤相关骨病。
研究药物技术类型相近
monoclonal_antibody
给药途径相近
皮下注射
系统或局部暴露特征相近
systemic

自动调研未完成：该检索计划已锁定快照，请刷新页面后重试检索。

建稿前语料准备
竞品方案参照
当前工作区已保存本次公开检索快照（wref_search_131b2e851683acecb851）；候选分诊、原文处理、译文审核和准入将沿用同一来源链。检索快照本身不等于医学确认。
候选研究
文档与解析
结构与译文确认
已准入证据
已锁定1项直接竞品/间接参照进入深度语料处理。

API 2.0.5 · 数据时间 2026-09-29T09:00:05 · 返回 146/146

146项

---
11:26:13 n=13 elapsed=240s status=语料准备中 prog= ocr=False trans=False blocked=True ready=False c3={} err=
语料准备与写作准入
公开竞品原文、监管中文语料和项目设计事实共同决定章节可写性
当前阻断写作
ClinicalTrials.gov竞品检索计划
先按注册库条件宽检索，再由医学经理按项目设计线索分诊相关研究。
重新检索竞品
实际发送到注册库的条件
疾病/适应症
postmenopausal osteoporosis
研究分期
PHASE3
研究类型
INTERVENTIONAL
干预名称
不限
研究地区
不限
检索后医学分诊线索
靶点/作用机制相近
同靶点：romosozumab（Evenity）。同治疗线/机制相邻：denosumab、特立帕肽、abaloparatide、口服双膦酸盐（阿仑膦酸钠等）。
内在研究目的相近
确证性研究、长期延展性研究（OLE）
总体设计相近
随机、双盲、安慰剂对照加阳性药对照（阿仑膦酸钠70mg口服每周一次）、平行分组、多中心。12个月双盲主要治疗期加12个月延伸治疗期。
目标研究人群相近
年龄段：成人；疾病状态：中重度；绝经后女性55–85岁，绝经不少于5年，腰椎或全髋BMD T-score -2.5至-3.5。排除肿瘤相关骨病。
研究药物技术类型相近
monoclonal_antibody
给药途径相近
皮下注射
系统或局部暴露特征相近
systemic

自动调研未完成：该检索计划已锁定快照，请刷新页面后重试检索。

建稿前语料准备
竞品方案参照
当前工作区已保存本次公开检索快照（wref_search_131b2e851683acecb851）；候选分诊、原文处理、译文审核和准入将沿用同一来源链。检索快照本身不等于医学确认。
候选研究
文档与解析
结构与译文确认
已准入证据
已锁定1项直接竞品/间接参照进入深度语料处理。

API 2.0.5 · 数据时间 2026-09-29T09:00:05 · 返回 146/146

146项

---
11:26:13 SETTLE_BLOCKED
