11:11:09 WAIT_SEARCH start
11:11:09 n=1 elapsed=0s searching=False zero=True hasItems=True nItems=0 api=返回 0/0
ClinicalTrials.gov竞品检索计划
先按注册库条件宽检索，再由医学经理按项目设计线索分诊相关研究。
未找到结果，重新检索
实际发送到注册库的条件
疾病/适应症
绝经后骨质疏松症
研究分期
PHASE3
研究类型
INTERVENTIONAL
干预名称
不限
研究地区
不限
检索后医学分诊线索

尚未形成靶点、研究目的或设计分诊线索。

暂未找到匹配的公开研究，可调整检索词后重试。

建稿前语料准备
竞品方案参照
当前工作区已保存本次公开检索快照（wref_search_f8e26d424050cad2e58c）；候选分诊、原文处理、译文审核和准入将沿用同一来源链。检索快照本身不等于医学确认。
候选研究
文档与解析
结构与译文确认
已准入证据

API 2.0.5 · 数据时间 2026-09-29T09:00:05 · 返回 0/0

0项
尚未检索公开竞品研究。
AI辅助分诊AI先完成全量分类；您整体浏览，必要时展开修改，再一次确认锁定。
启动AI分诊
锁定深度处理篮子
当前已有 0 项直接竞品/间接参照；锁定后仍保留所有候选和分诊审计。
分诊定稿理由

请先在候选列表中至少标记一项「直接竞品」或「间接参照」，再锁定篮子。

锁定竞品篮子
尚未满足的准入条件
竞品候选研究已完成人工相关性分诊
至少一份相关Protocol已完成内容校验与结构化解析
英文竞品方案关键章节已形成监管中文参考译文
项目适用中文语料已完成医学准入
PICOS关键设计事实与语料冲突已处置
当前写作文档已建立
研究设计变更提交后，返回编辑器完成受影响章节的重绑定、重新核对与审阅。

事实采集未完成：fact intake AI provider failed: Managed local model server unavailable: ensure(triage) failed on
---
11:11:09 DONE
