10:59:37 WAIT_INTAKE start
10:59:37 n=1 elapsed=0s {"hasParse": true, "hasAsk": true, "hasError": true, "completeEnabled": false, "saveEnabled": false, "submit": null, "status": "研究框架准备中"}
BANNER:
研究设计基线
研究框架、PICOS与动态章节
医学经理的设计选择立即应用；已有正文不会丢失，受影响内容会进入调和与重新审阅。
调整当前方案研究设计
研究设计受控变更
项目状态
研究框架准备中
来源：从零开始 · 版本 3
竞品调研进度
等待语料准入
01
研究框架
02
PICOS设计
03
语料准备
竞品方案处理
公开检索未发现可保留Protocol；未启动下载、OCR或翻译，请在语料准入处选择共享语料、手动上传或记录例外。
正在收集第一轮语料分析的准入来源
已完成 0/4 · 0%
查看竞品资料
部分建议已就绪
AI正在结合项目事实与公开研究形成整套建议
打开竞品处理
更新建议
AI推荐研究方案
先审阅整套设计与关键差异；采用后仍可在高级微调中逐项修改。
研究设计（正交维度）
待审阅
干预与合并治疗模块
待审阅
结局与终点模块
待审阅
研究人群模块
待审阅
产品画像模块
待审阅
执行与统计模块
待审阅

该分组当前没有推荐方案；请从下方候选中选择，或先完成待决字段后采用。

需您选择/补全
design模块待AI基于语料生成
模块结构已准备；待语料准入和独立AI完成证据绑定后生成3–5个候选包。
无置信
研究设计（正交维度）

该分组当前没有推荐方案；请从候选中选择，或先处理待决字段。

一键采用推荐方案
展开单字段修改与依据
仅在整包建议需要局部调整时使用
高级微调
仅在需要逐字段改写、补充精确规则或处理“其他”设计时展开
项目与产品
项目与产品
研究目的
竞品范围
总体设计
项目与产品
研究药物、适应症和研究分期是启动竞品检索的最小三项；其他内容可由系统预填后再确认
可选：研究者手册（IB）
暂未形成·稍后补充
最小产品事实包
可进入调研与建议包
高影响缺口 3 项：药物技术类型、给药途径、靶点/作用机制
上传研究者手册
暂不提供IB
方案号
版本
研究分期*
开发
FACT:
补充产品事实（自然语言）
可粘贴大段文字、药学资料摘要或临床前结论；独立AI拆解为可确认事实、推断、未知项、冲突和高影响缺口，每轮最多追问3个影响下游设计的问题。
IB可选·缺少不阻断调研
解析中

尚未发起事实采集。无IB不阻断竞品调研；当前目标产品事实仅采用用户输入或已绑定来源，竞品信息不会自动写成本品事实。此处补充的自然语言会合并进入版本化事实。

总体设计模式
目标研究人群
内在研究目的

研究者手册状态保存失败：stale authoring journey revision: expected 3, current 4

研究药物、适应症和研究分期足以启动竞品检索；产品技术类型或给药途径未知时可先保留待确认，由IB/语料证据提出建议。
保存草稿
完成第一步
---
11:00:12 n=2 elapsed=35s {"hasParse": true, "hasAsk": true, "hasError": true, "completeEnabled": false, "saveEnabled": false, "submit": null, "status": "研究框架准备中"}
BANNER:
研究设计基线
研究框架、PICOS与动态章节
医学经理的设计选择立即应用；已有正文不会丢失，受影响内容会进入调和与重新审阅。
调整当前方案研究设计
研究设计受控变更
项目状态
研究框架准备中
来源：从零开始 · 版本 3
竞品调研进度
等待语料准入
01
研究框架
02
PICOS设计
03
语料准备
竞品方案处理
公开检索未发现可保留Protocol；未启动下载、OCR或翻译，请在语料准入处选择共享语料、手动上传或记录例外。
正在收集第一轮语料分析的准入来源
已完成 0/4 · 0%
查看竞品资料
部分建议已就绪
AI正在结合项目事实与公开研究形成整套建议
打开竞品处理
更新建议
AI推荐研究方案
先审阅整套设计与关键差异；采用后仍可在高级微调中逐项修改。
研究设计（正交维度）
待审阅
干预与合并治疗模块
待审阅
结局与终点模块
待审阅
研究人群模块
待审阅
产品画像模块
待审阅
执行与统计模块
待审阅

该分组当前没有推荐方案；请从下方候选中选择，或先完成待决字段后采用。

需您选择/补全
design模块待AI基于语料生成
模块结构已准备；待语料准入和独立AI完成证据绑定后生成3–5个候选包。
无置信
研究设计（正交维度）

该分组当前没有推荐方案；请从候选中选择，或先处理待决字段。

一键采用推荐方案
展开单字段修改与依据
仅在整包建议需要局部调整时使用
高级微调
仅在需要逐字段改写、补充精确规则或处理“其他”设计时展开
项目与产品
项目与产品
研究目的
竞品范围
总体设计
项目与产品
研究药物、适应症和研究分期是启动竞品检索的最小三项；其他内容可由系统预填后再确认
可选：研究者手册（IB）
暂未形成·稍后补充
最小产品事实包
可进入调研与建议包
高影响缺口 3 项：药物技术类型、给药途径、靶点/作用机制
上传研究者手册
暂不提供IB
方案号
版本
研究分期*
开发
FACT:
补充产品事实（自然语言）
可粘贴大段文字、药学资料摘要或临床前结论；独立AI拆解为可确认事实、推断、未知项、冲突和高影响缺口，每轮最多追问3个影响下游设计的问题。
IB可选·缺少不阻断调研
解析中

尚未发起事实采集。无IB不阻断竞品调研；当前目标产品事实仅采用用户输入或已绑定来源，竞品信息不会自动写成本品事实。此处补充的自然语言会合并进入版本化事实。

总体设计模式
目标研究人群
内在研究目的

研究者手册状态保存失败：stale authoring journey revision: expected 3, current 4

研究药物、适应症和研究分期足以启动竞品检索；产品技术类型或给药途径未知时可先保留待确认，由IB/语料证据提出建议。
保存草稿
完成第一步
---
11:00:47 n=3 elapsed=70s {"hasParse": true, "hasAsk": true, "hasError": true, "completeEnabled": false, "saveEnabled": false, "submit": null, "status": "研究框架准备中"}
BANNER:
研究设计基线
研究框架、PICOS与动态章节
医学经理的设计选择立即应用；已有正文不会丢失，受影响内容会进入调和与重新审阅。
调整当前方案研究设计
研究设计受控变更
项目状态
研究框架准备中
来源：从零开始 · 版本 3
竞品调研进度
等待语料准入
01
研究框架
02
PICOS设计
03
语料准备
竞品方案处理
公开检索未发现可保留Protocol；未启动下载、OCR或翻译，请在语料准入处选择共享语料、手动上传或记录例外。
正在收集第一轮语料分析的准入来源
已完成 0/4 · 0%
查看竞品资料
部分建议已就绪
AI正在结合项目事实与公开研究形成整套建议
打开竞品处理
更新建议
AI推荐研究方案
先审阅整套设计与关键差异；采用后仍可在高级微调中逐项修改。
研究设计（正交维度）
待审阅
干预与合并治疗模块
待审阅
结局与终点模块
待审阅
研究人群模块
待审阅
产品画像模块
待审阅
执行与统计模块
待审阅

该分组当前没有推荐方案；请从下方候选中选择，或先完成待决字段后采用。

需您选择/补全
design模块待AI基于语料生成
模块结构已准备；待语料准入和独立AI完成证据绑定后生成3–5个候选包。
无置信
研究设计（正交维度）

该分组当前没有推荐方案；请从候选中选择，或先处理待决字段。

一键采用推荐方案
展开单字段修改与依据
仅在整包建议需要局部调整时使用
高级微调
仅在需要逐字段改写、补充精确规则或处理“其他”设计时展开
项目与产品
项目与产品
研究目的
竞品范围
总体设计
项目与产品
研究药物、适应症和研究分期是启动竞品检索的最小三项；其他内容可由系统预填后再确认
可选：研究者手册（IB）
暂未形成·稍后补充
最小产品事实包
可进入调研与建议包
高影响缺口 3 项：药物技术类型、给药途径、靶点/作用机制
上传研究者手册
暂不提供IB
方案号
版本
研究分期*
开发
FACT:
补充产品事实（自然语言）
可粘贴大段文字、药学资料摘要或临床前结论；独立AI拆解为可确认事实、推断、未知项、冲突和高影响缺口，每轮最多追问3个影响下游设计的问题。
IB可选·缺少不阻断调研
解析中

尚未发起事实采集。无IB不阻断竞品调研；当前目标产品事实仅采用用户输入或已绑定来源，竞品信息不会自动写成本品事实。此处补充的自然语言会合并进入版本化事实。

总体设计模式
目标研究人群
内在研究目的

研究者手册状态保存失败：stale authoring journey revision: expected 3, current 4

研究药物、适应症和研究分期足以启动竞品检索；产品技术类型或给药途径未知时可先保留待确认，由IB/语料证据提出建议。
保存草稿
完成第一步
---
11:01:22 n=4 elapsed=105s {"hasParse": true, "hasAsk": true, "hasError": true, "completeEnabled": false, "saveEnabled": false, "submit": null, "status": "研究框架准备中"}
BANNER:
研究设计基线
研究框架、PICOS与动态章节
医学经理的设计选择立即应用；已有正文不会丢失，受影响内容会进入调和与重新审阅。
调整当前方案研究设计
研究设计受控变更
项目状态
研究框架准备中
来源：从零开始 · 版本 3
竞品调研进度
等待语料准入
01
研究框架
02
PICOS设计
03
语料准备
竞品方案处理
公开检索未发现可保留Protocol；未启动下载、OCR或翻译，请在语料准入处选择共享语料、手动上传或记录例外。
正在收集第一轮语料分析的准入来源
已完成 0/4 · 0%
查看竞品资料
部分建议已就绪
AI正在结合项目事实与公开研究形成整套建议
打开竞品处理
更新建议
AI推荐研究方案
先审阅整套设计与关键差异；采用后仍可在高级微调中逐项修改。
研究设计（正交维度）
待审阅
干预与合并治疗模块
待审阅
结局与终点模块
待审阅
研究人群模块
待审阅
产品画像模块
待审阅
执行与统计模块
待审阅

该分组当前没有推荐方案；请从下方候选中选择，或先完成待决字段后采用。

需您选择/补全
design模块待AI基于语料生成
模块结构已准备；待语料准入和独立AI完成证据绑定后生成3–5个候选包。
无置信
研究设计（正交维度）

该分组当前没有推荐方案；请从候选中选择，或先处理待决字段。

一键采用推荐方案
展开单字段修改与依据
仅在整包建议需要局部调整时使用
高级微调
仅在需要逐字段改写、补充精确规则或处理“其他”设计时展开
项目与产品
项目与产品
研究目的
竞品范围
总体设计
项目与产品
研究药物、适应症和研究分期是启动竞品检索的最小三项；其他内容可由系统预填后再确认
可选：研究者手册（IB）
暂未形成·稍后补充
最小产品事实包
可进入调研与建议包
高影响缺口 3 项：药物技术类型、给药途径、靶点/作用机制
上传研究者手册
暂不提供IB
方案号
版本
研究分期*
开发
FACT:
补充产品事实（自然语言）
可粘贴大段文字、药学资料摘要或临床前结论；独立AI拆解为可确认事实、推断、未知项、冲突和高影响缺口，每轮最多追问3个影响下游设计的问题。
IB可选·缺少不阻断调研
解析中

尚未发起事实采集。无IB不阻断竞品调研；当前目标产品事实仅采用用户输入或已绑定来源，竞品信息不会自动写成本品事实。此处补充的自然语言会合并进入版本化事实。

总体设计模式
目标研究人群
内在研究目的

研究者手册状态保存失败：stale authoring journey revision: expected 3, current 4

研究药物、适应症和研究分期足以启动竞品检索；产品技术类型或给药途径未知时可先保留待确认，由IB/语料证据提出建议。
保存草稿
完成第一步
---
11:01:57 n=5 elapsed=140s {"hasParse": true, "hasAsk": true, "hasError": true, "completeEnabled": false, "saveEnabled": false, "submit": null, "status": "研究框架准备中"}
BANNER:
研究设计基线
研究框架、PICOS与动态章节
医学经理的设计选择立即应用；已有正文不会丢失，受影响内容会进入调和与重新审阅。
调整当前方案研究设计
研究设计受控变更
项目状态
研究框架准备中
来源：从零开始 · 版本 3
竞品调研进度
等待语料准入
01
研究框架
02
PICOS设计
03
语料准备
竞品方案处理
公开检索未发现可保留Protocol；未启动下载、OCR或翻译，请在语料准入处选择共享语料、手动上传或记录例外。
正在收集第一轮语料分析的准入来源
已完成 0/4 · 0%
查看竞品资料
部分建议已就绪
AI正在结合项目事实与公开研究形成整套建议
打开竞品处理
更新建议
AI推荐研究方案
先审阅整套设计与关键差异；采用后仍可在高级微调中逐项修改。
研究设计（正交维度）
待审阅
干预与合并治疗模块
待审阅
结局与终点模块
待审阅
研究人群模块
待审阅
产品画像模块
待审阅
执行与统计模块
待审阅

该分组当前没有推荐方案；请从下方候选中选择，或先完成待决字段后采用。

需您选择/补全
design模块待AI基于语料生成
模块结构已准备；待语料准入和独立AI完成证据绑定后生成3–5个候选包。
无置信
研究设计（正交维度）

该分组当前没有推荐方案；请从候选中选择，或先处理待决字段。

一键采用推荐方案
展开单字段修改与依据
仅在整包建议需要局部调整时使用
高级微调
仅在需要逐字段改写、补充精确规则或处理“其他”设计时展开
项目与产品
项目与产品
研究目的
竞品范围
总体设计
项目与产品
研究药物、适应症和研究分期是启动竞品检索的最小三项；其他内容可由系统预填后再确认
可选：研究者手册（IB）
暂未形成·稍后补充
最小产品事实包
可进入调研与建议包
高影响缺口 3 项：药物技术类型、给药途径、靶点/作用机制
上传研究者手册
暂不提供IB
方案号
版本
研究分期*
开发
FACT:
补充产品事实（自然语言）
可粘贴大段文字、药学资料摘要或临床前结论；独立AI拆解为可确认事实、推断、未知项、冲突和高影响缺口，每轮最多追问3个影响下游设计的问题。
IB可选·缺少不阻断调研
解析中

尚未发起事实采集。无IB不阻断竞品调研；当前目标产品事实仅采用用户输入或已绑定来源，竞品信息不会自动写成本品事实。此处补充的自然语言会合并进入版本化事实。

总体设计模式
目标研究人群
内在研究目的

研究者手册状态保存失败：stale authoring journey revision: expected 3, current 4

研究药物、适应症和研究分期足以启动竞品检索；产品技术类型或给药途径未知时可先保留待确认，由IB/语料证据提出建议。
保存草稿
完成第一步
---
11:02:32 n=6 elapsed=175s {"hasParse": true, "hasAsk": true, "hasError": true, "completeEnabled": false, "saveEnabled": false, "submit": null, "status": "研究框架准备中"}
BANNER:
研究设计基线
研究框架、PICOS与动态章节
医学经理的设计选择立即应用；已有正文不会丢失，受影响内容会进入调和与重新审阅。
调整当前方案研究设计
研究设计受控变更
项目状态
研究框架准备中
来源：从零开始 · 版本 3
竞品调研进度
等待语料准入
01
研究框架
02
PICOS设计
03
语料准备
竞品方案处理
公开检索未发现可保留Protocol；未启动下载、OCR或翻译，请在语料准入处选择共享语料、手动上传或记录例外。
正在收集第一轮语料分析的准入来源
已完成 0/4 · 0%
查看竞品资料
部分建议已就绪
AI正在结合项目事实与公开研究形成整套建议
打开竞品处理
更新建议
AI推荐研究方案
先审阅整套设计与关键差异；采用后仍可在高级微调中逐项修改。
研究设计（正交维度）
待审阅
干预与合并治疗模块
待审阅
结局与终点模块
待审阅
研究人群模块
待审阅
产品画像模块
待审阅
执行与统计模块
待审阅

该分组当前没有推荐方案；请从下方候选中选择，或先完成待决字段后采用。

需您选择/补全
design模块待AI基于语料生成
模块结构已准备；待语料准入和独立AI完成证据绑定后生成3–5个候选包。
无置信
研究设计（正交维度）

该分组当前没有推荐方案；请从候选中选择，或先处理待决字段。

一键采用推荐方案
展开单字段修改与依据
仅在整包建议需要局部调整时使用
高级微调
仅在需要逐字段改写、补充精确规则或处理“其他”设计时展开
项目与产品
项目与产品
研究目的
竞品范围
总体设计
项目与产品
研究药物、适应症和研究分期是启动竞品检索的最小三项；其他内容可由系统预填后再确认
可选：研究者手册（IB）
暂未形成·稍后补充
最小产品事实包
可进入调研与建议包
高影响缺口 3 项：药物技术类型、给药途径、靶点/作用机制
上传研究者手册
暂不提供IB
方案号
版本
研究分期*
开发
FACT:
补充产品事实（自然语言）
可粘贴大段文字、药学资料摘要或临床前结论；独立AI拆解为可确认事实、推断、未知项、冲突和高影响缺口，每轮最多追问3个影响下游设计的问题。
IB可选·缺少不阻断调研
解析中

尚未发起事实采集。无IB不阻断竞品调研；当前目标产品事实仅采用用户输入或已绑定来源，竞品信息不会自动写成本品事实。此处补充的自然语言会合并进入版本化事实。

总体设计模式
目标研究人群
内在研究目的

研究者手册状态保存失败：stale authoring journey revision: expected 3, current 4

研究药物、适应症和研究分期足以启动竞品检索；产品技术类型或给药途径未知时可先保留待确认，由IB/语料证据提出建议。
保存草稿
完成第一步
---
11:03:07 n=7 elapsed=210s {"hasParse": true, "hasAsk": true, "hasError": true, "completeEnabled": false, "saveEnabled": false, "submit": null, "status": "研究框架准备中"}
BANNER:
研究设计基线
研究框架、PICOS与动态章节
医学经理的设计选择立即应用；已有正文不会丢失，受影响内容会进入调和与重新审阅。
调整当前方案研究设计
研究设计受控变更
项目状态
研究框架准备中
来源：从零开始 · 版本 3
竞品调研进度
等待语料准入
01
研究框架
02
PICOS设计
03
语料准备
竞品方案处理
公开检索未发现可保留Protocol；未启动下载、OCR或翻译，请在语料准入处选择共享语料、手动上传或记录例外。
正在收集第一轮语料分析的准入来源
已完成 0/4 · 0%
查看竞品资料
部分建议已就绪
AI正在结合项目事实与公开研究形成整套建议
打开竞品处理
更新建议
AI推荐研究方案
先审阅整套设计与关键差异；采用后仍可在高级微调中逐项修改。
研究设计（正交维度）
待审阅
干预与合并治疗模块
待审阅
结局与终点模块
待审阅
研究人群模块
待审阅
产品画像模块
待审阅
执行与统计模块
待审阅

该分组当前没有推荐方案；请从下方候选中选择，或先完成待决字段后采用。

需您选择/补全
design模块待AI基于语料生成
模块结构已准备；待语料准入和独立AI完成证据绑定后生成3–5个候选包。
无置信
研究设计（正交维度）

该分组当前没有推荐方案；请从候选中选择，或先处理待决字段。

一键采用推荐方案
展开单字段修改与依据
仅在整包建议需要局部调整时使用
高级微调
仅在需要逐字段改写、补充精确规则或处理“其他”设计时展开
项目与产品
项目与产品
研究目的
竞品范围
总体设计
项目与产品
研究药物、适应症和研究分期是启动竞品检索的最小三项；其他内容可由系统预填后再确认
可选：研究者手册（IB）
暂未形成·稍后补充
最小产品事实包
可进入调研与建议包
高影响缺口 3 项：药物技术类型、给药途径、靶点/作用机制
上传研究者手册
暂不提供IB
方案号
版本
研究分期*
开发
FACT:
补充产品事实（自然语言）
可粘贴大段文字、药学资料摘要或临床前结论；独立AI拆解为可确认事实、推断、未知项、冲突和高影响缺口，每轮最多追问3个影响下游设计的问题。
IB可选·缺少不阻断调研
解析中

尚未发起事实采集。无IB不阻断竞品调研；当前目标产品事实仅采用用户输入或已绑定来源，竞品信息不会自动写成本品事实。此处补充的自然语言会合并进入版本化事实。

总体设计模式
目标研究人群
内在研究目的

研究者手册状态保存失败：stale authoring journey revision: expected 3, current 4

研究药物、适应症和研究分期足以启动竞品检索；产品技术类型或给药途径未知时可先保留待确认，由IB/语料证据提出建议。
保存草稿
完成第一步
---
11:03:42 n=8 elapsed=245s {"hasParse": true, "hasAsk": true, "hasError": true, "completeEnabled": false, "saveEnabled": false, "submit": null, "status": "研究框架准备中"}
BANNER:
研究设计基线
研究框架、PICOS与动态章节
医学经理的设计选择立即应用；已有正文不会丢失，受影响内容会进入调和与重新审阅。
调整当前方案研究设计
研究设计受控变更
项目状态
研究框架准备中
来源：从零开始 · 版本 3
竞品调研进度
等待语料准入
01
研究框架
02
PICOS设计
03
语料准备
竞品方案处理
公开检索未发现可保留Protocol；未启动下载、OCR或翻译，请在语料准入处选择共享语料、手动上传或记录例外。
正在收集第一轮语料分析的准入来源
已完成 0/4 · 0%
查看竞品资料
部分建议已就绪
AI正在结合项目事实与公开研究形成整套建议
打开竞品处理
更新建议
AI推荐研究方案
先审阅整套设计与关键差异；采用后仍可在高级微调中逐项修改。
研究设计（正交维度）
待审阅
干预与合并治疗模块
待审阅
结局与终点模块
待审阅
研究人群模块
待审阅
产品画像模块
待审阅
执行与统计模块
待审阅

该分组当前没有推荐方案；请从下方候选中选择，或先完成待决字段后采用。

需您选择/补全
design模块待AI基于语料生成
模块结构已准备；待语料准入和独立AI完成证据绑定后生成3–5个候选包。
无置信
研究设计（正交维度）

该分组当前没有推荐方案；请从候选中选择，或先处理待决字段。

一键采用推荐方案
展开单字段修改与依据
仅在整包建议需要局部调整时使用
高级微调
仅在需要逐字段改写、补充精确规则或处理“其他”设计时展开
项目与产品
项目与产品
研究目的
竞品范围
总体设计
项目与产品
研究药物、适应症和研究分期是启动竞品检索的最小三项；其他内容可由系统预填后再确认
可选：研究者手册（IB）
暂未形成·稍后补充
最小产品事实包
可进入调研与建议包
高影响缺口 3 项：药物技术类型、给药途径、靶点/作用机制
上传研究者手册
暂不提供IB
方案号
版本
研究分期*
开发
FACT:
补充产品事实（自然语言）
可粘贴大段文字、药学资料摘要或临床前结论；独立AI拆解为可确认事实、推断、未知项、冲突和高影响缺口，每轮最多追问3个影响下游设计的问题。
IB可选·缺少不阻断调研
解析中

尚未发起事实采集。无IB不阻断竞品调研；当前目标产品事实仅采用用户输入或已绑定来源，竞品信息不会自动写成本品事实。此处补充的自然语言会合并进入版本化事实。

总体设计模式
目标研究人群
内在研究目的

研究者手册状态保存失败：stale authoring journey revision: expected 3, current 4

研究药物、适应症和研究分期足以启动竞品检索；产品技术类型或给药途径未知时可先保留待确认，由IB/语料证据提出建议。
保存草稿
完成第一步
---
11:04:17 n=9 elapsed=280s {"hasParse": true, "hasAsk": true, "hasError": true, "completeEnabled": false, "saveEnabled": false, "submit": null, "status": "研究框架准备中"}
BANNER:
研究设计基线
研究框架、PICOS与动态章节
医学经理的设计选择立即应用；已有正文不会丢失，受影响内容会进入调和与重新审阅。
调整当前方案研究设计
研究设计受控变更
项目状态
研究框架准备中
来源：从零开始 · 版本 3
竞品调研进度
等待语料准入
01
研究框架
02
PICOS设计
03
语料准备
竞品方案处理
公开检索未发现可保留Protocol；未启动下载、OCR或翻译，请在语料准入处选择共享语料、手动上传或记录例外。
正在收集第一轮语料分析的准入来源
已完成 0/4 · 0%
查看竞品资料
部分建议已就绪
AI正在结合项目事实与公开研究形成整套建议
打开竞品处理
更新建议
AI推荐研究方案
先审阅整套设计与关键差异；采用后仍可在高级微调中逐项修改。
研究设计（正交维度）
待审阅
干预与合并治疗模块
待审阅
结局与终点模块
待审阅
研究人群模块
待审阅
产品画像模块
待审阅
执行与统计模块
待审阅

该分组当前没有推荐方案；请从下方候选中选择，或先完成待决字段后采用。

需您选择/补全
design模块待AI基于语料生成
模块结构已准备；待语料准入和独立AI完成证据绑定后生成3–5个候选包。
无置信
研究设计（正交维度）

该分组当前没有推荐方案；请从候选中选择，或先处理待决字段。

一键采用推荐方案
展开单字段修改与依据
仅在整包建议需要局部调整时使用
高级微调
仅在需要逐字段改写、补充精确规则或处理“其他”设计时展开
项目与产品
项目与产品
研究目的
竞品范围
总体设计
项目与产品
研究药物、适应症和研究分期是启动竞品检索的最小三项；其他内容可由系统预填后再确认
可选：研究者手册（IB）
暂未形成·稍后补充
最小产品事实包
可进入调研与建议包
高影响缺口 3 项：药物技术类型、给药途径、靶点/作用机制
上传研究者手册
暂不提供IB
方案号
版本
研究分期*
开发
FACT:
补充产品事实（自然语言）
可粘贴大段文字、药学资料摘要或临床前结论；独立AI拆解为可确认事实、推断、未知项、冲突和高影响缺口，每轮最多追问3个影响下游设计的问题。
IB可选·缺少不阻断调研
解析中

尚未发起事实采集。无IB不阻断竞品调研；当前目标产品事实仅采用用户输入或已绑定来源，竞品信息不会自动写成本品事实。此处补充的自然语言会合并进入版本化事实。

总体设计模式
目标研究人群
内在研究目的

研究者手册状态保存失败：stale authoring journey revision: expected 3, current 4

研究药物、适应症和研究分期足以启动竞品检索；产品技术类型或给药途径未知时可先保留待确认，由IB/语料证据提出建议。
保存草稿
完成第一步
---
11:04:52 n=10 elapsed=315s {"hasParse": true, "hasAsk": true, "hasError": true, "completeEnabled": false, "saveEnabled": false, "submit": null, "status": "研究框架准备中"}
BANNER:
研究设计基线
研究框架、PICOS与动态章节
医学经理的设计选择立即应用；已有正文不会丢失，受影响内容会进入调和与重新审阅。
调整当前方案研究设计
研究设计受控变更
项目状态
研究框架准备中
来源：从零开始 · 版本 3
竞品调研进度
等待语料准入
01
研究框架
02
PICOS设计
03
语料准备
竞品方案处理
公开检索未发现可保留Protocol；未启动下载、OCR或翻译，请在语料准入处选择共享语料、手动上传或记录例外。
正在收集第一轮语料分析的准入来源
已完成 0/4 · 0%
查看竞品资料
部分建议已就绪
AI正在结合项目事实与公开研究形成整套建议
打开竞品处理
更新建议
AI推荐研究方案
先审阅整套设计与关键差异；采用后仍可在高级微调中逐项修改。
研究设计（正交维度）
待审阅
干预与合并治疗模块
待审阅
结局与终点模块
待审阅
研究人群模块
待审阅
产品画像模块
待审阅
执行与统计模块
待审阅

该分组当前没有推荐方案；请从下方候选中选择，或先完成待决字段后采用。

需您选择/补全
design模块待AI基于语料生成
模块结构已准备；待语料准入和独立AI完成证据绑定后生成3–5个候选包。
无置信
研究设计（正交维度）

该分组当前没有推荐方案；请从候选中选择，或先处理待决字段。

一键采用推荐方案
展开单字段修改与依据
仅在整包建议需要局部调整时使用
高级微调
仅在需要逐字段改写、补充精确规则或处理“其他”设计时展开
项目与产品
项目与产品
研究目的
竞品范围
总体设计
项目与产品
研究药物、适应症和研究分期是启动竞品检索的最小三项；其他内容可由系统预填后再确认
可选：研究者手册（IB）
暂未形成·稍后补充
最小产品事实包
可进入调研与建议包
高影响缺口 3 项：药物技术类型、给药途径、靶点/作用机制
上传研究者手册
暂不提供IB
方案号
版本
研究分期*
开发
FACT:
补充产品事实（自然语言）
可粘贴大段文字、药学资料摘要或临床前结论；独立AI拆解为可确认事实、推断、未知项、冲突和高影响缺口，每轮最多追问3个影响下游设计的问题。
IB可选·缺少不阻断调研
解析中

尚未发起事实采集。无IB不阻断竞品调研；当前目标产品事实仅采用用户输入或已绑定来源，竞品信息不会自动写成本品事实。此处补充的自然语言会合并进入版本化事实。

总体设计模式
目标研究人群
内在研究目的

研究者手册状态保存失败：stale authoring journey revision: expected 3, current 4

研究药物、适应症和研究分期足以启动竞品检索；产品技术类型或给药途径未知时可先保留待确认，由IB/语料证据提出建议。
保存草稿
完成第一步
---
11:05:27 n=11 elapsed=350s {"hasParse": true, "hasAsk": true, "hasError": true, "completeEnabled": false, "saveEnabled": false, "submit": null, "status": "研究框架准备中"}
BANNER:
研究设计基线
研究框架、PICOS与动态章节
医学经理的设计选择立即应用；已有正文不会丢失，受影响内容会进入调和与重新审阅。
调整当前方案研究设计
研究设计受控变更
项目状态
研究框架准备中
来源：从零开始 · 版本 3
竞品调研进度
等待语料准入
01
研究框架
02
PICOS设计
03
语料准备
竞品方案处理
公开检索未发现可保留Protocol；未启动下载、OCR或翻译，请在语料准入处选择共享语料、手动上传或记录例外。
正在收集第一轮语料分析的准入来源
已完成 0/4 · 0%
查看竞品资料
部分建议已就绪
AI正在结合项目事实与公开研究形成整套建议
打开竞品处理
更新建议
AI推荐研究方案
先审阅整套设计与关键差异；采用后仍可在高级微调中逐项修改。
研究设计（正交维度）
待审阅
干预与合并治疗模块
待审阅
结局与终点模块
待审阅
研究人群模块
待审阅
产品画像模块
待审阅
执行与统计模块
待审阅

该分组当前没有推荐方案；请从下方候选中选择，或先完成待决字段后采用。

需您选择/补全
design模块待AI基于语料生成
模块结构已准备；待语料准入和独立AI完成证据绑定后生成3–5个候选包。
无置信
研究设计（正交维度）

该分组当前没有推荐方案；请从候选中选择，或先处理待决字段。

一键采用推荐方案
展开单字段修改与依据
仅在整包建议需要局部调整时使用
高级微调
仅在需要逐字段改写、补充精确规则或处理“其他”设计时展开
项目与产品
项目与产品
研究目的
竞品范围
总体设计
项目与产品
研究药物、适应症和研究分期是启动竞品检索的最小三项；其他内容可由系统预填后再确认
可选：研究者手册（IB）
暂未形成·稍后补充
最小产品事实包
可进入调研与建议包
高影响缺口 3 项：药物技术类型、给药途径、靶点/作用机制
上传研究者手册
暂不提供IB
方案号
版本
研究分期*
开发
FACT:
补充产品事实（自然语言）
可粘贴大段文字、药学资料摘要或临床前结论；独立AI拆解为可确认事实、推断、未知项、冲突和高影响缺口，每轮最多追问3个影响下游设计的问题。
IB可选·缺少不阻断调研
解析中

尚未发起事实采集。无IB不阻断竞品调研；当前目标产品事实仅采用用户输入或已绑定来源，竞品信息不会自动写成本品事实。此处补充的自然语言会合并进入版本化事实。

总体设计模式
目标研究人群
内在研究目的

研究者手册状态保存失败：stale authoring journey revision: expected 3, current 4

研究药物、适应症和研究分期足以启动竞品检索；产品技术类型或给药途径未知时可先保留待确认，由IB/语料证据提出建议。
保存草稿
完成第一步
---
11:06:02 n=12 elapsed=385s {"hasParse": true, "hasAsk": true, "hasError": true, "completeEnabled": false, "saveEnabled": false, "submit": null, "status": "研究框架准备中"}
BANNER:
研究设计基线
研究框架、PICOS与动态章节
医学经理的设计选择立即应用；已有正文不会丢失，受影响内容会进入调和与重新审阅。
调整当前方案研究设计
研究设计受控变更
项目状态
研究框架准备中
来源：从零开始 · 版本 3
竞品调研进度
等待语料准入
01
研究框架
02
PICOS设计
03
语料准备
竞品方案处理
公开检索未发现可保留Protocol；未启动下载、OCR或翻译，请在语料准入处选择共享语料、手动上传或记录例外。
正在收集第一轮语料分析的准入来源
已完成 0/4 · 0%
查看竞品资料
部分建议已就绪
AI正在结合项目事实与公开研究形成整套建议
打开竞品处理
更新建议
AI推荐研究方案
先审阅整套设计与关键差异；采用后仍可在高级微调中逐项修改。
研究设计（正交维度）
待审阅
干预与合并治疗模块
待审阅
结局与终点模块
待审阅
研究人群模块
待审阅
产品画像模块
待审阅
执行与统计模块
待审阅

该分组当前没有推荐方案；请从下方候选中选择，或先完成待决字段后采用。

需您选择/补全
design模块待AI基于语料生成
模块结构已准备；待语料准入和独立AI完成证据绑定后生成3–5个候选包。
无置信
研究设计（正交维度）

该分组当前没有推荐方案；请从候选中选择，或先处理待决字段。

一键采用推荐方案
展开单字段修改与依据
仅在整包建议需要局部调整时使用
高级微调
仅在需要逐字段改写、补充精确规则或处理“其他”设计时展开
项目与产品
项目与产品
研究目的
竞品范围
总体设计
项目与产品
研究药物、适应症和研究分期是启动竞品检索的最小三项；其他内容可由系统预填后再确认
可选：研究者手册（IB）
暂未形成·稍后补充
最小产品事实包
可进入调研与建议包
高影响缺口 3 项：药物技术类型、给药途径、靶点/作用机制
上传研究者手册
暂不提供IB
方案号
版本
研究分期*
开发
FACT:
补充产品事实（自然语言）
可粘贴大段文字、药学资料摘要或临床前结论；独立AI拆解为可确认事实、推断、未知项、冲突和高影响缺口，每轮最多追问3个影响下游设计的问题。
IB可选·缺少不阻断调研
解析中

尚未发起事实采集。无IB不阻断竞品调研；当前目标产品事实仅采用用户输入或已绑定来源，竞品信息不会自动写成本品事实。此处补充的自然语言会合并进入版本化事实。

总体设计模式
目标研究人群
内在研究目的

研究者手册状态保存失败：stale authoring journey revision: expected 3, current 4

研究药物、适应症和研究分期足以启动竞品检索；产品技术类型或给药途径未知时可先保留待确认，由IB/语料证据提出建议。
保存草稿
完成第一步
---
11:06:37 n=13 elapsed=420s {"hasParse": true, "hasAsk": true, "hasError": true, "completeEnabled": false, "saveEnabled": false, "submit": null, "status": "研究框架准备中"}
BANNER:
研究设计基线
研究框架、PICOS与动态章节
医学经理的设计选择立即应用；已有正文不会丢失，受影响内容会进入调和与重新审阅。
调整当前方案研究设计
研究设计受控变更
项目状态
研究框架准备中
来源：从零开始 · 版本 3
竞品调研进度
等待语料准入
01
研究框架
02
PICOS设计
03
语料准备
竞品方案处理
公开检索未发现可保留Protocol；未启动下载、OCR或翻译，请在语料准入处选择共享语料、手动上传或记录例外。
正在收集第一轮语料分析的准入来源
已完成 0/4 · 0%
查看竞品资料
部分建议已就绪
AI正在结合项目事实与公开研究形成整套建议
打开竞品处理
更新建议
AI推荐研究方案
先审阅整套设计与关键差异；采用后仍可在高级微调中逐项修改。
研究设计（正交维度）
待审阅
干预与合并治疗模块
待审阅
结局与终点模块
待审阅
研究人群模块
待审阅
产品画像模块
待审阅
执行与统计模块
待审阅

该分组当前没有推荐方案；请从下方候选中选择，或先完成待决字段后采用。

需您选择/补全
design模块待AI基于语料生成
模块结构已准备；待语料准入和独立AI完成证据绑定后生成3–5个候选包。
无置信
研究设计（正交维度）

该分组当前没有推荐方案；请从候选中选择，或先处理待决字段。

一键采用推荐方案
展开单字段修改与依据
仅在整包建议需要局部调整时使用
高级微调
仅在需要逐字段改写、补充精确规则或处理“其他”设计时展开
项目与产品
项目与产品
研究目的
竞品范围
总体设计
项目与产品
研究药物、适应症和研究分期是启动竞品检索的最小三项；其他内容可由系统预填后再确认
可选：研究者手册（IB）
暂未形成·稍后补充
最小产品事实包
可进入调研与建议包
高影响缺口 3 项：药物技术类型、给药途径、靶点/作用机制
上传研究者手册
暂不提供IB
方案号
版本
研究分期*
开发
FACT:
补充产品事实（自然语言）
可粘贴大段文字、药学资料摘要或临床前结论；独立AI拆解为可确认事实、推断、未知项、冲突和高影响缺口，每轮最多追问3个影响下游设计的问题。
IB可选·缺少不阻断调研
解析中

尚未发起事实采集。无IB不阻断竞品调研；当前目标产品事实仅采用用户输入或已绑定来源，竞品信息不会自动写成本品事实。此处补充的自然语言会合并进入版本化事实。

总体设计模式
目标研究人群
内在研究目的

研究者手册状态保存失败：stale authoring journey revision: expected 3, current 4

研究药物、适应症和研究分期足以启动竞品检索；产品技术类型或给药途径未知时可先保留待确认，由IB/语料证据提出建议。
保存草稿
完成第一步
---
11:07:12 n=14 elapsed=455s {"hasParse": true, "hasAsk": true, "hasError": true, "completeEnabled": false, "saveEnabled": false, "submit": null, "status": "研究框架准备中"}
BANNER:
研究设计基线
研究框架、PICOS与动态章节
医学经理的设计选择立即应用；已有正文不会丢失，受影响内容会进入调和与重新审阅。
调整当前方案研究设计
研究设计受控变更
项目状态
研究框架准备中
来源：从零开始 · 版本 3
竞品调研进度
等待语料准入
01
研究框架
02
PICOS设计
03
语料准备
竞品方案处理
公开检索未发现可保留Protocol；未启动下载、OCR或翻译，请在语料准入处选择共享语料、手动上传或记录例外。
正在收集第一轮语料分析的准入来源
已完成 0/4 · 0%
查看竞品资料
部分建议已就绪
AI正在结合项目事实与公开研究形成整套建议
打开竞品处理
更新建议
AI推荐研究方案
先审阅整套设计与关键差异；采用后仍可在高级微调中逐项修改。
研究设计（正交维度）
待审阅
干预与合并治疗模块
待审阅
结局与终点模块
待审阅
研究人群模块
待审阅
产品画像模块
待审阅
执行与统计模块
待审阅

该分组当前没有推荐方案；请从下方候选中选择，或先完成待决字段后采用。

需您选择/补全
design模块待AI基于语料生成
模块结构已准备；待语料准入和独立AI完成证据绑定后生成3–5个候选包。
无置信
研究设计（正交维度）

该分组当前没有推荐方案；请从候选中选择，或先处理待决字段。

一键采用推荐方案
展开单字段修改与依据
仅在整包建议需要局部调整时使用
高级微调
仅在需要逐字段改写、补充精确规则或处理“其他”设计时展开
项目与产品
项目与产品
研究目的
竞品范围
总体设计
项目与产品
研究药物、适应症和研究分期是启动竞品检索的最小三项；其他内容可由系统预填后再确认
可选：研究者手册（IB）
暂未形成·稍后补充
最小产品事实包
可进入调研与建议包
高影响缺口 3 项：药物技术类型、给药途径、靶点/作用机制
上传研究者手册
暂不提供IB
方案号
版本
研究分期*
开发
FACT:
补充产品事实（自然语言）
可粘贴大段文字、药学资料摘要或临床前结论；独立AI拆解为可确认事实、推断、未知项、冲突和高影响缺口，每轮最多追问3个影响下游设计的问题。
IB可选·缺少不阻断调研
解析中

尚未发起事实采集。无IB不阻断竞品调研；当前目标产品事实仅采用用户输入或已绑定来源，竞品信息不会自动写成本品事实。此处补充的自然语言会合并进入版本化事实。

总体设计模式
目标研究人群
内在研究目的

研究者手册状态保存失败：stale authoring journey revision: expected 3, current 4

研究药物、适应症和研究分期足以启动竞品检索；产品技术类型或给药途径未知时可先保留待确认，由IB/语料证据提出建议。
保存草稿
完成第一步
---
11:07:47 n=15 elapsed=490s {"hasParse": true, "hasAsk": true, "hasError": true, "completeEnabled": false, "saveEnabled": false, "submit": null, "status": "研究框架准备中"}
BANNER:
研究设计基线
研究框架、PICOS与动态章节
医学经理的设计选择立即应用；已有正文不会丢失，受影响内容会进入调和与重新审阅。
调整当前方案研究设计
研究设计受控变更
项目状态
研究框架准备中
来源：从零开始 · 版本 3
竞品调研进度
等待语料准入
01
研究框架
02
PICOS设计
03
语料准备
竞品方案处理
公开检索未发现可保留Protocol；未启动下载、OCR或翻译，请在语料准入处选择共享语料、手动上传或记录例外。
正在收集第一轮语料分析的准入来源
已完成 0/4 · 0%
查看竞品资料
部分建议已就绪
AI正在结合项目事实与公开研究形成整套建议
打开竞品处理
更新建议
AI推荐研究方案
先审阅整套设计与关键差异；采用后仍可在高级微调中逐项修改。
研究设计（正交维度）
待审阅
干预与合并治疗模块
待审阅
结局与终点模块
待审阅
研究人群模块
待审阅
产品画像模块
待审阅
执行与统计模块
待审阅

该分组当前没有推荐方案；请从下方候选中选择，或先完成待决字段后采用。

需您选择/补全
design模块待AI基于语料生成
模块结构已准备；待语料准入和独立AI完成证据绑定后生成3–5个候选包。
无置信
研究设计（正交维度）

该分组当前没有推荐方案；请从候选中选择，或先处理待决字段。

一键采用推荐方案
展开单字段修改与依据
仅在整包建议需要局部调整时使用
高级微调
仅在需要逐字段改写、补充精确规则或处理“其他”设计时展开
项目与产品
项目与产品
研究目的
竞品范围
总体设计
项目与产品
研究药物、适应症和研究分期是启动竞品检索的最小三项；其他内容可由系统预填后再确认
可选：研究者手册（IB）
暂未形成·稍后补充
最小产品事实包
可进入调研与建议包
高影响缺口 3 项：药物技术类型、给药途径、靶点/作用机制
上传研究者手册
暂不提供IB
方案号
版本
研究分期*
开发
FACT:
补充产品事实（自然语言）
可粘贴大段文字、药学资料摘要或临床前结论；独立AI拆解为可确认事实、推断、未知项、冲突和高影响缺口，每轮最多追问3个影响下游设计的问题。
IB可选·缺少不阻断调研
解析中

尚未发起事实采集。无IB不阻断竞品调研；当前目标产品事实仅采用用户输入或已绑定来源，竞品信息不会自动写成本品事实。此处补充的自然语言会合并进入版本化事实。

总体设计模式
目标研究人群
内在研究目的

研究者手册状态保存失败：stale authoring journey revision: expected 3, current 4

研究药物、适应症和研究分期足以启动竞品检索；产品技术类型或给药途径未知时可先保留待确认，由IB/语料证据提出建议。
保存草稿
完成第一步
---
11:08:22 n=16 elapsed=525s {"hasParse": true, "hasAsk": true, "hasError": true, "completeEnabled": false, "saveEnabled": false, "submit": null, "status": "研究框架准备中"}
BANNER:
研究设计基线
研究框架、PICOS与动态章节
医学经理的设计选择立即应用；已有正文不会丢失，受影响内容会进入调和与重新审阅。
调整当前方案研究设计
研究设计受控变更
项目状态
研究框架准备中
来源：从零开始 · 版本 3
竞品调研进度
等待语料准入
01
研究框架
02
PICOS设计
03
语料准备
竞品方案处理
公开检索未发现可保留Protocol；未启动下载、OCR或翻译，请在语料准入处选择共享语料、手动上传或记录例外。
正在收集第一轮语料分析的准入来源
已完成 0/4 · 0%
查看竞品资料
部分建议已就绪
AI正在结合项目事实与公开研究形成整套建议
打开竞品处理
更新建议
AI推荐研究方案
先审阅整套设计与关键差异；采用后仍可在高级微调中逐项修改。
研究设计（正交维度）
待审阅
干预与合并治疗模块
待审阅
结局与终点模块
待审阅
研究人群模块
待审阅
产品画像模块
待审阅
执行与统计模块
待审阅

该分组当前没有推荐方案；请从下方候选中选择，或先完成待决字段后采用。

需您选择/补全
design模块待AI基于语料生成
模块结构已准备；待语料准入和独立AI完成证据绑定后生成3–5个候选包。
无置信
研究设计（正交维度）

该分组当前没有推荐方案；请从候选中选择，或先处理待决字段。

一键采用推荐方案
展开单字段修改与依据
仅在整包建议需要局部调整时使用
高级微调
仅在需要逐字段改写、补充精确规则或处理“其他”设计时展开
项目与产品
项目与产品
研究目的
竞品范围
总体设计
项目与产品
研究药物、适应症和研究分期是启动竞品检索的最小三项；其他内容可由系统预填后再确认
可选：研究者手册（IB）
暂未形成·稍后补充
最小产品事实包
可进入调研与建议包
高影响缺口 3 项：药物技术类型、给药途径、靶点/作用机制
上传研究者手册
暂不提供IB
方案号
版本
研究分期*
开发
FACT:
补充产品事实（自然语言）
可粘贴大段文字、药学资料摘要或临床前结论；独立AI拆解为可确认事实、推断、未知项、冲突和高影响缺口，每轮最多追问3个影响下游设计的问题。
IB可选·缺少不阻断调研
解析中

尚未发起事实采集。无IB不阻断竞品调研；当前目标产品事实仅采用用户输入或已绑定来源，竞品信息不会自动写成本品事实。此处补充的自然语言会合并进入版本化事实。

总体设计模式
目标研究人群
内在研究目的

研究者手册状态保存失败：stale authoring journey revision: expected 3, current 4

研究药物、适应症和研究分期足以启动竞品检索；产品技术类型或给药途径未知时可先保留待确认，由IB/语料证据提出建议。
保存草稿
完成第一步
---
11:08:57 n=17 elapsed=560s {"hasParse": true, "hasAsk": true, "hasError": true, "completeEnabled": false, "saveEnabled": false, "submit": null, "status": "研究框架准备中"}
BANNER:
研究设计基线
研究框架、PICOS与动态章节
医学经理的设计选择立即应用；已有正文不会丢失，受影响内容会进入调和与重新审阅。
调整当前方案研究设计
研究设计受控变更
项目状态
研究框架准备中
来源：从零开始 · 版本 3
竞品调研进度
等待语料准入
01
研究框架
02
PICOS设计
03
语料准备
竞品方案处理
公开检索未发现可保留Protocol；未启动下载、OCR或翻译，请在语料准入处选择共享语料、手动上传或记录例外。
正在收集第一轮语料分析的准入来源
已完成 0/4 · 0%
查看竞品资料
部分建议已就绪
AI正在结合项目事实与公开研究形成整套建议
打开竞品处理
更新建议
AI推荐研究方案
先审阅整套设计与关键差异；采用后仍可在高级微调中逐项修改。
研究设计（正交维度）
待审阅
干预与合并治疗模块
待审阅
结局与终点模块
待审阅
研究人群模块
待审阅
产品画像模块
待审阅
执行与统计模块
待审阅

该分组当前没有推荐方案；请从下方候选中选择，或先完成待决字段后采用。

需您选择/补全
design模块待AI基于语料生成
模块结构已准备；待语料准入和独立AI完成证据绑定后生成3–5个候选包。
无置信
研究设计（正交维度）

该分组当前没有推荐方案；请从候选中选择，或先处理待决字段。

一键采用推荐方案
展开单字段修改与依据
仅在整包建议需要局部调整时使用
高级微调
仅在需要逐字段改写、补充精确规则或处理“其他”设计时展开
项目与产品
项目与产品
研究目的
竞品范围
总体设计
项目与产品
研究药物、适应症和研究分期是启动竞品检索的最小三项；其他内容可由系统预填后再确认
可选：研究者手册（IB）
暂未形成·稍后补充
最小产品事实包
可进入调研与建议包
高影响缺口 3 项：药物技术类型、给药途径、靶点/作用机制
上传研究者手册
暂不提供IB
方案号
版本
研究分期*
开发
FACT:
补充产品事实（自然语言）
可粘贴大段文字、药学资料摘要或临床前结论；独立AI拆解为可确认事实、推断、未知项、冲突和高影响缺口，每轮最多追问3个影响下游设计的问题。
IB可选·缺少不阻断调研
解析中

尚未发起事实采集。无IB不阻断竞品调研；当前目标产品事实仅采用用户输入或已绑定来源，竞品信息不会自动写成本品事实。此处补充的自然语言会合并进入版本化事实。

总体设计模式
目标研究人群
内在研究目的

研究者手册状态保存失败：stale authoring journey revision: expected 3, current 4

研究药物、适应症和研究分期足以启动竞品检索；产品技术类型或给药途径未知时可先保留待确认，由IB/语料证据提出建议。
保存草稿
完成第一步
---
11:09:32 n=18 elapsed=595s {"hasParse": false, "hasAsk": true, "hasError": true, "completeEnabled": false, "saveEnabled": true, "submit": "提交并拆解", "status": "研究框架准备中"}
BANNER:
研究设计基线
研究框架、PICOS与动态章节
医学经理的设计选择立即应用；已有正文不会丢失，受影响内容会进入调和与重新审阅。
调整当前方案研究设计
研究设计受控变更
项目状态
研究框架准备中
来源：从零开始 · 版本 3
竞品调研进度
等待语料准入
01
研究框架
02
PICOS设计
03
语料准备
竞品方案处理
公开检索未发现可保留Protocol；未启动下载、OCR或翻译，请在语料准入处选择共享语料、手动上传或记录例外。
正在收集第一轮语料分析的准入来源
已完成 0/4 · 0%
查看竞品资料
部分建议已就绪
AI正在结合项目事实与公开研究形成整套建议
打开竞品处理
更新建议
AI推荐研究方案
先审阅整套设计与关键差异；采用后仍可在高级微调中逐项修改。
研究设计（正交维度）
待审阅
干预与合并治疗模块
待审阅
结局与终点模块
待审阅
研究人群模块
待审阅
产品画像模块
待审阅
执行与统计模块
待审阅

该分组当前没有推荐方案；请从下方候选中选择，或先完成待决字段后采用。

需您选择/补全
design模块待AI基于语料生成
模块结构已准备；待语料准入和独立AI完成证据绑定后生成3–5个候选包。
无置信
研究设计（正交维度）

该分组当前没有推荐方案；请从候选中选择，或先处理待决字段。

一键采用推荐方案
展开单字段修改与依据
仅在整包建议需要局部调整时使用
高级微调
仅在需要逐字段改写、补充精确规则或处理“其他”设计时展开
项目与产品
项目与产品
研究目的
竞品范围
总体设计
项目与产品
研究药物、适应症和研究分期是启动竞品检索的最小三项；其他内容可由系统预填后再确认
可选：研究者手册（IB）
暂未形成·稍后补充
最小产品事实包
可进入调研与建议包
高影响缺口 3 项：药物技术类型、给药途径、靶点/作用机制
上传研究者手册
暂不提供IB
方案号
版本
研究分期*
开发
FACT:
补充产品事实（自然语言）
可粘贴大段文字、药学资料摘要或临床前结论；独立AI拆解为可确认事实、推断、未知项、冲突和高影响缺口，每轮最多追问3个影响下游设计的问题。
IB可选·缺少不阻断调研
提交并拆解

尚未发起事实采集。无IB不阻断竞品调研；当前目标产品事实仅采用用户输入或已绑定来源，竞品信息不会自动写成本品事实。此处补充的自然语言会合并进入版本化事实。

总体设计模式
目标研究人群
内在研究目的

事实采集未完成：fact intake AI provider failed: Managed local model server unavailable: ensure(triage) failed on mtplx; queued dispatch aborted

研究药物、适应症和研究分期足以启动竞品检索；产品技术类型或给药途径未知时可先保留待确认，由IB/语料证据提出建议。
保存草稿
完成第一步
---
11:09:32 DONE questions_or_facts
