11:14:48 WAIT_STEP1 start
11:14:48 n=1 elapsed=0s status=PICOS设计进行中 ver=7 picosDisabled=False confirm=False err=False
研究设计基线
研究框架、PICOS与动态章节
医学经理的设计选择立即应用；已有正文不会丢失，受影响内容会进入调和与重新审阅。
调整当前方案研究设计
研究设计受控变更
项目状态
PICOS设计进行中
来源：从零开始 · 版本 7
竞品调研进度
等待语料准入
研究框架
02
PICOS设计
03
语料准备
竞品方案处理
公开检索未发现可保留Protocol；未启动下载、OCR或翻译，请在语料准入处选择共享语料、手动上传或记录例外。
正在收集第一轮语料分析的准入来源
已完成 0/4 · 0%
查看竞品资料
部分建议已就绪
已结合 146 项公开研究及 17 份Protocol
打开竞品处理
更新建议
AI推荐研究方案
先审阅整套设计与关键差异；采用后仍可在高级微调中逐项修改。
研究设计（正交维度）
待审阅
干预与合并治疗模块
待审阅
结局与终点模块
待审阅
研究人群模块
待审阅
产品画像模块
待审阅
执行与统计模块
待审阅

该分组当前没有推荐方案；请从下方候选中选择，或先完成待决字段后采用。

需您选择/补全
design模块待AI基于语料生成
模块结构已准备；待语料准入和独立AI完成证据绑定后生成3–5个候选包。
无置信
研究设计（正交维度）

该分组当前没有推荐方案；请从候选中选择，或先处理待决字段。

一键采用推荐方案
展开单字段修改与依据
仅在整包建议需要局部调整时使用
高级微
---
11:14:48 DONE picos_unlocked
