........................................................................ [ 33%]
........................................................................ [ 67%]
....................................................F................    [100%]
=================================== FAILURES ===================================
__ test_dose_hold_restart_and_discontinuation_keep_product_specific_triggers ___

    def test_dose_hold_restart_and_discontinuation_keep_product_specific_triggers():
        """Source 432 is an example grade-2 hold / grade-1 restart rule, not a
        universal rule; each action needs product-specific triggers."""
        contract = _contract("v2_n_6_1_2")
        required = _required_facts(contract)
        assert {
            "intervention.dose_hold_criteria",
            "intervention.dose_reduction_rules",
            "intervention.restart_criteria",
            "intervention.permanent_discontinuation_criteria",
            "intervention.missed_dose_instructions",
            "intervention.administration_instructions",
            "intervention.dose_escalation_or_dlt_logic",
        } <= required
        obligations = {
            item.fact_path: item.obligation.value
            for item in contract.substantive_content.fact_requirements
        }
        assert obligations["intervention.dose_modification_required"] == "optional"
        rule = next(
            r
            for r in contract.conditional_applicability_rules
            if r.conditional_applicability_rule_id == "applicability:n-6-1-2:dose-modification"
        )
        assert rule.triggering_fact_paths == ("intervention.dose_modification_required",)
>       assert "intervention.dose_hold_criteria" in rule.required_when_active_fact_paths
E       AssertionError: assert 'intervention.dose_hold_criteria' in ('intervention.dose_modification_features',)
E        +  where ('intervention.dose_modification_features',) = ConditionalApplicabilityRule(schema_version='mw_protocol_v3_contract_v1', conditional_applicability_rule_id='applicabi... required_when_active_claim_types=(), required_when_active_source_roles=(), required_when_active_structural_objects=()).required_when_active_fact_paths

tests/protocol_v3/test_chapter_batch4.py:632: AssertionError
=========================== short test summary info ============================
FAILED tests/protocol_v3/test_chapter_batch4.py::test_dose_hold_restart_and_discontinuation_keep_product_specific_triggers
1 failed, 212 passed in 5.41s
