FFFF                                                                     [100%]
=================================== FAILURES ===================================
____ test_estimand_treatment_uses_background_or_rescue_states[False-False] _____

background = False, rescue = False

    @pytest.mark.parametrize('background,rescue', [(False,False),(True,False),(False,True),(False,None)])
    def test_estimand_treatment_uses_background_or_rescue_states(background,rescue):
        from app.protocol_workflow.registries.applicability import bind_applicable_input, ApplicabilityResolutionError
        from app.protocol_workflow.registries.fact_bindings import FactBindingCatalog, FactBindingError
        from packages.contracts.workbench_contracts.protocol_v3 import ChapterContractV2
        from test_all_chapter_contracts import REAL_TEMPLATE_DIR
        from test_chapter_fact_binding import confirmed_study
        c=ChapterContractV2.model_validate_json((REAL_TEMPLATE_DIR/'chapter_contracts/v2_n_3_1_2_3.json').read_text())
        bindings=FactBindingCatalog.model_validate_json((REAL_TEMPLATE_DIR/'fact_bindings.json').read_text()).bindings
        detail='estimand.primary.rescue_treatment_handling'
        facts={f.fact_path:'Synthetic treatment attribute' for f in c.substantive_content.fact_requirements if f.obligation.value=='required' and f.fact_path!=detail}
        facts.update({'intervention.background_therapy_applicable':background,'design.rescue_treatment_planned':rescue})
        rules=real_rule_catalog().rules
        if rescue is None:
            with pytest.raises(ApplicabilityResolutionError,match='conditional_applicability_unresolved'):
                bind_applicable_input(confirmed_study(facts),c,bindings,rules=rules)
            return
        if background or rescue:
            with pytest.raises(FactBindingError,match='missing_required_fact') as caught:
                bind_applicable_input(confirmed_study(facts),c,bindings,rules=rules)
            assert caught.value.fact_paths==(detail,)
            facts[detail]='Synthetic handling bound to actual intervention'
>       assert bind_applicable_input(confirmed_study(facts),c,bindings,rules=rules).resolved_facts==facts
               ^^^^^^^^^^^^^^^^^^^^^^^^^^^^^^^^^^^^^^^^^^^^^^^^^^^^^^^^^^^^^^^^^^^^

tests/protocol_v3/test_chapter_applicability.py:1377: 
_ _ _ _ _ _ _ _ _ _ _ _ _ _ _ _ _ _ _ _ _ _ _ _ _ _ _ _ _ _ _ _ _ _ _ _ _ _ _ _ 
services/api/app/protocol_workflow/registries/applicability.py:346: in bind_applicable_input
    effective, active_ids, digest = _resolved_input_contract(study, contract, bindings, rules)
                                    ^^^^^^^^^^^^^^^^^^^^^^^^^^^^^^^^^^^^^^^^^^^^^^^^^^^^^^^^^^
_ _ _ _ _ _ _ _ _ _ _ _ _ _ _ _ _ _ _ _ _ _ _ _ _ _ _ _ _ _ _ _ _ _ _ _ _ _ _ _ 

study = StudyDefinitionV3(schema_version='mw_protocol_v3_contract_v1', canonical_state=<CanonicalState.CONFIRMED: 'confirmed'>...anned': False}, decision_record_ids=(), updated_at=datetime.datetime(2026, 8, 10, 10, 0, tzinfo=datetime.timezone.utc))
contract = ChapterContractV2(schema_version='mw_protocol_v3_contract_v2', canonical_state=<CanonicalState.FROZEN: 'frozen'>, chap...met='治疗效应（估计目标属性三）缺项会使该章不可用，并使下游合同失去输入。'),), patient_participation_obligations=(), registry_consistency_obligations=())
bindings = (FactBinding(fact_path='ae.ae_collection_not_teaee_classification', canonical_path='ae.ae_collection_not_teaee_classif..._n_10_1_4.json#/substantive_content/fact_requirements/3/fact_path'), unit=None, timing=None, required_members={}), ...)
rules = (RulePredicate(rule_id='conditional:v2-n-11-4-6:pk', source_rule_sha256='9c71f57857555dc84965dfabe4a9fa1898691bdbfcc04..._claim_requirements=(), inactive_evidence_requirements=(), active_evidence_requirements=(), reference_targets=()), ...)

    def _resolved_input_contract(study, contract, bindings, rules):
        from app.protocol_workflow.registries.chapters import ChapterContentPayload, ContentFact
        index, states, findings = _resolve_rule_states(contract, study, rules)
        if findings:
>           raise ApplicabilityResolutionError(findings)
E           app.protocol_workflow.registries.applicability.ApplicabilityResolutionError: conditional_predicate_missing:conditional_rule:applicability:n-3-1-2-3:background-rescue

services/api/app/protocol_workflow/registries/applicability.py:305: ApplicabilityResolutionError
_____ test_estimand_treatment_uses_background_or_rescue_states[True-False] _____

background = True, rescue = False

    @pytest.mark.parametrize('background,rescue', [(False,False),(True,False),(False,True),(False,None)])
    def test_estimand_treatment_uses_background_or_rescue_states(background,rescue):
        from app.protocol_workflow.registries.applicability import bind_applicable_input, ApplicabilityResolutionError
        from app.protocol_workflow.registries.fact_bindings import FactBindingCatalog, FactBindingError
        from packages.contracts.workbench_contracts.protocol_v3 import ChapterContractV2
        from test_all_chapter_contracts import REAL_TEMPLATE_DIR
        from test_chapter_fact_binding import confirmed_study
        c=ChapterContractV2.model_validate_json((REAL_TEMPLATE_DIR/'chapter_contracts/v2_n_3_1_2_3.json').read_text())
        bindings=FactBindingCatalog.model_validate_json((REAL_TEMPLATE_DIR/'fact_bindings.json').read_text()).bindings
        detail='estimand.primary.rescue_treatment_handling'
        facts={f.fact_path:'Synthetic treatment attribute' for f in c.substantive_content.fact_requirements if f.obligation.value=='required' and f.fact_path!=detail}
        facts.update({'intervention.background_therapy_applicable':background,'design.rescue_treatment_planned':rescue})
        rules=real_rule_catalog().rules
        if rescue is None:
            with pytest.raises(ApplicabilityResolutionError,match='conditional_applicability_unresolved'):
                bind_applicable_input(confirmed_study(facts),c,bindings,rules=rules)
            return
        if background or rescue:
            with pytest.raises(FactBindingError,match='missing_required_fact') as caught:
>               bind_applicable_input(confirmed_study(facts),c,bindings,rules=rules)

tests/protocol_v3/test_chapter_applicability.py:1374: 
_ _ _ _ _ _ _ _ _ _ _ _ _ _ _ _ _ _ _ _ _ _ _ _ _ _ _ _ _ _ _ _ _ _ _ _ _ _ _ _ 
services/api/app/protocol_workflow/registries/applicability.py:346: in bind_applicable_input
    effective, active_ids, digest = _resolved_input_contract(study, contract, bindings, rules)
                                    ^^^^^^^^^^^^^^^^^^^^^^^^^^^^^^^^^^^^^^^^^^^^^^^^^^^^^^^^^^
_ _ _ _ _ _ _ _ _ _ _ _ _ _ _ _ _ _ _ _ _ _ _ _ _ _ _ _ _ _ _ _ _ _ _ _ _ _ _ _ 

study = StudyDefinitionV3(schema_version='mw_protocol_v3_contract_v1', canonical_state=<CanonicalState.CONFIRMED: 'confirmed'>...anned': False}, decision_record_ids=(), updated_at=datetime.datetime(2026, 8, 10, 10, 0, tzinfo=datetime.timezone.utc))
contract = ChapterContractV2(schema_version='mw_protocol_v3_contract_v2', canonical_state=<CanonicalState.FROZEN: 'frozen'>, chap...met='治疗效应（估计目标属性三）缺项会使该章不可用，并使下游合同失去输入。'),), patient_participation_obligations=(), registry_consistency_obligations=())
bindings = (FactBinding(fact_path='ae.ae_collection_not_teaee_classification', canonical_path='ae.ae_collection_not_teaee_classif..._n_10_1_4.json#/substantive_content/fact_requirements/3/fact_path'), unit=None, timing=None, required_members={}), ...)
rules = (RulePredicate(rule_id='conditional:v2-n-11-4-6:pk', source_rule_sha256='9c71f57857555dc84965dfabe4a9fa1898691bdbfcc04..._claim_requirements=(), inactive_evidence_requirements=(), active_evidence_requirements=(), reference_targets=()), ...)

    def _resolved_input_contract(study, contract, bindings, rules):
        from app.protocol_workflow.registries.chapters import ChapterContentPayload, ContentFact
        index, states, findings = _resolve_rule_states(contract, study, rules)
        if findings:
>           raise ApplicabilityResolutionError(findings)
E           app.protocol_workflow.registries.applicability.ApplicabilityResolutionError: conditional_predicate_missing:conditional_rule:applicability:n-3-1-2-3:background-rescue

services/api/app/protocol_workflow/registries/applicability.py:305: ApplicabilityResolutionError
_____ test_estimand_treatment_uses_background_or_rescue_states[False-True] _____

background = False, rescue = True

    @pytest.mark.parametrize('background,rescue', [(False,False),(True,False),(False,True),(False,None)])
    def test_estimand_treatment_uses_background_or_rescue_states(background,rescue):
        from app.protocol_workflow.registries.applicability import bind_applicable_input, ApplicabilityResolutionError
        from app.protocol_workflow.registries.fact_bindings import FactBindingCatalog, FactBindingError
        from packages.contracts.workbench_contracts.protocol_v3 import ChapterContractV2
        from test_all_chapter_contracts import REAL_TEMPLATE_DIR
        from test_chapter_fact_binding import confirmed_study
        c=ChapterContractV2.model_validate_json((REAL_TEMPLATE_DIR/'chapter_contracts/v2_n_3_1_2_3.json').read_text())
        bindings=FactBindingCatalog.model_validate_json((REAL_TEMPLATE_DIR/'fact_bindings.json').read_text()).bindings
        detail='estimand.primary.rescue_treatment_handling'
        facts={f.fact_path:'Synthetic treatment attribute' for f in c.substantive_content.fact_requirements if f.obligation.value=='required' and f.fact_path!=detail}
        facts.update({'intervention.background_therapy_applicable':background,'design.rescue_treatment_planned':rescue})
        rules=real_rule_catalog().rules
        if rescue is None:
            with pytest.raises(ApplicabilityResolutionError,match='conditional_applicability_unresolved'):
                bind_applicable_input(confirmed_study(facts),c,bindings,rules=rules)
            return
        if background or rescue:
            with pytest.raises(FactBindingError,match='missing_required_fact') as caught:
>               bind_applicable_input(confirmed_study(facts),c,bindings,rules=rules)

tests/protocol_v3/test_chapter_applicability.py:1374: 
_ _ _ _ _ _ _ _ _ _ _ _ _ _ _ _ _ _ _ _ _ _ _ _ _ _ _ _ _ _ _ _ _ _ _ _ _ _ _ _ 
services/api/app/protocol_workflow/registries/applicability.py:346: in bind_applicable_input
    effective, active_ids, digest = _resolved_input_contract(study, contract, bindings, rules)
                                    ^^^^^^^^^^^^^^^^^^^^^^^^^^^^^^^^^^^^^^^^^^^^^^^^^^^^^^^^^^
_ _ _ _ _ _ _ _ _ _ _ _ _ _ _ _ _ _ _ _ _ _ _ _ _ _ _ _ _ _ _ _ _ _ _ _ _ _ _ _ 

study = StudyDefinitionV3(schema_version='mw_protocol_v3_contract_v1', canonical_state=<CanonicalState.CONFIRMED: 'confirmed'>...lanned': True}, decision_record_ids=(), updated_at=datetime.datetime(2026, 8, 10, 10, 0, tzinfo=datetime.timezone.utc))
contract = ChapterContractV2(schema_version='mw_protocol_v3_contract_v2', canonical_state=<CanonicalState.FROZEN: 'frozen'>, chap...met='治疗效应（估计目标属性三）缺项会使该章不可用，并使下游合同失去输入。'),), patient_participation_obligations=(), registry_consistency_obligations=())
bindings = (FactBinding(fact_path='ae.ae_collection_not_teaee_classification', canonical_path='ae.ae_collection_not_teaee_classif..._n_10_1_4.json#/substantive_content/fact_requirements/3/fact_path'), unit=None, timing=None, required_members={}), ...)
rules = (RulePredicate(rule_id='conditional:v2-n-11-4-6:pk', source_rule_sha256='9c71f57857555dc84965dfabe4a9fa1898691bdbfcc04..._claim_requirements=(), inactive_evidence_requirements=(), active_evidence_requirements=(), reference_targets=()), ...)

    def _resolved_input_contract(study, contract, bindings, rules):
        from app.protocol_workflow.registries.chapters import ChapterContentPayload, ContentFact
        index, states, findings = _resolve_rule_states(contract, study, rules)
        if findings:
>           raise ApplicabilityResolutionError(findings)
E           app.protocol_workflow.registries.applicability.ApplicabilityResolutionError: conditional_predicate_missing:conditional_rule:applicability:n-3-1-2-3:background-rescue

services/api/app/protocol_workflow/registries/applicability.py:305: ApplicabilityResolutionError
_____ test_estimand_treatment_uses_background_or_rescue_states[False-None] _____

background = False, rescue = None

    @pytest.mark.parametrize('background,rescue', [(False,False),(True,False),(False,True),(False,None)])
    def test_estimand_treatment_uses_background_or_rescue_states(background,rescue):
        from app.protocol_workflow.registries.applicability import bind_applicable_input, ApplicabilityResolutionError
        from app.protocol_workflow.registries.fact_bindings import FactBindingCatalog, FactBindingError
        from packages.contracts.workbench_contracts.protocol_v3 import ChapterContractV2
        from test_all_chapter_contracts import REAL_TEMPLATE_DIR
        from test_chapter_fact_binding import confirmed_study
        c=ChapterContractV2.model_validate_json((REAL_TEMPLATE_DIR/'chapter_contracts/v2_n_3_1_2_3.json').read_text())
        bindings=FactBindingCatalog.model_validate_json((REAL_TEMPLATE_DIR/'fact_bindings.json').read_text()).bindings
        detail='estimand.primary.rescue_treatment_handling'
        facts={f.fact_path:'Synthetic treatment attribute' for f in c.substantive_content.fact_requirements if f.obligation.value=='required' and f.fact_path!=detail}
        facts.update({'intervention.background_therapy_applicable':background,'design.rescue_treatment_planned':rescue})
        rules=real_rule_catalog().rules
        if rescue is None:
            with pytest.raises(ApplicabilityResolutionError,match='conditional_applicability_unresolved'):
>               bind_applicable_input(confirmed_study(facts),c,bindings,rules=rules)

tests/protocol_v3/test_chapter_applicability.py:1370: 
_ _ _ _ _ _ _ _ _ _ _ _ _ _ _ _ _ _ _ _ _ _ _ _ _ _ _ _ _ _ _ _ _ _ _ _ _ _ _ _ 
services/api/app/protocol_workflow/registries/applicability.py:346: in bind_applicable_input
    effective, active_ids, digest = _resolved_input_contract(study, contract, bindings, rules)
                                    ^^^^^^^^^^^^^^^^^^^^^^^^^^^^^^^^^^^^^^^^^^^^^^^^^^^^^^^^^^
_ _ _ _ _ _ _ _ _ _ _ _ _ _ _ _ _ _ _ _ _ _ _ _ _ _ _ _ _ _ _ _ _ _ _ _ _ _ _ _ 

study = StudyDefinitionV3(schema_version='mw_protocol_v3_contract_v1', canonical_state=<CanonicalState.CONFIRMED: 'confirmed'>...lanned': None}, decision_record_ids=(), updated_at=datetime.datetime(2026, 8, 10, 10, 0, tzinfo=datetime.timezone.utc))
contract = ChapterContractV2(schema_version='mw_protocol_v3_contract_v2', canonical_state=<CanonicalState.FROZEN: 'frozen'>, chap...met='治疗效应（估计目标属性三）缺项会使该章不可用，并使下游合同失去输入。'),), patient_participation_obligations=(), registry_consistency_obligations=())
bindings = (FactBinding(fact_path='ae.ae_collection_not_teaee_classification', canonical_path='ae.ae_collection_not_teaee_classif..._n_10_1_4.json#/substantive_content/fact_requirements/3/fact_path'), unit=None, timing=None, required_members={}), ...)
rules = (RulePredicate(rule_id='conditional:v2-n-11-4-6:pk', source_rule_sha256='9c71f57857555dc84965dfabe4a9fa1898691bdbfcc04..._claim_requirements=(), inactive_evidence_requirements=(), active_evidence_requirements=(), reference_targets=()), ...)

    def _resolved_input_contract(study, contract, bindings, rules):
        from app.protocol_workflow.registries.chapters import ChapterContentPayload, ContentFact
        index, states, findings = _resolve_rule_states(contract, study, rules)
        if findings:
>           raise ApplicabilityResolutionError(findings)
E           app.protocol_workflow.registries.applicability.ApplicabilityResolutionError: conditional_predicate_missing:conditional_rule:applicability:n-3-1-2-3:background-rescue

services/api/app/protocol_workflow/registries/applicability.py:305: ApplicabilityResolutionError

During handling of the above exception, another exception occurred:

background = False, rescue = None

    @pytest.mark.parametrize('background,rescue', [(False,False),(True,False),(False,True),(False,None)])
    def test_estimand_treatment_uses_background_or_rescue_states(background,rescue):
        from app.protocol_workflow.registries.applicability import bind_applicable_input, ApplicabilityResolutionError
        from app.protocol_workflow.registries.fact_bindings import FactBindingCatalog, FactBindingError
        from packages.contracts.workbench_contracts.protocol_v3 import ChapterContractV2
        from test_all_chapter_contracts import REAL_TEMPLATE_DIR
        from test_chapter_fact_binding import confirmed_study
        c=ChapterContractV2.model_validate_json((REAL_TEMPLATE_DIR/'chapter_contracts/v2_n_3_1_2_3.json').read_text())
        bindings=FactBindingCatalog.model_validate_json((REAL_TEMPLATE_DIR/'fact_bindings.json').read_text()).bindings
        detail='estimand.primary.rescue_treatment_handling'
        facts={f.fact_path:'Synthetic treatment attribute' for f in c.substantive_content.fact_requirements if f.obligation.value=='required' and f.fact_path!=detail}
        facts.update({'intervention.background_therapy_applicable':background,'design.rescue_treatment_planned':rescue})
        rules=real_rule_catalog().rules
        if rescue is None:
>           with pytest.raises(ApplicabilityResolutionError,match='conditional_applicability_unresolved'):
                 ^^^^^^^^^^^^^^^^^^^^^^^^^^^^^^^^^^^^^^^^^^^^^^^^^^^^^^^^^^^^^^^^^^^^^^^^^^^^^^^^^^^^^^^^
E           AssertionError: Regex pattern did not match.
E            Regex: 'conditional_applicability_unresolved'
E            Input: 'conditional_predicate_missing:conditional_rule:applicability:n-3-1-2-3:background-rescue'

tests/protocol_v3/test_chapter_applicability.py:1369: AssertionError
=========================== short test summary info ============================
FAILED tests/protocol_v3/test_chapter_applicability.py::test_estimand_treatment_uses_background_or_rescue_states[False-False]
FAILED tests/protocol_v3/test_chapter_applicability.py::test_estimand_treatment_uses_background_or_rescue_states[True-False]
FAILED tests/protocol_v3/test_chapter_applicability.py::test_estimand_treatment_uses_background_or_rescue_states[False-True]
FAILED tests/protocol_v3/test_chapter_applicability.py::test_estimand_treatment_uses_background_or_rescue_states[False-None]
4 failed, 188 deselected in 0.65s
