FFFFFFFFF                                                                [100%]
=================================== FAILURES ===================================
_ test_frontmatter_conditions_keep_actual_required_parties_and_history[False-v2_n_front_1-document_control.amendment_exists-document_control.change_rationale] _

node = 'v2_n_front_1', trigger = 'document_control.amendment_exists'
detail = 'document_control.change_rationale', flag = False

    @pytest.mark.parametrize('node,trigger,detail', [
        ('v2_n_front_1','document_control.amendment_exists','document_control.change_rationale'),
        ('v2_n_front_3','signature.additional_signatory_applicable','signature.additional_signatory_identity'),
        ('v2_n_front_4','contact.service_parties_applicable','contact.service_parties'),
    ])
    @pytest.mark.parametrize('flag',[False,True,None])
    def test_frontmatter_conditions_keep_actual_required_parties_and_history(node,trigger,detail,flag):
        from app.protocol_workflow.registries.applicability import bind_applicable_input, ApplicabilityResolutionError
        from app.protocol_workflow.registries.fact_bindings import FactBindingCatalog, FactBindingError
        from packages.contracts.workbench_contracts.protocol_v3 import ChapterContractV2
        from test_all_chapter_contracts import REAL_TEMPLATE_DIR
        from test_chapter_fact_binding import confirmed_study
        c = ChapterContractV2.model_validate_json((REAL_TEMPLATE_DIR / 'chapter_contracts' / (node+'.json')).read_text())
        bindings = FactBindingCatalog.model_validate_json((REAL_TEMPLATE_DIR / 'fact_bindings.json').read_text()).bindings
        facts = {f.fact_path: 'Synthetic actual project metadata' for f in c.substantive_content.fact_requirements if f.obligation.value == 'required'}
        facts[trigger] = flag
        rules = real_rule_catalog().rules
        if flag is None:
            with pytest.raises(ApplicabilityResolutionError, match='conditional_applicability_unresolved'):
                bind_applicable_input(confirmed_study(facts),c,bindings,rules=rules)
            return
        if flag:
            with pytest.raises(FactBindingError, match='missing_required_fact') as caught:
                bind_applicable_input(confirmed_study(facts),c,bindings,rules=rules)
            assert caught.value.fact_paths == (detail,)
            facts[detail] = {'record': 'Synthetic confirmed metadata; no signature or approval'}
>       assert bind_applicable_input(confirmed_study(facts),c,bindings,rules=rules).resolved_facts == facts
               ^^^^^^^^^^^^^^^^^^^^^^^^^^^^^^^^^^^^^^^^^^^^^^^^^^^^^^^^^^^^^^^^^^^^

tests/protocol_v3/test_chapter_applicability.py:1093: 
_ _ _ _ _ _ _ _ _ _ _ _ _ _ _ _ _ _ _ _ _ _ _ _ _ _ _ _ _ _ _ _ _ _ _ _ _ _ _ _ 
services/api/app/protocol_workflow/registries/applicability.py:346: in bind_applicable_input
    effective, active_ids, digest = _resolved_input_contract(study, contract, bindings, rules)
                                    ^^^^^^^^^^^^^^^^^^^^^^^^^^^^^^^^^^^^^^^^^^^^^^^^^^^^^^^^^^
_ _ _ _ _ _ _ _ _ _ _ _ _ _ _ _ _ _ _ _ _ _ _ _ _ _ _ _ _ _ _ _ _ _ _ _ _ _ _ _ 

study = StudyDefinitionV3(schema_version='mw_protocol_v3_contract_v1', canonical_state=<CanonicalState.CONFIRMED: 'confirmed'>...xists': False}, decision_record_ids=(), updated_at=datetime.datetime(2026, 8, 10, 10, 0, tzinfo=datetime.timezone.utc))
contract = ChapterContractV2(schema_version='mw_protocol_v3_contract_v2', canonical_state=<CanonicalState.FROZEN: 'frozen'>, chap...e',), risk_if_unmet='版本表挂错来源会使方案版本追溯失效。'),), patient_participation_obligations=(), registry_consistency_obligations=())
bindings = (FactBinding(fact_path='ae.ae_collection_not_teaee_classification', canonical_path='ae.ae_collection_not_teaee_classif...'chapter_contracts/v2_n_10_1_4.json#/substantive_content/fact_requirements/3/fact_path'), unit=None, timing=None), ...)
rules = (RulePredicate(rule_id='conditional:v2-n-11-4-6:pk', source_rule_sha256='9c71f57857555dc84965dfabe4a9fa1898691bdbfcc04..._claim_requirements=(), inactive_evidence_requirements=(), active_evidence_requirements=(), reference_targets=()), ...)

    def _resolved_input_contract(study, contract, bindings, rules):
        from app.protocol_workflow.registries.chapters import ChapterContentPayload, ContentFact
        index, states, findings = _resolve_rule_states(contract, study, rules)
        if findings:
>           raise ApplicabilityResolutionError(findings)
E           app.protocol_workflow.registries.applicability.ApplicabilityResolutionError: conditional_predicate_missing:conditional_rule:applicability:front-1:amendment

services/api/app/protocol_workflow/registries/applicability.py:305: ApplicabilityResolutionError
_ test_frontmatter_conditions_keep_actual_required_parties_and_history[False-v2_n_front_3-signature.additional_signatory_applicable-signature.additional_signatory_identity] _

node = 'v2_n_front_3', trigger = 'signature.additional_signatory_applicable'
detail = 'signature.additional_signatory_identity', flag = False

    @pytest.mark.parametrize('node,trigger,detail', [
        ('v2_n_front_1','document_control.amendment_exists','document_control.change_rationale'),
        ('v2_n_front_3','signature.additional_signatory_applicable','signature.additional_signatory_identity'),
        ('v2_n_front_4','contact.service_parties_applicable','contact.service_parties'),
    ])
    @pytest.mark.parametrize('flag',[False,True,None])
    def test_frontmatter_conditions_keep_actual_required_parties_and_history(node,trigger,detail,flag):
        from app.protocol_workflow.registries.applicability import bind_applicable_input, ApplicabilityResolutionError
        from app.protocol_workflow.registries.fact_bindings import FactBindingCatalog, FactBindingError
        from packages.contracts.workbench_contracts.protocol_v3 import ChapterContractV2
        from test_all_chapter_contracts import REAL_TEMPLATE_DIR
        from test_chapter_fact_binding import confirmed_study
        c = ChapterContractV2.model_validate_json((REAL_TEMPLATE_DIR / 'chapter_contracts' / (node+'.json')).read_text())
        bindings = FactBindingCatalog.model_validate_json((REAL_TEMPLATE_DIR / 'fact_bindings.json').read_text()).bindings
        facts = {f.fact_path: 'Synthetic actual project metadata' for f in c.substantive_content.fact_requirements if f.obligation.value == 'required'}
        facts[trigger] = flag
        rules = real_rule_catalog().rules
        if flag is None:
            with pytest.raises(ApplicabilityResolutionError, match='conditional_applicability_unresolved'):
                bind_applicable_input(confirmed_study(facts),c,bindings,rules=rules)
            return
        if flag:
            with pytest.raises(FactBindingError, match='missing_required_fact') as caught:
                bind_applicable_input(confirmed_study(facts),c,bindings,rules=rules)
            assert caught.value.fact_paths == (detail,)
            facts[detail] = {'record': 'Synthetic confirmed metadata; no signature or approval'}
>       assert bind_applicable_input(confirmed_study(facts),c,bindings,rules=rules).resolved_facts == facts
               ^^^^^^^^^^^^^^^^^^^^^^^^^^^^^^^^^^^^^^^^^^^^^^^^^^^^^^^^^^^^^^^^^^^^

tests/protocol_v3/test_chapter_applicability.py:1093: 
_ _ _ _ _ _ _ _ _ _ _ _ _ _ _ _ _ _ _ _ _ _ _ _ _ _ _ _ _ _ _ _ _ _ _ _ _ _ _ _ 
services/api/app/protocol_workflow/registries/applicability.py:346: in bind_applicable_input
    effective, active_ids, digest = _resolved_input_contract(study, contract, bindings, rules)
                                    ^^^^^^^^^^^^^^^^^^^^^^^^^^^^^^^^^^^^^^^^^^^^^^^^^^^^^^^^^^
_ _ _ _ _ _ _ _ _ _ _ _ _ _ _ _ _ _ _ _ _ _ _ _ _ _ _ _ _ _ _ _ _ _ _ _ _ _ _ _ 

study = StudyDefinitionV3(schema_version='mw_protocol_v3_contract_v1', canonical_state=<CanonicalState.CONFIRMED: 'confirmed'>...cable': False}, decision_record_ids=(), updated_at=datetime.datetime(2026, 8, 10, 10, 0, tzinfo=datetime.timezone.utc))
contract = ChapterContractV2(schema_version='mw_protocol_v3_contract_v2', canonical_state=<CanonicalState.FROZEN: 'frozen'>, chap...ng',), risk_if_unmet='旧版申办方元数据会使签署控件失效。'),), patient_participation_obligations=(), registry_consistency_obligations=())
bindings = (FactBinding(fact_path='ae.ae_collection_not_teaee_classification', canonical_path='ae.ae_collection_not_teaee_classif...'chapter_contracts/v2_n_10_1_4.json#/substantive_content/fact_requirements/3/fact_path'), unit=None, timing=None), ...)
rules = (RulePredicate(rule_id='conditional:v2-n-11-4-6:pk', source_rule_sha256='9c71f57857555dc84965dfabe4a9fa1898691bdbfcc04..._claim_requirements=(), inactive_evidence_requirements=(), active_evidence_requirements=(), reference_targets=()), ...)

    def _resolved_input_contract(study, contract, bindings, rules):
        from app.protocol_workflow.registries.chapters import ChapterContentPayload, ContentFact
        index, states, findings = _resolve_rule_states(contract, study, rules)
        if findings:
>           raise ApplicabilityResolutionError(findings)
E           app.protocol_workflow.registries.applicability.ApplicabilityResolutionError: conditional_predicate_missing:conditional_rule:applicability:front-3:additional-signatory

services/api/app/protocol_workflow/registries/applicability.py:305: ApplicabilityResolutionError
_ test_frontmatter_conditions_keep_actual_required_parties_and_history[False-v2_n_front_4-contact.service_parties_applicable-contact.service_parties] _

node = 'v2_n_front_4', trigger = 'contact.service_parties_applicable'
detail = 'contact.service_parties', flag = False

    @pytest.mark.parametrize('node,trigger,detail', [
        ('v2_n_front_1','document_control.amendment_exists','document_control.change_rationale'),
        ('v2_n_front_3','signature.additional_signatory_applicable','signature.additional_signatory_identity'),
        ('v2_n_front_4','contact.service_parties_applicable','contact.service_parties'),
    ])
    @pytest.mark.parametrize('flag',[False,True,None])
    def test_frontmatter_conditions_keep_actual_required_parties_and_history(node,trigger,detail,flag):
        from app.protocol_workflow.registries.applicability import bind_applicable_input, ApplicabilityResolutionError
        from app.protocol_workflow.registries.fact_bindings import FactBindingCatalog, FactBindingError
        from packages.contracts.workbench_contracts.protocol_v3 import ChapterContractV2
        from test_all_chapter_contracts import REAL_TEMPLATE_DIR
        from test_chapter_fact_binding import confirmed_study
        c = ChapterContractV2.model_validate_json((REAL_TEMPLATE_DIR / 'chapter_contracts' / (node+'.json')).read_text())
        bindings = FactBindingCatalog.model_validate_json((REAL_TEMPLATE_DIR / 'fact_bindings.json').read_text()).bindings
        facts = {f.fact_path: 'Synthetic actual project metadata' for f in c.substantive_content.fact_requirements if f.obligation.value == 'required'}
        facts[trigger] = flag
        rules = real_rule_catalog().rules
        if flag is None:
            with pytest.raises(ApplicabilityResolutionError, match='conditional_applicability_unresolved'):
                bind_applicable_input(confirmed_study(facts),c,bindings,rules=rules)
            return
        if flag:
            with pytest.raises(FactBindingError, match='missing_required_fact') as caught:
                bind_applicable_input(confirmed_study(facts),c,bindings,rules=rules)
            assert caught.value.fact_paths == (detail,)
            facts[detail] = {'record': 'Synthetic confirmed metadata; no signature or approval'}
>       assert bind_applicable_input(confirmed_study(facts),c,bindings,rules=rules).resolved_facts == facts
               ^^^^^^^^^^^^^^^^^^^^^^^^^^^^^^^^^^^^^^^^^^^^^^^^^^^^^^^^^^^^^^^^^^^^

tests/protocol_v3/test_chapter_applicability.py:1093: 
_ _ _ _ _ _ _ _ _ _ _ _ _ _ _ _ _ _ _ _ _ _ _ _ _ _ _ _ _ _ _ _ _ _ _ _ _ _ _ _ 
services/api/app/protocol_workflow/registries/applicability.py:346: in bind_applicable_input
    effective, active_ids, digest = _resolved_input_contract(study, contract, bindings, rules)
                                    ^^^^^^^^^^^^^^^^^^^^^^^^^^^^^^^^^^^^^^^^^^^^^^^^^^^^^^^^^^
_ _ _ _ _ _ _ _ _ _ _ _ _ _ _ _ _ _ _ _ _ _ _ _ _ _ _ _ _ _ _ _ _ _ _ _ _ _ _ _ 

study = StudyDefinitionV3(schema_version='mw_protocol_v3_contract_v1', canonical_state=<CanonicalState.CONFIRMED: 'confirmed'>...cable': False}, decision_record_ids=(), updated_at=datetime.datetime(2026, 8, 10, 10, 0, tzinfo=datetime.timezone.utc))
contract = ChapterContractV2(schema_version='mw_protocol_v3_contract_v2', canonical_state=<CanonicalState.FROZEN: 'frozen'>, chap...), risk_if_unmet='联系表角色/地址缺失会阻断沟通与监查安排。'),), patient_participation_obligations=(), registry_consistency_obligations=())
bindings = (FactBinding(fact_path='ae.ae_collection_not_teaee_classification', canonical_path='ae.ae_collection_not_teaee_classif...'chapter_contracts/v2_n_10_1_4.json#/substantive_content/fact_requirements/3/fact_path'), unit=None, timing=None), ...)
rules = (RulePredicate(rule_id='conditional:v2-n-11-4-6:pk', source_rule_sha256='9c71f57857555dc84965dfabe4a9fa1898691bdbfcc04..._claim_requirements=(), inactive_evidence_requirements=(), active_evidence_requirements=(), reference_targets=()), ...)

    def _resolved_input_contract(study, contract, bindings, rules):
        from app.protocol_workflow.registries.chapters import ChapterContentPayload, ContentFact
        index, states, findings = _resolve_rule_states(contract, study, rules)
        if findings:
>           raise ApplicabilityResolutionError(findings)
E           app.protocol_workflow.registries.applicability.ApplicabilityResolutionError: conditional_predicate_missing:conditional_rule:applicability:front-4:service-parties

services/api/app/protocol_workflow/registries/applicability.py:305: ApplicabilityResolutionError
_ test_frontmatter_conditions_keep_actual_required_parties_and_history[True-v2_n_front_1-document_control.amendment_exists-document_control.change_rationale] _

node = 'v2_n_front_1', trigger = 'document_control.amendment_exists'
detail = 'document_control.change_rationale', flag = True

    @pytest.mark.parametrize('node,trigger,detail', [
        ('v2_n_front_1','document_control.amendment_exists','document_control.change_rationale'),
        ('v2_n_front_3','signature.additional_signatory_applicable','signature.additional_signatory_identity'),
        ('v2_n_front_4','contact.service_parties_applicable','contact.service_parties'),
    ])
    @pytest.mark.parametrize('flag',[False,True,None])
    def test_frontmatter_conditions_keep_actual_required_parties_and_history(node,trigger,detail,flag):
        from app.protocol_workflow.registries.applicability import bind_applicable_input, ApplicabilityResolutionError
        from app.protocol_workflow.registries.fact_bindings import FactBindingCatalog, FactBindingError
        from packages.contracts.workbench_contracts.protocol_v3 import ChapterContractV2
        from test_all_chapter_contracts import REAL_TEMPLATE_DIR
        from test_chapter_fact_binding import confirmed_study
        c = ChapterContractV2.model_validate_json((REAL_TEMPLATE_DIR / 'chapter_contracts' / (node+'.json')).read_text())
        bindings = FactBindingCatalog.model_validate_json((REAL_TEMPLATE_DIR / 'fact_bindings.json').read_text()).bindings
        facts = {f.fact_path: 'Synthetic actual project metadata' for f in c.substantive_content.fact_requirements if f.obligation.value == 'required'}
        facts[trigger] = flag
        rules = real_rule_catalog().rules
        if flag is None:
            with pytest.raises(ApplicabilityResolutionError, match='conditional_applicability_unresolved'):
                bind_applicable_input(confirmed_study(facts),c,bindings,rules=rules)
            return
        if flag:
            with pytest.raises(FactBindingError, match='missing_required_fact') as caught:
>               bind_applicable_input(confirmed_study(facts),c,bindings,rules=rules)

tests/protocol_v3/test_chapter_applicability.py:1090: 
_ _ _ _ _ _ _ _ _ _ _ _ _ _ _ _ _ _ _ _ _ _ _ _ _ _ _ _ _ _ _ _ _ _ _ _ _ _ _ _ 
services/api/app/protocol_workflow/registries/applicability.py:346: in bind_applicable_input
    effective, active_ids, digest = _resolved_input_contract(study, contract, bindings, rules)
                                    ^^^^^^^^^^^^^^^^^^^^^^^^^^^^^^^^^^^^^^^^^^^^^^^^^^^^^^^^^^
_ _ _ _ _ _ _ _ _ _ _ _ _ _ _ _ _ _ _ _ _ _ _ _ _ _ _ _ _ _ _ _ _ _ _ _ _ _ _ _ 

study = StudyDefinitionV3(schema_version='mw_protocol_v3_contract_v1', canonical_state=<CanonicalState.CONFIRMED: 'confirmed'>...exists': True}, decision_record_ids=(), updated_at=datetime.datetime(2026, 8, 10, 10, 0, tzinfo=datetime.timezone.utc))
contract = ChapterContractV2(schema_version='mw_protocol_v3_contract_v2', canonical_state=<CanonicalState.FROZEN: 'frozen'>, chap...e',), risk_if_unmet='版本表挂错来源会使方案版本追溯失效。'),), patient_participation_obligations=(), registry_consistency_obligations=())
bindings = (FactBinding(fact_path='ae.ae_collection_not_teaee_classification', canonical_path='ae.ae_collection_not_teaee_classif...'chapter_contracts/v2_n_10_1_4.json#/substantive_content/fact_requirements/3/fact_path'), unit=None, timing=None), ...)
rules = (RulePredicate(rule_id='conditional:v2-n-11-4-6:pk', source_rule_sha256='9c71f57857555dc84965dfabe4a9fa1898691bdbfcc04..._claim_requirements=(), inactive_evidence_requirements=(), active_evidence_requirements=(), reference_targets=()), ...)

    def _resolved_input_contract(study, contract, bindings, rules):
        from app.protocol_workflow.registries.chapters import ChapterContentPayload, ContentFact
        index, states, findings = _resolve_rule_states(contract, study, rules)
        if findings:
>           raise ApplicabilityResolutionError(findings)
E           app.protocol_workflow.registries.applicability.ApplicabilityResolutionError: conditional_predicate_missing:conditional_rule:applicability:front-1:amendment

services/api/app/protocol_workflow/registries/applicability.py:305: ApplicabilityResolutionError
_ test_frontmatter_conditions_keep_actual_required_parties_and_history[True-v2_n_front_3-signature.additional_signatory_applicable-signature.additional_signatory_identity] _

node = 'v2_n_front_3', trigger = 'signature.additional_signatory_applicable'
detail = 'signature.additional_signatory_identity', flag = True

    @pytest.mark.parametrize('node,trigger,detail', [
        ('v2_n_front_1','document_control.amendment_exists','document_control.change_rationale'),
        ('v2_n_front_3','signature.additional_signatory_applicable','signature.additional_signatory_identity'),
        ('v2_n_front_4','contact.service_parties_applicable','contact.service_parties'),
    ])
    @pytest.mark.parametrize('flag',[False,True,None])
    def test_frontmatter_conditions_keep_actual_required_parties_and_history(node,trigger,detail,flag):
        from app.protocol_workflow.registries.applicability import bind_applicable_input, ApplicabilityResolutionError
        from app.protocol_workflow.registries.fact_bindings import FactBindingCatalog, FactBindingError
        from packages.contracts.workbench_contracts.protocol_v3 import ChapterContractV2
        from test_all_chapter_contracts import REAL_TEMPLATE_DIR
        from test_chapter_fact_binding import confirmed_study
        c = ChapterContractV2.model_validate_json((REAL_TEMPLATE_DIR / 'chapter_contracts' / (node+'.json')).read_text())
        bindings = FactBindingCatalog.model_validate_json((REAL_TEMPLATE_DIR / 'fact_bindings.json').read_text()).bindings
        facts = {f.fact_path: 'Synthetic actual project metadata' for f in c.substantive_content.fact_requirements if f.obligation.value == 'required'}
        facts[trigger] = flag
        rules = real_rule_catalog().rules
        if flag is None:
            with pytest.raises(ApplicabilityResolutionError, match='conditional_applicability_unresolved'):
                bind_applicable_input(confirmed_study(facts),c,bindings,rules=rules)
            return
        if flag:
            with pytest.raises(FactBindingError, match='missing_required_fact') as caught:
>               bind_applicable_input(confirmed_study(facts),c,bindings,rules=rules)

tests/protocol_v3/test_chapter_applicability.py:1090: 
_ _ _ _ _ _ _ _ _ _ _ _ _ _ _ _ _ _ _ _ _ _ _ _ _ _ _ _ _ _ _ _ _ _ _ _ _ _ _ _ 
services/api/app/protocol_workflow/registries/applicability.py:346: in bind_applicable_input
    effective, active_ids, digest = _resolved_input_contract(study, contract, bindings, rules)
                                    ^^^^^^^^^^^^^^^^^^^^^^^^^^^^^^^^^^^^^^^^^^^^^^^^^^^^^^^^^^
_ _ _ _ _ _ _ _ _ _ _ _ _ _ _ _ _ _ _ _ _ _ _ _ _ _ _ _ _ _ _ _ _ _ _ _ _ _ _ _ 

study = StudyDefinitionV3(schema_version='mw_protocol_v3_contract_v1', canonical_state=<CanonicalState.CONFIRMED: 'confirmed'>...icable': True}, decision_record_ids=(), updated_at=datetime.datetime(2026, 8, 10, 10, 0, tzinfo=datetime.timezone.utc))
contract = ChapterContractV2(schema_version='mw_protocol_v3_contract_v2', canonical_state=<CanonicalState.FROZEN: 'frozen'>, chap...ng',), risk_if_unmet='旧版申办方元数据会使签署控件失效。'),), patient_participation_obligations=(), registry_consistency_obligations=())
bindings = (FactBinding(fact_path='ae.ae_collection_not_teaee_classification', canonical_path='ae.ae_collection_not_teaee_classif...'chapter_contracts/v2_n_10_1_4.json#/substantive_content/fact_requirements/3/fact_path'), unit=None, timing=None), ...)
rules = (RulePredicate(rule_id='conditional:v2-n-11-4-6:pk', source_rule_sha256='9c71f57857555dc84965dfabe4a9fa1898691bdbfcc04..._claim_requirements=(), inactive_evidence_requirements=(), active_evidence_requirements=(), reference_targets=()), ...)

    def _resolved_input_contract(study, contract, bindings, rules):
        from app.protocol_workflow.registries.chapters import ChapterContentPayload, ContentFact
        index, states, findings = _resolve_rule_states(contract, study, rules)
        if findings:
>           raise ApplicabilityResolutionError(findings)
E           app.protocol_workflow.registries.applicability.ApplicabilityResolutionError: conditional_predicate_missing:conditional_rule:applicability:front-3:additional-signatory

services/api/app/protocol_workflow/registries/applicability.py:305: ApplicabilityResolutionError
_ test_frontmatter_conditions_keep_actual_required_parties_and_history[True-v2_n_front_4-contact.service_parties_applicable-contact.service_parties] _

node = 'v2_n_front_4', trigger = 'contact.service_parties_applicable'
detail = 'contact.service_parties', flag = True

    @pytest.mark.parametrize('node,trigger,detail', [
        ('v2_n_front_1','document_control.amendment_exists','document_control.change_rationale'),
        ('v2_n_front_3','signature.additional_signatory_applicable','signature.additional_signatory_identity'),
        ('v2_n_front_4','contact.service_parties_applicable','contact.service_parties'),
    ])
    @pytest.mark.parametrize('flag',[False,True,None])
    def test_frontmatter_conditions_keep_actual_required_parties_and_history(node,trigger,detail,flag):
        from app.protocol_workflow.registries.applicability import bind_applicable_input, ApplicabilityResolutionError
        from app.protocol_workflow.registries.fact_bindings import FactBindingCatalog, FactBindingError
        from packages.contracts.workbench_contracts.protocol_v3 import ChapterContractV2
        from test_all_chapter_contracts import REAL_TEMPLATE_DIR
        from test_chapter_fact_binding import confirmed_study
        c = ChapterContractV2.model_validate_json((REAL_TEMPLATE_DIR / 'chapter_contracts' / (node+'.json')).read_text())
        bindings = FactBindingCatalog.model_validate_json((REAL_TEMPLATE_DIR / 'fact_bindings.json').read_text()).bindings
        facts = {f.fact_path: 'Synthetic actual project metadata' for f in c.substantive_content.fact_requirements if f.obligation.value == 'required'}
        facts[trigger] = flag
        rules = real_rule_catalog().rules
        if flag is None:
            with pytest.raises(ApplicabilityResolutionError, match='conditional_applicability_unresolved'):
                bind_applicable_input(confirmed_study(facts),c,bindings,rules=rules)
            return
        if flag:
            with pytest.raises(FactBindingError, match='missing_required_fact') as caught:
>               bind_applicable_input(confirmed_study(facts),c,bindings,rules=rules)

tests/protocol_v3/test_chapter_applicability.py:1090: 
_ _ _ _ _ _ _ _ _ _ _ _ _ _ _ _ _ _ _ _ _ _ _ _ _ _ _ _ _ _ _ _ _ _ _ _ _ _ _ _ 
services/api/app/protocol_workflow/registries/applicability.py:346: in bind_applicable_input
    effective, active_ids, digest = _resolved_input_contract(study, contract, bindings, rules)
                                    ^^^^^^^^^^^^^^^^^^^^^^^^^^^^^^^^^^^^^^^^^^^^^^^^^^^^^^^^^^
_ _ _ _ _ _ _ _ _ _ _ _ _ _ _ _ _ _ _ _ _ _ _ _ _ _ _ _ _ _ _ _ _ _ _ _ _ _ _ _ 

study = StudyDefinitionV3(schema_version='mw_protocol_v3_contract_v1', canonical_state=<CanonicalState.CONFIRMED: 'confirmed'>...icable': True}, decision_record_ids=(), updated_at=datetime.datetime(2026, 8, 10, 10, 0, tzinfo=datetime.timezone.utc))
contract = ChapterContractV2(schema_version='mw_protocol_v3_contract_v2', canonical_state=<CanonicalState.FROZEN: 'frozen'>, chap...), risk_if_unmet='联系表角色/地址缺失会阻断沟通与监查安排。'),), patient_participation_obligations=(), registry_consistency_obligations=())
bindings = (FactBinding(fact_path='ae.ae_collection_not_teaee_classification', canonical_path='ae.ae_collection_not_teaee_classif...'chapter_contracts/v2_n_10_1_4.json#/substantive_content/fact_requirements/3/fact_path'), unit=None, timing=None), ...)
rules = (RulePredicate(rule_id='conditional:v2-n-11-4-6:pk', source_rule_sha256='9c71f57857555dc84965dfabe4a9fa1898691bdbfcc04..._claim_requirements=(), inactive_evidence_requirements=(), active_evidence_requirements=(), reference_targets=()), ...)

    def _resolved_input_contract(study, contract, bindings, rules):
        from app.protocol_workflow.registries.chapters import ChapterContentPayload, ContentFact
        index, states, findings = _resolve_rule_states(contract, study, rules)
        if findings:
>           raise ApplicabilityResolutionError(findings)
E           app.protocol_workflow.registries.applicability.ApplicabilityResolutionError: conditional_predicate_missing:conditional_rule:applicability:front-4:service-parties

services/api/app/protocol_workflow/registries/applicability.py:305: ApplicabilityResolutionError
_ test_frontmatter_conditions_keep_actual_required_parties_and_history[None-v2_n_front_1-document_control.amendment_exists-document_control.change_rationale] _

node = 'v2_n_front_1', trigger = 'document_control.amendment_exists'
detail = 'document_control.change_rationale', flag = None

    @pytest.mark.parametrize('node,trigger,detail', [
        ('v2_n_front_1','document_control.amendment_exists','document_control.change_rationale'),
        ('v2_n_front_3','signature.additional_signatory_applicable','signature.additional_signatory_identity'),
        ('v2_n_front_4','contact.service_parties_applicable','contact.service_parties'),
    ])
    @pytest.mark.parametrize('flag',[False,True,None])
    def test_frontmatter_conditions_keep_actual_required_parties_and_history(node,trigger,detail,flag):
        from app.protocol_workflow.registries.applicability import bind_applicable_input, ApplicabilityResolutionError
        from app.protocol_workflow.registries.fact_bindings import FactBindingCatalog, FactBindingError
        from packages.contracts.workbench_contracts.protocol_v3 import ChapterContractV2
        from test_all_chapter_contracts import REAL_TEMPLATE_DIR
        from test_chapter_fact_binding import confirmed_study
        c = ChapterContractV2.model_validate_json((REAL_TEMPLATE_DIR / 'chapter_contracts' / (node+'.json')).read_text())
        bindings = FactBindingCatalog.model_validate_json((REAL_TEMPLATE_DIR / 'fact_bindings.json').read_text()).bindings
        facts = {f.fact_path: 'Synthetic actual project metadata' for f in c.substantive_content.fact_requirements if f.obligation.value == 'required'}
        facts[trigger] = flag
        rules = real_rule_catalog().rules
        if flag is None:
            with pytest.raises(ApplicabilityResolutionError, match='conditional_applicability_unresolved'):
>               bind_applicable_input(confirmed_study(facts),c,bindings,rules=rules)

tests/protocol_v3/test_chapter_applicability.py:1086: 
_ _ _ _ _ _ _ _ _ _ _ _ _ _ _ _ _ _ _ _ _ _ _ _ _ _ _ _ _ _ _ _ _ _ _ _ _ _ _ _ 
services/api/app/protocol_workflow/registries/applicability.py:346: in bind_applicable_input
    effective, active_ids, digest = _resolved_input_contract(study, contract, bindings, rules)
                                    ^^^^^^^^^^^^^^^^^^^^^^^^^^^^^^^^^^^^^^^^^^^^^^^^^^^^^^^^^^
_ _ _ _ _ _ _ _ _ _ _ _ _ _ _ _ _ _ _ _ _ _ _ _ _ _ _ _ _ _ _ _ _ _ _ _ _ _ _ _ 

study = StudyDefinitionV3(schema_version='mw_protocol_v3_contract_v1', canonical_state=<CanonicalState.CONFIRMED: 'confirmed'>...exists': None}, decision_record_ids=(), updated_at=datetime.datetime(2026, 8, 10, 10, 0, tzinfo=datetime.timezone.utc))
contract = ChapterContractV2(schema_version='mw_protocol_v3_contract_v2', canonical_state=<CanonicalState.FROZEN: 'frozen'>, chap...e',), risk_if_unmet='版本表挂错来源会使方案版本追溯失效。'),), patient_participation_obligations=(), registry_consistency_obligations=())
bindings = (FactBinding(fact_path='ae.ae_collection_not_teaee_classification', canonical_path='ae.ae_collection_not_teaee_classif...'chapter_contracts/v2_n_10_1_4.json#/substantive_content/fact_requirements/3/fact_path'), unit=None, timing=None), ...)
rules = (RulePredicate(rule_id='conditional:v2-n-11-4-6:pk', source_rule_sha256='9c71f57857555dc84965dfabe4a9fa1898691bdbfcc04..._claim_requirements=(), inactive_evidence_requirements=(), active_evidence_requirements=(), reference_targets=()), ...)

    def _resolved_input_contract(study, contract, bindings, rules):
        from app.protocol_workflow.registries.chapters import ChapterContentPayload, ContentFact
        index, states, findings = _resolve_rule_states(contract, study, rules)
        if findings:
>           raise ApplicabilityResolutionError(findings)
E           app.protocol_workflow.registries.applicability.ApplicabilityResolutionError: conditional_predicate_missing:conditional_rule:applicability:front-1:amendment

services/api/app/protocol_workflow/registries/applicability.py:305: ApplicabilityResolutionError

During handling of the above exception, another exception occurred:

node = 'v2_n_front_1', trigger = 'document_control.amendment_exists'
detail = 'document_control.change_rationale', flag = None

    @pytest.mark.parametrize('node,trigger,detail', [
        ('v2_n_front_1','document_control.amendment_exists','document_control.change_rationale'),
        ('v2_n_front_3','signature.additional_signatory_applicable','signature.additional_signatory_identity'),
        ('v2_n_front_4','contact.service_parties_applicable','contact.service_parties'),
    ])
    @pytest.mark.parametrize('flag',[False,True,None])
    def test_frontmatter_conditions_keep_actual_required_parties_and_history(node,trigger,detail,flag):
        from app.protocol_workflow.registries.applicability import bind_applicable_input, ApplicabilityResolutionError
        from app.protocol_workflow.registries.fact_bindings import FactBindingCatalog, FactBindingError
        from packages.contracts.workbench_contracts.protocol_v3 import ChapterContractV2
        from test_all_chapter_contracts import REAL_TEMPLATE_DIR
        from test_chapter_fact_binding import confirmed_study
        c = ChapterContractV2.model_validate_json((REAL_TEMPLATE_DIR / 'chapter_contracts' / (node+'.json')).read_text())
        bindings = FactBindingCatalog.model_validate_json((REAL_TEMPLATE_DIR / 'fact_bindings.json').read_text()).bindings
        facts = {f.fact_path: 'Synthetic actual project metadata' for f in c.substantive_content.fact_requirements if f.obligation.value == 'required'}
        facts[trigger] = flag
        rules = real_rule_catalog().rules
        if flag is None:
>           with pytest.raises(ApplicabilityResolutionError, match='conditional_applicability_unresolved'):
                 ^^^^^^^^^^^^^^^^^^^^^^^^^^^^^^^^^^^^^^^^^^^^^^^^^^^^^^^^^^^^^^^^^^^^^^^^^^^^^^^^^^^^^^^^^
E           AssertionError: Regex pattern did not match.
E            Regex: 'conditional_applicability_unresolved'
E            Input: 'conditional_predicate_missing:conditional_rule:applicability:front-1:amendment'

tests/protocol_v3/test_chapter_applicability.py:1085: AssertionError
_ test_frontmatter_conditions_keep_actual_required_parties_and_history[None-v2_n_front_3-signature.additional_signatory_applicable-signature.additional_signatory_identity] _

node = 'v2_n_front_3', trigger = 'signature.additional_signatory_applicable'
detail = 'signature.additional_signatory_identity', flag = None

    @pytest.mark.parametrize('node,trigger,detail', [
        ('v2_n_front_1','document_control.amendment_exists','document_control.change_rationale'),
        ('v2_n_front_3','signature.additional_signatory_applicable','signature.additional_signatory_identity'),
        ('v2_n_front_4','contact.service_parties_applicable','contact.service_parties'),
    ])
    @pytest.mark.parametrize('flag',[False,True,None])
    def test_frontmatter_conditions_keep_actual_required_parties_and_history(node,trigger,detail,flag):
        from app.protocol_workflow.registries.applicability import bind_applicable_input, ApplicabilityResolutionError
        from app.protocol_workflow.registries.fact_bindings import FactBindingCatalog, FactBindingError
        from packages.contracts.workbench_contracts.protocol_v3 import ChapterContractV2
        from test_all_chapter_contracts import REAL_TEMPLATE_DIR
        from test_chapter_fact_binding import confirmed_study
        c = ChapterContractV2.model_validate_json((REAL_TEMPLATE_DIR / 'chapter_contracts' / (node+'.json')).read_text())
        bindings = FactBindingCatalog.model_validate_json((REAL_TEMPLATE_DIR / 'fact_bindings.json').read_text()).bindings
        facts = {f.fact_path: 'Synthetic actual project metadata' for f in c.substantive_content.fact_requirements if f.obligation.value == 'required'}
        facts[trigger] = flag
        rules = real_rule_catalog().rules
        if flag is None:
            with pytest.raises(ApplicabilityResolutionError, match='conditional_applicability_unresolved'):
>               bind_applicable_input(confirmed_study(facts),c,bindings,rules=rules)

tests/protocol_v3/test_chapter_applicability.py:1086: 
_ _ _ _ _ _ _ _ _ _ _ _ _ _ _ _ _ _ _ _ _ _ _ _ _ _ _ _ _ _ _ _ _ _ _ _ _ _ _ _ 
services/api/app/protocol_workflow/registries/applicability.py:346: in bind_applicable_input
    effective, active_ids, digest = _resolved_input_contract(study, contract, bindings, rules)
                                    ^^^^^^^^^^^^^^^^^^^^^^^^^^^^^^^^^^^^^^^^^^^^^^^^^^^^^^^^^^
_ _ _ _ _ _ _ _ _ _ _ _ _ _ _ _ _ _ _ _ _ _ _ _ _ _ _ _ _ _ _ _ _ _ _ _ _ _ _ _ 

study = StudyDefinitionV3(schema_version='mw_protocol_v3_contract_v1', canonical_state=<CanonicalState.CONFIRMED: 'confirmed'>...icable': None}, decision_record_ids=(), updated_at=datetime.datetime(2026, 8, 10, 10, 0, tzinfo=datetime.timezone.utc))
contract = ChapterContractV2(schema_version='mw_protocol_v3_contract_v2', canonical_state=<CanonicalState.FROZEN: 'frozen'>, chap...ng',), risk_if_unmet='旧版申办方元数据会使签署控件失效。'),), patient_participation_obligations=(), registry_consistency_obligations=())
bindings = (FactBinding(fact_path='ae.ae_collection_not_teaee_classification', canonical_path='ae.ae_collection_not_teaee_classif...'chapter_contracts/v2_n_10_1_4.json#/substantive_content/fact_requirements/3/fact_path'), unit=None, timing=None), ...)
rules = (RulePredicate(rule_id='conditional:v2-n-11-4-6:pk', source_rule_sha256='9c71f57857555dc84965dfabe4a9fa1898691bdbfcc04..._claim_requirements=(), inactive_evidence_requirements=(), active_evidence_requirements=(), reference_targets=()), ...)

    def _resolved_input_contract(study, contract, bindings, rules):
        from app.protocol_workflow.registries.chapters import ChapterContentPayload, ContentFact
        index, states, findings = _resolve_rule_states(contract, study, rules)
        if findings:
>           raise ApplicabilityResolutionError(findings)
E           app.protocol_workflow.registries.applicability.ApplicabilityResolutionError: conditional_predicate_missing:conditional_rule:applicability:front-3:additional-signatory

services/api/app/protocol_workflow/registries/applicability.py:305: ApplicabilityResolutionError

During handling of the above exception, another exception occurred:

node = 'v2_n_front_3', trigger = 'signature.additional_signatory_applicable'
detail = 'signature.additional_signatory_identity', flag = None

    @pytest.mark.parametrize('node,trigger,detail', [
        ('v2_n_front_1','document_control.amendment_exists','document_control.change_rationale'),
        ('v2_n_front_3','signature.additional_signatory_applicable','signature.additional_signatory_identity'),
        ('v2_n_front_4','contact.service_parties_applicable','contact.service_parties'),
    ])
    @pytest.mark.parametrize('flag',[False,True,None])
    def test_frontmatter_conditions_keep_actual_required_parties_and_history(node,trigger,detail,flag):
        from app.protocol_workflow.registries.applicability import bind_applicable_input, ApplicabilityResolutionError
        from app.protocol_workflow.registries.fact_bindings import FactBindingCatalog, FactBindingError
        from packages.contracts.workbench_contracts.protocol_v3 import ChapterContractV2
        from test_all_chapter_contracts import REAL_TEMPLATE_DIR
        from test_chapter_fact_binding import confirmed_study
        c = ChapterContractV2.model_validate_json((REAL_TEMPLATE_DIR / 'chapter_contracts' / (node+'.json')).read_text())
        bindings = FactBindingCatalog.model_validate_json((REAL_TEMPLATE_DIR / 'fact_bindings.json').read_text()).bindings
        facts = {f.fact_path: 'Synthetic actual project metadata' for f in c.substantive_content.fact_requirements if f.obligation.value == 'required'}
        facts[trigger] = flag
        rules = real_rule_catalog().rules
        if flag is None:
>           with pytest.raises(ApplicabilityResolutionError, match='conditional_applicability_unresolved'):
                 ^^^^^^^^^^^^^^^^^^^^^^^^^^^^^^^^^^^^^^^^^^^^^^^^^^^^^^^^^^^^^^^^^^^^^^^^^^^^^^^^^^^^^^^^^
E           AssertionError: Regex pattern did not match.
E            Regex: 'conditional_applicability_unresolved'
E            Input: 'conditional_predicate_missing:conditional_rule:applicability:front-3:additional-signatory'

tests/protocol_v3/test_chapter_applicability.py:1085: AssertionError
_ test_frontmatter_conditions_keep_actual_required_parties_and_history[None-v2_n_front_4-contact.service_parties_applicable-contact.service_parties] _

node = 'v2_n_front_4', trigger = 'contact.service_parties_applicable'
detail = 'contact.service_parties', flag = None

    @pytest.mark.parametrize('node,trigger,detail', [
        ('v2_n_front_1','document_control.amendment_exists','document_control.change_rationale'),
        ('v2_n_front_3','signature.additional_signatory_applicable','signature.additional_signatory_identity'),
        ('v2_n_front_4','contact.service_parties_applicable','contact.service_parties'),
    ])
    @pytest.mark.parametrize('flag',[False,True,None])
    def test_frontmatter_conditions_keep_actual_required_parties_and_history(node,trigger,detail,flag):
        from app.protocol_workflow.registries.applicability import bind_applicable_input, ApplicabilityResolutionError
        from app.protocol_workflow.registries.fact_bindings import FactBindingCatalog, FactBindingError
        from packages.contracts.workbench_contracts.protocol_v3 import ChapterContractV2
        from test_all_chapter_contracts import REAL_TEMPLATE_DIR
        from test_chapter_fact_binding import confirmed_study
        c = ChapterContractV2.model_validate_json((REAL_TEMPLATE_DIR / 'chapter_contracts' / (node+'.json')).read_text())
        bindings = FactBindingCatalog.model_validate_json((REAL_TEMPLATE_DIR / 'fact_bindings.json').read_text()).bindings
        facts = {f.fact_path: 'Synthetic actual project metadata' for f in c.substantive_content.fact_requirements if f.obligation.value == 'required'}
        facts[trigger] = flag
        rules = real_rule_catalog().rules
        if flag is None:
            with pytest.raises(ApplicabilityResolutionError, match='conditional_applicability_unresolved'):
>               bind_applicable_input(confirmed_study(facts),c,bindings,rules=rules)

tests/protocol_v3/test_chapter_applicability.py:1086: 
_ _ _ _ _ _ _ _ _ _ _ _ _ _ _ _ _ _ _ _ _ _ _ _ _ _ _ _ _ _ _ _ _ _ _ _ _ _ _ _ 
services/api/app/protocol_workflow/registries/applicability.py:346: in bind_applicable_input
    effective, active_ids, digest = _resolved_input_contract(study, contract, bindings, rules)
                                    ^^^^^^^^^^^^^^^^^^^^^^^^^^^^^^^^^^^^^^^^^^^^^^^^^^^^^^^^^^
_ _ _ _ _ _ _ _ _ _ _ _ _ _ _ _ _ _ _ _ _ _ _ _ _ _ _ _ _ _ _ _ _ _ _ _ _ _ _ _ 

study = StudyDefinitionV3(schema_version='mw_protocol_v3_contract_v1', canonical_state=<CanonicalState.CONFIRMED: 'confirmed'>...icable': None}, decision_record_ids=(), updated_at=datetime.datetime(2026, 8, 10, 10, 0, tzinfo=datetime.timezone.utc))
contract = ChapterContractV2(schema_version='mw_protocol_v3_contract_v2', canonical_state=<CanonicalState.FROZEN: 'frozen'>, chap...), risk_if_unmet='联系表角色/地址缺失会阻断沟通与监查安排。'),), patient_participation_obligations=(), registry_consistency_obligations=())
bindings = (FactBinding(fact_path='ae.ae_collection_not_teaee_classification', canonical_path='ae.ae_collection_not_teaee_classif...'chapter_contracts/v2_n_10_1_4.json#/substantive_content/fact_requirements/3/fact_path'), unit=None, timing=None), ...)
rules = (RulePredicate(rule_id='conditional:v2-n-11-4-6:pk', source_rule_sha256='9c71f57857555dc84965dfabe4a9fa1898691bdbfcc04..._claim_requirements=(), inactive_evidence_requirements=(), active_evidence_requirements=(), reference_targets=()), ...)

    def _resolved_input_contract(study, contract, bindings, rules):
        from app.protocol_workflow.registries.chapters import ChapterContentPayload, ContentFact
        index, states, findings = _resolve_rule_states(contract, study, rules)
        if findings:
>           raise ApplicabilityResolutionError(findings)
E           app.protocol_workflow.registries.applicability.ApplicabilityResolutionError: conditional_predicate_missing:conditional_rule:applicability:front-4:service-parties

services/api/app/protocol_workflow/registries/applicability.py:305: ApplicabilityResolutionError

During handling of the above exception, another exception occurred:

node = 'v2_n_front_4', trigger = 'contact.service_parties_applicable'
detail = 'contact.service_parties', flag = None

    @pytest.mark.parametrize('node,trigger,detail', [
        ('v2_n_front_1','document_control.amendment_exists','document_control.change_rationale'),
        ('v2_n_front_3','signature.additional_signatory_applicable','signature.additional_signatory_identity'),
        ('v2_n_front_4','contact.service_parties_applicable','contact.service_parties'),
    ])
    @pytest.mark.parametrize('flag',[False,True,None])
    def test_frontmatter_conditions_keep_actual_required_parties_and_history(node,trigger,detail,flag):
        from app.protocol_workflow.registries.applicability import bind_applicable_input, ApplicabilityResolutionError
        from app.protocol_workflow.registries.fact_bindings import FactBindingCatalog, FactBindingError
        from packages.contracts.workbench_contracts.protocol_v3 import ChapterContractV2
        from test_all_chapter_contracts import REAL_TEMPLATE_DIR
        from test_chapter_fact_binding import confirmed_study
        c = ChapterContractV2.model_validate_json((REAL_TEMPLATE_DIR / 'chapter_contracts' / (node+'.json')).read_text())
        bindings = FactBindingCatalog.model_validate_json((REAL_TEMPLATE_DIR / 'fact_bindings.json').read_text()).bindings
        facts = {f.fact_path: 'Synthetic actual project metadata' for f in c.substantive_content.fact_requirements if f.obligation.value == 'required'}
        facts[trigger] = flag
        rules = real_rule_catalog().rules
        if flag is None:
>           with pytest.raises(ApplicabilityResolutionError, match='conditional_applicability_unresolved'):
                 ^^^^^^^^^^^^^^^^^^^^^^^^^^^^^^^^^^^^^^^^^^^^^^^^^^^^^^^^^^^^^^^^^^^^^^^^^^^^^^^^^^^^^^^^^
E           AssertionError: Regex pattern did not match.
E            Regex: 'conditional_applicability_unresolved'
E            Input: 'conditional_predicate_missing:conditional_rule:applicability:front-4:service-parties'

tests/protocol_v3/test_chapter_applicability.py:1085: AssertionError
=========================== short test summary info ============================
FAILED tests/protocol_v3/test_chapter_applicability.py::test_frontmatter_conditions_keep_actual_required_parties_and_history[False-v2_n_front_1-document_control.amendment_exists-document_control.change_rationale]
FAILED tests/protocol_v3/test_chapter_applicability.py::test_frontmatter_conditions_keep_actual_required_parties_and_history[False-v2_n_front_3-signature.additional_signatory_applicable-signature.additional_signatory_identity]
FAILED tests/protocol_v3/test_chapter_applicability.py::test_frontmatter_conditions_keep_actual_required_parties_and_history[False-v2_n_front_4-contact.service_parties_applicable-contact.service_parties]
FAILED tests/protocol_v3/test_chapter_applicability.py::test_frontmatter_conditions_keep_actual_required_parties_and_history[True-v2_n_front_1-document_control.amendment_exists-document_control.change_rationale]
FAILED tests/protocol_v3/test_chapter_applicability.py::test_frontmatter_conditions_keep_actual_required_parties_and_history[True-v2_n_front_3-signature.additional_signatory_applicable-signature.additional_signatory_identity]
FAILED tests/protocol_v3/test_chapter_applicability.py::test_frontmatter_conditions_keep_actual_required_parties_and_history[True-v2_n_front_4-contact.service_parties_applicable-contact.service_parties]
FAILED tests/protocol_v3/test_chapter_applicability.py::test_frontmatter_conditions_keep_actual_required_parties_and_history[None-v2_n_front_1-document_control.amendment_exists-document_control.change_rationale]
FAILED tests/protocol_v3/test_chapter_applicability.py::test_frontmatter_conditions_keep_actual_required_parties_and_history[None-v2_n_front_3-signature.additional_signatory_applicable-signature.additional_signatory_identity]
FAILED tests/protocol_v3/test_chapter_applicability.py::test_frontmatter_conditions_keep_actual_required_parties_and_history[None-v2_n_front_4-contact.service_parties_applicable-contact.service_parties]
9 failed, 124 deselected in 0.84s
