EEEEEEEEEEEEEEEEEEFE..E                                                  [100%]
==================================== ERRORS ====================================
____ ERROR at setup of test_a_pidfile_identity_mismatch_refuses_and_audits _____

tmp_path = PosixPath('/private/var/folders/yb/31r9763x6_54mdxswxk36c4w0000gn/T/pytest-of-smkzw/pytest-2563/test_a_pidfile_identity_mismat0')

    @pytest.fixture()
    def world(tmp_path):
        store = tmp_path / "runtime"
        _write_store(store)
>       w = World(tmp_path, _base_config(tmp_path, store))
            ^^^^^^^^^^^^^^^^^^^^^^^^^^^^^^^^^^^^^^^^^^^^^^

tests/acceptance/test_model_lifecycle_orchestrator.py:270: 
_ _ _ _ _ _ _ _ _ _ _ _ _ _ _ _ _ _ _ _ _ _ _ _ _ _ _ _ _ _ _ _ _ _ _ _ _ _ _ _ 
tests/acceptance/test_model_lifecycle_orchestrator.py:255: in __init__
    self.orch_mod = _orch()
                    ^^^^^^^
tests/acceptance/test_model_lifecycle_orchestrator.py:41: in _orch
    return importlib.import_module(ORCH)
           ^^^^^^^^^^^^^^^^^^^^^^^^^^^^^
/opt/homebrew/Cellar/python@3.14/3.14.7/Frameworks/Python.framework/Versions/3.14/lib/python3.14/importlib/__init__.py:88: in import_module
    return _bootstrap._gcd_import(name[level:], package, level)
           ^^^^^^^^^^^^^^^^^^^^^^^^^^^^^^^^^^^^^^^^^^^^^^^^^^^^
<frozen importlib._bootstrap>:1406: in _gcd_import
    ???
<frozen importlib._bootstrap>:1371: in _find_and_load
    ???
_ _ _ _ _ _ _ _ _ _ _ _ _ _ _ _ _ _ _ _ _ _ _ _ _ _ _ _ _ _ _ _ _ _ _ _ _ _ _ _ 

name = 'services.api.app.model_lifecycle_orchestrator'
import_ = <function _gcd_import at 0x1029d3e20>

>   ???
E   ModuleNotFoundError: No module named 'services.api.app.model_lifecycle_orchestrator'

<frozen importlib._bootstrap>:1335: ModuleNotFoundError
_____ ERROR at setup of test_b_ensure_idempotent_when_healthy_and_resident _____

tmp_path = PosixPath('/private/var/folders/yb/31r9763x6_54mdxswxk36c4w0000gn/T/pytest-of-smkzw/pytest-2563/test_b_ensure_idempotent_when_0')

    @pytest.fixture()
    def world(tmp_path):
        store = tmp_path / "runtime"
        _write_store(store)
>       w = World(tmp_path, _base_config(tmp_path, store))
            ^^^^^^^^^^^^^^^^^^^^^^^^^^^^^^^^^^^^^^^^^^^^^^

tests/acceptance/test_model_lifecycle_orchestrator.py:270: 
_ _ _ _ _ _ _ _ _ _ _ _ _ _ _ _ _ _ _ _ _ _ _ _ _ _ _ _ _ _ _ _ _ _ _ _ _ _ _ _ 
tests/acceptance/test_model_lifecycle_orchestrator.py:255: in __init__
    self.orch_mod = _orch()
                    ^^^^^^^
tests/acceptance/test_model_lifecycle_orchestrator.py:41: in _orch
    return importlib.import_module(ORCH)
           ^^^^^^^^^^^^^^^^^^^^^^^^^^^^^
/opt/homebrew/Cellar/python@3.14/3.14.7/Frameworks/Python.framework/Versions/3.14/lib/python3.14/importlib/__init__.py:88: in import_module
    return _bootstrap._gcd_import(name[level:], package, level)
           ^^^^^^^^^^^^^^^^^^^^^^^^^^^^^^^^^^^^^^^^^^^^^^^^^^^^
<frozen importlib._bootstrap>:1406: in _gcd_import
    ???
<frozen importlib._bootstrap>:1371: in _find_and_load
    ???
_ _ _ _ _ _ _ _ _ _ _ _ _ _ _ _ _ _ _ _ _ _ _ _ _ _ _ _ _ _ _ _ _ _ _ _ _ _ _ _ 

name = 'services.api.app.model_lifecycle_orchestrator'
import_ = <function _gcd_import at 0x1029d3e20>

>   ???
E   ModuleNotFoundError: No module named 'services.api.app.model_lifecycle_orchestrator'

<frozen importlib._bootstrap>:1335: ModuleNotFoundError
_______ ERROR at setup of test_c_probe_loads_translation_then_a18_passes _______

tmp_path = PosixPath('/private/var/folders/yb/31r9763x6_54mdxswxk36c4w0000gn/T/pytest-of-smkzw/pytest-2563/test_c_probe_loads_translation0')

    @pytest.fixture()
    def world(tmp_path):
        store = tmp_path / "runtime"
        _write_store(store)
>       w = World(tmp_path, _base_config(tmp_path, store))
            ^^^^^^^^^^^^^^^^^^^^^^^^^^^^^^^^^^^^^^^^^^^^^^

tests/acceptance/test_model_lifecycle_orchestrator.py:270: 
_ _ _ _ _ _ _ _ _ _ _ _ _ _ _ _ _ _ _ _ _ _ _ _ _ _ _ _ _ _ _ _ _ _ _ _ _ _ _ _ 
tests/acceptance/test_model_lifecycle_orchestrator.py:255: in __init__
    self.orch_mod = _orch()
                    ^^^^^^^
tests/acceptance/test_model_lifecycle_orchestrator.py:41: in _orch
    return importlib.import_module(ORCH)
           ^^^^^^^^^^^^^^^^^^^^^^^^^^^^^
/opt/homebrew/Cellar/python@3.14/3.14.7/Frameworks/Python.framework/Versions/3.14/lib/python3.14/importlib/__init__.py:88: in import_module
    return _bootstrap._gcd_import(name[level:], package, level)
           ^^^^^^^^^^^^^^^^^^^^^^^^^^^^^^^^^^^^^^^^^^^^^^^^^^^^
<frozen importlib._bootstrap>:1406: in _gcd_import
    ???
<frozen importlib._bootstrap>:1371: in _find_and_load
    ???
_ _ _ _ _ _ _ _ _ _ _ _ _ _ _ _ _ _ _ _ _ _ _ _ _ _ _ _ _ _ _ _ _ _ _ _ _ _ _ _ 

name = 'services.api.app.model_lifecycle_orchestrator'
import_ = <function _gcd_import at 0x1029d3e20>

>   ???
E   ModuleNotFoundError: No module named 'services.api.app.model_lifecycle_orchestrator'

<frozen importlib._bootstrap>:1335: ModuleNotFoundError
_____ ERROR at setup of test_d_busy_free_other_resident_drains_then_loads ______

tmp_path = PosixPath('/private/var/folders/yb/31r9763x6_54mdxswxk36c4w0000gn/T/pytest-of-smkzw/pytest-2563/test_d_busy_free_other_residen0')

    @pytest.fixture()
    def world(tmp_path):
        store = tmp_path / "runtime"
        _write_store(store)
>       w = World(tmp_path, _base_config(tmp_path, store))
            ^^^^^^^^^^^^^^^^^^^^^^^^^^^^^^^^^^^^^^^^^^^^^^

tests/acceptance/test_model_lifecycle_orchestrator.py:270: 
_ _ _ _ _ _ _ _ _ _ _ _ _ _ _ _ _ _ _ _ _ _ _ _ _ _ _ _ _ _ _ _ _ _ _ _ _ _ _ _ 
tests/acceptance/test_model_lifecycle_orchestrator.py:255: in __init__
    self.orch_mod = _orch()
                    ^^^^^^^
tests/acceptance/test_model_lifecycle_orchestrator.py:41: in _orch
    return importlib.import_module(ORCH)
           ^^^^^^^^^^^^^^^^^^^^^^^^^^^^^
/opt/homebrew/Cellar/python@3.14/3.14.7/Frameworks/Python.framework/Versions/3.14/lib/python3.14/importlib/__init__.py:88: in import_module
    return _bootstrap._gcd_import(name[level:], package, level)
           ^^^^^^^^^^^^^^^^^^^^^^^^^^^^^^^^^^^^^^^^^^^^^^^^^^^^
<frozen importlib._bootstrap>:1406: in _gcd_import
    ???
<frozen importlib._bootstrap>:1371: in _find_and_load
    ???
_ _ _ _ _ _ _ _ _ _ _ _ _ _ _ _ _ _ _ _ _ _ _ _ _ _ _ _ _ _ _ _ _ _ _ _ _ _ _ _ 

name = 'services.api.app.model_lifecycle_orchestrator'
import_ = <function _gcd_import at 0x1029d3e20>

>   ???
E   ModuleNotFoundError: No module named 'services.api.app.model_lifecycle_orchestrator'

<frozen importlib._bootstrap>:1335: ModuleNotFoundError
____ ERROR at setup of test_d2_release_reports_unload_and_confirm_for_omlx _____

tmp_path = PosixPath('/private/var/folders/yb/31r9763x6_54mdxswxk36c4w0000gn/T/pytest-of-smkzw/pytest-2563/test_d2_release_reports_unload0')

    @pytest.fixture()
    def world(tmp_path):
        store = tmp_path / "runtime"
        _write_store(store)
>       w = World(tmp_path, _base_config(tmp_path, store))
            ^^^^^^^^^^^^^^^^^^^^^^^^^^^^^^^^^^^^^^^^^^^^^^

tests/acceptance/test_model_lifecycle_orchestrator.py:270: 
_ _ _ _ _ _ _ _ _ _ _ _ _ _ _ _ _ _ _ _ _ _ _ _ _ _ _ _ _ _ _ _ _ _ _ _ _ _ _ _ 
tests/acceptance/test_model_lifecycle_orchestrator.py:255: in __init__
    self.orch_mod = _orch()
                    ^^^^^^^
tests/acceptance/test_model_lifecycle_orchestrator.py:41: in _orch
    return importlib.import_module(ORCH)
           ^^^^^^^^^^^^^^^^^^^^^^^^^^^^^
/opt/homebrew/Cellar/python@3.14/3.14.7/Frameworks/Python.framework/Versions/3.14/lib/python3.14/importlib/__init__.py:88: in import_module
    return _bootstrap._gcd_import(name[level:], package, level)
           ^^^^^^^^^^^^^^^^^^^^^^^^^^^^^^^^^^^^^^^^^^^^^^^^^^^^
<frozen importlib._bootstrap>:1406: in _gcd_import
    ???
<frozen importlib._bootstrap>:1371: in _find_and_load
    ???
_ _ _ _ _ _ _ _ _ _ _ _ _ _ _ _ _ _ _ _ _ _ _ _ _ _ _ _ _ _ _ _ _ _ _ _ _ _ _ _ 

name = 'services.api.app.model_lifecycle_orchestrator'
import_ = <function _gcd_import at 0x1029d3e20>

>   ???
E   ModuleNotFoundError: No module named 'services.api.app.model_lifecycle_orchestrator'

<frozen importlib._bootstrap>:1335: ModuleNotFoundError
___________ ERROR at setup of test_e_inflight_dispatch_refuses_busy ____________

tmp_path = PosixPath('/private/var/folders/yb/31r9763x6_54mdxswxk36c4w0000gn/T/pytest-of-smkzw/pytest-2563/test_e_inflight_dispatch_refus0')

    @pytest.fixture()
    def world(tmp_path):
        store = tmp_path / "runtime"
        _write_store(store)
>       w = World(tmp_path, _base_config(tmp_path, store))
            ^^^^^^^^^^^^^^^^^^^^^^^^^^^^^^^^^^^^^^^^^^^^^^

tests/acceptance/test_model_lifecycle_orchestrator.py:270: 
_ _ _ _ _ _ _ _ _ _ _ _ _ _ _ _ _ _ _ _ _ _ _ _ _ _ _ _ _ _ _ _ _ _ _ _ _ _ _ _ 
tests/acceptance/test_model_lifecycle_orchestrator.py:255: in __init__
    self.orch_mod = _orch()
                    ^^^^^^^
tests/acceptance/test_model_lifecycle_orchestrator.py:41: in _orch
    return importlib.import_module(ORCH)
           ^^^^^^^^^^^^^^^^^^^^^^^^^^^^^
/opt/homebrew/Cellar/python@3.14/3.14.7/Frameworks/Python.framework/Versions/3.14/lib/python3.14/importlib/__init__.py:88: in import_module
    return _bootstrap._gcd_import(name[level:], package, level)
           ^^^^^^^^^^^^^^^^^^^^^^^^^^^^^^^^^^^^^^^^^^^^^^^^^^^^
<frozen importlib._bootstrap>:1406: in _gcd_import
    ???
<frozen importlib._bootstrap>:1371: in _find_and_load
    ???
_ _ _ _ _ _ _ _ _ _ _ _ _ _ _ _ _ _ _ _ _ _ _ _ _ _ _ _ _ _ _ _ _ _ _ _ _ _ _ _ 

name = 'services.api.app.model_lifecycle_orchestrator'
import_ = <function _gcd_import at 0x1029d3e20>

>   ???
E   ModuleNotFoundError: No module named 'services.api.app.model_lifecycle_orchestrator'

<frozen importlib._bootstrap>:1335: ModuleNotFoundError
______ ERROR at setup of test_f_offline_uses_configured_absolute_command _______

tmp_path = PosixPath('/private/var/folders/yb/31r9763x6_54mdxswxk36c4w0000gn/T/pytest-of-smkzw/pytest-2563/test_f_offline_uses_configured0')

    @pytest.fixture()
    def world(tmp_path):
        store = tmp_path / "runtime"
        _write_store(store)
>       w = World(tmp_path, _base_config(tmp_path, store))
            ^^^^^^^^^^^^^^^^^^^^^^^^^^^^^^^^^^^^^^^^^^^^^^

tests/acceptance/test_model_lifecycle_orchestrator.py:270: 
_ _ _ _ _ _ _ _ _ _ _ _ _ _ _ _ _ _ _ _ _ _ _ _ _ _ _ _ _ _ _ _ _ _ _ _ _ _ _ _ 
tests/acceptance/test_model_lifecycle_orchestrator.py:255: in __init__
    self.orch_mod = _orch()
                    ^^^^^^^
tests/acceptance/test_model_lifecycle_orchestrator.py:41: in _orch
    return importlib.import_module(ORCH)
           ^^^^^^^^^^^^^^^^^^^^^^^^^^^^^
/opt/homebrew/Cellar/python@3.14/3.14.7/Frameworks/Python.framework/Versions/3.14/lib/python3.14/importlib/__init__.py:88: in import_module
    return _bootstrap._gcd_import(name[level:], package, level)
           ^^^^^^^^^^^^^^^^^^^^^^^^^^^^^^^^^^^^^^^^^^^^^^^^^^^^
<frozen importlib._bootstrap>:1406: in _gcd_import
    ???
<frozen importlib._bootstrap>:1371: in _find_and_load
    ???
_ _ _ _ _ _ _ _ _ _ _ _ _ _ _ _ _ _ _ _ _ _ _ _ _ _ _ _ _ _ _ _ _ _ _ _ _ _ _ _ 

name = 'services.api.app.model_lifecycle_orchestrator'
import_ = <function _gcd_import at 0x1029d3e20>

>   ???
E   ModuleNotFoundError: No module named 'services.api.app.model_lifecycle_orchestrator'

<frozen importlib._bootstrap>:1335: ModuleNotFoundError
_____________ ERROR at setup of test_g_unknown_phase_zero_actions ______________

tmp_path = PosixPath('/private/var/folders/yb/31r9763x6_54mdxswxk36c4w0000gn/T/pytest-of-smkzw/pytest-2563/test_g_unknown_phase_zero_acti0')

    @pytest.fixture()
    def world(tmp_path):
        store = tmp_path / "runtime"
        _write_store(store)
>       w = World(tmp_path, _base_config(tmp_path, store))
            ^^^^^^^^^^^^^^^^^^^^^^^^^^^^^^^^^^^^^^^^^^^^^^

tests/acceptance/test_model_lifecycle_orchestrator.py:270: 
_ _ _ _ _ _ _ _ _ _ _ _ _ _ _ _ _ _ _ _ _ _ _ _ _ _ _ _ _ _ _ _ _ _ _ _ _ _ _ _ 
tests/acceptance/test_model_lifecycle_orchestrator.py:255: in __init__
    self.orch_mod = _orch()
                    ^^^^^^^
tests/acceptance/test_model_lifecycle_orchestrator.py:41: in _orch
    return importlib.import_module(ORCH)
           ^^^^^^^^^^^^^^^^^^^^^^^^^^^^^
/opt/homebrew/Cellar/python@3.14/3.14.7/Frameworks/Python.framework/Versions/3.14/lib/python3.14/importlib/__init__.py:88: in import_module
    return _bootstrap._gcd_import(name[level:], package, level)
           ^^^^^^^^^^^^^^^^^^^^^^^^^^^^^^^^^^^^^^^^^^^^^^^^^^^^
<frozen importlib._bootstrap>:1406: in _gcd_import
    ???
<frozen importlib._bootstrap>:1371: in _find_and_load
    ???
_ _ _ _ _ _ _ _ _ _ _ _ _ _ _ _ _ _ _ _ _ _ _ _ _ _ _ _ _ _ _ _ _ _ _ _ _ _ _ _ 

name = 'services.api.app.model_lifecycle_orchestrator'
import_ = <function _gcd_import at 0x1029d3e20>

>   ???
E   ModuleNotFoundError: No module named 'services.api.app.model_lifecycle_orchestrator'

<frozen importlib._bootstrap>:1335: ModuleNotFoundError
____________ ERROR at setup of test_h_audit_lines_carry_full_fields ____________

tmp_path = PosixPath('/private/var/folders/yb/31r9763x6_54mdxswxk36c4w0000gn/T/pytest-of-smkzw/pytest-2563/test_h_audit_lines_carry_full_0')

    @pytest.fixture()
    def world(tmp_path):
        store = tmp_path / "runtime"
        _write_store(store)
>       w = World(tmp_path, _base_config(tmp_path, store))
            ^^^^^^^^^^^^^^^^^^^^^^^^^^^^^^^^^^^^^^^^^^^^^^

tests/acceptance/test_model_lifecycle_orchestrator.py:270: 
_ _ _ _ _ _ _ _ _ _ _ _ _ _ _ _ _ _ _ _ _ _ _ _ _ _ _ _ _ _ _ _ _ _ _ _ _ _ _ _ 
tests/acceptance/test_model_lifecycle_orchestrator.py:255: in __init__
    self.orch_mod = _orch()
                    ^^^^^^^
tests/acceptance/test_model_lifecycle_orchestrator.py:41: in _orch
    return importlib.import_module(ORCH)
           ^^^^^^^^^^^^^^^^^^^^^^^^^^^^^
/opt/homebrew/Cellar/python@3.14/3.14.7/Frameworks/Python.framework/Versions/3.14/lib/python3.14/importlib/__init__.py:88: in import_module
    return _bootstrap._gcd_import(name[level:], package, level)
           ^^^^^^^^^^^^^^^^^^^^^^^^^^^^^^^^^^^^^^^^^^^^^^^^^^^^
<frozen importlib._bootstrap>:1406: in _gcd_import
    ???
<frozen importlib._bootstrap>:1371: in _find_and_load
    ???
_ _ _ _ _ _ _ _ _ _ _ _ _ _ _ _ _ _ _ _ _ _ _ _ _ _ _ _ _ _ _ _ _ _ _ _ _ _ _ _ 

name = 'services.api.app.model_lifecycle_orchestrator'
import_ = <function _gcd_import at 0x1029d3e20>

>   ???
E   ModuleNotFoundError: No module named 'services.api.app.model_lifecycle_orchestrator'

<frozen importlib._bootstrap>:1335: ModuleNotFoundError
_______________ ERROR at setup of test_i_missing_config_refuses ________________

tmp_path = PosixPath('/private/var/folders/yb/31r9763x6_54mdxswxk36c4w0000gn/T/pytest-of-smkzw/pytest-2563/test_i_missing_config_refuses0')

    @pytest.fixture()
    def world(tmp_path):
        store = tmp_path / "runtime"
        _write_store(store)
>       w = World(tmp_path, _base_config(tmp_path, store))
            ^^^^^^^^^^^^^^^^^^^^^^^^^^^^^^^^^^^^^^^^^^^^^^

tests/acceptance/test_model_lifecycle_orchestrator.py:270: 
_ _ _ _ _ _ _ _ _ _ _ _ _ _ _ _ _ _ _ _ _ _ _ _ _ _ _ _ _ _ _ _ _ _ _ _ _ _ _ _ 
tests/acceptance/test_model_lifecycle_orchestrator.py:255: in __init__
    self.orch_mod = _orch()
                    ^^^^^^^
tests/acceptance/test_model_lifecycle_orchestrator.py:41: in _orch
    return importlib.import_module(ORCH)
           ^^^^^^^^^^^^^^^^^^^^^^^^^^^^^
/opt/homebrew/Cellar/python@3.14/3.14.7/Frameworks/Python.framework/Versions/3.14/lib/python3.14/importlib/__init__.py:88: in import_module
    return _bootstrap._gcd_import(name[level:], package, level)
           ^^^^^^^^^^^^^^^^^^^^^^^^^^^^^^^^^^^^^^^^^^^^^^^^^^^^
<frozen importlib._bootstrap>:1406: in _gcd_import
    ???
<frozen importlib._bootstrap>:1371: in _find_and_load
    ???
_ _ _ _ _ _ _ _ _ _ _ _ _ _ _ _ _ _ _ _ _ _ _ _ _ _ _ _ _ _ _ _ _ _ _ _ _ _ _ _ 

name = 'services.api.app.model_lifecycle_orchestrator'
import_ = <function _gcd_import at 0x1029d3e20>

>   ???
E   ModuleNotFoundError: No module named 'services.api.app.model_lifecycle_orchestrator'

<frozen importlib._bootstrap>:1335: ModuleNotFoundError
__________ ERROR at setup of test_i2_probe_tokens_above_eight_refuse ___________

tmp_path = PosixPath('/private/var/folders/yb/31r9763x6_54mdxswxk36c4w0000gn/T/pytest-of-smkzw/pytest-2563/test_i2_probe_tokens_above_eig0')

    @pytest.fixture()
    def world(tmp_path):
        store = tmp_path / "runtime"
        _write_store(store)
>       w = World(tmp_path, _base_config(tmp_path, store))
            ^^^^^^^^^^^^^^^^^^^^^^^^^^^^^^^^^^^^^^^^^^^^^^

tests/acceptance/test_model_lifecycle_orchestrator.py:270: 
_ _ _ _ _ _ _ _ _ _ _ _ _ _ _ _ _ _ _ _ _ _ _ _ _ _ _ _ _ _ _ _ _ _ _ _ _ _ _ _ 
tests/acceptance/test_model_lifecycle_orchestrator.py:255: in __init__
    self.orch_mod = _orch()
                    ^^^^^^^
tests/acceptance/test_model_lifecycle_orchestrator.py:41: in _orch
    return importlib.import_module(ORCH)
           ^^^^^^^^^^^^^^^^^^^^^^^^^^^^^
/opt/homebrew/Cellar/python@3.14/3.14.7/Frameworks/Python.framework/Versions/3.14/lib/python3.14/importlib/__init__.py:88: in import_module
    return _bootstrap._gcd_import(name[level:], package, level)
           ^^^^^^^^^^^^^^^^^^^^^^^^^^^^^^^^^^^^^^^^^^^^^^^^^^^^
<frozen importlib._bootstrap>:1406: in _gcd_import
    ???
<frozen importlib._bootstrap>:1371: in _find_and_load
    ???
_ _ _ _ _ _ _ _ _ _ _ _ _ _ _ _ _ _ _ _ _ _ _ _ _ _ _ _ _ _ _ _ _ _ _ _ _ _ _ _ 

name = 'services.api.app.model_lifecycle_orchestrator'
import_ = <function _gcd_import at 0x1029d3e20>

>   ???
E   ModuleNotFoundError: No module named 'services.api.app.model_lifecycle_orchestrator'

<frozen importlib._bootstrap>:1335: ModuleNotFoundError
___________ ERROR at setup of test_i3_memory_guard_blocks_omlx_load ____________

tmp_path = PosixPath('/private/var/folders/yb/31r9763x6_54mdxswxk36c4w0000gn/T/pytest-of-smkzw/pytest-2563/test_i3_memory_guard_blocks_om0')

    @pytest.fixture()
    def world(tmp_path):
        store = tmp_path / "runtime"
        _write_store(store)
>       w = World(tmp_path, _base_config(tmp_path, store))
            ^^^^^^^^^^^^^^^^^^^^^^^^^^^^^^^^^^^^^^^^^^^^^^

tests/acceptance/test_model_lifecycle_orchestrator.py:270: 
_ _ _ _ _ _ _ _ _ _ _ _ _ _ _ _ _ _ _ _ _ _ _ _ _ _ _ _ _ _ _ _ _ _ _ _ _ _ _ _ 
tests/acceptance/test_model_lifecycle_orchestrator.py:255: in __init__
    self.orch_mod = _orch()
                    ^^^^^^^
tests/acceptance/test_model_lifecycle_orchestrator.py:41: in _orch
    return importlib.import_module(ORCH)
           ^^^^^^^^^^^^^^^^^^^^^^^^^^^^^
/opt/homebrew/Cellar/python@3.14/3.14.7/Frameworks/Python.framework/Versions/3.14/lib/python3.14/importlib/__init__.py:88: in import_module
    return _bootstrap._gcd_import(name[level:], package, level)
           ^^^^^^^^^^^^^^^^^^^^^^^^^^^^^^^^^^^^^^^^^^^^^^^^^^^^
<frozen importlib._bootstrap>:1406: in _gcd_import
    ???
<frozen importlib._bootstrap>:1371: in _find_and_load
    ???
_ _ _ _ _ _ _ _ _ _ _ _ _ _ _ _ _ _ _ _ _ _ _ _ _ _ _ _ _ _ _ _ _ _ _ _ _ _ _ _ 

name = 'services.api.app.model_lifecycle_orchestrator'
import_ = <function _gcd_import at 0x1029d3e20>

>   ???
E   ModuleNotFoundError: No module named 'services.api.app.model_lifecycle_orchestrator'

<frozen importlib._bootstrap>:1335: ModuleNotFoundError
__________ ERROR at setup of test_j_a18_wrong_model_body_fails_ensure __________

tmp_path = PosixPath('/private/var/folders/yb/31r9763x6_54mdxswxk36c4w0000gn/T/pytest-of-smkzw/pytest-2563/test_j_a18_wrong_model_body_fa0')

    @pytest.fixture()
    def world(tmp_path):
        store = tmp_path / "runtime"
        _write_store(store)
>       w = World(tmp_path, _base_config(tmp_path, store))
            ^^^^^^^^^^^^^^^^^^^^^^^^^^^^^^^^^^^^^^^^^^^^^^

tests/acceptance/test_model_lifecycle_orchestrator.py:270: 
_ _ _ _ _ _ _ _ _ _ _ _ _ _ _ _ _ _ _ _ _ _ _ _ _ _ _ _ _ _ _ _ _ _ _ _ _ _ _ _ 
tests/acceptance/test_model_lifecycle_orchestrator.py:255: in __init__
    self.orch_mod = _orch()
                    ^^^^^^^
tests/acceptance/test_model_lifecycle_orchestrator.py:41: in _orch
    return importlib.import_module(ORCH)
           ^^^^^^^^^^^^^^^^^^^^^^^^^^^^^
/opt/homebrew/Cellar/python@3.14/3.14.7/Frameworks/Python.framework/Versions/3.14/lib/python3.14/importlib/__init__.py:88: in import_module
    return _bootstrap._gcd_import(name[level:], package, level)
           ^^^^^^^^^^^^^^^^^^^^^^^^^^^^^^^^^^^^^^^^^^^^^^^^^^^^
<frozen importlib._bootstrap>:1406: in _gcd_import
    ???
<frozen importlib._bootstrap>:1371: in _find_and_load
    ???
_ _ _ _ _ _ _ _ _ _ _ _ _ _ _ _ _ _ _ _ _ _ _ _ _ _ _ _ _ _ _ _ _ _ _ _ _ _ _ _ 

name = 'services.api.app.model_lifecycle_orchestrator'
import_ = <function _gcd_import at 0x1029d3e20>

>   ???
E   ModuleNotFoundError: No module named 'services.api.app.model_lifecycle_orchestrator'

<frozen importlib._bootstrap>:1335: ModuleNotFoundError
__ ERROR at setup of test_k_binding_drift_refuses_translation_like_production __

tmp_path = PosixPath('/private/var/folders/yb/31r9763x6_54mdxswxk36c4w0000gn/T/pytest-of-smkzw/pytest-2563/test_k_binding_drift_refuses_t0')

    @pytest.fixture()
    def world(tmp_path):
        store = tmp_path / "runtime"
        _write_store(store)
>       w = World(tmp_path, _base_config(tmp_path, store))
            ^^^^^^^^^^^^^^^^^^^^^^^^^^^^^^^^^^^^^^^^^^^^^^

tests/acceptance/test_model_lifecycle_orchestrator.py:270: 
_ _ _ _ _ _ _ _ _ _ _ _ _ _ _ _ _ _ _ _ _ _ _ _ _ _ _ _ _ _ _ _ _ _ _ _ _ _ _ _ 
tests/acceptance/test_model_lifecycle_orchestrator.py:255: in __init__
    self.orch_mod = _orch()
                    ^^^^^^^
tests/acceptance/test_model_lifecycle_orchestrator.py:41: in _orch
    return importlib.import_module(ORCH)
           ^^^^^^^^^^^^^^^^^^^^^^^^^^^^^
/opt/homebrew/Cellar/python@3.14/3.14.7/Frameworks/Python.framework/Versions/3.14/lib/python3.14/importlib/__init__.py:88: in import_module
    return _bootstrap._gcd_import(name[level:], package, level)
           ^^^^^^^^^^^^^^^^^^^^^^^^^^^^^^^^^^^^^^^^^^^^^^^^^^^^
<frozen importlib._bootstrap>:1406: in _gcd_import
    ???
<frozen importlib._bootstrap>:1371: in _find_and_load
    ???
_ _ _ _ _ _ _ _ _ _ _ _ _ _ _ _ _ _ _ _ _ _ _ _ _ _ _ _ _ _ _ _ _ _ _ _ _ _ _ _ 

name = 'services.api.app.model_lifecycle_orchestrator'
import_ = <function _gcd_import at 0x1029d3e20>

>   ???
E   ModuleNotFoundError: No module named 'services.api.app.model_lifecycle_orchestrator'

<frozen importlib._bootstrap>:1335: ModuleNotFoundError
_______ ERROR at setup of test_l_enabled_foreign_binding_blocks_release ________

tmp_path = PosixPath('/private/var/folders/yb/31r9763x6_54mdxswxk36c4w0000gn/T/pytest-of-smkzw/pytest-2563/test_l_enabled_foreign_binding0')

    @pytest.fixture()
    def world(tmp_path):
        store = tmp_path / "runtime"
        _write_store(store)
>       w = World(tmp_path, _base_config(tmp_path, store))
            ^^^^^^^^^^^^^^^^^^^^^^^^^^^^^^^^^^^^^^^^^^^^^^

tests/acceptance/test_model_lifecycle_orchestrator.py:270: 
_ _ _ _ _ _ _ _ _ _ _ _ _ _ _ _ _ _ _ _ _ _ _ _ _ _ _ _ _ _ _ _ _ _ _ _ _ _ _ _ 
tests/acceptance/test_model_lifecycle_orchestrator.py:255: in __init__
    self.orch_mod = _orch()
                    ^^^^^^^
tests/acceptance/test_model_lifecycle_orchestrator.py:41: in _orch
    return importlib.import_module(ORCH)
           ^^^^^^^^^^^^^^^^^^^^^^^^^^^^^
/opt/homebrew/Cellar/python@3.14/3.14.7/Frameworks/Python.framework/Versions/3.14/lib/python3.14/importlib/__init__.py:88: in import_module
    return _bootstrap._gcd_import(name[level:], package, level)
           ^^^^^^^^^^^^^^^^^^^^^^^^^^^^^^^^^^^^^^^^^^^^^^^^^^^^
<frozen importlib._bootstrap>:1406: in _gcd_import
    ???
<frozen importlib._bootstrap>:1371: in _find_and_load
    ???
_ _ _ _ _ _ _ _ _ _ _ _ _ _ _ _ _ _ _ _ _ _ _ _ _ _ _ _ _ _ _ _ _ _ _ _ _ _ _ _ 

name = 'services.api.app.model_lifecycle_orchestrator'
import_ = <function _gcd_import at 0x1029d3e20>

>   ???
E   ModuleNotFoundError: No module named 'services.api.app.model_lifecycle_orchestrator'

<frozen importlib._bootstrap>:1335: ModuleNotFoundError
_____ ERROR at setup of test_l2_cloud_bound_medmon_does_not_block_release ______

tmp_path = PosixPath('/private/var/folders/yb/31r9763x6_54mdxswxk36c4w0000gn/T/pytest-of-smkzw/pytest-2563/test_l2_cloud_bound_medmon_doe0')

    @pytest.fixture()
    def world(tmp_path):
        store = tmp_path / "runtime"
        _write_store(store)
>       w = World(tmp_path, _base_config(tmp_path, store))
            ^^^^^^^^^^^^^^^^^^^^^^^^^^^^^^^^^^^^^^^^^^^^^^

tests/acceptance/test_model_lifecycle_orchestrator.py:270: 
_ _ _ _ _ _ _ _ _ _ _ _ _ _ _ _ _ _ _ _ _ _ _ _ _ _ _ _ _ _ _ _ _ _ _ _ _ _ _ _ 
tests/acceptance/test_model_lifecycle_orchestrator.py:255: in __init__
    self.orch_mod = _orch()
                    ^^^^^^^
tests/acceptance/test_model_lifecycle_orchestrator.py:41: in _orch
    return importlib.import_module(ORCH)
           ^^^^^^^^^^^^^^^^^^^^^^^^^^^^^
/opt/homebrew/Cellar/python@3.14/3.14.7/Frameworks/Python.framework/Versions/3.14/lib/python3.14/importlib/__init__.py:88: in import_module
    return _bootstrap._gcd_import(name[level:], package, level)
           ^^^^^^^^^^^^^^^^^^^^^^^^^^^^^^^^^^^^^^^^^^^^^^^^^^^^
<frozen importlib._bootstrap>:1406: in _gcd_import
    ???
<frozen importlib._bootstrap>:1371: in _find_and_load
    ???
_ _ _ _ _ _ _ _ _ _ _ _ _ _ _ _ _ _ _ _ _ _ _ _ _ _ _ _ _ _ _ _ _ _ _ _ _ _ _ _ 

name = 'services.api.app.model_lifecycle_orchestrator'
import_ = <function _gcd_import at 0x1029d3e20>

>   ???
E   ModuleNotFoundError: No module named 'services.api.app.model_lifecycle_orchestrator'

<frozen importlib._bootstrap>:1335: ModuleNotFoundError
_ ERROR at setup of test_m_draining_refuses_new_dispatch_and_release_waits_for_zero _

tmp_path = PosixPath('/private/var/folders/yb/31r9763x6_54mdxswxk36c4w0000gn/T/pytest-of-smkzw/pytest-2563/test_m_draining_refuses_new_di0')

    @pytest.fixture()
    def world(tmp_path):
        store = tmp_path / "runtime"
        _write_store(store)
>       w = World(tmp_path, _base_config(tmp_path, store))
            ^^^^^^^^^^^^^^^^^^^^^^^^^^^^^^^^^^^^^^^^^^^^^^

tests/acceptance/test_model_lifecycle_orchestrator.py:270: 
_ _ _ _ _ _ _ _ _ _ _ _ _ _ _ _ _ _ _ _ _ _ _ _ _ _ _ _ _ _ _ _ _ _ _ _ _ _ _ _ 
tests/acceptance/test_model_lifecycle_orchestrator.py:255: in __init__
    self.orch_mod = _orch()
                    ^^^^^^^
tests/acceptance/test_model_lifecycle_orchestrator.py:41: in _orch
    return importlib.import_module(ORCH)
           ^^^^^^^^^^^^^^^^^^^^^^^^^^^^^
/opt/homebrew/Cellar/python@3.14/3.14.7/Frameworks/Python.framework/Versions/3.14/lib/python3.14/importlib/__init__.py:88: in import_module
    return _bootstrap._gcd_import(name[level:], package, level)
           ^^^^^^^^^^^^^^^^^^^^^^^^^^^^^^^^^^^^^^^^^^^^^^^^^^^^
<frozen importlib._bootstrap>:1406: in _gcd_import
    ???
<frozen importlib._bootstrap>:1371: in _find_and_load
    ???
_ _ _ _ _ _ _ _ _ _ _ _ _ _ _ _ _ _ _ _ _ _ _ _ _ _ _ _ _ _ _ _ _ _ _ _ _ _ _ _ 

name = 'services.api.app.model_lifecycle_orchestrator'
import_ = <function _gcd_import at 0x1029d3e20>

>   ???
E   ModuleNotFoundError: No module named 'services.api.app.model_lifecycle_orchestrator'

<frozen importlib._bootstrap>:1335: ModuleNotFoundError
_______ ERROR at setup of test_m2_sentinel_counts_only_managed_endpoints _______

tmp_path = PosixPath('/private/var/folders/yb/31r9763x6_54mdxswxk36c4w0000gn/T/pytest-of-smkzw/pytest-2563/test_m2_sentinel_counts_only_m0')

    @pytest.fixture()
    def world(tmp_path):
        store = tmp_path / "runtime"
        _write_store(store)
>       w = World(tmp_path, _base_config(tmp_path, store))
            ^^^^^^^^^^^^^^^^^^^^^^^^^^^^^^^^^^^^^^^^^^^^^^

tests/acceptance/test_model_lifecycle_orchestrator.py:270: 
_ _ _ _ _ _ _ _ _ _ _ _ _ _ _ _ _ _ _ _ _ _ _ _ _ _ _ _ _ _ _ _ _ _ _ _ _ _ _ _ 
tests/acceptance/test_model_lifecycle_orchestrator.py:255: in __init__
    self.orch_mod = _orch()
                    ^^^^^^^
tests/acceptance/test_model_lifecycle_orchestrator.py:41: in _orch
    return importlib.import_module(ORCH)
           ^^^^^^^^^^^^^^^^^^^^^^^^^^^^^
/opt/homebrew/Cellar/python@3.14/3.14.7/Frameworks/Python.framework/Versions/3.14/lib/python3.14/importlib/__init__.py:88: in import_module
    return _bootstrap._gcd_import(name[level:], package, level)
           ^^^^^^^^^^^^^^^^^^^^^^^^^^^^^^^^^^^^^^^^^^^^^^^^^^^^
<frozen importlib._bootstrap>:1406: in _gcd_import
    ???
<frozen importlib._bootstrap>:1371: in _find_and_load
    ???
_ _ _ _ _ _ _ _ _ _ _ _ _ _ _ _ _ _ _ _ _ _ _ _ _ _ _ _ _ _ _ _ _ _ _ _ _ _ _ _ 

name = 'services.api.app.model_lifecycle_orchestrator'
import_ = <function _gcd_import at 0x1029d3e20>

>   ???
E   ModuleNotFoundError: No module named 'services.api.app.model_lifecycle_orchestrator'

<frozen importlib._bootstrap>:1335: ModuleNotFoundError
________ ERROR at setup of test_n_release_confirm_failure_fails_closed _________

tmp_path = PosixPath('/private/var/folders/yb/31r9763x6_54mdxswxk36c4w0000gn/T/pytest-of-smkzw/pytest-2563/test_n_release_confirm_failure0')

    @pytest.fixture()
    def world(tmp_path):
        store = tmp_path / "runtime"
        _write_store(store)
>       w = World(tmp_path, _base_config(tmp_path, store))
            ^^^^^^^^^^^^^^^^^^^^^^^^^^^^^^^^^^^^^^^^^^^^^^

tests/acceptance/test_model_lifecycle_orchestrator.py:270: 
_ _ _ _ _ _ _ _ _ _ _ _ _ _ _ _ _ _ _ _ _ _ _ _ _ _ _ _ _ _ _ _ _ _ _ _ _ _ _ _ 
tests/acceptance/test_model_lifecycle_orchestrator.py:255: in __init__
    self.orch_mod = _orch()
                    ^^^^^^^
tests/acceptance/test_model_lifecycle_orchestrator.py:41: in _orch
    return importlib.import_module(ORCH)
           ^^^^^^^^^^^^^^^^^^^^^^^^^^^^^
/opt/homebrew/Cellar/python@3.14/3.14.7/Frameworks/Python.framework/Versions/3.14/lib/python3.14/importlib/__init__.py:88: in import_module
    return _bootstrap._gcd_import(name[level:], package, level)
           ^^^^^^^^^^^^^^^^^^^^^^^^^^^^^^^^^^^^^^^^^^^^^^^^^^^^
<frozen importlib._bootstrap>:1406: in _gcd_import
    ???
<frozen importlib._bootstrap>:1371: in _find_and_load
    ???
_ _ _ _ _ _ _ _ _ _ _ _ _ _ _ _ _ _ _ _ _ _ _ _ _ _ _ _ _ _ _ _ _ _ _ _ _ _ _ _ 

name = 'services.api.app.model_lifecycle_orchestrator'
import_ = <function _gcd_import at 0x1029d3e20>

>   ???
E   ModuleNotFoundError: No module named 'services.api.app.model_lifecycle_orchestrator'

<frozen importlib._bootstrap>:1335: ModuleNotFoundError
___________ ERROR at setup of test_q_adopt_records_verified_identity ___________

tmp_path = PosixPath('/private/var/folders/yb/31r9763x6_54mdxswxk36c4w0000gn/T/pytest-of-smkzw/pytest-2563/test_q_adopt_records_verified_0')

    @pytest.fixture()
    def world(tmp_path):
        store = tmp_path / "runtime"
        _write_store(store)
>       w = World(tmp_path, _base_config(tmp_path, store))
            ^^^^^^^^^^^^^^^^^^^^^^^^^^^^^^^^^^^^^^^^^^^^^^

tests/acceptance/test_model_lifecycle_orchestrator.py:270: 
_ _ _ _ _ _ _ _ _ _ _ _ _ _ _ _ _ _ _ _ _ _ _ _ _ _ _ _ _ _ _ _ _ _ _ _ _ _ _ _ 
tests/acceptance/test_model_lifecycle_orchestrator.py:255: in __init__
    self.orch_mod = _orch()
                    ^^^^^^^
tests/acceptance/test_model_lifecycle_orchestrator.py:41: in _orch
    return importlib.import_module(ORCH)
           ^^^^^^^^^^^^^^^^^^^^^^^^^^^^^
/opt/homebrew/Cellar/python@3.14/3.14.7/Frameworks/Python.framework/Versions/3.14/lib/python3.14/importlib/__init__.py:88: in import_module
    return _bootstrap._gcd_import(name[level:], package, level)
           ^^^^^^^^^^^^^^^^^^^^^^^^^^^^^^^^^^^^^^^^^^^^^^^^^^^^
<frozen importlib._bootstrap>:1406: in _gcd_import
    ???
<frozen importlib._bootstrap>:1371: in _find_and_load
    ???
_ _ _ _ _ _ _ _ _ _ _ _ _ _ _ _ _ _ _ _ _ _ _ _ _ _ _ _ _ _ _ _ _ _ _ _ _ _ _ _ 

name = 'services.api.app.model_lifecycle_orchestrator'
import_ = <function _gcd_import at 0x1029d3e20>

>   ???
E   ModuleNotFoundError: No module named 'services.api.app.model_lifecycle_orchestrator'

<frozen importlib._bootstrap>:1335: ModuleNotFoundError
=================================== FAILURES ===================================
_______ test_m3_gateway_sentinel_brackets_dispatch_and_refuses_draining ________

monkeypatch = <_pytest.monkeypatch.MonkeyPatch object at 0x109c6e190>

    def test_m3_gateway_sentinel_brackets_dispatch_and_refuses_draining(monkeypatch):
        gw = importlib.import_module("services.api.app.ai_gateway")
>       orch_mod = _orch()
                   ^^^^^^^

tests/acceptance/test_model_lifecycle_orchestrator.py:581: 
_ _ _ _ _ _ _ _ _ _ _ _ _ _ _ _ _ _ _ _ _ _ _ _ _ _ _ _ _ _ _ _ _ _ _ _ _ _ _ _ 
tests/acceptance/test_model_lifecycle_orchestrator.py:41: in _orch
    return importlib.import_module(ORCH)
           ^^^^^^^^^^^^^^^^^^^^^^^^^^^^^
/opt/homebrew/Cellar/python@3.14/3.14.7/Frameworks/Python.framework/Versions/3.14/lib/python3.14/importlib/__init__.py:88: in import_module
    return _bootstrap._gcd_import(name[level:], package, level)
           ^^^^^^^^^^^^^^^^^^^^^^^^^^^^^^^^^^^^^^^^^^^^^^^^^^^^
<frozen importlib._bootstrap>:1406: in _gcd_import
    ???
<frozen importlib._bootstrap>:1371: in _find_and_load
    ???
_ _ _ _ _ _ _ _ _ _ _ _ _ _ _ _ _ _ _ _ _ _ _ _ _ _ _ _ _ _ _ _ _ _ _ _ _ _ _ _ 

name = 'services.api.app.model_lifecycle_orchestrator'
import_ = <function _gcd_import at 0x1029d3e20>

>   ???
E   ModuleNotFoundError: No module named 'services.api.app.model_lifecycle_orchestrator'

<frozen importlib._bootstrap>:1335: ModuleNotFoundError
=========================== short test summary info ============================
FAILED tests/acceptance/test_model_lifecycle_orchestrator.py::test_m3_gateway_sentinel_brackets_dispatch_and_refuses_draining
ERROR tests/acceptance/test_model_lifecycle_orchestrator.py::test_a_pidfile_identity_mismatch_refuses_and_audits
ERROR tests/acceptance/test_model_lifecycle_orchestrator.py::test_b_ensure_idempotent_when_healthy_and_resident
ERROR tests/acceptance/test_model_lifecycle_orchestrator.py::test_c_probe_loads_translation_then_a18_passes
ERROR tests/acceptance/test_model_lifecycle_orchestrator.py::test_d_busy_free_other_resident_drains_then_loads
ERROR tests/acceptance/test_model_lifecycle_orchestrator.py::test_d2_release_reports_unload_and_confirm_for_omlx
ERROR tests/acceptance/test_model_lifecycle_orchestrator.py::test_e_inflight_dispatch_refuses_busy
ERROR tests/acceptance/test_model_lifecycle_orchestrator.py::test_f_offline_uses_configured_absolute_command
ERROR tests/acceptance/test_model_lifecycle_orchestrator.py::test_g_unknown_phase_zero_actions
ERROR tests/acceptance/test_model_lifecycle_orchestrator.py::test_h_audit_lines_carry_full_fields
ERROR tests/acceptance/test_model_lifecycle_orchestrator.py::test_i_missing_config_refuses
ERROR tests/acceptance/test_model_lifecycle_orchestrator.py::test_i2_probe_tokens_above_eight_refuse
ERROR tests/acceptance/test_model_lifecycle_orchestrator.py::test_i3_memory_guard_blocks_omlx_load
ERROR tests/acceptance/test_model_lifecycle_orchestrator.py::test_j_a18_wrong_model_body_fails_ensure
ERROR tests/acceptance/test_model_lifecycle_orchestrator.py::test_k_binding_drift_refuses_translation_like_production
ERROR tests/acceptance/test_model_lifecycle_orchestrator.py::test_l_enabled_foreign_binding_blocks_release
ERROR tests/acceptance/test_model_lifecycle_orchestrator.py::test_l2_cloud_bound_medmon_does_not_block_release
ERROR tests/acceptance/test_model_lifecycle_orchestrator.py::test_m_draining_refuses_new_dispatch_and_release_waits_for_zero
ERROR tests/acceptance/test_model_lifecycle_orchestrator.py::test_m2_sentinel_counts_only_managed_endpoints
ERROR tests/acceptance/test_model_lifecycle_orchestrator.py::test_n_release_confirm_failure_fails_closed
ERROR tests/acceptance/test_model_lifecycle_orchestrator.py::test_q_adopt_records_verified_identity
1 failed, 2 passed, 20 errors in 0.64s
