......................................                                   [100%]
=============================== warnings summary ===============================
<frozen importlib._bootstrap>:488
<frozen importlib._bootstrap>:488
  <frozen importlib._bootstrap>:488: DeprecationWarning: builtin type SwigPyPacked has no __module__ attribute

<frozen importlib._bootstrap>:488
<frozen importlib._bootstrap>:488
  <frozen importlib._bootstrap>:488: DeprecationWarning: builtin type SwigPyObject has no __module__ attribute

<frozen importlib._bootstrap>:488
  <frozen importlib._bootstrap>:488: DeprecationWarning: builtin type swigvarlink has no __module__ attribute

services/api/app/main.py:1375
  /Users/smkzw/Documents/康哲项目资料/AI/医学经理工作台/implementation/protocol-v3-workbench-mw_protocol_v3_phase0_20260809_111313/services/api/app/main.py:1375: DeprecationWarning: 
          on_event is deprecated, use lifespan event handlers instead.
  
          Read more about it in the
          [FastAPI docs for Lifespan Events](https://fastapi.tiangolo.com/advanced/events/).
          
    @app.on_event("startup")

runs/mw_protocol_v3_1r_integration_20260905/venv/lib/python3.12/site-packages/fastapi/applications.py:4579
runs/mw_protocol_v3_1r_integration_20260905/venv/lib/python3.12/site-packages/fastapi/applications.py:4579
runs/mw_protocol_v3_1r_integration_20260905/venv/lib/python3.12/site-packages/fastapi/applications.py:4579
runs/mw_protocol_v3_1r_integration_20260905/venv/lib/python3.12/site-packages/fastapi/applications.py:4579
runs/mw_protocol_v3_1r_integration_20260905/venv/lib/python3.12/site-packages/fastapi/applications.py:4579
runs/mw_protocol_v3_1r_integration_20260905/venv/lib/python3.12/site-packages/fastapi/applications.py:4579
  /Users/smkzw/Documents/康哲项目资料/AI/医学经理工作台/implementation/protocol-v3-workbench-mw_protocol_v3_phase0_20260809_111313/runs/mw_protocol_v3_1r_integration_20260905/venv/lib/python3.12/site-packages/fastapi/applications.py:4579: DeprecationWarning: 
          on_event is deprecated, use lifespan event handlers instead.
  
          Read more about it in the
          [FastAPI docs for Lifespan Events](https://fastapi.tiangolo.com/advanced/events/).
          
    return self.router.on_event(event_type)

services/api/app/main.py:1385
  /Users/smkzw/Documents/康哲项目资料/AI/医学经理工作台/implementation/protocol-v3-workbench-mw_protocol_v3_phase0_20260809_111313/services/api/app/main.py:1385: DeprecationWarning: 
          on_event is deprecated, use lifespan event handlers instead.
  
          Read more about it in the
          [FastAPI docs for Lifespan Events](https://fastapi.tiangolo.com/advanced/events/).
          
    @app.on_event("startup")

services/api/app/main.py:1407
  /Users/smkzw/Documents/康哲项目资料/AI/医学经理工作台/implementation/protocol-v3-workbench-mw_protocol_v3_phase0_20260809_111313/services/api/app/main.py:1407: DeprecationWarning: 
          on_event is deprecated, use lifespan event handlers instead.
  
          Read more about it in the
          [FastAPI docs for Lifespan Events](https://fastapi.tiangolo.com/advanced/events/).
          
    @app.on_event("startup")

services/api/app/main.py:1435
  /Users/smkzw/Documents/康哲项目资料/AI/医学经理工作台/implementation/protocol-v3-workbench-mw_protocol_v3_phase0_20260809_111313/services/api/app/main.py:1435: DeprecationWarning: 
          on_event is deprecated, use lifespan event handlers instead.
  
          Read more about it in the
          [FastAPI docs for Lifespan Events](https://fastapi.tiangolo.com/advanced/events/).
          
    @app.on_event("shutdown")

services/api/app/main.py:1444
  /Users/smkzw/Documents/康哲项目资料/AI/医学经理工作台/implementation/protocol-v3-workbench-mw_protocol_v3_phase0_20260809_111313/services/api/app/main.py:1444: DeprecationWarning: 
          on_event is deprecated, use lifespan event handlers instead.
  
          Read more about it in the
          [FastAPI docs for Lifespan Events](https://fastapi.tiangolo.com/advanced/events/).
          
    @app.on_event("shutdown")

services/api/app/main.py:2470
  /Users/smkzw/Documents/康哲项目资料/AI/医学经理工作台/implementation/protocol-v3-workbench-mw_protocol_v3_phase0_20260809_111313/services/api/app/main.py:2470: DeprecationWarning: 
          on_event is deprecated, use lifespan event handlers instead.
  
          Read more about it in the
          [FastAPI docs for Lifespan Events](https://fastapi.tiangolo.com/advanced/events/).
          
    @app.on_event("startup")

-- Docs: https://docs.pytest.org/en/stable/how-to/capture-warnings.html
38 passed, 17 warnings in 8.39s
sys:1: DeprecationWarning: builtin type swigvarlink has no __module__ attribute
