FFFF......F                                                              [100%]
=================================== FAILURES ===================================
_ test_draft_markers_match_actual_writing_instruction_in_both_consumers[\u672a\u63d0\u4f9b\u4e66\u9762\u77e5\u60c5\u540c\u610f\u8005\u4e0d\u8fdb\u5165\u7b5b\u9009\u3002-False] _

text = '未提供书面知情同意者不进入筛选。', expected = False

    @pytest.mark.parametrize('text,expected', [
        ('未提供书面知情同意者不进入筛选。', False),
        ('未提供书面知情同意的人员不得参加本研究。', False),
        ('数据将在生物统计人员确认后锁定。', False),
        ('数据库由生物统计人员确认后锁定。', False),
        ('样本量待医学经理确认后写入。', True),
        ('主要终点的具体数值未提供。', True),
        ('筛选期时长将在本方案正式文本中规定。', True),
        ('试验参与者待随访期间记录相关信息。', False),
        ('未提供书面知情同意者不进入筛选；样本量待医学经理确认后写入。', True),
        ('数据将在生物统计人员确认后锁定；主要终点尚待医学经理明确。', True),
    ])
    def test_draft_markers_match_actual_writing_instruction_in_both_consumers(text, expected):
        findings = MedicalWritingContentQualityDetector()._scan_text(
            document=SimpleNamespace(project_id='probe', document_id='probe', version='V1'),
            section=SimpleNamespace(section_id='sec', heading='研究设计'),
            block={'block_id': 'b'}, text=text, location_kind='paragraph',
            source_locator='synthetic:b', content_revision=0,
        )
>       assert any(f.rule_code == 'unresolved_draft_marker' for f in findings) == expected
E       assert True == False
E        +  where True = any(<generator object test_draft_markers_match_actual_writing_instruction_in_both_consumers.<locals>.<genexpr> at 0x1089220c0>)

tests/protocol_v3/test_draft_marker_context.py:29: AssertionError
_ test_draft_markers_match_actual_writing_instruction_in_both_consumers[\u672a\u63d0\u4f9b\u4e66\u9762\u77e5\u60c5\u540c\u610f\u7684\u4eba\u5458\u4e0d\u5f97\u53c2\u52a0\u672c\u7814\u7a76\u3002-False] _

text = '未提供书面知情同意的人员不得参加本研究。', expected = False

    @pytest.mark.parametrize('text,expected', [
        ('未提供书面知情同意者不进入筛选。', False),
        ('未提供书面知情同意的人员不得参加本研究。', False),
        ('数据将在生物统计人员确认后锁定。', False),
        ('数据库由生物统计人员确认后锁定。', False),
        ('样本量待医学经理确认后写入。', True),
        ('主要终点的具体数值未提供。', True),
        ('筛选期时长将在本方案正式文本中规定。', True),
        ('试验参与者待随访期间记录相关信息。', False),
        ('未提供书面知情同意者不进入筛选；样本量待医学经理确认后写入。', True),
        ('数据将在生物统计人员确认后锁定；主要终点尚待医学经理明确。', True),
    ])
    def test_draft_markers_match_actual_writing_instruction_in_both_consumers(text, expected):
        findings = MedicalWritingContentQualityDetector()._scan_text(
            document=SimpleNamespace(project_id='probe', document_id='probe', version='V1'),
            section=SimpleNamespace(section_id='sec', heading='研究设计'),
            block={'block_id': 'b'}, text=text, location_kind='paragraph',
            source_locator='synthetic:b', content_revision=0,
        )
>       assert any(f.rule_code == 'unresolved_draft_marker' for f in findings) == expected
E       assert True == False
E        +  where True = any(<generator object test_draft_markers_match_actual_writing_instruction_in_both_consumers.<locals>.<genexpr> at 0x108922cf0>)

tests/protocol_v3/test_draft_marker_context.py:29: AssertionError
_ test_draft_markers_match_actual_writing_instruction_in_both_consumers[\u6570\u636e\u5c06\u5728\u751f\u7269\u7edf\u8ba1\u4eba\u5458\u786e\u8ba4\u540e\u9501\u5b9a\u3002-False] _

text = '数据将在生物统计人员确认后锁定。', expected = False

    @pytest.mark.parametrize('text,expected', [
        ('未提供书面知情同意者不进入筛选。', False),
        ('未提供书面知情同意的人员不得参加本研究。', False),
        ('数据将在生物统计人员确认后锁定。', False),
        ('数据库由生物统计人员确认后锁定。', False),
        ('样本量待医学经理确认后写入。', True),
        ('主要终点的具体数值未提供。', True),
        ('筛选期时长将在本方案正式文本中规定。', True),
        ('试验参与者待随访期间记录相关信息。', False),
        ('未提供书面知情同意者不进入筛选；样本量待医学经理确认后写入。', True),
        ('数据将在生物统计人员确认后锁定；主要终点尚待医学经理明确。', True),
    ])
    def test_draft_markers_match_actual_writing_instruction_in_both_consumers(text, expected):
        findings = MedicalWritingContentQualityDetector()._scan_text(
            document=SimpleNamespace(project_id='probe', document_id='probe', version='V1'),
            section=SimpleNamespace(section_id='sec', heading='研究设计'),
            block={'block_id': 'b'}, text=text, location_kind='paragraph',
            source_locator='synthetic:b', content_revision=0,
        )
>       assert any(f.rule_code == 'unresolved_draft_marker' for f in findings) == expected
E       assert True == False
E        +  where True = any(<generator object test_draft_markers_match_actual_writing_instruction_in_both_consumers.<locals>.<genexpr> at 0x108923780>)

tests/protocol_v3/test_draft_marker_context.py:29: AssertionError
_ test_draft_markers_match_actual_writing_instruction_in_both_consumers[\u6570\u636e\u5e93\u7531\u751f\u7269\u7edf\u8ba1\u4eba\u5458\u786e\u8ba4\u540e\u9501\u5b9a\u3002-False] _

text = '数据库由生物统计人员确认后锁定。', expected = False

    @pytest.mark.parametrize('text,expected', [
        ('未提供书面知情同意者不进入筛选。', False),
        ('未提供书面知情同意的人员不得参加本研究。', False),
        ('数据将在生物统计人员确认后锁定。', False),
        ('数据库由生物统计人员确认后锁定。', False),
        ('样本量待医学经理确认后写入。', True),
        ('主要终点的具体数值未提供。', True),
        ('筛选期时长将在本方案正式文本中规定。', True),
        ('试验参与者待随访期间记录相关信息。', False),
        ('未提供书面知情同意者不进入筛选；样本量待医学经理确认后写入。', True),
        ('数据将在生物统计人员确认后锁定；主要终点尚待医学经理明确。', True),
    ])
    def test_draft_markers_match_actual_writing_instruction_in_both_consumers(text, expected):
        findings = MedicalWritingContentQualityDetector()._scan_text(
            document=SimpleNamespace(project_id='probe', document_id='probe', version='V1'),
            section=SimpleNamespace(section_id='sec', heading='研究设计'),
            block={'block_id': 'b'}, text=text, location_kind='paragraph',
            source_locator='synthetic:b', content_revision=0,
        )
>       assert any(f.rule_code == 'unresolved_draft_marker' for f in findings) == expected
E       assert True == False
E        +  where True = any(<generator object test_draft_markers_match_actual_writing_instruction_in_both_consumers.<locals>.<genexpr> at 0x1089dcad0>)

tests/protocol_v3/test_draft_marker_context.py:29: AssertionError
____ test_true_draft_marker_after_legitimate_clause_preserves_cell_location ____

    def test_true_draft_marker_after_legitimate_clause_preserves_cell_location():
        text = '未提供书面知情同意者不进入筛选；样本量待医学经理确认后写入。'
        findings = MedicalWritingContentQualityDetector()._scan_text(
            document=SimpleNamespace(project_id='probe', document_id='probe', version='V1'),
            section=SimpleNamespace(section_id='sec', heading='研究设计'),
            block={'block_id': 'table'}, text=text, location_kind='table_cell',
            source_locator='synthetic:table:1:2', content_revision=4,
            table_id='t1', cell_id='c2', row_index=1, cell_index=2,
        )
>       assert len(findings) == 1
E       AssertionError: assert 2 == 1
E        +  where 2 = len([MedicalWritingContentFinding(finding_id='mwq_93d4bd81b3d37930632a6564', project_id='probe', document_id='probe', docu...ositionStatus.OPEN: 'open'>, disposition_revision=0, disposition_reason='', disposition_actor='', disposition_at=None)])

tests/protocol_v3/test_draft_marker_context.py:46: AssertionError
=========================== short test summary info ============================
FAILED tests/protocol_v3/test_draft_marker_context.py::test_draft_markers_match_actual_writing_instruction_in_both_consumers[\u672a\u63d0\u4f9b\u4e66\u9762\u77e5\u60c5\u540c\u610f\u8005\u4e0d\u8fdb\u5165\u7b5b\u9009\u3002-False]
FAILED tests/protocol_v3/test_draft_marker_context.py::test_draft_markers_match_actual_writing_instruction_in_both_consumers[\u672a\u63d0\u4f9b\u4e66\u9762\u77e5\u60c5\u540c\u610f\u7684\u4eba\u5458\u4e0d\u5f97\u53c2\u52a0\u672c\u7814\u7a76\u3002-False]
FAILED tests/protocol_v3/test_draft_marker_context.py::test_draft_markers_match_actual_writing_instruction_in_both_consumers[\u6570\u636e\u5c06\u5728\u751f\u7269\u7edf\u8ba1\u4eba\u5458\u786e\u8ba4\u540e\u9501\u5b9a\u3002-False]
FAILED tests/protocol_v3/test_draft_marker_context.py::test_draft_markers_match_actual_writing_instruction_in_both_consumers[\u6570\u636e\u5e93\u7531\u751f\u7269\u7edf\u8ba1\u4eba\u5458\u786e\u8ba4\u540e\u9501\u5b9a\u3002-False]
FAILED tests/protocol_v3/test_draft_marker_context.py::test_true_draft_marker_after_legitimate_clause_preserves_cell_location
5 failed, 6 passed in 0.34s
