============================= test session starts ==============================
platform darwin -- Python 3.12.13, pytest-9.1.1, pluggy-1.6.0
rootdir: /Users/smkzw/Documents/康哲项目资料/AI/医学经理工作台/implementation/protocol-v3-workbench-mw_protocol_v3_phase0_20260809_111313
configfile: pytest.ini
plugins: anyio-4.14.0
collected 4 items

tests/protocol_v3/test_unknown_operation_response.py ...F                [100%]

=================================== FAILURES ===================================
_______ test_known_template_configuration_failure_is_a_failed_dependency _______

    def test_known_template_configuration_failure_is_a_failed_dependency():
        from app.protocol_workflow.application.service import _CurrentTemplateUnavailableError, _translate
    
        def unavailable():
            raise _translate(_CurrentTemplateUnavailableError("synthetic missing template"),
                             project_id="proj:synthetic", object_id="sd:synthetic")
    
        with pytest.raises(HTTPException) as caught:
            _safe_call(unavailable)
>       assert caught.value.status_code == 424
E       AssertionError: assert 500 == 424
E        +  where 500 = HTTPException(status_code=500, detail={'message': '工作台配置尚未就绪，本次操作未执行。', 'responsible_area': '工作台处理', 'can_retry': False, 'next_step': '请修复工作台配置后继续。'}).status_code
E        +    where HTTPException(status_code=500, detail={'message': '工作台配置尚未就绪，本次操作未执行。', 'responsible_area': '工作台处理', 'can_retry': False, 'next_step': '请修复工作台配置后继续。'}) = <ExceptionInfo HTTPException(status_code=500, detail={'message': '工作台配置尚未就绪，本次操作未执行。', 'responsible_area': '工作台处理', 'can_retry': False, 'next_step': '请修复工作台配置后继续。'}) tblen=2>.value

tests/protocol_v3/test_unknown_operation_response.py:63: AssertionError
=========================== short test summary info ============================
FAILED tests/protocol_v3/test_unknown_operation_response.py::test_known_template_configuration_failure_is_a_failed_dependency
========================= 1 failed, 3 passed in 1.36s ==========================
