============================= test session starts ==============================
platform darwin -- Python 3.12.13, pytest-9.1.1, pluggy-1.6.0
rootdir: /Users/smkzw/Documents/康哲项目资料/AI/医学经理工作台/implementation/protocol-v3-workbench-mw_protocol_v3_phase0_20260809_111313
configfile: pytest.ini
plugins: anyio-4.14.0
collected 2 items

tests/protocol_v3/test_current_study_inventory.py FF                     [100%]

=================================== FAILURES ===================================
______ test_current_inventory_keeps_one_latest_revision_per_study[memory] ______

store = namespace(name='memory', factory=<function store.<locals>.factory at 0x10aa1bd80>, inspect=<function store.<locals>.inspect at 0x10aa1bce0>)

    def test_current_inventory_keeps_one_latest_revision_per_study(store):
        project = 'project:inventory'
        with store.factory() as uow:
            uow.study_definition_cas_repository.save_with_expected_revision(project, _study(project_id=project, study_id='study:b'), 0)
            first = uow.study_definition_cas_repository.save_with_expected_revision(project, _study(project_id=project, study_id='study:a'), 0)
            uow.study_definition_cas_repository.save_with_expected_revision(project,
>               _study(project_id=project, study_id='study:a', revision=2, previous=first.revision_sha256()), 1)
                                                                                    ^^^^^^^^^^^^^^^^^^^^^

tests/protocol_v3/test_current_study_inventory.py:11: 
_ _ _ _ _ _ _ _ _ _ _ _ _ _ _ _ _ _ _ _ _ _ _ _ _ _ _ _ _ _ _ _ _ _ _ _ _ _ _ _ 

self = StudyDefinitionV3(schema_version='mw_protocol_v3_contract_v1', canonical_state=<CanonicalState.PROPOSED: 'proposed'>, ...'breast cancer'}, decision_record_ids=(), updated_at=datetime.datetime(2026, 1, 1, 0, 0, tzinfo=datetime.timezone.utc))
item = 'revision_sha256'

    def __getattr__(self, item: str) -> Any:
        private_attributes = object.__getattribute__(self, '__private_attributes__')
        if item in private_attributes:
            attribute = private_attributes[item]
            if hasattr(attribute, '__get__'):
                return attribute.__get__(self, type(self))  # type: ignore
    
            try:
                # Note: self.__pydantic_private__ cannot be None if self.__private_attributes__ has items
                return self.__pydantic_private__[item]  # type: ignore
            except KeyError as exc:
                raise AttributeError(f'{type(self).__name__!r} object has no attribute {item!r}') from exc
        else:
            # `__pydantic_extra__` can fail to be set if the model is not yet fully initialized.
            # See `BaseModel.__repr_args__` for more details
            try:
                pydantic_extra = object.__getattribute__(self, '__pydantic_extra__')
            except AttributeError:
                pydantic_extra = None
    
            if pydantic_extra and item in pydantic_extra:
                return pydantic_extra[item]
            else:
                if hasattr(self.__class__, item):
                    return super().__getattribute__(item)  # Raises AttributeError if appropriate
                else:
                    # this is the current error
>                   raise AttributeError(f'{type(self).__name__!r} object has no attribute {item!r}')
E                   AttributeError: 'StudyDefinitionV3' object has no attribute 'revision_sha256'

/Users/smkzw/Library/Python/3.12/lib/python/site-packages/pydantic/main.py:1042: AttributeError
______ test_current_inventory_keeps_one_latest_revision_per_study[sqlite] ______

store = namespace(name='sqlite', factory=<function build_unit_of_work_factory.<locals>.factory at 0x10a9ca3e0>, inspect=<function store.<locals>.inspect at 0x10a9ca480>)

    def test_current_inventory_keeps_one_latest_revision_per_study(store):
        project = 'project:inventory'
        with store.factory() as uow:
            uow.study_definition_cas_repository.save_with_expected_revision(project, _study(project_id=project, study_id='study:b'), 0)
            first = uow.study_definition_cas_repository.save_with_expected_revision(project, _study(project_id=project, study_id='study:a'), 0)
            uow.study_definition_cas_repository.save_with_expected_revision(project,
>               _study(project_id=project, study_id='study:a', revision=2, previous=first.revision_sha256()), 1)
                                                                                    ^^^^^^^^^^^^^^^^^^^^^

tests/protocol_v3/test_current_study_inventory.py:11: 
_ _ _ _ _ _ _ _ _ _ _ _ _ _ _ _ _ _ _ _ _ _ _ _ _ _ _ _ _ _ _ _ _ _ _ _ _ _ _ _ 

self = StudyDefinitionV3(schema_version='mw_protocol_v3_contract_v1', canonical_state=<CanonicalState.PROPOSED: 'proposed'>, ...'breast cancer'}, decision_record_ids=(), updated_at=datetime.datetime(2026, 1, 1, 0, 0, tzinfo=datetime.timezone.utc))
item = 'revision_sha256'

    def __getattr__(self, item: str) -> Any:
        private_attributes = object.__getattribute__(self, '__private_attributes__')
        if item in private_attributes:
            attribute = private_attributes[item]
            if hasattr(attribute, '__get__'):
                return attribute.__get__(self, type(self))  # type: ignore
    
            try:
                # Note: self.__pydantic_private__ cannot be None if self.__private_attributes__ has items
                return self.__pydantic_private__[item]  # type: ignore
            except KeyError as exc:
                raise AttributeError(f'{type(self).__name__!r} object has no attribute {item!r}') from exc
        else:
            # `__pydantic_extra__` can fail to be set if the model is not yet fully initialized.
            # See `BaseModel.__repr_args__` for more details
            try:
                pydantic_extra = object.__getattribute__(self, '__pydantic_extra__')
            except AttributeError:
                pydantic_extra = None
    
            if pydantic_extra and item in pydantic_extra:
                return pydantic_extra[item]
            else:
                if hasattr(self.__class__, item):
                    return super().__getattribute__(item)  # Raises AttributeError if appropriate
                else:
                    # this is the current error
>                   raise AttributeError(f'{type(self).__name__!r} object has no attribute {item!r}')
E                   AttributeError: 'StudyDefinitionV3' object has no attribute 'revision_sha256'

/Users/smkzw/Library/Python/3.12/lib/python/site-packages/pydantic/main.py:1042: AttributeError
=========================== short test summary info ============================
FAILED tests/protocol_v3/test_current_study_inventory.py::test_current_inventory_keeps_one_latest_revision_per_study[memory]
FAILED tests/protocol_v3/test_current_study_inventory.py::test_current_inventory_keeps_one_latest_revision_per_study[sqlite]
============================== 2 failed in 0.63s ===============================
