============================= test session starts ==============================
platform darwin -- Python 3.12.13, pytest-9.1.1, pluggy-1.6.0
rootdir: /Users/smkzw/Documents/康哲项目资料/AI/医学经理工作台/implementation/protocol-v3-workbench-mw_protocol_v3_phase0_20260809_111313
configfile: pytest.ini
plugins: anyio-4.14.0
collected 1 item

tests/protocol_v3/integration/test_regimen_adoption_api.py F             [100%]

=================================== FAILURES ===================================
_ test_saved_design_adoption_reopens_and_replays_without_model_or_duplicate_writes _

tmp_path = PosixPath('/private/var/folders/yb/31r9763x6_54mdxswxk36c4w0000gn/T/pytest-of-smkzw/pytest-746/test_saved_design_adoption_reo0')
monkeypatch = <_pytest.monkeypatch.MonkeyPatch object at 0x109479b80>

    def test_saved_design_adoption_reopens_and_replays_without_model_or_duplicate_writes(tmp_path, monkeypatch):
        db=tmp_path/'product.sqlite'
        shared.admit(db,PROJECT)
        prepared, output=prepared_reference()
        opener=_FakeOpener([_FakeResponse(_completion_body(content=json.dumps(output)))])
        designs=create_product_regimen_factory(storage_config={'backend':'sqlite','path':str(db)},
            prior_probe_receipt=ROOT.parents[2]/'runs/mw_protocol_v3_1r6_glm_transport_20260905/product_probe_attempt.json',
            max_input_bytes=2000000,credential_resolver=lambda:'synthetic-only',http_opener=opener)
        run=designs(PROJECT).start(prepared)
        assert designs(PROJECT).resume(run)['status']=='ready_for_review'
        def client():
            app=FastAPI()
            mount_protocol_workflow_router(app,ProtocolWorkflowMountConfig(enabled=True,db_path=db),regimen_coordinator_factory=designs)
            return TestClient(app)
        base=f'/api/projects/{PROJECT}/protocol-workflow'
        with client() as c:
            created=c.post(base+'/study-definitions',json=_create_body()).json()
            intent={'study_definition_id':SD_ID,'operation_id':'operation:regimen:one','expected_revision':1,
                    'snapshot_sha256':created['revision_sha256'],'actor_id':'user:example',
                    'decided_at':'2026-09-13T07:00:00+00:00','reason':'采用完整给药方案'}
            before_adopt=_dump(db)
            unknown=c.post(base+'/design/regimen/'+run+'/adopt/recover',json=intent)
            assert unknown.status_code==404,unknown.text
            assert _dump(db)==before_adopt
            response=c.post(base+'/design/regimen/'+run+'/adopt',json=intent)
            assert response.status_code==200,response.text
            result=response.json()
            assert result['revision']==2
            assert len(result['definition']['facts']['intervention.dose_regimen']['schedules'])==4
        before=_dump(db)
        with client() as c:
            # Looking up a historical receipt must survive a later fact compiler change.
            with monkeypatch.context() as changed_compiler:
                def unavailable_compiler(*args, **kwargs):
                    raise RuntimeError("synthetic fact compiler changed")
                changed_compiler.setattr("app.protocol_workflow.agent2.study_definition.propose_regimen_fact_updates", unavailable_compiler)
                found=c.post(base+'/design/regimen/'+run+'/adopt/recover',json=intent)
>           assert found.status_code==200,found.text
E           AssertionError: {"detail":{"message":"当前操作的结果尚未确认。","responsible_area":"工作台处理","can_retry":false,"next_step":"请先刷新查看已保存内容，核对本次操作结果，暂勿重复提交。"}}
E           assert 500 == 200
E            +  where 500 = <Response [500 Internal Server Error]>.status_code

tests/protocol_v3/integration/test_regimen_adoption_api.py:51: AssertionError
=============================== warnings summary ===============================
../../../../../../Library/Python/3.12/lib/python/site-packages/fastapi/testclient.py:1
  /Users/smkzw/Library/Python/3.12/lib/python/site-packages/fastapi/testclient.py:1: StarletteDeprecationWarning: Using `httpx` with `starlette.testclient` is deprecated; install `httpx2` instead.
    from starlette.testclient import TestClient as TestClient  # noqa

-- Docs: https://docs.pytest.org/en/stable/how-to/capture-warnings.html
=========================== short test summary info ============================
FAILED tests/protocol_v3/integration/test_regimen_adoption_api.py::test_saved_design_adoption_reopens_and_replays_without_model_or_duplicate_writes
========================= 1 failed, 1 warning in 2.84s =========================
