
 RUN  v4.1.10 /Users/smkzw/Documents/康哲项目资料/AI/医学经理工作台/implementation/protocol-v3-workbench-mw_protocol_v3_phase0_20260809_111313/frontend

 ❯ src/features/medical-writing/protocol-workbench/RegimenDesignWorkspace.test.jsx (5 tests | 1 failed) 91ms
   × pins the server study request before dispatch and recovers that exact request 7ms

⎯⎯⎯⎯⎯⎯⎯ Failed Tests 1 ⎯⎯⎯⎯⎯⎯⎯

 FAIL  src/features/medical-writing/protocol-workbench/RegimenDesignWorkspace.test.jsx > pins the server study request before dispatch and recovers that exact request
AssertionError: expected 'seed:one' to deeply equal { seed_run_id: 'seed:one', …(2) }

- Expected:
{
  "expected_workflow_run_id": "design:one",
  "seed_run_id": "seed:one",
  "study_definition_id": "study:a",
}

+ Received:
"seed:one"

 ❯ src/features/medical-writing/protocol-workbench/RegimenDesignWorkspace.test.jsx:69:51
     67|   fireEvent.click(screen.getByRole('button',{name:'整理完整给药建议'}));
     68|   await screen.findByText('连接中断，记录待核对。');
     69|   expect(api.startRegimenDesign.mock.calls[0][1]).toEqual(intent);
       |                                                   ^
     70|   view.unmount();
     71|   render(<RegimenDesignWorkspace projectId="one" seedRunId="seed:one" …

⎯⎯⎯⎯⎯⎯⎯⎯⎯⎯⎯⎯⎯⎯⎯⎯⎯⎯⎯⎯⎯⎯⎯⎯[1/1]⎯


 Test Files  1 failed (1)
      Tests  1 failed | 4 passed (5)
   Start at  17:14:08
   Duration  462ms (transform 34ms, setup 0ms, import 79ms, tests 91ms, environment 234ms)

