
 RUN  v4.1.10 /Users/smkzw/Documents/康哲项目资料/AI/医学经理工作台/implementation/protocol-v3-workbench-mw_protocol_v3_phase0_20260809_111313/frontend

 ❯ src/features/medical-writing/protocol-workbench/RegimenAdoptionCard.test.jsx (3 tests | 1 failed) 1327ms
   × refreshes a definitively rejected revision and requires a new explicit confirmation 1031ms

⎯⎯⎯⎯⎯⎯⎯ Failed Tests 1 ⎯⎯⎯⎯⎯⎯⎯

 FAIL  src/features/medical-writing/protocol-workbench/RegimenAdoptionCard.test.jsx > refreshes a definitively rejected revision and requires a new explicit confirmation
AssertionError: expected "vi.fn()" to be called 2 times, but got 1 times

Ignored nodes: comments, script, style
[36m<html>[39m
  [36m<head />[39m
  [36m<body>[39m
    [36m<div>[39m
      [36m<section[39m
        [33maria-label[39m=[32m"剂量方案"[39m
        [33mclass[39m=[32m"rpc-card"[39m
      [36m>[39m
        [36m<header[39m
          [33mclass[39m=[32m"rpc-heading"[39m
        [36m>[39m
          [36m<div[39m
            [33mclass[39m=[32m"rpc-title-row"[39m
          [36m>[39m
            [36m<h2>[39m
              [0m剂量方案[0m
            [36m</h2>[39m
            [36m<span[39m
              [33mclass[39m=[32m"rpc-tag"[39m
            [36m>[39m
              [0m监管答辩级·需确认[0m
            [36m</span>[39m
          [36m</div>[39m
          [36m<p[39m
            [33mclass[39m=[32m"rpc-status"[39m
            [33mrole[39m=[32m"status"[39m
          [36m>[39m
            [0m建议，尚未确认[0m
          [36m</p>[39m
        [36m</header>[39m
        [36m<div[39m
          [33mclass[39m=[32m"rpc-grid"[39m
        [36m>[39m
          [36m<article[39m
            [33mclass[39m=[32m"rpc-unit"[39m
          [36m>[39m
            [36m<header[39m
              [33mclass[39m=[32m"rpc-unit-head"[39m
            [36m>[39m
              [36m<h3>[39m
                [0m首期[0m
              [36m</h3>[39m
              [36m<p[39m
                [33mclass[39m=[32m"rpc-muted"[39m
              [36m>[39m
                [0m第0至4周[0m
              [36m</p>[39m
              [36m<p[39m
                [33mclass[39m=[32m"rpc-arm"[39m
              [36m>[39m
                [0m试验组[0m
              [36m</p>[39m
            [36m</header>[39m
            [36m<ol[39m
              [33mclass[39m=[32m"rpc-steps"[39m
            [36m>[39m
              [36m<li[39m
                [33mclass[39m=[32m"rpc-step"[39m
              [36m>[39m
                [36m<div[39m
                  [33mclass[39m=[32m"rpc-step-meta"[39m
                [36m>[39m
                  [36m<span[39m
                    [33mclass[39m=[32m"rpc-kind"[39m
                  [36m>[39m
                    [0m负荷[0m
                  [36m</span>[39m
                  [36m<span>[39m
                    [0m本期首次[0m
                  [36m</span>[39m
                  [36m<span>[39m
                    [0m一次[0m
                  [36m</span>[39m
                  [36m<span>[39m
                    [0m皮下注射[0m
                  [36m</span>[39m
                [36m</div>[39m
                [36m<ul[39m
                  [33mclass[39m=[32m"rpc-products"[39m
                [36m>[39m
                  [36m<li>[39m
                    [36m<strong>[39m
                      [0m试验药X[0m
                    [36m</strong>[39m
                    [36m<span[39m
                      [33mclass[39m=[32m"rpc-quantity"[39m
                    [36m>[39m
                      [0m200 mg[0m
                    [36m</span>[39m
                    [36m<span[39m
                      [33mclass[39m=[32m"rpc-quantity"[39m
                    [36m>[39m
                      [0m2 mL[0m
                    [36m</span>[39m
                  [36m</li>[39m
                [36m</ul>[39m
                [36m<p[39m
                  [33mclass[39m=[32m"rpc-support"[39m
                [36m>[39m
                  [0m参考资料中的信息[0m
                [36m</p>[39m
                [36m<details[39m
                  [33mclass[39m=[32m"rpc-evidence"[39m
                [36m>[39m
                  [36m<summary>[39m
                    [0m查看原文依据[0m
                  [36m</summary>[39m
                  [36m<div[39m
                    [33mclass[39m=[32m"rpc-evidence-item"[39m
                  [36m>[39m
                    [36m<blockquote>[39m
                      [0m合成给药依据[0m
                    [36m</blockquote>[39m
                  [36m</div>[39m
                [36m</details>[39m
              [36m</li>[39m
              [36m<li[39m
                [33mclass[39m=[32m"rpc-step"[39m
              [36m>[39m
                [36m<div[39m
                  [33mclass[39m=[32m"rpc-step-meta"[39m
                [36m>[39m
                  [36m<span[39m
                    [33mclass[39m=[32m"rpc-kind"[39m
                  [36m>[39m
                    [0m维持[0m
                  [36m</span>[39m
                  [36m<span>[39m
                    [0m首次之后[0m
                  [36m</span>[39m
                  [36m<span>[39m
                    [0m每2周一次[0m
                  [36m</span>[39m
                  [36m<span>[39m
                    [0m皮下注射[0m
                  [36m</span>[39m
                [36m</div>[39m
                [36m<ul[39m
                  [33mclass[39m=[32m"rpc-products"[39m
                [36m>[39m
                  [36m<li>[39m
                    [36m<strong>[39m
                      [0m试验药X[0m
                    [36m</strong>[39m
                    [36m<span[39m
                      [33mclass[39m=[32m"rpc-quantity"[39m
                    [36m>[39m
                      [0m100 mg[0m
                    [36m</span>[39m
                  [36m</li>[39m
                [36m</ul>[39m
                [36m<p[39m
                  [33mclass[39m=[32m"rpc-support"[39m
                [36m>[39m
                  [0m参考资料中的信息[0m
                [36m</p>[39m
                [36m<details[39m
                  [33mclass[39m=[32m"rpc-evidence"[39m
                [36m>[39m
                  [36m<summary>[39m
                    [0m查看原文依据[0m
                  [36m</summary>[39m
                  [36m<div[39m
                    [33mclass[39m=[32m"rpc-evidence-item"[39m
                  [36m>[39m
                    [36m<blockquote>[39m
                      [0m合成维持依据[0m
                    [36m</blockquote>[39m
                  [36m</div>[39m
                [36m</details>[39m
              [36m</li>[39m
            [36m</ol>[39m
          [36m</article>[39m
          [36m<article[39m
            [33mclass[39m=[32m"rpc-unit"[39m
          [36m>[39m
            [36m<header[39m
              [33mclass[39m=[32m"rpc-unit-head"[39m
            [36m>[39m
              [36m<h3>[39m
                [0m首期[0m
              [36m</h3>[39m
              [36m<p[39m
                [33mclass[39m=[32m"rpc-muted"[39m
              [36m>[39m
                [0m第0至4周[0m
              [36m</p>[39m
              [36m<p[39m
                [33mclass[39m=[32m"rpc-arm"[39m
              [36m>[39m
                [0m原对照组[0m
              [36m</p>[39m
            [36m</header>[39m
            [36m<ol[39m
              [33mclass[39m=[32m"rpc-steps"[39m
            [36m>[39m
              [36m<li[39m
                [33mclass[39m=[32m"rpc-step"[39m
              [36m>[39m
                [36m<div[39m
                  [33mclass[39m=[32m"rpc-step-meta"[39m
                [36m>[39m
                  [36m<span[39m
                    [33mclass[39m=[32m"rpc-kind"[39m
                  [36m>[39m
                    [0m负荷[0m
                  [36m</span>[39m
                  [36m<span>[39m
                    [0m本期首次[0m
                  [36m</span>[39m
                  [36m<span>[39m
                    [0m一次[0m
                  [36m</span>[39m
                  [36m<span>[39m
                    [0m皮下注射[0m
                  [36m</span>[39m
                [36m</div>[39m
                [36m<ul[39m
                  [33mclass[39m=[32m"rpc-products"[39m
                [36m>[39m
                  [36m<li>[39m
                    [36m<strong>[39m
                      [0m试验药X[0m
                    [36m</strong>[39m
                    [36m<span[39m
                      [33mclass[39m=[32m"rpc-quantity"[39m
                    [36m>[39m
                      [0m200 mg[0m
                    [36m</span>[39m
                    [36m<span[39m
                      [33mclass[39m=[32m"rpc-quantity"[39m
                    [36m>[39m
                      [0m2 mL[0m
                    [36m</span>[39m
                  [36m</li>[39m
                [36m</ul>[39m
                [36m<p[39m
                  [33mclass[39m=[32m"rpc-support"[39m
                [36m>[39m
                  [0m参考资料中的信息[0m
                [36m</p>[39m
                [36m<details[39m
                  [33mclass[39m=[32m"rpc-evidence"[39m
                [36m>[39m
                  [36m<summary>[39m
                    [0m查看原文依据[0m
                  [36m</summary>[39m
                  [36m<div[39m
                    [33mclass[39m=[32m"rpc-evidence-item"[39m
                  [36m>[39m
                    [36m<blockquote>[39m
                      [0m合成给药依据[0m
                    [36m</blockquote>[39m
                  [36m</div>[39m
                [36m</details>[39m
              [36m</li>[39m
              [36m<li[39m
                [33mclass[39m=[32m"rpc-step"[39m
              [36m>[39m
                [36m<div[39m
                  [33mclass[39m=[32m"rpc-step-meta"[39m
                [36m>[39m
                  [36m<span[39m
                    [33mclass[39m=[32m"rpc-kind"[39m
                  [36m>[39m
                    [0m维持[0m
                  [36m</span>[39m
                  [36m<span>[39m
                    [0m首次之后[0m
                  [36m</span>[39m
                  [36m<span>[39m
                    [0m每2周一次[0m
                  [36m</span>[39m
                  [36m<span>[39m
                    [0m皮下注射[0m
                  [36m</span>[39m
                [36m</div>[39m
                [36m<ul[39m
                  [33mclass[39m=[32m"rpc-products"[39m
                [36m>[39m
                  [36m<li>[39m
                    [36m<strong>[39m
                      [0m试验药X[0m
                    [36m</strong>[39m
                    [36m<span[39m
                      [33mclass[39m=[32m"rpc-quantity"[39m
                    [36m>[39m
                      [0m100 mg[0m
                    [36m</span>[39m
                  [36m</li>[39m
                [36m</ul>[39m
                [36m<p[39m
                  [33mclass[39m=[32m"rpc-support"[39m
                [36m>[39m
                  [0m参考资料中的信息[0m
                [36m</p>[39m
                [36m<details[39m
                  [33mclass[39m=[32m"rpc-evidence"[39m
                [36m>[39m
                  [36m<summary>[39m
                    [0m查看原文依据[0m
                  [36m</summary>[39m
                  [36m<div[39m
                    [33mclass[39m=[32m"rpc-evidence-item"[39m
                  [36m>[39m
                    [36m<blockquote>[39m
                      [0m合成维持依据[0m
                    [36m</blockquote>[39m
                  [36m</div>[39m
                [36m</details>[39m
              [36m</li>[39m
            [36m</ol>[39m
          [36m</article>[39m
          [36m<article[39m
            [33mclass[39m=[32m"rpc-unit"[39m
          [36m>[39m
            [36m<header[39m
              [33mclass[39m=[32m"rpc-unit-head"[39m
            [36m>[39m
              [36m<h3>[39m
                [0m继续期[0m
              [36m</h3>[39m
              [36m<p[39m
                [33mclass[39m=[32m"rpc-muted"[39m
              [36m>[39m
                [0m第4至8周[0m
              [36m</p>[39m
              [36m<p[39m
                [33mclass[39m=[32m"rpc-arm"[39m
              [36m>[39m
                [0m试验组[0m
              [36m</p>[39m
            [36m</header>[39m
            [36m<ol[39m
              [33mclass[39m=[32m"rpc-steps"[39m
            [36m>[39m
              [36m<li[39m
                [33mclass[39m=[32m"rpc-step"[39m
              [36m>[39m
                [36m<div[39m
                  [33mclass[39m=[32m"rpc-step-meta"[39m
                [36m>[39m
                  [36m<span[39m
                    [33mclass[39m=[32m"rpc-kind"[39m
                  [36m>[39m
                    [0m负荷[0m
                  [36m</span>[39m
                  [36m<span>[39m
                    [0m本期首次[0m
                  [36m</span>[39m
                  [36m<span>[39m
                    [0m一次[0m
                  [36m</span>[39m
                  [36m<span>[39m
                    [0m皮下注射[0m
                  [36m</span>[39m
                [36m</div>[39m
                [36m<ul[39m
                  [33mclass[39m=[32m"rpc-products"[39m
                [36m>[39m
                  [36m<li>[39m
                    [36m<strong>[39m
                      [0m试验药X[0m
                    [36m</strong>[39m
                    [36m<span[39m
                      [33mclass[39m=[32m"rpc-quantity"[39m
                    [36m>[39m
                      [0m200 mg[0m
                    [36m</span>[39m
                    [36m<span[39m
                      [33mclass[39m=[32m"rpc-quantity"[39m
                    [36m>[39m
                      [0m2 mL[0m
                    [36m</span>[39m
                  [36m</li>[39m
                [36m</ul>[39m
                [36m<p[39m
                  [33mclass[39m=[32m"rpc-support"[39m
                [36m>[39m
                  [0m参考资料中的信息[0m
                [36m</p>[39m
                [36m<details[39m
                  [33mclass[39m=[32m"rpc-evidence"[39m
                [36m>[39m
                  [36m<summary>[39m
                    [0m查看原文依据[0m
                  [36m</summary>[39m
                  [36m<div[39m
                    [33mclass[39m=[32m"rpc-evidence-item"[39m
                  [36m>[39m
                    [36m<blockquote>[39m
                      [0m合成给药依据[0m
                    [36m</blockquote>[39m
                  [36m</div>[39m
                [36m</details>[39m
              [36m</li>[39m
              [36m<li[39m
                [33mclass[39m=[32m"rpc-step"[39m
              [36m>[39m
                [36m<div[39m
                  [33mclass[39m=[32m"rpc-step-meta"[39m
                [36m>[39m
                  [36m<span[39m
                    [33mclass[39m=[32m"rpc-kind"[39m
                  [36m>[39m
                    [0m维持[0m
                  [36m</span>[39m
                  [36m<span>[39m
                    [0m首次之后[0m
                  [36m</span>[39m
                  [36m<span>[39m
                    [0m每2周一次[0m
                  [36m</span>[39m
                  [36m<span>[39m
                    [0m皮下注射[0m
                  [36m</span>[39m
                [36m</div>[39m
                [36m<ul[39m
                  [33mclass[39m=[32m"rpc-products"[39m
                [36m>[39m
                  [36m<li>[39m
                    [36m<strong>[39m
                      [0m试验药X[0m
                    [36m</strong>[39m
                    [36m<span[39m
                      [33mclass[39m=[32m"rpc-quantity"[39m
                    [36m>[39m
                      [0m100 mg[0m
                    [36m</span>[39m
                  [36m</li>[39m
                [36m</ul>[39m
                [36m<p[39m
                  [33mclass[39m=[32m"rpc-support"[39m
                [36m>[39m
                  [0m参考资料中的信息[0m
                [36m</p>[39m
                [36m<details[39m
                  [33mclass[39m=[32m"rpc-evidence"[39m
                [36m>[39m
                  [36m<summary>[39m
                    [0m查看原文依据[0m
                  [36m</summary>[39m
                  [36m<div[39m
                    [33mclass[39m=[32m"rpc-evidence-item"[39m
                  [36m>[39m
                    [36m<blockquote>[39m
                      [0m合成维持依据[0m
                    [36m</blockquote>[39m
                  [36m</div>[39m
                [36m</details>[39m
              [36m</li>[39m
            [36m</ol>[39m
          [36m</article>[39m
          [36m<article[39m
            [33mclass[39m=[32m"rpc-unit"[39m
          [36m>[39m
            [36m<header[39m
              [33mclass[39m=[32m"rpc-unit-head"[39m
            [36m>[39m
              [36m<h3>[39m
                [0m继续期[0m
              [36m</h3>[39m
              [36m<p[39m
                [33mclass[39m=[32m"rpc-muted"[39m
              [36m>[39m
                [0m第4至8周[0m
              [36m</p>[39m
              [36m<p[39m
                [33mclass[39m=[32m"rpc-arm"[39m
              [36m>[39m
                [0m原对照组[0m
              [36m</p>[39m
            [36m</header>[39m
            [36m<ol[39m
              [33mclass[39m=[32m"rpc-steps"[39m
            [36m>[39m
              [36m<li[39m
                [33mclass[39m=[32m"rpc-step"[39m
              [36m>[39m
                [36m<div[39m
                  [33mclass[39m=[32m"rpc-step-meta"[39m
                [36m>[39m
                  [36m<span[39m
                    [33mclass[39m=[32m"rpc-kind"[39m
                  [36m>[39m
                    [0m负荷[0m
                  [36m</span>[39m
                  [36m<span>[39m
                    [0m本期首次[0m
                  [36m</span>[39m
                  [36m<span>[39m
                    [0m一次[0m
                  [36m</span>[39m
                  [36m<span>[39m
                    [0m皮下注射[0m
                  [36m</span>[39m
                [36m</div>[39m
                [36m<ul[39m
                  [33mclass[39m=[32m"rpc-products"[39m
                [36m>[39m
                  [36m<li>[39m
                    [36m<strong>[39m
                      [0m试验药X[0m
                    [36m</strong>[39m
                    [36m<span[39m
                      [33mclass[39m=[32m"rpc-quantity"[39m
                    [36m>[39m
                      [0m200 mg[0m
                    [36m</span>[39m
                    [36m<span[39m
                      [33mclass[39m=[32m"rpc-quantity"[39m
                    [36m>[39m
                      [0m2 mL[0m
                    [36m</span>[39m
                  [36m</li>[39m
                [36m</ul>[39m
                [36m<p[39m
                  [33mclass[39m=[32m"rpc-support"[39m
                [36m>[39m
                  [0m参考资料中的信息[0m
                [36m</p>[39m
                [36m<details[39m
                  [33mclass[39m=[32m"rpc-evidence"[39m
                [36m>[39m
                  [36m<summary>[39m
                    [0m查看原文依据[0m
                  [36m</summary>[39m
                  [36m<div[39m
                    [33mclass[39m=[32m"rpc-evidence-item"[39m
                  [36m>[39m
                    [36m<blockquote>[39m
                      [0m合成给药依据[0m
                    [36m</blockquote>[39m
                  [36m</div>[39m
                [36m</details>[39m
              [36m</li>[39m
              [36m<li[39m
                [33mclass[39m=[32m"rpc-step"[39m
              [36m>[39m
                [36m<div[39m
                  [33mclass[39m=[32m"rpc-step-meta"[39m
                [36m>[39m
                  [36m<span[39m
                    [33mclass[39m=[32m"rpc-kind"[39m
                  [36m>[39m
                    [0m维持[0m
                  [36m</span>[39m
                  [36m<span>[39m
                    [0m首次之后[0m
                  [36m</span>[39m
                  [36m<span>[39m
                    [0m每2周一次[0m
                  [36m</span>[39m
                  [36m<span>[39m
                    [0m皮下注射[0m
                  [36m</span>[39m
                [36m</div>[39m
                [36m<ul[39m
                  [33mclass[39m=[32m"rpc-products"[39m
                [36m>[39m
                  [36m<li>[39m
                    [36m<strong>[39m
                      [0m试验药X[0m
                    [36m</strong>[39m
                    [36m<span[39m
                      [33mclass[39m=[32m"rpc-quantity"[39m
                    [36m>[39m
                      [0m100 mg[0m
                    [36m</span>[39m
                  [36m</li>[39m
                [36m</ul>[39m
                [36m<p[39m
                  [33mclass[39m=[32m"rpc-support"[39m
                [36m>[39m
                  [0m参考资料中的信息[0m
                [36m</p>[39m
                [36m<details[39m
                  [33mclass[39m=[32m"rpc-evidence"[39m
                [36m>[39m
                  [36m<summary>[39m
                    [0m查看原文依据[0m
                  [36m</summary>[39m
                  [36m<div[39m
                    [33mclass[39m=[32m"rpc-evidence-item"[39m
                  [36m>[39m
                    [36m<blockquote>[39m
                      [0m合成维持依据[0m
                    [36m</blockquote>[39m
                  [36m</div>[39m
                [36m</details>[39m
              [36m</li>[39m
            [36m</ol>[39m
          [36m</article>[39m
        [36m</div>[39m
        [36m<p[39m
          [33mclass[39m=[32m"rpc-block-reason"[39m
          [33mrole[39m=[32m"status"[39m
        [36m>[39m
          [0m正在处理中，请稍候。[0m
        [36m</p>[39m
        [36m<div[39m
          [33mclass[39m=[32m"rpc-error"[39m
          [33mrole[39m=[32m"alert"[39m
        [36m>[39m
          [36m<p>[39m
            [0m研究版本已更新，请重新查看。[0m
          [36m</p>[39m
        [36m</div>[39m
        [36m<div[39m
          [33mclass[39m=[32m"rpc-actions"[39m
        [36m>[39m
          [36m<button[39m
            [33mclass[39m=[32m"rpc-confirm"[39m
            [33mdisabled[39m=[32m""[39m
            [33mtype[39m=[32m"button"[39m
          [36m>[39m
            [0m确认这套给药方案[0m
          [36m</button>[39m
        [36m</div>[39m
      [36m</section>[39m
      [36m<button[39m
        [33mtype[39m=[32m"button"[39m
      [36m>[39m
        [0m核对本次确认[0m
      [36m</button>[39m
    [36m</div>[39m
  [36m</body>[39m
[36m</html>[39m
 ❯ src/features/medical-writing/protocol-workbench/RegimenAdoptionCard.test.jsx:52:54
     50|   await waitFor(() => expect(button.disabled).toBe(false));
     51|   fireEvent.click(button);
     52|   await waitFor(() => expect(api.getStudyDefinition).toHaveBeenCalledT…
       |                                                      ^
     53|   await waitFor(() => expect(button.disabled).toBe(false));
     54|   expect(api.adoptRegimenDesign).toHaveBeenCalledTimes(1);
 ❯ runWithExpensiveErrorDiagnosticsDisabled node_modules/@testing-library/dom/dist/config.js:47:12
 ❯ checkCallback node_modules/@testing-library/dom/dist/wait-for.js:124:77
 ❯ Timeout.checkRealTimersCallback node_modules/@testing-library/dom/dist/wait-for.js:118:16

⎯⎯⎯⎯⎯⎯⎯⎯⎯⎯⎯⎯⎯⎯⎯⎯⎯⎯⎯⎯⎯⎯⎯⎯[1/1]⎯


 Test Files  1 failed (1)
      Tests  1 failed | 2 passed (3)
   Start at  15:15:58
   Duration  2.48s (transform 65ms, setup 0ms, import 204ms, tests 1.33s, environment 797ms)

