
 RUN  v4.1.10 /Users/smkzw/Documents/康哲项目资料/AI/医学经理工作台/implementation/protocol-v3-workbench-mw_protocol_v3_phase0_20260809_111313/frontend

 ❯ src/features/medical-writing/protocol-workbench/RegimenAdoptionCard.test.jsx (0 test)

⎯⎯⎯⎯⎯⎯ Failed Suites 1 ⎯⎯⎯⎯⎯⎯⎯

 FAIL  src/features/medical-writing/protocol-workbench/RegimenAdoptionCard.test.jsx [ src/features/medical-writing/protocol-workbench/RegimenAdoptionCard.test.jsx ]
Error: Failed to resolve import "./RegimenAdoptionCard" from "src/features/medical-writing/protocol-workbench/RegimenAdoptionCard.test.jsx". Does the file exist?
  Plugin: vite:import-analysis
  File: /Users/smkzw/Documents/康哲项目资料/AI/医学经理工作台/implementation/protocol-v3-workbench-mw_protocol_v3_phase0_20260809_111313/frontend/src/features/medical-writing/protocol-workbench/RegimenAdoptionCard.test.jsx:3:36
  2  |  import { afterEach, expect, it, vi } from "vitest";
  3  |  import { cleanup, fireEvent, render, screen, waitFor } from "@testing-library/react";
  4  |  import { RegimenAdoptionCard } from "./RegimenAdoptionCard";
     |                                       ^
  5  |  import proposal from "../../../../tests/fixtures/regimen-card-fixture.json";
  6  |  afterEach(() => {
 ❯ TransformPluginContext._formatLog ../../../../../../%E5%BA%B7%E5%93%B2%E9%A1%B9%E7%9B%AE%E8%B5%84%E6%96%99/AI/%E5%8C%BB%E5%AD%A6%E7%BB%8F%E7%90%86%E5%B7%A5%E4%BD%9C%E5%8F%B0/implementation/protocol-v3-workbench-mw_protocol_v3_phase0_20260809_111313/frontend/node_modules/vite/dist/node/chunks/dep-Dq2t6Dq0.js:42553:41
 ❯ TransformPluginContext.error ../../../../../../%E5%BA%B7%E5%93%B2%E9%A1%B9%E7%9B%AE%E8%B5%84%E6%96%99/AI/%E5%8C%BB%E5%AD%A6%E7%BB%8F%E7%90%86%E5%B7%A5%E4%BD%9C%E5%8F%B0/implementation/protocol-v3-workbench-mw_protocol_v3_phase0_20260809_111313/frontend/node_modules/vite/dist/node/chunks/dep-Dq2t6Dq0.js:42550:16
 ❯ normalizeUrl ../../../../../../%E5%BA%B7%E5%93%B2%E9%A1%B9%E7%9B%AE%E8%B5%84%E6%96%99/AI/%E5%8C%BB%E5%AD%A6%E7%BB%8F%E7%90%86%E5%B7%A5%E4%BD%9C%E5%8F%B0/implementation/protocol-v3-workbench-mw_protocol_v3_phase0_20260809_111313/frontend/node_modules/vite/dist/node/chunks/dep-Dq2t6Dq0.js:40529:23
 ❯ ../../../../../../%E5%BA%B7%E5%93%B2%E9%A1%B9%E7%9B%AE%E8%B5%84%E6%96%99/AI/%E5%8C%BB%E5%AD%A6%E7%BB%8F%E7%90%86%E5%B7%A5%E4%BD%9C%E5%8F%B0/implementation/protocol-v3-workbench-mw_protocol_v3_phase0_20260809_111313/frontend/node_modules/vite/dist/node/chunks/dep-Dq2t6Dq0.js:40648:37
 ❯ TransformPluginContext.transform ../../../../../../%E5%BA%B7%E5%93%B2%E9%A1%B9%E7%9B%AE%E8%B5%84%E6%96%99/AI/%E5%8C%BB%E5%AD%A6%E7%BB%8F%E7%90%86%E5%B7%A5%E4%BD%9C%E5%8F%B0/implementation/protocol-v3-workbench-mw_protocol_v3_phase0_20260809_111313/frontend/node_modules/vite/dist/node/chunks/dep-Dq2t6Dq0.js:40575:7
 ❯ EnvironmentPluginContainer.transform ../../../../../../%E5%BA%B7%E5%93%B2%E9%A1%B9%E7%9B%AE%E8%B5%84%E6%96%99/AI/%E5%8C%BB%E5%AD%A6%E7%BB%8F%E7%90%86%E5%B7%A5%E4%BD%9C%E5%8F%B0/implementation/protocol-v3-workbench-mw_protocol_v3_phase0_20260809_111313/frontend/node_modules/vite/dist/node/chunks/dep-Dq2t6Dq0.js:42348:18
 ❯ loadAndTransform ../../../../../../%E5%BA%B7%E5%93%B2%E9%A1%B9%E7%9B%AE%E8%B5%84%E6%96%99/AI/%E5%8C%BB%E5%AD%A6%E7%BB%8F%E7%90%86%E5%B7%A5%E4%BD%9C%E5%8F%B0/implementation/protocol-v3-workbench-mw_protocol_v3_phase0_20260809_111313/frontend/node_modules/vite/dist/node/chunks/dep-Dq2t6Dq0.js:35740:27

⎯⎯⎯⎯⎯⎯⎯⎯⎯⎯⎯⎯⎯⎯⎯⎯⎯⎯⎯⎯⎯⎯⎯⎯[1/1]⎯


 Test Files  1 failed (1)
      Tests  no tests
   Start at  15:12:41
   Duration  591ms (transform 0ms, setup 0ms, import 0ms, tests 0ms, environment 496ms)

