..F                                                                      [100%]
=================================== FAILURES ===================================
__ test_literal_evidence_retains_surrounding_source_text_for_semantic_review ___

    def test_literal_evidence_retains_surrounding_source_text_for_semantic_review():
        from app.protocol_workflow.agent2.option_bundle import build_regimen_option_bundle
        prepared, output = prepared_reference()
        proposal = read_regimen_response(prepared, output)
        bundle = build_regimen_option_bundle(
            prepared, proposal, workflow_run_id='regimen:fixture', output_sha256='b'*64,
            extracted_at=datetime(2026,9,13,tzinfo=timezone.utc))
        sources = {s['source_artifact_id']: s for s in prepared.to_payload()['source_intake']['sources']}
        for evidence in bundle['evidence_units']:
            source_unit = next(u for u in sources[evidence['source_artifact_id']]['units']
                               if u['locator'] == evidence['locator'] and evidence['body'] in u['text'])
>           assert evidence['context_before'] + evidence['body'] + evidence['context_after'] == source_unit['text']
E           AssertionError: assert '合成给药依据' == '合成给药依据：200 mg，2 mL。'
E             
E             - 合成给药依据：200 mg，2 mL。
E             + 合成给药依据

tests/protocol_v3/test_regimen_option_bundle.py:46: AssertionError
=========================== short test summary info ============================
FAILED tests/protocol_v3/test_regimen_option_bundle.py::test_literal_evidence_retains_surrounding_source_text_for_semantic_review
1 failed, 2 passed in 0.34s
