
 RUN  v4.1.10 /Users/smkzw/Documents/康哲项目资料/AI/医学经理工作台/implementation/protocol-v3-workbench-mw_protocol_v3_phase0_20260809_111313/frontend

 ❯ src/features/medical-writing/protocol-workbench/RegimenAdoptionCard.test.jsx (5 tests | 1 failed) 320ms
   × separates awaiting reconciliation from an active request and shows saved feedback at the action 34ms

⎯⎯⎯⎯⎯⎯⎯ Failed Tests 1 ⎯⎯⎯⎯⎯⎯⎯

 FAIL  src/features/medical-writing/protocol-workbench/RegimenAdoptionCard.test.jsx > separates awaiting reconciliation from an active request and shows saved feedback at the action
AssertionError: expected <p class="rpc-block-reason" …(1)></p> to be null

- Expected:
null

+ Received:
<p
  class="rpc-block-reason"
  role="status"
>
  正在处理中，请稍候。
</p>

 ❯ src/features/medical-writing/protocol-workbench/RegimenAdoptionCard.test.jsx:83:44
     81|   fireEvent.click(screen.getByRole("button", { name: "确认这套给药方案" }));
     82|   const lookup = await screen.findByRole("button", { name: "核对本次确认" });
     83|   expect(screen.queryByText("正在处理中，请稍候。")).toBeNull();
       |                                            ^
     84|   expect(screen.getByText("本次提交待核对，请先找回原确认记录。")).toBeTruthy();
     85|   fireEvent.click(lookup);

⎯⎯⎯⎯⎯⎯⎯⎯⎯⎯⎯⎯⎯⎯⎯⎯⎯⎯⎯⎯⎯⎯⎯⎯[1/1]⎯


 Test Files  1 failed (1)
      Tests  1 failed | 4 passed (5)
   Start at  15:47:29
   Duration  917ms (transform 46ms, setup 0ms, import 120ms, tests 320ms, environment 383ms)

