
 RUN  v4.1.10 /Users/smkzw/Documents/康哲项目资料/AI/医学经理工作台/implementation/protocol-v3-workbench-mw_protocol_v3_phase0_20260809_111313/frontend

 ❯ src/features/medical-writing/protocol-workbench/RegimenAdoptionCard.test.jsx (4 tests | 1 failed) 1436ms
   × does not call a pre-adoption version a successful save 1038ms

⎯⎯⎯⎯⎯⎯⎯ Failed Tests 1 ⎯⎯⎯⎯⎯⎯⎯

 FAIL  src/features/medical-writing/protocol-workbench/RegimenAdoptionCard.test.jsx > does not call a pre-adoption version a successful save
TestingLibraryElementError: Unable to find role="button" and name "核对本次确认"

Ignored nodes: comments, script, style
[36m<body>[39m
  [36m<div>[39m
    [36m<section[39m
      [33maria-label[39m=[32m"剂量方案"[39m
      [33mclass[39m=[32m"rpc-card"[39m
    [36m>[39m
      [36m<header[39m
        [33mclass[39m=[32m"rpc-heading"[39m
      [36m>[39m
        [36m<div[39m
          [33mclass[39m=[32m"rpc-title-row"[39m
        [36m>[39m
          [36m<h2>[39m
            [0m剂量方案[0m
          [36m</h2>[39m
          [36m<span[39m
            [33mclass[39m=[32m"rpc-tag"[39m
          [36m>[39m
            [0m监管答辩级·需确认[0m
          [36m</span>[39m
        [36m</div>[39m
        [36m<p[39m
          [33mclass[39m=[32m"rpc-status"[39m
          [33mrole[39m=[32m"status"[39m
        [36m>[39m
          [0m本次选择已保存[0m
        [36m</p>[39m
      [36m</header>[39m
      [36m<div[39m
        [33mclass[39m=[32m"rpc-grid"[39m
      [36m>[39m
        [36m<article[39m
          [33mclass[39m=[32m"rpc-unit"[39m
        [36m>[39m
          [36m<header[39m
            [33mclass[39m=[32m"rpc-unit-head"[39m
          [36m>[39m
            [36m<h3>[39m
              [0m首期[0m
            [36m</h3>[39m
            [36m<p[39m
              [33mclass[39m=[32m"rpc-muted"[39m
            [36m>[39m
              [0m第0至4周[0m
            [36m</p>[39m
            [36m<p[39m
              [33mclass[39m=[32m"rpc-arm"[39m
            [36m>[39m
              [0m试验组[0m
            [36m</p>[39m
          [36m</header>[39m
          [36m<ol[39m
            [33mclass[39m=[32m"rpc-steps"[39m
          [36m>[39m
            [36m<li[39m
              [33mclass[39m=[32m"rpc-step"[39m
            [36m>[39m
              [36m<div[39m
                [33mclass[39m=[32m"rpc-step-meta"[39m
              [36m>[39m
                [36m<span[39m
                  [33mclass[39m=[32m"rpc-kind"[39m
                [36m>[39m
                  [0m负荷[0m
                [36m</span>[39m
                [36m<span>[39m
                  [0m本期首次[0m
                [36m</span>[39m
                [36m<span>[39m
                  [0m一次[0m
                [36m</span>[39m
                [36m<span>[39m
                  [0m皮下注射[0m
                [36m</span>[39m
              [36m</div>[39m
              [36m<ul[39m
                [33mclass[39m=[32m"rpc-products"[39m
              [36m>[39m
                [36m<li>[39m
                  [36m<strong>[39m
                    [0m试验药X[0m
                  [36m</strong>[39m
                  [36m<span[39m
                    [33mclass[39m=[32m"rpc-quantity"[39m
                  [36m>[39m
                    [0m200 mg[0m
                  [36m</span>[39m
                  [36m<span[39m
                    [33mclass[39m=[32m"rpc-quantity"[39m
                  [36m>[39m
                    [0m2 mL[0m
                  [36m</span>[39m
                [36m</li>[39m
              [36m</ul>[39m
              [36m<p[39m
                [33mclass[39m=[32m"rpc-support"[39m
              [36m>[39m
                [0m参考资料中的信息[0m
              [36m</p>[39m
              [36m<details[39m
                [33mclass[39m=[32m"rpc-evidence"[39m
              [36m>[39m
                [36m<summary>[39m
                  [0m查看原文依据[0m
                [36m</summary>[39m
                [36m<div[39m
                  [33mclass[39m=[32m"rpc-evidence-item"[39m
                [36m>[39m
                  [36m<blockquote>[39m
                    [0m合成给药依据[0m
                  [36m</blockquote>[39m
                [36m</div>[39m
              [36m</details>[39m
            [36m</li>[39m
            [36m<li[39m
              [33mclass[39m=[32m"rpc-step"[39m
            [36m>[39m
              [36m<div[39m
                [33mclass[39m=[32m"rpc-step-meta"[39m
              [36m>[39m
                [36m<span[39m
                  [33mclass[39m=[32m"rpc-kind"[39m
                [36m>[39m
                  [0m维持[0m
                [36m</span>[39m
                [36m<span>[39m
                  [0m首次之后[0m
                [36m</span>[39m
                [36m<span>[39m
                  [0m每2周一次[0m
                [36m</span>[39m
                [36m<span>[39m
                  [0m皮下注射[0m
                [36m</span>[39m
              [36m</div>[39m
              [36m<ul[39m
                [33mclass[39m=[32m"rpc-products"[39m
              [36m>[39m
                [36m<li>[39m
                  [36m<strong>[39m
                    [0m试验药X[0m
                  [36m</strong>[39m
                  [36m<span[39m
                    [33mclass[39m=[32m"rpc-quantity"[39m
                  [36m>[39m
                    [0m100 mg[0m
                  [36m</span>[39m
                [36m</li>[39m
              [36m</ul>[39m
              [36m<p[39m
                [33mclass[39m=[32m"rpc-support"[39m
              [36m>[39m
                [0m参考资料中的信息[0m
              [36m</p>[39m
              [36m<details[39m
                [33mclass[39m=[32m"rpc-evidence"[39m
              [36m>[39m
                [36m<summary>[39m
                  [0m查看原文依据[0m
                [36m</summary>[39m
                [36m<div[39m
                  [33mclass[39m=[32m"rpc-evidence-item"[39m
                [36m>[39m
                  [36m<blockquote>[39m
                    [0m合成维持依据[0m
                  [36m</blockquote>[39m
                [36m</div>[39m
              [36m</details>[39m
            [36m</li>[39m
          [36m</ol>[39m
        [36m</article>[39m
        [36m<article[39m
          [33mclass[39m=[32m"rpc-unit"[39m
        [36m>[39m
          [36m<header[39m
            [33mclass[39m=[32m"rpc-unit-head"[39m
          [36m>[39m
            [36m<h3>[39m
              [0m首期[0m
            [36m</h3>[39m
            [36m<p[39m
              [33mclass[39m=[32m"rpc-muted"[39m
            [36m>[39m
              [0m第0至4周[0m
            [36m</p>[39m
            [36m<p[39m
              [33mclass[39m=[32m"rpc-arm"[39m
            [36m>[39m
              [0m原对照组[0m
            [36m</p>[39m
          [36m</header>[39m
          [36m<ol[39m
            [33mclass[39m=[32m"rpc-steps"[39m
          [36m>[39m
            [36m<li[39m
              [33mclass[39m=[32m"rpc-step"[39m
            [36m>[39m
              [36m<div[39m
                [33mclass[39m=[32m"rpc-step-meta"[39m
              [36m>[39m
                [36m<span[39m
                  [33mclass[39m=[32m"rpc-kind"[39m
                [36m>[39m
                  [0m负荷[0m
                [36m</span>[39m
                [36m<span>[39m
                  [0m本期首次[0m
                [36m</span>[39m
                [36m<span>[39m
                  [0m一次[0m
                [36m</span>[39m
                [36m<span>[39m
                  [0m皮下注射[0m
                [36m</span>[39m
              [36m</div>[39m
              [36m<ul[39m
                [33mclass[39m=[32m"rpc-products"[39m
              [36m>[39m
                [36m<li>[39m
                  [36m<strong>[39m
                    [0m试验药X[0m
                  [36m</strong>[39m
                  [36m<span[39m
                    [33mclass[39m=[32m"rpc-quantity"[39m
                  [36m>[39m
                    [0m200 mg[0m
                  [36m</span>[39m
                  [36m<span[39m
                    [33mclass[39m=[32m"rpc-quantity"[39m
                  [36m>[39m
                    [0m2 mL[0m
                  [36m</span>[39m
                [36m</li>[39m
              [36m</ul>[39m
              [36m<p[39m
                [33mclass[39m=[32m"rpc-support"[39m
              [36m>[39m
                [0m参考资料中的信息[0m
              [36m</p>[39m
              [36m<details[39m
                [33mclass[39m=[32m"rpc-evidence"[39m
              [36m>[39m
                [36m<summary>[39m
                  [0m查看原文依据[0m
                [36m</summary>[39m
                [36m<div[39m
                  [33mclass[39m=[32m"rpc-evidence-item"[39m
                [36m>[39m
                  [36m<blockquote>[39m
                    [0m合成给药依据[0m
                  [36m</blockquote>[39m
                [36m</div>[39m
              [36m</details>[39m
            [36m</li>[39m
            [36m<li[39m
              [33mclass[39m=[32m"rpc-step"[39m
            [36m>[39m
              [36m<div[39m
                [33mclass[39m=[32m"rpc-step-meta"[39m
              [36m>[39m
                [36m<span[39m
                  [33mclass[39m=[32m"rpc-kind"[39m
                [36m>[39m
                  [0m维持[0m
                [36m</span>[39m
                [36m<span>[39m
                  [0m首次之后[0m
                [36m</span>[39m
                [36m<span>[39m
                  [0m每2周一次[0m
                [36m</span>[39m
                [36m<span>[39m
                  [0m皮下注射[0m
                [36m</span>[39m
              [36m</div>[39m
              [36m<ul[39m
                [33mclass[39m=[32m"rpc-products"[39m
              [36m>[39m
                [36m<li>[39m
                  [36m<strong>[39m
                    [0m试验药X[0m
                  [36m</strong>[39m
                  [36m<span[39m
                    [33mclass[39m=[32m"rpc-quantity"[39m
                  [36m>[39m
                    [0m100 mg[0m
                  [36m</span>[39m
                [36m</li>[39m
              [36m</ul>[39m
              [36m<p[39m
                [33mclass[39m=[32m"rpc-support"[39m
              [36m>[39m
                [0m参考资料中的信息[0m
              [36m</p>[39m
              [36m<details[39m
                [33mclass[39m=[32m"rpc-evidence"[39m
              [36m>[39m
                [36m<summary>[39m
                  [0m查看原文依据[0m
                [36m</summary>[39m
                [36m<div[39m
                  [33mclass[39m=[32m"rpc-evidence-item"[39m
                [36m>[39m
                  [36m<blockquote>[39m
                    [0m合成维持依据[0m
                  [36m</blockquote>[39m
                [36m</div>[39m
              [36m</details>[39m
            [36m</li>[39m
          [36m</ol>[39m
        [36m</article>[39m
        [36m<article[39m
          [33mclass[39m=[32m"rpc-unit"[39m
        [36m>[39m
          [36m<header[39m
            [33mclass[39m=[32m"rpc-unit-head"[39m
          [36m>[39m
            [36m<h3>[39m
              [0m继续期[0m
            [36m</h3>[39m
            [36m<p[39m
              [33mclass[39m=[32m"rpc-muted"[39m
            [36m>[39m
              [0m第4至8周[0m
            [36m</p>[39m
            [36m<p[39m
              [33mclass[39m=[32m"rpc-arm"[39m
            [36m>[39m
              [0m试验组[0m
            [36m</p>[39m
          [36m</header>[39m
          [36m<ol[39m
            [33mclass[39m=[32m"rpc-steps"[39m
          [36m>[39m
            [36m<li[39m
              [33mclass[39m=[32m"rpc-step"[39m
            [36m>[39m
              [36m<div[39m
                [33mclass[39m=[32m"rpc-step-meta"[39m
              [36m>[39m
                [36m<span[39m
                  [33mclass[39m=[32m"rpc-kind"[39m
                [36m>[39m
                  [0m负荷[0m
                [36m</span>[39m
                [36m<span>[39m
                  [0m本期首次[0m
                [36m</span>[39m
                [36m<span>[39m
                  [0m一次[0m
                [36m</span>[39m
                [36m<span>[39m
                  [0m皮下注射[0m
                [36m</span>[39m
              [36m</div>[39m
              [36m<ul[39m
                [33mclass[39m=[32m"rpc-products"[39m
              [36m>[39m
                [36m<li>[39m
                  [36m<strong>[39m
                    [0m试验药X[0m
                  [36m</strong>[39m
                  [36m<span[39m
                    [33mclass[39m=[32m"rpc-quantity"[39m
                  [36m>[39m
                    [0m200 mg[0m
                  [36m</span>[39m
                  [36m<span[39m
                    [33mclass[39m=[32m"rpc-quantity"[39m
                  [36m>[39m
                    [0m2 mL[0m
                  [36m</span>[39m
                [36m</li>[39m
              [36m</ul>[39m
              [36m<p[39m
                [33mclass[39m=[32m"rpc-support"[39m
              [36m>[39m
                [0m参考资料中的信息[0m
              [36m</p>[39m
              [36m<details[39m
                [33mclass[39m=[32m"rpc-evidence"[39m
              [36m>[39m
                [36m<summary>[39m
                  [0m查看原文依据[0m
                [36m</summary>[39m
                [36m<div[39m
                  [33mclass[39m=[32m"rpc-evidence-item"[39m
                [36m>[39m
                  [36m<blockquote>[39m
                    [0m合成给药依据[0m
                  [36m</blockquote>[39m
                [36m</div>[39m
              [36m</details>[39m
            [36m</li>[39m
            [36m<li[39m
              [33mclass[39m=[32m"rpc-step"[39m
            [36m>[39m
              [36m<div[39m
                [33mclass[39m=[32m"rpc-step-meta"[39m
              [36m>[39m
                [36m<span[39m
                  [33mclass[39m=[32m"rpc-kind"[39m
                [36m>[39m
                  [0m维持[0m
                [36m</span>[39m
                [36m<span>[39m
                  [0m首次之后[0m
                [36m</span>[39m
                [36m<span>[39m
                  [0m每2周一次[0m
                [36m</span>[39m
                [36m<span>[39m
                  [0m皮下注射[0m
                [36m</span>[39m
              [36m</div>[39m
              [36m<ul[39m
                [33mclass[39m=[32m"rpc-products"[39m
              [36m>[39m
                [36m<li>[39m
                  [36m<strong>[39m
                    [0m试验药X[0m
                  [36m</strong>[39m
                  [36m<span[39m
                    [33mclass[39m=[32m"rpc-quantity"[39m
                  [36m>[39m
                    [0m100 mg[0m
                  [36m</span>[39m
                [36m</li>[39m
              [36m</ul>[39m
              [36m<p[39m
                [33mclass[39m=[32m"rpc-support"[39m
              [36m>[39m
                [0m参考资料中的信息[0m
              [36m</p>[39m
              [36m<details[39m
                [33mclass[39m=[32m"rpc-evidence"[39m
              [36m>[39m
                [36m<summary>[39m
                  [0m查看原文依据[0m
                [36m</summary>[39m
                [36m<div[39m
                  [33mclass[39m=[32m"rpc-evidence-item"[39m
                [36m>[39m
                  [36m<blockquote>[39m
                    [0m合成维持依据[0m
                  [36m</blockquote>[39m
                [36m</div>[39m
              [36m</details>[39m
            [36m</li>[39m
          [36m</ol>[39m
        [36m</article>[39m
        [36m<article[39m
          [33mclass[39m=[32m"rpc-unit"[39m
        [36m>[39m
          [36m<header[39m
            [33mclass[39m=[32m"rpc-unit-head"[39m
          [36m>[39m
            [36m<h3>[39m
              [0m继续期[0m
            [36m</h3>[39m
            [36m<p[39m
              [33mclass[39m=[32m"rpc-muted"[39m
            [36m>[39m
              [0m第4至8周[0m
            [36m</p>[39m
            [36m<p[39m
              [33mclass[39m=[32m"rpc-arm"[39m
            [36m>[39m
              [0m原对照组[0m
            [36m</p>[39m
          [36m</header>[39m
          [36m<ol[39m
            [33mclass[39m=[32m"rpc-steps"[39m
          [36m>[39m
            [36m<li[39m
              [33mclass[39m=[32m"rpc-step"[39m
            [36m>[39m
              [36m<div[39m
                [33mclass[39m=[32m"rpc-step-meta"[39m
              [36m>[39m
                [36m<span[39m
                  [33mclass[39m=[32m"rpc-kind"[39m
                [36m>[39m
                  [0m负荷[0m
                [36m</span>[39m
                [36m<span>[39m
                  [0m本期首次[0m
                [36m</span>[39m
                [36m<span>[39m
                  [0m一次[0m
                [36m</span>[39m
                [36m<span>[39m
                  [0m皮下注射[0m
                [36m</span>[39m
              [36m</div>[39m
              [36m<ul[39m
                [33mclass[39m=[32m"rpc-products"[39m
              [36m>[39m
                [36m<li>[39m
                  [36m<strong>[39m
                    [0m试验药X[0m
                  [36m</strong>[39m
                  [36m<span[39m
                    [33mclass[39m=[32m"rpc-quantity"[39m
                  [36m>[39m
                    [0m200 mg[0m
                  [36m</span>[39m
                  [36m<span[39m
                    [33mclass[39m=[32m"rpc-quantity"[39m
                  [36m>[39m
                    [0m2 mL[0m
                  [36m</span>[39m
                [36m</li>[39m
              [36m</ul>[39m
              [36m<p[39m
                [33mclass[39m=[32m"rpc-support"[39m
              [36m>[39m
                [0m参考资料中的信息[0m
              [36m</p>[39m
              [36m<details[39m
                [33mclass[39m=[32m"rpc-evidence"[39m
              [36m>[39m
                [36m<summary>[39m
                  [0m查看原文依据[0m
                [36m</summary>[39m
                [36m<div[39m
                  [33mclass[39m=[32m"rpc-evidence-item"[39m
                [36m>[39m
                  [36m<blockquote>[39m
                    [0m合成给药依据[0m
                  [36m</blockquote>[39m
                [36m</div>[39m
              [36m</details>[39m
            [36m</li>[39m
            [36m<li[39m
              [33mclass[39m=[32m"rpc-step"[39m
            [36m>[39m
              [36m<div[39m
                [33mclass[39m=[32m"rpc-step-meta"[39m
              [36m>[39m
                [36m<span[39m
                  [33mclass[39m=[32m"rpc-kind"[39m
                [36m>[39m
                  [0m维持[0m
                [36m</span>[39m
                [36m<span>[39m
                  [0m首次之后[0m
                [36m</span>[39m
                [36m<span>[39m
                  [0m每2周一次[0m
                [36m</span>[39m
                [36m<span>[39m
                  [0m皮下注射[0m
                [36m</span>[39m
              [36m</div>[39m
              [36m<ul[39m
                [33mclass[39m=[32m"rpc-products"[39m
              [36m>[39m
                [36m<li>[39m
                  [36m<strong>[39m
                    [0m试验药X[0m
                  [36m</strong>[39m
                  [36m<span[39m
                    [33mclass[39m=[32m"rpc-quantity"[39m
                  [36m>[39m
                    [0m100 mg[0m
                  [36m</span>[39m
                [36m</li>[39m
              [36m</ul>[39m
              [36m<p[39m
                [33mclass[39m=[32m"rpc-support"[39m
              [36m>[39m
                [0m参考资料中的信息[0m
              [36m</p>[39m
              [36m<details[39m
                [33mclass[39m=[32m"rpc-evidence"[39m
              [36m>[39m
                [36m<summary>[39m
                  [0m查看原文依据[0m
                [36m</summary>[39m
                [36m<div[39m
                  [33mclass[39m=[32m"rpc-evidence-item"[39m
                [36m>[39m
                  [36m<blockquote>[39m
                    [0m合成维持依据[0m
                  [36m</blockquote>[39m
                [36m</div>[39m
              [36m</details>[39m
            [36m</li>[39m
          [36m</ol>[39m
        [36m</article>[39m
      [36m</div>[39m
      [36m<p[39m
        [33mclass[39m=[32m"rpc-block-reason"[39m
        [33mrole[39m=[32m"status"[39m
      [36m>[39m
        [0m原确认记录已保留；后续研究修改的有效性以当前研究版本为准。[0m
      [36m</p>[39m
      [36m<div[39m
        [33mclass[39m=[32m"rpc-actions"[39m
      [36m>[39m
        [36m<button[39m
          [33mclass[39m=[32m"rpc-confirm"[39m
          [33mdisabled[39m=[32m""[39m
          [33mtype[39m=[32m"button"[39m
        [36m>[39m
          [0m确认这套给药方案[0m
        [36m</button>[39m
      [36m</div>[39m
    [36m</section>[39m
  [36m</div>[39m
[36m</body>[39m

Ignored nodes: comments, script, style
[36m<body>[39m
  [36m<div>[39m
    [36m<section[39m
      [33maria-label[39m=[32m"剂量方案"[39m
      [33mclass[39m=[32m"rpc-card"[39m
    [36m>[39m
      [36m<header[39m
        [33mclass[39m=[32m"rpc-heading"[39m
      [36m>[39m
        [36m<div[39m
          [33mclass[39m=[32m"rpc-title-row"[39m
        [36m>[39m
          [36m<h2>[39m
            [0m剂量方案[0m
          [36m</h2>[39m
          [36m<span[39m
            [33mclass[39m=[32m"rpc-tag"[39m
          [36m>[39m
            [0m监管答辩级·需确认[0m
          [36m</span>[39m
        [36m</div>[39m
        [36m<p[39m
          [33mclass[39m=[32m"rpc-status"[39m
          [33mrole[39m=[32m"status"[39m
        [36m>[39m
          [0m本次选择已保存[0m
        [36m</p>[39m
      [36m</header>[39m
      [36m<div[39m
        [33mclass[39m=[32m"rpc-grid"[39m
      [36m>[39m
        [36m<article[39m
          [33mclass[39m=[32m"rpc-unit"[39m
        [36m>[39m
          [36m<header[39m
            [33mclass[39m=[32m"rpc-unit-head"[39m
          [36m>[39m
            [36m<h3>[39m
              [0m首期[0m
            [36m</h3>[39m
            [36m<p[39m
              [33mclass[39m=[32m"rpc-muted"[39m
            [36m>[39m
              [0m第0至4周[0m
            [36m</p>[39m
            [36m<p[39m
              [33mclass[39m=[32m"rpc-arm"[39m
            [36m>[39m
              [0m试验组[0m
            [36m</p>[39m
          [36m</header>[39m
          [36m<ol[39m
            [33mclass[39m=[32m"rpc-steps"[39m
          [36m>[39m
            [36m<li[39m
              [33mclass[39m=[32m"rpc-step"[39m
            [36m>[39m
              [36m<div[39m
                [33mclass[39m=[32m"rpc-step-meta"[39m
              [36m>[39m
                [36m<span[39m
                  [33mclass[39m=[32m"rpc-kind"[39m
                [36m>[39m
                  [0m负荷[0m
                [36m</span>[39m
                [36m<span>[39m
                  [0m本期首次[0m
                [36m</span>[39m
                [36m<span>[39m
                  [0m一次[0m
                [36m</span>[39m
                [36m<span>[39m
                  [0m皮下注射[0m
                [36m</span>[39m
              [36m</div>[39m
              [36m<ul[39m
                [33mclass[39m=[32m"rpc-products"[39m
              [36m>[39m
                [36m<li>[39m
                  [36m<strong>[39m
                    [0m试验药X[0m
                  [36m</strong>[39m
                  [36m<span[39m
                    [33mclass[39m=[32m"rpc-quantity"[39m
                  [36m>[39m
                    [0m200 mg[0m
                  [36m</span>[39m
                  [36m<span[39m
                    [33mclass[39m=[32m"rpc-quantity"[39m
                  [36m>[39m
                    [0m2 mL[0m
                  [36m</span>[39m
                [36m</li>[39m
              [36m</ul>[39m
              [36m<p[39m
                [33mclass[39m=[32m"rpc-support"[39m
              [36m>[39m
                [0m参考资料中的信息[0m
              [36m</p>[39m
              [36m<details[39m
                [33mclass[39m=[32m"rpc-evidence"[39m
              [36m>[39m
                [36m<summary>[39m
                  [0m查看原文依据[0m
                [36m</summary>[39m
                [36m<div[39m
                  [33mclass[39m=[32m"rpc-evidence-item"[39m
                [36m>[39m
                  [36m<blockquote>[39m
                    [0m合成给药依据[0m
                  [36m</blockquote>[39m
                [36m</div>[39m
              [36m</details>[39m
            [36m</li>[39m
            [36m<li[39m
              [33mclass[39m=[32m"rpc-step"[39m
            [36m>[39m
              [36m<div[39m
                [33mclass[39m=[32m"rpc-step-meta"[39m
              [36m>[39m
                [36m<span[39m
                  [33mclass[39m=[32m"rpc-kind"[39m
                [36m>[39m
                  [0m维持[0m
                [36m</span>[39m
                [36m<span>[39m
                  [0m首次之后[0m
                [36m</span>[39m
                [36m<span>[39m
                  [0m每2周一次[0m
                [36m</span>[39m
                [36m<span>[39m
                  [0m皮下注射[0m
                [36m</span>[39m
              [36m</div>[39m
              [36m<ul[39m
                [33mclass[39m=[32m"rpc-products"[39m
              [36m>[39m
                [36m<li>[39m
                  [36m<strong>[39m
                    [0m试验药X[0m
                  [36m</strong>[39m
                  [36m<span[39m
                    [33mclass[39m=[32m"rpc-quantity"[39m
                  [36m>[39m
                    [0m100 mg[0m
                  [36m</span>[39m
                [36m</li>[39m
              [36m</ul>[39m
              [36m<p[39m
                [33mclass[39m=[32m"rpc-support"[39m
              [36m>[39m
                [0m参考资料中的信息[0m
              [36m</p>[39m
              [36m<details[39m
                [33mclass[39m=[32m"rpc-evidence"[39m
              [36m>[39m
                [36m<summary>[39m
                  [0m查看原文依据[0m
                [36m</summary>[39m
                [36m<div[39m
                  [33mclass[39m=[32m"rpc-evidence-item"[39m
                [36m>[39m
                  [36m<blockquote>[39m
                    [0m合成维持依据[0m
                  [36m</blockquote>[39m
                [36m</div>[39m
              [36m</details>[39m
            [36m</li>[39m
          [36m</ol>[39m
        [36m</article>[39m
        [36m<article[39m
          [33mclass[39m=[32m"rpc-unit"[39m
        [36m>[39m
          [36m<header[39m
            [33mclass[39m=[32m"rpc-unit-head"[39m
          [36m>[39m
            [36m<h3>[39m
              [0m首期[0m
            [36m</h3>[39m
            [36m<p[39m
              [33mclass[39m=[32m"rpc-muted"[39m
            [36m>[39m
              [0m第0至4周[0m
            [36m</p>[39m
            [36m<p[39m
              [33mclass[39m=[32m"rpc-arm"[39m
            [36m>[39m
              [0m原对照组[0m
            [36m</p>[39m
          [36m</header>[39m
          [36m<ol[39m
            [33mclass[39m=[32m"rpc-steps"[39m
          [36m>[39m
            [36m<li[39m
              [33mclass[39m=[32m"rpc-step"[39m
            [36m>[39m
              [36m<div[39m
                [33mclass[39m=[32m"rpc-step-meta"[39m
              [36m>[39m
                [36m<span[39m
                  [33mclass[39m=[32m"rpc-kind"[39m
                [36m>[39m
                  [0m负荷[0m
                [36m</span>[39m
                [36m<span>[39m
                  [0m本期首次[0m
                [36m</span>[39m
                [36m<span>[39m
                  [0m一次[0m
                [36m</span>[39m
                [36m<span>[39m
                  [0m皮下注射[0m
                [36m</span>[39m
              [36m</div>[39m
              [36m<ul[39m
                [33mclass[39m=[32m"rpc-products"[39m
              [36m>[39m
                [36m<li>[39m
                  [36m<strong>[39m
                    [0m试验药X[0m
                  [36m</strong>[39m
                  [36m<span[39m
                    [33mclass[39m=[32m"rpc-quantity"[39m
                  [36m>[39m
                    [0m200 mg[0m
                  [36m</span>[39m
                  [36m<span[39m
                    [33mclass[39m=[32m"rpc-quantity"[39m
                  [36m>[39m
                    [0m2 mL[0m
                  [36m</span>[39m
                [36m</li>[39m
              [36m</ul>[39m
              [36m<p[39m
                [33mclass[39m=[32m"rpc-support"[39m
              [36m>[39m
                [0m参考资料中的信息[0m
              [36m</p>[39m
              [36m<details[39m
                [33mclass[39m=[32m"rpc-evidence"[39m
              [36m>[39m
                [36m<summary>[39m
                  [0m查看原文依据[0m
                [36m</summary>[39m
                [36m<div[39m
                  [33mclass[39m=[32m"rpc-evidence-item"[39m
                [36m>[39m
                  [36m<blockquote>[39m
                    [0m合成给药依据[0m
                  [36m</blockquote>[39m
                [36m</div>[39m
              [36m</details>[39m
            [36m</li>[39m
            [36m<li[39m
              [33mclass[39m=[32m"rpc-step"[39m
            [36m>[39m
              [36m<div[39m
                [33mclass[39m=[32m"rpc-step-meta"[39m
              [36m>[39m
                [36m<span[39m
                  [33mclass[39m=[32m"rpc-kind"[39m
                [36m>[39m
                  [0m维持[0m
                [36m</span>[39m
                [36m<span>[39m
                  [0m首次之后[0m
                [36m</span>[39m
                [36m<span>[39m
                  [0m每2周一次[0m
                [36m</span>[39m
                [36m<span>[39m
                  [0m皮下注射[0m
                [36m</span>[39m
              [36m</div>[39m
              [36m<ul[39m
                [33mclass[39m=[32m"rpc-products"[39m
              [36m>[39m
                [36m<li>[39m
                  [36m<strong>[39m
                    [0m试验药X[0m
                  [36m</strong>[39m
                  [36m<span[39m
                    [33mclass[39m=[32m"rpc-quantity"[39m
                  [36m>[39m
                    [0m100 mg[0m
                  [36m</span>[39m
                [36m</li>[39m
              [36m</ul>[39m
              [36m<p[39m
                [33mclass[39m=[32m"rpc-support"[39m
              [36m>[39m
                [0m参考资料中的信息[0m
              [36m</p>[39m
              [36m<details[39m
                [33mclass[39m=[32m"rpc-evidence"[39m
              [36m>[39m
                [36m<summary>[39m
                  [0m查看原文依据[0m
                [36m</summary>[39m
                [36m<div[39m
                  [33mclass[39m=[32m"rpc-evidence-item"[39m
                [36m>[39m
                  [36m<blockquote>[39m
                    [0m合成维持依据[0m
                  [36m</blockquote>[39m
                [36m</div>[39m
              [36m</details>[39m
            [36m</li>[39m
          [36m</ol>[39m
        [36m</article>[39m
        [36m<article[39m
          [33mclass[39m=[32m"rpc-unit"[39m
        [36m>[39m
          [36m<header[39m
            [33mclass[39m=[32m"rpc-unit-head"[39m
          [36m>[39m
            [36m<h3>[39m
              [0m继续期[0m
            [36m</h3>[39m
            [36m<p[39m
              [33mclass[39m=[32m"rpc-muted"[39m
            [36m>[39m
              [0m第4至8周[0m
            [36m</p>[39m
            [36m<p[39m
              [33mclass[39m=[32m"rpc-arm"[39m
            [36m>[39m
              [0m试验组[0m
            [36m</p>[39m
          [36m</header>[39m
          [36m<ol[39m
            [33mclass[39m=[32m"rpc-steps"[39m
          [36m>[39m
            [36m<li[39m
              [33mclass[39m=[32m"rpc-step"[39m
            [36m>[39m
              [36m<div[39m
                [33mclass[39m=[32m"rpc-step-meta"[39m
              [36m>[39m
                [36m<span[39m
                  [33mclass[39m=[32m"rpc-kind"[39m
                [36m>[39m
                  [0m负荷[0m
                [36m</span>[39m
                [36m<span>[39m
                  [0m本期首次[0m
                [36m</span>[39m
                [36m<span>[39m
                  [0m一次[0m
                [36m</span>[39m
                [36m<span>[39m
                  [0m皮下注射[0m
                [36m</span>[39m
              [36m</div>[39m
              [36m<ul[39m
                [33mclass[39m=[32m"rpc-products"[39m
              [36m>[39m
                [36m<li>[39m
                  [36m<strong>[39m
                    [0m试验药X[0m
                  [36m</strong>[39m
                  [36m<span[39m
                    [33mclass[39m=[32m"rpc-quantity"[39m
                  [36m>[39m
                    [0m200 mg[0m
                  [36m</span>[39m
                  [36m<span[39m
                    [33mclass[39m=[32m"rpc-quantity"[39m
                  [36m>[39m
                    [0m2 mL[0m
                  [36m</span>[39m
                [36m</li>[39m
              [36m</ul>[39m
              [36m<p[39m
                [33mclass[39m=[32m"rpc-support"[39m
              [36m>[39m
                [0m参考资料中的信息[0m
              [36m</p>[39m
              [36m<details[39m
                [33mclass[39m=[32m"rpc-evidence"[39m
              [36m>[39m
                [36m<summary>[39m
                  [0m查看原文依据[0m
                [36m</summary>[39m
                [36m<div[39m
                  [33mclass[39m=[32m"rpc-evidence-item"[39m
                [36m>[39m
                  [36m<blockquote>[39m
                    [0m合成给药依据[0m
                  [36m</blockquote>[39m
                [36m</div>[39m
              [36m</details>[39m
            [36m</li>[39m
            [36m<li[39m
              [33mclass[39m=[32m"rpc-step"[39m
            [36m>[39m
              [36m<div[39m
                [33mclass[39m=[32m"rpc-step-meta"[39m
              [36m>[39m
                [36m<span[39m
                  [33mclass[39m=[32m"rpc-kind"[39m
                [36m>[39m
                  [0m维持[0m
                [36m</span>[39m
                [36m<span>[39m
                  [0m首次之后[0m
                [36m</span>[39m
                [36m<span>[39m
                  [0m每2周一次[0m
                [36m</span>[39m
                [36m<span>[39m
                  [0m皮下注射[0m
                [36m</span>[39m
              [36m</div>[39m
              [36m<ul[39m
                [33mclass[39m=[32m"rpc-products"[39m
              [36m>[39m
                [36m<li>[39m
                  [36m<strong>[39m
                    [0m试验药X[0m
                  [36m</strong>[39m
                  [36m<span[39m
                    [33mclass[39m=[32m"rpc-quantity"[39m
                  [36m>[39m
                    [0m100 mg[0m
                  [36m</span>[39m
                [36m</li>[39m
              [36m</ul>[39m
              [36m<p[39m
                [33mclass[39m=[32m"rpc-support"[39m
              [36m>[39m
                [0m参考资料中的信息[0m
              [36m</p>[39m
              [36m<details[39m
                [33mclass[39m=[32m"rpc-evidence"[39m
              [36m>[39m
                [36m<summary>[39m
                  [0m查看原文依据[0m
                [36m</summary>[39m
                [36m<div[39m
                  [33mclass[39m=[32m"rpc-evidence-item"[39m
                [36m>[39m
                  [36m<blockquote>[39m
                    [0m合成维持依据[0m
                  [36m</blockquote>[39m
                [36m</div>[39m
              [36m</details>[39m
            [36m</li>[39m
          [36m</ol>[39m
        [36m</article>[39m
        [36m<article[39m
          [33mclass[39m=[32m"rpc-unit"[39m
        [36m>[39m
          [36m<header[39m
            [33mclass[39m=[32m"rpc-unit-head"[39m
          [36m>[39m
            [36m<h3>[39m
              [0m继续期[0m
            [36m</h3>[39m
            [36m<p[39m
              [33mclass[39m=[32m"rpc-muted"[39m
            [36m>[39m
              [0m第4至8周[0m
            [36m</p>[39m
            [36m<p[39m
              [33mclass[39m=[32m"rpc-arm"[39m
            [36m>[39m
              [0m原对照组[0m
            [36m</p>[39m
          [36m</header>[39m
          [36m<ol[39m
            [33mclass[39m=[32m"rpc-steps"[39m
          [36m>[39m
            [36m<li[39m
              [33mclass[39m=[32m"rpc-step"[39m
            [36m>[39m
              [36m<div[39m
                [33mclass[39m=[32m"rpc-step-meta"[39m
              [36m>[39m
                [36m<span[39m
                  [33mclass[39m=[32m"rpc-kind"[39m
                [36m>[39m
                  [0m负荷[0m
                [36m</span>[39m
                [36m<span>[39m
                  [0m本期首次[0m
                [36m</span>[39m
                [36m<span>[39m
                  [0m一次[0m
                [36m</span>[39m
                [36m<span>[39m
                  [0m皮下注射[0m
                [36m</span>[39m
              [36m</div>[39m
              [36m<ul[39m
                [33mclass[39m=[32m"rpc-products"[39m
              [36m>[39m
                [36m<li>[39m
                  [36m<strong>[39m
                    [0m试验药X[0m
                  [36m</strong>[39m
                  [36m<span[39m
                    [33mclass[39m=[32m"rpc-quantity"[39m
                  [36m>[39m
                    [0m200 mg[0m
                  [36m</span>[39m
                  [36m<span[39m
                    [33mclass[39m=[32m"rpc-quantity"[39m
                  [36m>[39m
                    [0m2 mL[0m
                  [36m</span>[39m
                [36m</li>[39m
              [36m</ul>[39m
              [36m<p[39m
                [33mclass[39m=[32m"rpc-support"[39m
              [36m>[39m
                [0m参考资料中的信息[0m
              [36m</p>[39m
              [36m<details[39m
                [33mclass[39m=[32m"rpc-evidence"[39m
              [36m>[39m
                [36m<summary>[39m
                  [0m查看原文依据[0m
                [36m</summary>[39m
                [36m<div[39m
                  [33mclass[39m=[32m"rpc-evidence-item"[39m
                [36m>[39m
                  [36m<blockquote>[39m
                    [0m合成给药依据[0m
                  [36m</blockquote>[39m
                [36m</div>[39m
              [36m</details>[39m
            [36m</li>[39m
            [36m<li[39m
              [33mclass[39m=[32m"rpc-step"[39m
            [36m>[39m
              [36m<div[39m
                [33mclass[39m=[32m"rpc-step-meta"[39m
              [36m>[39m
                [36m<span[39m
                  [33mclass[39m=[32m"rpc-kind"[39m
                [36m>[39m
                  [0m维持[0m
                [36m</span>[39m
                [36m<span>[39m
                  [0m首次之后[0m
                [36m</span>[39m
                [36m<span>[39m
                  [0m每2周一次[0m
                [36m</span>[39m
                [36m<span>[39m
                  [0m皮下注射[0m
                [36m</span>[39m
              [36m</div>[39m
              [36m<ul[39m
                [33mclass[39m=[32m"rpc-products"[39m
              [36m>[39m
                [36m<li>[39m
                  [36m<strong>[39m
                    [0m试验药X[0m
                  [36m</strong>[39m
                  [36m<span[39m
                    [33mclass[39m=[32m"rpc-quantity"[39m
                  [36m>[39m
                    [0m100 mg[0m
                  [36m</span>[39m
                [36m</li>[39m
              [36m</ul>[39m
              [36m<p[39m
                [33mclass[39m=[32m"rpc-support"[39m
              [36m>[39m
                [0m参考资料中的信息[0m
              [36m</p>[39m
              [36m<details[39m
                [33mclass[39m=[32m"rpc-evidence"[39m
              [36m>[39m
                [36m<summary>[39m
                  [0m查看原文依据[0m
                [36m</summary>[39m
                [36m<div[39m
                  [33mclass[39m=[32m"rpc-evidence-item"[39m
                [36m>[39m
                  [36m<blockquote>[39m
                    [0m合成维持依据[0m
                  [36m</blockquote>[39m
                [36m</div>[39m
              [36m</details>[39m
            [36m</li>[39m
          [36m</ol>[39m
        [36m</article>[39m
      [36m</div>[39m
      [36m<p[39m
        [33mclass[39m=[32m"rpc-block-reason"[39m
        [33mrole[39m=[32m"status"[39m
      [36m>[39m
        [0m原确认记录已保留；后续研究修改的有效性以当前研究版本为准。[0m
      [36m</p>[39m
      [36m<div[39m
        [33mclass[39m=[32m"rpc-actions"[39m
      [36m>[39m
        [36m<button[39m
          [33mclass[39m=[32m"rpc-confirm"[39m
          [33mdisabled[39m=[32m""[39m
          [33mtype[39m=[32m"button"[39m
        [36m>[39m
          [0m确认这套给药方案[0m
        [36m</button>[39m
      [36m</div>[39m
    [36m</section>[39m
  [36m</div>[39m
[36m</body>[39m
 ❯ waitForWrapper node_modules/@testing-library/dom/dist/wait-for.js:163:27
 ❯ node_modules/@testing-library/dom/dist/query-helpers.js:86:33
 ❯ src/features/medical-writing/protocol-workbench/RegimenAdoptionCard.test.jsx:71:16
     69|   await waitFor(() => expect(screen.getByRole("button", { name: "确认这套给…
     70|   fireEvent.click(screen.getByRole("button", { name: "确认这套给药方案" }));
     71|   await screen.findByRole("button", { name: "核对本次确认" });
       |                ^
     72|   expect(screen.queryByText("本次选择已保存")).toBeNull();
     73| });

⎯⎯⎯⎯⎯⎯⎯⎯⎯⎯⎯⎯⎯⎯⎯⎯⎯⎯⎯⎯⎯⎯⎯⎯[1/1]⎯


 Test Files  1 failed (1)
      Tests  1 failed | 3 passed (4)
   Start at  15:17:41
   Duration  2.72s (transform 64ms, setup 0ms, import 219ms, tests 1.44s, environment 919ms)

