....................................................F                    [100%]
=================================== FAILURES ===================================
________ test_whole_regimen_and_synopsis_read_the_adopted_compound_fact ________

    def test_whole_regimen_and_synopsis_read_the_adopted_compound_fact():
        from test_all_chapter_contracts import REAL_TEMPLATE_DIR
        from app.protocol_workflow.registries.fact_bindings import FactBindingCatalog
        catalog=FactBindingCatalog.model_validate_json((REAL_TEMPLATE_DIR/'fact_bindings.json').read_text())
        bindings={b.fact_path:b for b in catalog.bindings}
        for path in ('picos.intervention_dose_regimen','picos.intervention_dose_regimen.selected_regimen','synopsis.interventions'):
>           assert bindings[path].canonical_path == 'intervention.dose_regimen'
E           AssertionError: assert 'picos.interv..._dose_regimen' == 'intervention.dose_regimen'
E             
E             - intervention.dose_regimen
E             ?             ^
E             + picos.intervention_dose_regimen
E             ? ++++++            ^

tests/protocol_v3/test_chapter_fact_binding.py:356: AssertionError
=========================== short test summary info ============================
FAILED tests/protocol_v3/test_chapter_fact_binding.py::test_whole_regimen_and_synopsis_read_the_adopted_compound_fact
1 failed, 52 passed in 0.88s
