.............................FF......F..                                 [100%]
=================================== FAILURES ===================================
_______________ test_real_main_isolated_entrypoint[default-off] ________________

tmp_path = PosixPath('/private/var/folders/yb/31r9763x6_54mdxswxk36c4w0000gn/T/pytest-of-smkzw/pytest-734/test_real_main_isolated_entryp0')
monkeypatch = <_pytest.monkeypatch.MonkeyPatch object at 0x10b957470>
enabled = False

    @pytest.mark.parametrize("enabled", [False, True], ids=["default-off", "enabled"])
    def test_real_main_isolated_entrypoint(
        tmp_path: Path, monkeypatch: pytest.MonkeyPatch, enabled: bool
    ) -> None:
>       assert not _MISSING_LEGACY_DEPS, (
            f"Missing {_MISSING_LEGACY_DEPS}; use the isolated integration venv"
        )
E       AssertionError: Missing ('fitz(PyMuPDF)',); use the isolated integration venv
E       assert not ('fitz(PyMuPDF)',)

tests/protocol_v3/test_protocol_v3_1r2_mount.py:741: AssertionError
_________________ test_real_main_isolated_entrypoint[enabled] __________________

tmp_path = PosixPath('/private/var/folders/yb/31r9763x6_54mdxswxk36c4w0000gn/T/pytest-of-smkzw/pytest-734/test_real_main_isolated_entryp1')
monkeypatch = <_pytest.monkeypatch.MonkeyPatch object at 0x10ba823c0>
enabled = True

    @pytest.mark.parametrize("enabled", [False, True], ids=["default-off", "enabled"])
    def test_real_main_isolated_entrypoint(
        tmp_path: Path, monkeypatch: pytest.MonkeyPatch, enabled: bool
    ) -> None:
>       assert not _MISSING_LEGACY_DEPS, (
            f"Missing {_MISSING_LEGACY_DEPS}; use the isolated integration venv"
        )
E       AssertionError: Missing ('fitz(PyMuPDF)',); use the isolated integration venv
E       assert not ('fitz(PyMuPDF)',)

tests/protocol_v3/test_protocol_v3_1r2_mount.py:741: AssertionError
_______________ test_real_main_create_then_separate_process_read _______________

tmp_path = PosixPath('/private/var/folders/yb/31r9763x6_54mdxswxk36c4w0000gn/T/pytest-of-smkzw/pytest-734/test_real_main_create_then_sep0')
monkeypatch = <_pytest.monkeypatch.MonkeyPatch object at 0x10bc5af00>

    def test_real_main_create_then_separate_process_read(
        tmp_path: Path, monkeypatch: pytest.MonkeyPatch
    ) -> None:
>       assert not _MISSING_LEGACY_DEPS, (
            f"Missing {_MISSING_LEGACY_DEPS}; use the isolated integration venv"
        )
E       AssertionError: Missing ('fitz(PyMuPDF)',); use the isolated integration venv
E       assert not ('fitz(PyMuPDF)',)

tests/protocol_v3/integration/test_mounted_api_integration.py:531: AssertionError
=============================== warnings summary ===============================
../../../../../../Library/Python/3.12/lib/python/site-packages/fastapi/testclient.py:1
  /Users/smkzw/Library/Python/3.12/lib/python/site-packages/fastapi/testclient.py:1: StarletteDeprecationWarning: Using `httpx` with `starlette.testclient` is deprecated; install `httpx2` instead.
    from starlette.testclient import TestClient as TestClient  # noqa

-- Docs: https://docs.pytest.org/en/stable/how-to/capture-warnings.html
=========================== short test summary info ============================
FAILED tests/protocol_v3/test_protocol_v3_1r2_mount.py::test_real_main_isolated_entrypoint[default-off]
FAILED tests/protocol_v3/test_protocol_v3_1r2_mount.py::test_real_main_isolated_entrypoint[enabled]
FAILED tests/protocol_v3/integration/test_mounted_api_integration.py::test_real_main_create_then_separate_process_read
3 failed, 37 passed, 1 warning in 1.40s
