============================= test session starts ==============================
platform darwin -- Python 3.12.13, pytest-8.4.2, pluggy-1.6.0
rootdir: /Users/smkzw/Documents/康哲项目资料/AI/医学经理工作台/implementation/protocol-v3-workbench-mw_protocol_v3_phase0_20260809_111313
configfile: pytest.ini
plugins: anyio-4.14.2
collected 1 item

tests/protocol_v3/integration/test_research_context_api.py F             [100%]

=================================== FAILURES ===================================
________ test_create_reopen_context_without_adopting_medical_candidates ________

tmp_path = PosixPath('/private/var/folders/yb/31r9763x6_54mdxswxk36c4w0000gn/T/pytest-of-smkzw/pytest-754/test_create_reopen_context_wit0')
monkeypatch = <_pytest.monkeypatch.MonkeyPatch object at 0x10b28c710>

    def test_create_reopen_context_without_adopting_medical_candidates(tmp_path, monkeypatch):
        db = tmp_path/'context.sqlite'
        shared.admit(db,PROJECT)
        opener = _FakeOpener([_FakeResponse(_completion_body(content='{"fields":{}}'))])
        seeds = create_product_seed_factory(storage_config={'backend':'sqlite','path':str(db)},
            prior_probe_receipt=ROOT.parents[2]/'runs/mw_protocol_v3_1r6_glm_transport_20260905/product_probe_attempt.json',
            max_input_bytes=100000,credential_resolver=lambda:'synthetic-only',http_opener=opener)
        def client():
            app=FastAPI()
            mount_protocol_workflow_router(app,ProtocolWorkflowMountConfig(enabled=True,db_path=db),seed_coordinator_factory=seeds)
            return TestClient(app)
        endpoint=BASE.removesuffix('/sources')
        context=endpoint+'/design/regimen/study-context'
        with client() as c:
            assert c.get(context).json()=={'studies': []}
            source=upload(c,build_docx(paragraph_xml('历史资料中的剂量不能自动采用'))).json()['current']['source']
            seed=c.post(endpoint+'/research-intake',json={'user_brief':'准备新的研究方案','source_artifact_ids':[source['source_artifact_id']]})
            assert seed.status_code==202,seed.text
            intent={'seed_run_id':seed.json()['workflow_run_id'],'operation_id':'operation:context:one',
                    'actor_id':'medical_manager','decided_at':'2026-09-13T08:00:00+00:00'}
            before=_dump(db)
            absent=c.post(context+'/recover',json=intent)
            assert absent.status_code==404,absent.text
            assert _dump(db)==before
            with monkeypatch.context() as debug:
                debug.setattr("app.protocol_workflow.api.design._safe_call", lambda fn: fn())
>               created=c.post(context,json=intent)
                        ^^^^^^^^^^^^^^^^^^^^^^^^^^^

tests/protocol_v3/integration/test_research_context_api.py:40: 
_ _ _ _ _ _ _ _ _ _ _ _ _ _ _ _ _ _ _ _ _ _ _ _ _ _ _ _ _ _ _ _ _ _ _ _ _ _ _ _ 
runs/mw_protocol_v3_1r_integration_20260905/venv/lib/python3.12/site-packages/starlette/testclient.py:552: in post
    return super().post(
runs/mw_protocol_v3_1r_integration_20260905/venv/lib/python3.12/site-packages/httpx/_client.py:1144: in post
    return self.request(
runs/mw_protocol_v3_1r_integration_20260905/venv/lib/python3.12/site-packages/starlette/testclient.py:451: in request
    return super().request(
runs/mw_protocol_v3_1r_integration_20260905/venv/lib/python3.12/site-packages/httpx/_client.py:825: in request
    return self.send(request, auth=auth, follow_redirects=follow_redirects)
           ^^^^^^^^^^^^^^^^^^^^^^^^^^^^^^^^^^^^^^^^^^^^^^^^^^^^^^^^^^^^^^^^
runs/mw_protocol_v3_1r_integration_20260905/venv/lib/python3.12/site-packages/httpx/_client.py:914: in send
    response = self._send_handling_auth(
runs/mw_protocol_v3_1r_integration_20260905/venv/lib/python3.12/site-packages/httpx/_client.py:942: in _send_handling_auth
    response = self._send_handling_redirects(
runs/mw_protocol_v3_1r_integration_20260905/venv/lib/python3.12/site-packages/httpx/_client.py:979: in _send_handling_redirects
    response = self._send_single_request(request)
               ^^^^^^^^^^^^^^^^^^^^^^^^^^^^^^^^^^
runs/mw_protocol_v3_1r_integration_20260905/venv/lib/python3.12/site-packages/httpx/_client.py:1014: in _send_single_request
    response = transport.handle_request(request)
               ^^^^^^^^^^^^^^^^^^^^^^^^^^^^^^^^^
runs/mw_protocol_v3_1r_integration_20260905/venv/lib/python3.12/site-packages/starlette/testclient.py:354: in handle_request
    raise exc
runs/mw_protocol_v3_1r_integration_20260905/venv/lib/python3.12/site-packages/starlette/testclient.py:351: in handle_request
    portal.call(self.app, scope, receive, send)
runs/mw_protocol_v3_1r_integration_20260905/venv/lib/python3.12/site-packages/anyio/from_thread.py:338: in call
    return cast(T_Retval, self.start_task_soon(func, *args).result())
                          ^^^^^^^^^^^^^^^^^^^^^^^^^^^^^^^^^^^^^^^^^^
/opt/homebrew/Cellar/python@3.12/3.12.13_2/Frameworks/Python.framework/Versions/3.12/lib/python3.12/concurrent/futures/_base.py:456: in result
    return self.__get_result()
           ^^^^^^^^^^^^^^^^^^^
/opt/homebrew/Cellar/python@3.12/3.12.13_2/Frameworks/Python.framework/Versions/3.12/lib/python3.12/concurrent/futures/_base.py:401: in __get_result
    raise self._exception
runs/mw_protocol_v3_1r_integration_20260905/venv/lib/python3.12/site-packages/anyio/from_thread.py:263: in _call_func
    retval = await retval_or_awaitable
             ^^^^^^^^^^^^^^^^^^^^^^^^^
runs/mw_protocol_v3_1r_integration_20260905/venv/lib/python3.12/site-packages/fastapi/applications.py:1138: in __call__
    await super().__call__(scope, receive, send)
runs/mw_protocol_v3_1r_integration_20260905/venv/lib/python3.12/site-packages/starlette/applications.py:113: in __call__
    await self.middleware_stack(scope, receive, send)
runs/mw_protocol_v3_1r_integration_20260905/venv/lib/python3.12/site-packages/starlette/middleware/errors.py:186: in __call__
    raise exc
runs/mw_protocol_v3_1r_integration_20260905/venv/lib/python3.12/site-packages/starlette/middleware/errors.py:164: in __call__
    await self.app(scope, receive, _send)
runs/mw_protocol_v3_1r_integration_20260905/venv/lib/python3.12/site-packages/starlette/middleware/exceptions.py:63: in __call__
    await wrap_app_handling_exceptions(self.app, conn)(scope, receive, send)
runs/mw_protocol_v3_1r_integration_20260905/venv/lib/python3.12/site-packages/starlette/_exception_handler.py:53: in wrapped_app
    raise exc
runs/mw_protocol_v3_1r_integration_20260905/venv/lib/python3.12/site-packages/starlette/_exception_handler.py:42: in wrapped_app
    await app(scope, receive, sender)
runs/mw_protocol_v3_1r_integration_20260905/venv/lib/python3.12/site-packages/fastapi/middleware/asyncexitstack.py:18: in __call__
    await self.app(scope, receive, send)
runs/mw_protocol_v3_1r_integration_20260905/venv/lib/python3.12/site-packages/starlette/routing.py:716: in __call__
    await self.middleware_stack(scope, receive, send)
runs/mw_protocol_v3_1r_integration_20260905/venv/lib/python3.12/site-packages/starlette/routing.py:736: in app
    await route.handle(scope, receive, send)
runs/mw_protocol_v3_1r_integration_20260905/venv/lib/python3.12/site-packages/starlette/routing.py:290: in handle
    await self.app(scope, receive, send)
runs/mw_protocol_v3_1r_integration_20260905/venv/lib/python3.12/site-packages/fastapi/routing.py:121: in app
    await wrap_app_handling_exceptions(app, request)(scope, receive, send)
runs/mw_protocol_v3_1r_integration_20260905/venv/lib/python3.12/site-packages/starlette/_exception_handler.py:53: in wrapped_app
    raise exc
runs/mw_protocol_v3_1r_integration_20260905/venv/lib/python3.12/site-packages/starlette/_exception_handler.py:42: in wrapped_app
    await app(scope, receive, sender)
runs/mw_protocol_v3_1r_integration_20260905/venv/lib/python3.12/site-packages/fastapi/routing.py:107: in app
    response = await f(request)
               ^^^^^^^^^^^^^^^^
services/api/app/protocol_workflow/api/composition.py:207: in handler
    return await inner(request)
           ^^^^^^^^^^^^^^^^^^^^
runs/mw_protocol_v3_1r_integration_20260905/venv/lib/python3.12/site-packages/fastapi/routing.py:426: in app
    raw_response = await run_endpoint_function(
runs/mw_protocol_v3_1r_integration_20260905/venv/lib/python3.12/site-packages/fastapi/routing.py:316: in run_endpoint_function
    return await run_in_threadpool(dependant.call, **values)
           ^^^^^^^^^^^^^^^^^^^^^^^^^^^^^^^^^^^^^^^^^^^^^^^^^
runs/mw_protocol_v3_1r_integration_20260905/venv/lib/python3.12/site-packages/starlette/concurrency.py:38: in run_in_threadpool
    return await anyio.to_thread.run_sync(func)
           ^^^^^^^^^^^^^^^^^^^^^^^^^^^^^^^^^^^^
runs/mw_protocol_v3_1r_integration_20260905/venv/lib/python3.12/site-packages/anyio/to_thread.py:65: in run_sync
    return await get_async_backend().run_sync_in_worker_thread(
runs/mw_protocol_v3_1r_integration_20260905/venv/lib/python3.12/site-packages/anyio/_backends/_asyncio.py:2641: in run_sync_in_worker_thread
    return await future
           ^^^^^^^^^^^^
runs/mw_protocol_v3_1r_integration_20260905/venv/lib/python3.12/site-packages/anyio/_backends/_asyncio.py:1033: in run
    result = context.run(func, *args)
             ^^^^^^^^^^^^^^^^^^^^^^^^
services/api/app/protocol_workflow/api/design.py:109: in create_context
    return _mutation_response(_safe_call(execute))
                              ^^^^^^^^^^^^^^^^^^^
tests/protocol_v3/integration/test_research_context_api.py:39: in <lambda>
    debug.setattr("app.protocol_workflow.api.design._safe_call", lambda fn: fn())
                                                                            ^^^^
services/api/app/protocol_workflow/api/design.py:108: in execute
    return application_service.create_study_definition(command)
           ^^^^^^^^^^^^^^^^^^^^^^^^^^^^^^^^^^^^^^^^^^^^^^^^^^^^
services/api/app/protocol_workflow/application/service.py:388: in create_study_definition
    atomic = self._coordinator.build_and_apply(
services/api/app/protocol_workflow/events/unit_of_work.py:360: in build_and_apply
    built = self.builder.build(
_ _ _ _ _ _ _ _ _ _ _ _ _ _ _ _ _ _ _ _ _ _ _ _ _ _ _ _ _ _ _ _ _ _ _ _ _ _ _ _ 

self = <app.protocol_workflow.events.models.EventEnvelopeBuilder object at 0x108a4a5e0>

    def build(
        self,
        *,
        domain_event_id: str,
        stream_id: str,
        sequence: int,
        event_type: str,
        payload_schema_version: str,
        upcaster_id: str,
        actor_type: ActorType,
        actor_id: str,
        action: str,
        reason: str,
        payload: Mapping[str, JsonValue],
        migrated_payload_sha256: Optional[str] = None,
        emitted_at: datetime,
        previous_event_sha256: Optional[str] = None,
    ) -> DomainEvent:
        """Construct a :class:`DomainEvent` with canonical hashes filled in.
    
        The first event in a stream has ``sequence == 1`` and
        ``previous_event_sha256 is None``; subsequent events require both.
        The model's own ``validate_event_chain_identity`` validator enforces
        this invariant at construction.
        """
    
        payload_sha = compute_payload_sha256(payload)
        # Build once to compute the envelope hash, then construct the final
        # event.  We reuse _canonical_event_fields so that the hash is
        # identical to what verify_event_integrity will recompute.
        from packages.contracts.workbench_contracts.protocol_v3 import (
            DomainEvent as _DE,
        )
    
>       event = _DE(
            domain_event_id=domain_event_id,
            stream_id=stream_id,
            sequence=sequence,
            event_type=event_type,
            payload_schema_version=payload_schema_version,
            upcaster_id=upcaster_id,
            actor_type=actor_type,
            actor_id=actor_id,
            action=action,
            reason=reason,
            payload=dict(payload),
            payload_sha256=payload_sha,
            migrated_payload_sha256=migrated_payload_sha256,
            previous_event_sha256=previous_event_sha256,
            event_sha256="0" * 64,  # placeholder, recomputed below
            emitted_at=emitted_at,
        )
E       pydantic_core._pydantic_core.ValidationError: 1 validation error for DomainEvent
E       domain_event_id
E         String should have at most 160 characters [type=string_too_long, input_value='stream:study_definition:...1eb119c8c87819cca5acc72', input_type=str]
E           For further information visit https://errors.pydantic.dev/2.13/v/string_too_long

services/api/app/protocol_workflow/events/models.py:289: ValidationError
=========================== short test summary info ============================
FAILED tests/protocol_v3/integration/test_research_context_api.py::test_create_reopen_context_without_adopting_medical_candidates
============================== 1 failed in 0.85s ===============================
