============================= test session starts ==============================
platform darwin -- Python 3.12.13, pytest-8.4.2, pluggy-1.6.0
rootdir: /Users/smkzw/Documents/康哲项目资料/AI/医学经理工作台/implementation/protocol-v3-workbench-mw_protocol_v3_phase0_20260809_111313
configfile: pytest.ini
plugins: anyio-4.14.2
collected 1 item

tests/protocol_v3/integration/test_research_context_api.py F             [100%]

=================================== FAILURES ===================================
________ test_create_reopen_context_without_adopting_medical_candidates ________

tmp_path = PosixPath('/private/var/folders/yb/31r9763x6_54mdxswxk36c4w0000gn/T/pytest-of-smkzw/pytest-753/test_create_reopen_context_wit0')

    def test_create_reopen_context_without_adopting_medical_candidates(tmp_path):
        db = tmp_path/'context.sqlite'
        shared.admit(db,PROJECT)
        opener = _FakeOpener([_FakeResponse(_completion_body(content='{"fields":{}}'))])
        seeds = create_product_seed_factory(storage_config={'backend':'sqlite','path':str(db)},
            prior_probe_receipt=ROOT.parents[2]/'runs/mw_protocol_v3_1r6_glm_transport_20260905/product_probe_attempt.json',
            max_input_bytes=100000,credential_resolver=lambda:'synthetic-only',http_opener=opener)
        def client():
            app=FastAPI()
            mount_protocol_workflow_router(app,ProtocolWorkflowMountConfig(enabled=True,db_path=db),seed_coordinator_factory=seeds)
            return TestClient(app)
        endpoint=BASE.removesuffix('/sources')
        context=endpoint+'/design/regimen/study-context'
        with client() as c:
            assert c.get(context).json()=={'studies': []}
            source=upload(c,build_docx(paragraph_xml('历史资料中的剂量不能自动采用'))).json()['current']['source']
            seed=c.post(endpoint+'/research-intake',json={'user_brief':'准备新的研究方案','source_artifact_ids':[source['source_artifact_id']]})
            assert seed.status_code==202,seed.text
            intent={'seed_run_id':seed.json()['workflow_run_id'],'operation_id':'operation:context:one',
                    'actor_id':'medical_manager','decided_at':'2026-09-13T08:00:00+00:00'}
            before=_dump(db)
            absent=c.post(context+'/recover',json=intent)
            assert absent.status_code==404,absent.text
            assert _dump(db)==before
            created=c.post(context,json=intent)
>           assert created.status_code==200,created.text
E           AssertionError: {"detail":{"message":"请求内容与当前工作台要求不符，本次操作未执行。","responsible_area":"工作台处理","can_retry":false,"next_step":"请核对请求内容后重新提交。"}}
E           assert 422 == 200
E            +  where 422 = <Response [422 Unprocessable Entity]>.status_code

tests/protocol_v3/integration/test_research_context_api.py:39: AssertionError
=========================== short test summary info ============================
FAILED tests/protocol_v3/integration/test_research_context_api.py::test_create_reopen_context_without_adopting_medical_candidates
============================== 1 failed in 0.67s ===============================
