TAP version 13
# Subtest: regimen design uses the stored seed and preserves lookup versus execution
ok 1 - regimen design uses the stored seed and preserves lookup versus execution
  ---
  duration_ms: 1.0895
  type: 'test'
  ...
# Subtest: metadata correction changes descriptors without uploading file bytes
ok 2 - metadata correction changes descriptors without uploading file bytes
  ---
  duration_ms: 0.142208
  type: 'test'
  ...
# Subtest: source upload preserves bytes and lets the browser provide multipart boundary
ok 3 - source upload preserves bytes and lets the browser provide multipart boundary
  ---
  duration_ms: 7.484917
  type: 'test'
  ...
# Subtest: source conflict retains the server's actionable explanation
ok 4 - source conflict retains the server's actionable explanation
  ---
  duration_ms: 0.270416
  type: 'test'
  ...
# Subtest: parse and original download use the selected immutable source
ok 5 - parse and original download use the selected immutable source
  ---
  duration_ms: 0.087959
  type: 'test'
  ...
# Subtest: research intake carries selected identities and reads the same durable job
ok 6 - research intake carries selected identities and reads the same durable job
  ---
  duration_ms: 0.212958
  type: 'test'
  ...
# Subtest: research context lists selected inputs and recovers original writes
not ok 7 - research context lists selected inputs and recovers original writes
  ---
  duration_ms: 0.106958
  type: 'test'
  location: '/Users/smkzw/Documents/康哲项目资料/AI/医学经理工作台/implementation/protocol-v3-workbench-mw_protocol_v3_phase0_20260809_111313/frontend/src/features/medical-writing/protocol-workbench/protocolSourceApi.test.mjs:110:1'
  failureType: 'testCodeFailure'
  error: 'api.listResearchStudies is not a function'
  code: 'ERR_TEST_FAILURE'
  name: 'TypeError'
  stack: |-
    TestContext.<anonymous> (file:///Users/smkzw/Documents/%E5%BA%B7%E5%93%B2%E9%A1%B9%E7%9B%AE%E8%B5%84%E6%96%99/AI/%E5%8C%BB%E5%AD%A6%E7%BB%8F%E7%90%86%E5%B7%A5%E4%BD%9C%E5%8F%B0/implementation/protocol-v3-workbench-mw_protocol_v3_phase0_20260809_111313/frontend/src/features/medical-writing/protocol-workbench/protocolSourceApi.test.mjs:116:13)
    Test.runInAsyncScope (node:async_hooks:214:14)
    Test.run (node:internal/test_runner/test:1047:25)
    Test.processPendingSubtests (node:internal/test_runner/test:744:18)
    Test.postRun (node:internal/test_runner/test:1173:19)
    Test.run (node:internal/test_runner/test:1101:12)
    async Test.processPendingSubtests (node:internal/test_runner/test:744:7)
  ...
1..7
# tests 7
# suites 0
# pass 6
# fail 1
# cancelled 0
# skipped 0
# todo 0
# duration_ms 42.741959
