============================= test session starts ==============================
platform darwin -- Python 3.12.13, pytest-8.4.2, pluggy-1.6.0
rootdir: /Users/smkzw/Documents/康哲项目资料/AI/医学经理工作台/implementation/protocol-v3-workbench-mw_protocol_v3_phase0_20260809_111313
configfile: pytest.ini
plugins: anyio-4.14.2
collected 1 item

tests/protocol_v3/integration/test_research_context_api.py F             [100%]

=================================== FAILURES ===================================
________ test_create_reopen_context_without_adopting_medical_candidates ________

tmp_path = PosixPath('/private/var/folders/yb/31r9763x6_54mdxswxk36c4w0000gn/T/pytest-of-smkzw/pytest-752/test_create_reopen_context_wit0')

    def test_create_reopen_context_without_adopting_medical_candidates(tmp_path):
        db = tmp_path/'context.sqlite'
        shared.admit(db,PROJECT)
        opener = _FakeOpener([_FakeResponse(_completion_body(content='{"fields":{}}'))])
        seeds = create_product_seed_factory(storage_config={'backend':'sqlite','path':str(db)},
            prior_probe_receipt=ROOT.parents[2]/'runs/mw_protocol_v3_1r6_glm_transport_20260905/product_probe_attempt.json',
            max_input_bytes=100000,credential_resolver=lambda:'synthetic-only',http_opener=opener)
        def client():
            app=FastAPI()
            mount_protocol_workflow_router(app,ProtocolWorkflowMountConfig(enabled=True,db_path=db),seed_coordinator_factory=seeds)
            return TestClient(app)
        endpoint=BASE.removesuffix('/sources')
        context=endpoint+'/design/regimen/study-context'
        with client() as c:
>           assert c.get(context).json()=={'studies': []}
E           AssertionError: assert {'detail': {'...已保存的资料整理结果。'}} == {'studies': []}
E             
E             Left contains 1 more item:
E             {'detail': {'message': '没有找到本次设计记录。', 'next_step': '请返回本项目已保存的资料整理结果。'}}
E             Right contains 1 more item:
E             {'studies': []}
E             Use -v to get more diff

tests/protocol_v3/integration/test_research_context_api.py:28: AssertionError
=========================== short test summary info ============================
FAILED tests/protocol_v3/integration/test_research_context_api.py::test_create_reopen_context_without_adopting_medical_candidates
============================== 1 failed in 0.65s ===============================
