TAP version 13
# Subtest: metadata correction changes descriptors without uploading file bytes
ok 1 - metadata correction changes descriptors without uploading file bytes
  ---
  duration_ms: 0.847292
  type: 'test'
  ...
# Subtest: source upload preserves bytes and lets the browser provide multipart boundary
ok 2 - source upload preserves bytes and lets the browser provide multipart boundary
  ---
  duration_ms: 10.474125
  type: 'test'
  ...
# Subtest: source conflict retains the server's actionable explanation
ok 3 - source conflict retains the server's actionable explanation
  ---
  duration_ms: 0.245375
  type: 'test'
  ...
# Subtest: parse and original download use the selected immutable source
ok 4 - parse and original download use the selected immutable source
  ---
  duration_ms: 0.18225
  type: 'test'
  ...
# Subtest: research intake carries selected identities and reads the same durable job
ok 5 - research intake carries selected identities and reads the same durable job
  ---
  duration_ms: 0.662
  type: 'test'
  ...
1..5
# tests 5
# suites 0
# pass 5
# fail 0
# cancelled 0
# skipped 0
# todo 0
# duration_ms 58.2015
