TAP version 13
# Subtest: metadata correction changes descriptors without uploading file bytes
ok 1 - metadata correction changes descriptors without uploading file bytes
  ---
  duration_ms: 0.675708
  type: 'test'
  ...
# Subtest: source upload preserves bytes and lets the browser provide multipart boundary
ok 2 - source upload preserves bytes and lets the browser provide multipart boundary
  ---
  duration_ms: 8.882875
  type: 'test'
  ...
# Subtest: source conflict retains the server's actionable explanation
ok 3 - source conflict retains the server's actionable explanation
  ---
  duration_ms: 0.2515
  type: 'test'
  ...
# Subtest: parse and original download use the selected immutable source
ok 4 - parse and original download use the selected immutable source
  ---
  duration_ms: 0.15525
  type: 'test'
  ...
# Subtest: research intake carries selected identities and reads the same durable job
ok 5 - research intake carries selected identities and reads the same durable job
  ---
  duration_ms: 0.156209
  type: 'test'
  ...
1..5
# tests 5
# suites 0
# pass 5
# fail 0
# cancelled 0
# skipped 0
# todo 0
# duration_ms 51.165542
