TAP version 13
# Subtest: source upload preserves bytes and lets the browser provide multipart boundary
ok 1 - source upload preserves bytes and lets the browser provide multipart boundary
  ---
  duration_ms: 7.996042
  type: 'test'
  ...
# Subtest: source conflict retains the server's actionable explanation
ok 2 - source conflict retains the server's actionable explanation
  ---
  duration_ms: 0.190583
  type: 'test'
  ...
# Subtest: parse and original download use the selected immutable source
ok 3 - parse and original download use the selected immutable source
  ---
  duration_ms: 0.075833
  type: 'test'
  ...
1..3
# tests 3
# suites 0
# pass 3
# fail 0
# cancelled 0
# skipped 0
# todo 0
# duration_ms 41.05975
