TAP version 13
# Subtest: source upload preserves bytes and lets the browser provide multipart boundary
not ok 1 - source upload preserves bytes and lets the browser provide multipart boundary
  ---
  duration_ms: 0.428625
  type: 'test'
  location: '/Users/smkzw/Documents/康哲项目资料/AI/医学经理工作台/implementation/protocol-v3-workbench-mw_protocol_v3_phase0_20260809_111313/frontend/src/features/medical-writing/protocol-workbench/protocolSourceApi.test.mjs:5:1'
  failureType: 'testCodeFailure'
  error: 'api.importSource is not a function'
  code: 'ERR_TEST_FAILURE'
  name: 'TypeError'
  stack: |-
    TestContext.<anonymous> (file:///Users/smkzw/Documents/%E5%BA%B7%E5%93%B2%E9%A1%B9%E7%9B%AE%E8%B5%84%E6%96%99/AI/%E5%8C%BB%E5%AD%A6%E7%BB%8F%E7%90%86%E5%B7%A5%E4%BD%9C%E5%8F%B0/implementation/protocol-v3-workbench-mw_protocol_v3_phase0_20260809_111313/frontend/src/features/medical-writing/protocol-workbench/protocolSourceApi.test.mjs:15:30)
    Test.runInAsyncScope (node:async_hooks:214:14)
    Test.run (node:internal/test_runner/test:1047:25)
    Test.start (node:internal/test_runner/test:944:17)
    startSubtestAfterBootstrap (node:internal/test_runner/harness:296:17)
  ...
# Subtest: source conflict retains the server's actionable explanation
not ok 2 - source conflict retains the server's actionable explanation
  ---
  duration_ms: 0.064334
  type: 'test'
  location: '/Users/smkzw/Documents/康哲项目资料/AI/医学经理工作台/implementation/protocol-v3-workbench-mw_protocol_v3_phase0_20260809_111313/frontend/src/features/medical-writing/protocol-workbench/protocolSourceApi.test.mjs:20:1'
  failureType: 'testCodeFailure'
  error: 'api.listSources is not a function'
  code: 'ERR_TEST_FAILURE'
  name: 'TypeError'
  stack: |-
    TestContext.<anonymous> (file:///Users/smkzw/Documents/%E5%BA%B7%E5%93%B2%E9%A1%B9%E7%9B%AE%E8%B5%84%E6%96%99/AI/%E5%8C%BB%E5%AD%A6%E7%BB%8F%E7%90%86%E5%B7%A5%E4%BD%9C%E5%8F%B0/implementation/protocol-v3-workbench-mw_protocol_v3_phase0_20260809_111313/frontend/src/features/medical-writing/protocol-workbench/protocolSourceApi.test.mjs:26:28)
    Test.runInAsyncScope (node:async_hooks:214:14)
    Test.run (node:internal/test_runner/test:1047:25)
    Test.processPendingSubtests (node:internal/test_runner/test:744:18)
    Test.postRun (node:internal/test_runner/test:1173:19)
    Test.run (node:internal/test_runner/test:1101:12)
    async startSubtestAfterBootstrap (node:internal/test_runner/harness:296:3)
  ...
# Subtest: parse and original download use the selected immutable source
not ok 3 - parse and original download use the selected immutable source
  ---
  duration_ms: 0.374334
  type: 'test'
  location: '/Users/smkzw/Documents/康哲项目资料/AI/医学经理工作台/implementation/protocol-v3-workbench-mw_protocol_v3_phase0_20260809_111313/frontend/src/features/medical-writing/protocol-workbench/protocolSourceApi.test.mjs:33:1'
  failureType: 'testCodeFailure'
  error: 'api.getSourceParse is not a function'
  code: 'ERR_TEST_FAILURE'
  name: 'TypeError'
  stack: |-
    TestContext.<anonymous> (file:///Users/smkzw/Documents/%E5%BA%B7%E5%93%B2%E9%A1%B9%E7%9B%AE%E8%B5%84%E6%96%99/AI/%E5%8C%BB%E5%AD%A6%E7%BB%8F%E7%90%86%E5%B7%A5%E4%BD%9C%E5%8F%B0/implementation/protocol-v3-workbench-mw_protocol_v3_phase0_20260809_111313/frontend/src/features/medical-writing/protocol-workbench/protocolSourceApi.test.mjs:38:13)
    Test.runInAsyncScope (node:async_hooks:214:14)
    Test.run (node:internal/test_runner/test:1047:25)
    Test.processPendingSubtests (node:internal/test_runner/test:744:18)
    Test.postRun (node:internal/test_runner/test:1173:19)
    Test.run (node:internal/test_runner/test:1101:12)
    async Test.processPendingSubtests (node:internal/test_runner/test:744:7)
  ...
1..3
# tests 3
# suites 0
# pass 0
# fail 3
# cancelled 0
# skipped 0
# todo 0
# duration_ms 33.602292
