TAP version 13
# Subtest: metadata correction changes descriptors without uploading file bytes
ok 1 - metadata correction changes descriptors without uploading file bytes
  ---
  duration_ms: 0.609542
  type: 'test'
  ...
# Subtest: source upload preserves bytes and lets the browser provide multipart boundary
ok 2 - source upload preserves bytes and lets the browser provide multipart boundary
  ---
  duration_ms: 7.692667
  type: 'test'
  ...
# Subtest: source conflict retains the server's actionable explanation
ok 3 - source conflict retains the server's actionable explanation
  ---
  duration_ms: 0.203375
  type: 'test'
  ...
# Subtest: parse and original download use the selected immutable source
ok 4 - parse and original download use the selected immutable source
  ---
  duration_ms: 0.078791
  type: 'test'
  ...
1..4
# tests 4
# suites 0
# pass 4
# fail 0
# cancelled 0
# skipped 0
# todo 0
# duration_ms 39.62925
