
 RUN  v4.1.10 /Users/smkzw/Documents/康哲项目资料/AI/医学经理工作台/implementation/protocol-v3-workbench-mw_protocol_v3_phase0_20260809_111313/frontend

 ❯ src/features/medical-writing/protocol-workbench/ProtocolSourceIntake.test.jsx (19 tests | 2 failed) 1333ms
   × imports a selected group once in order using the same chosen source role 6ms
   × halts a group on an uncertain result and preserves both saved records and unsubmitted files 1015ms

⎯⎯⎯⎯⎯⎯⎯ Failed Tests 2 ⎯⎯⎯⎯⎯⎯⎯

 FAIL  src/features/medical-writing/protocol-workbench/ProtocolSourceIntake.test.jsx > imports a selected group once in order using the same chosen source role
AssertionError: expected false to be true // Object.is equality

- Expected
+ Received

- true
+ false

 ❯ src/features/medical-writing/protocol-workbench/ProtocolSourceIntake.test.jsx:546:26
    544|   await screen.findByText(/还没有已保存的资料/);
    545|   const input = screen.getByLabelText(/选择要添加的DOCX文件/);
    546|   expect(input.multiple).toBe(true);
       |                          ^
    547|   fireEvent.change(input, { target: { files } });
    548|   fireEvent.change(screen.getByLabelText("资料类别"), { target: { value: "…

⎯⎯⎯⎯⎯⎯⎯⎯⎯⎯⎯⎯⎯⎯⎯⎯⎯⎯⎯⎯⎯⎯⎯⎯[1/2]⎯

 FAIL  src/features/medical-writing/protocol-workbench/ProtocolSourceIntake.test.jsx > halts a group on an uncertain result and preserves both saved records and unsubmitted files
TestingLibraryElementError: Unable to find an element with the text: 连接中断，保存结果尚待确认。. This could be because the text is broken up by multiple elements. In this case, you can provide a function for your text matcher to make your matcher more flexible.

Ignored nodes: comments, script, style
[36m<body>[39m
  [36m<div>[39m
    [36m<section[39m
      [33maria-labelledby[39m=[32m"_r_i_-title"[39m
      [33mclass[39m=[32m"pvs-intake"[39m
    [36m>[39m
      [36m<header[39m
        [33mclass[39m=[32m"pvs-head"[39m
      [36m>[39m
        [36m<h3[39m
          [33mclass[39m=[32m"pvs-title"[39m
          [33mid[39m=[32m"_r_i_-title"[39m
        [36m>[39m
          [0m资料来源[0m
        [36m</h3>[39m
        [36m<p[39m
          [33mclass[39m=[32m"pvs-sub"[39m
        [36m>[39m
          [0m保存Word原文与资料分类，供后续写作使用；医学内容的确认在后续步骤完成。[0m
        [36m</p>[39m
      [36m</header>[39m
      [36m<div[39m
        [33mclass[39m=[32m"pvs-add-row"[39m
      [36m>[39m
        [36m<label[39m
          [33mclass[39m=[32m"pvs-add"[39m
          [33mfor[39m=[32m"_r_i_-file"[39m
        [36m>[39m
          [36m<svg[39m
            [33maria-hidden[39m=[32m"true"[39m
            [33mclass[39m=[32m"lucide lucide-file-plus-corner"[39m
            [33mfill[39m=[32m"none"[39m
            [33mheight[39m=[32m"16"[39m
            [33mstroke[39m=[32m"currentColor"[39m
            [33mstroke-linecap[39m=[32m"round"[39m
            [33mstroke-linejoin[39m=[32m"round"[39m
            [33mstroke-width[39m=[32m"2"[39m
            [33mviewBox[39m=[32m"0 0 24 24"[39m
            [33mwidth[39m=[32m"16"[39m
            [33mxmlns[39m=[32m"http://www.w3.org/2000/svg"[39m
          [36m>[39m
            [36m<path[39m
              [33md[39m=[32m"M11.35 22H6a2 2 0 0 1-2-2V4a2 2 0 0 1 2-2h8a2.4 2.4 0 0 1 1.706.706l3.588 3.588A2.4 2.4 0 0 1 20 8v5.35"[39m
            [36m/>[39m
            [36m<path[39m
              [33md[39m=[32m"M14 2v5a1 1 0 0 0 1 1h5"[39m
            [36m/>[39m
            [36m<path[39m
              [33md[39m=[32m"M14 19h6"[39m
            [36m/>[39m
            [36m<path[39m
              [33md[39m=[32m"M17 16v6"[39m
            [36m/>[39m
          [36m</svg>[39m
          [0m添加DOCX文件[0m
        [36m</label>[39m
        [36m<input[39m
          [33maccept[39m=[32m".docx,application/vnd.openxmlformats-officedocument.wordprocessingml.document"[39m
          [33maria-label[39m=[32m"选择要添加的DOCX文件"[39m
          [33mclass[39m=[32m"pvs-file-input"[39m
          [33mid[39m=[32m"_r_i_-file"[39m
          [33mtype[39m=[32m"file"[39m
        [36m/>[39m
        [36m<p[39m
          [33maria-live[39m=[32m"polite"[39m
          [33mclass[39m=[32m"pvs-ok"[39m
          [33mrole[39m=[32m"status"[39m
        [36m>[39m
          [0m已保存。[0m
        [36m</p>[39m
      [36m</div>[39m
      [36m<div[39m
        [33mclass[39m=[32m"pvs-brief"[39m
      [36m>[39m
        [36m<label[39m
          [33mfor[39m=[32m"_r_i_-brief"[39m
        [36m>[39m
          [0m写作说明（可选）[0m
        [36m</label>[39m
        [36m<textarea[39m
          [33mid[39m=[32m"_r_i_-brief"[39m
          [33mmaxlength[39m=[32m"500"[39m
          [33mplaceholder[39m=[32m"补充本次写作的意图或注意事项，可留空。"[39m
          [33mreadonly[39m=[32m""[39m
          [33mrows[39m=[32m"2"[39m
        [36m/>[39m
      [36m</div>[39m
      [36m<p[39m
        [33mclass[39m=[32m"pvs-selection-note"[39m
      [36m>[39m
        [0m勾选仅表示带入后续写作，默认纳入当前资料；不代表医学内容已确认。[0m
      [36m</p>[39m
      [36m<ul[39m
        [33mclass[39m=[32m"pvs-cards"[39m
      [36m>[39m
        [36m<li[39m
          [33mclass[39m=[32m"pvs-card"[39m
        [36m>[39m
          [36m<div[39m
            [33mclass[39m=[32m"pvs-card-main"[39m
          [36m>[39m
            [36m<input[39m
              [33maria-label[39m=[32m"纳入后续写作：第一.docx"[39m
              [33mchecked[39m=[32m""[39m
              [33mclass[39m=[32m"pvs-check"[39m
              [33mtype[39m=[32m"checkbox"[39m
            [36m/>[39m
            [36m<div[39m
              [33mclass[39m=[32m"pvs-card-info"[39m
            [36m>[39m
              [36m<span[39m
                [33mclass[39m=[32m"pvs-card-name"[39m
              [36m>[39m
                [0m第一.docx[0m
              [36m</span>[39m
              [36m<span[39m
                [33mclass[39m=[32m"pvs-card-meta"[39m
              [36m>[39m
                [0m本方案文件（项目方案/研究者手册）[0m
                [0m · [0m
                [0m版本未注明[0m
                [0m ·[0m
                [0m [0m
                [0m地区未注明[0m
              [36m</span>[39m
            [36m</div>[39m
          [36m</div>[39m
          [36m<div[39m
            [33mclass[39m=[32m"pvs-card-actions"[39m
          [36m>[39m
            [36m<a[39m
              [33mclass[39m=[32m"pvs-link"[39m
              [33mdownload[39m=[32m""[39m
              [33mhref[39m=[32m"/api/projects/p1/protocol-workflow/sources/first/content"[39m
            [36m>[39m
              [36m<svg[39m
                [33maria-hidden[39m=[32m"true"[39m
                [33mclass[39m=[32m"lucide lucide-download"[39m
                [33mfill[39m=[32m"none"[39m
                [33mheight[39m=[32m"14"[39m
                [33mstroke[39m=[32m"currentColor"[39m
                [33mstroke-linecap[39m=[32m"round"[39m
                [33mstroke-linejoin[39m=[32m"round"[39m
                [33mstroke-width[39m=[32m"2"[39m
                [33mviewBox[39m=[32m"0 0 24 24"[39m
                [33mwidth[39m=[32m"14"[39m
                [33mxmlns[39m=[32m"http://www.w3.org/2000/svg"[39m
              [36m>[39m
                [36m<path[39m
                  [33md[39m=[32m"M12 15V3"[39m
                [36m/>[39m
                [36m<path[39m
                  [33md[39m=[32m"M21 15v4a2 2 0 0 1-2 2H5a2 2 0 0 1-2-2v-4"[39m
                [36m/>[39m
                [36m<path[39m
                  [33md[39m=[32m"m7 10 5 5 5-5"[39m
                [36m/>[39m
              [36m</svg>[39m
              [0m下载原文件[0m
            [36m</a>[39m
            [36m<button[39m
              [33mclass[39m=[32m"pvs-ghost"[39m
              [33mtype[39m=[32m"button"[39m
            [36m>[39m
              [36m<svg[39m
                [33maria-hidden[39m=[32m"true"[39m
                [33mclass[39m=[32m"lucide lucide-pencil-line"[39m
                [33mfill[39m=[32m"none"[39m
                [33mheight[39m=[32m"14"[39m
                [33mstroke[39m=[32m"currentColor"[39m
                [33mstroke-linecap[39m=[32m"round"[39m
                [33mstroke-linejoin[39m=[32m"round"[39m
                [33mstroke-width[39m=[32m"2"[39m
                [33mviewBox[39m=[32m"0 0 24 24"[39m
                [33mwidth[39m=[32m"14"[39m
                [33mxmlns[39m=[32m"http://www.w3.org/2000/svg"[39m
              [36m>[39m
                [36m<path[39m
                  [33md[39m=[32m"M13 21h8"[39m
                [36m/>[39m
                [36m<path[39m
                  [33md[39m=[32m"m15 5 4 4"[39m
                [36m/>[39m
                [36m<path[39m
                  [33md[39m=[32m"M21.174 6.812a1 1 0 0 0-3.986-3.987L3.842 16.174a2 2 0 0 0-.5.83l-1.321 4.352a.5.5 0 0 0 .623.622l4.353-1.32a2 2 0 0 0 .83-.497z"[39m
                [36m/>[39m
              [36m</svg>[39m
              [0m更正类别或版本[0m
            [36m</button>[39m
          [36m</div>[39m
        [36m</li>[39m
      [36m</ul>[39m
    [36m</section>[39m
  [36m</div>[39m
[36m</body>[39m

Ignored nodes: comments, script, style
[36m<body>[39m
  [36m<div>[39m
    [36m<section[39m
      [33maria-labelledby[39m=[32m"_r_i_-title"[39m
      [33mclass[39m=[32m"pvs-intake"[39m
    [36m>[39m
      [36m<header[39m
        [33mclass[39m=[32m"pvs-head"[39m
      [36m>[39m
        [36m<h3[39m
          [33mclass[39m=[32m"pvs-title"[39m
          [33mid[39m=[32m"_r_i_-title"[39m
        [36m>[39m
          [0m资料来源[0m
        [36m</h3>[39m
        [36m<p[39m
          [33mclass[39m=[32m"pvs-sub"[39m
        [36m>[39m
          [0m保存Word原文与资料分类，供后续写作使用；医学内容的确认在后续步骤完成。[0m
        [36m</p>[39m
      [36m</header>[39m
      [36m<div[39m
        [33mclass[39m=[32m"pvs-add-row"[39m
      [36m>[39m
        [36m<label[39m
          [33mclass[39m=[32m"pvs-add"[39m
          [33mfor[39m=[32m"_r_i_-file"[39m
        [36m>[39m
          [36m<svg[39m
            [33maria-hidden[39m=[32m"true"[39m
            [33mclass[39m=[32m"lucide lucide-file-plus-corner"[39m
            [33mfill[39m=[32m"none"[39m
            [33mheight[39m=[32m"16"[39m
            [33mstroke[39m=[32m"currentColor"[39m
            [33mstroke-linecap[39m=[32m"round"[39m
            [33mstroke-linejoin[39m=[32m"round"[39m
            [33mstroke-width[39m=[32m"2"[39m
            [33mviewBox[39m=[32m"0 0 24 24"[39m
            [33mwidth[39m=[32m"16"[39m
            [33mxmlns[39m=[32m"http://www.w3.org/2000/svg"[39m
          [36m>[39m
            [36m<path[39m
              [33md[39m=[32m"M11.35 22H6a2 2 0 0 1-2-2V4a2 2 0 0 1 2-2h8a2.4 2.4 0 0 1 1.706.706l3.588 3.588A2.4 2.4 0 0 1 20 8v5.35"[39m
            [36m/>[39m
            [36m<path[39m
              [33md[39m=[32m"M14 2v5a1 1 0 0 0 1 1h5"[39m
            [36m/>[39m
            [36m<path[39m
              [33md[39m=[32m"M14 19h6"[39m
            [36m/>[39m
            [36m<path[39m
              [33md[39m=[32m"M17 16v6"[39m
            [36m/>[39m
          [36m</svg>[39m
          [0m添加DOCX文件[0m
        [36m</label>[39m
        [36m<input[39m
          [33maccept[39m=[32m".docx,application/vnd.openxmlformats-officedocument.wordprocessingml.document"[39m
          [33maria-label[39m=[32m"选择要添加的DOCX文件"[39m
          [33mclass[39m=[32m"pvs-file-input"[39m
          [33mid[39m=[32m"_r_i_-file"[39m
          [33mtype[39m=[32m"file"[39m
        [36m/>[39m
        [36m<p[39m
          [33maria-live[39m=[32m"polite"[39m
          [33mclass[39m=[32m"pvs-ok"[39m
          [33mrole[39m=[32m"status"[39m
        [36m>[39m
          [0m已保存。[0m
        [36m</p>[39m
      [36m</div>[39m
      [36m<div[39m
        [33mclass[39m=[32m"pvs-brief"[39m
      [36m>[39m
        [36m<label[39m
          [33mfor[39m=[32m"_r_i_-brief"[39m
        [36m>[39m
          [0m写作说明（可选）[0m
        [36m</label>[39m
        [36m<textarea[39m
          [33mid[39m=[32m"_r_i_-brief"[39m
          [33mmaxlength[39m=[32m"500"[39m
          [33mplaceholder[39m=[32m"补充本次写作的意图或注意事项，可留空。"[39m
          [33mreadonly[39m=[32m""[39m
          [33mrows[39m=[32m"2"[39m
        [36m/>[39m
      [36m</div>[39m
      [36m<p[39m
        [33mclass[39m=[32m"pvs-selection-note"[39m
      [36m>[39m
        [0m勾选仅表示带入后续写作，默认纳入当前资料；不代表医学内容已确认。[0m
      [36m</p>[39m
      [36m<ul[39m
        [33mclass[39m=[32m"pvs-cards"[39m
      [36m>[39m
        [36m<li[39m
          [33mclass[39m=[32m"pvs-card"[39m
        [36m>[39m
          [36m<div[39m
            [33mclass[39m=[32m"pvs-card-main"[39m
          [36m>[39m
            [36m<input[39m
              [33maria-label[39m=[32m"纳入后续写作：第一.docx"[39m
              [33mchecked[39m=[32m""[39m
              [33mclass[39m=[32m"pvs-check"[39m
              [33mtype[39m=[32m"checkbox"[39m
            [36m/>[39m
            [36m<div[39m
              [33mclass[39m=[32m"pvs-card-info"[39m
            [36m>[39m
              [36m<span[39m
                [33mclass[39m=[32m"pvs-card-name"[39m
              [36m>[39m
                [0m第一.docx[0m
              [36m</span>[39m
              [36m<span[39m
                [33mclass[39m=[32m"pvs-card-meta"[39m
              [36m>[39m
                [0m本方案文件（项目方案/研究者手册）[0m
                [0m · [0m
                [0m版本未注明[0m
                [0m ·[0m
                [0m [0m
                [0m地区未注明[0m
              [36m</span>[39m
            [36m</div>[39m
          [36m</div>[39m
          [36m<div[39m
            [33mclass[39m=[32m"pvs-card-actions"[39m
          [36m>[39m
            [36m<a[39m
              [33mclass[39m=[32m"pvs-link"[39m
              [33mdownload[39m=[32m""[39m
              [33mhref[39m=[32m"/api/projects/p1/protocol-workflow/sources/first/content"[39m
            [36m>[39m
              [36m<svg[39m
                [33maria-hidden[39m=[32m"true"[39m
                [33mclass[39m=[32m"lucide lucide-download"[39m
                [33mfill[39m=[32m"none"[39m
                [33mheight[39m=[32m"14"[39m
                [33mstroke[39m=[32m"currentColor"[39m
                [33mstroke-linecap[39m=[32m"round"[39m
                [33mstroke-linejoin[39m=[32m"round"[39m
                [33mstroke-width[39m=[32m"2"[39m
                [33mviewBox[39m=[32m"0 0 24 24"[39m
                [33mwidth[39m=[32m"14"[39m
                [33mxmlns[39m=[32m"http://www.w3.org/2000/svg"[39m
              [36m>[39m
                [36m<path[39m
                  [33md[39m=[32m"M12 15V3"[39m
                [36m/>[39m
                [36m<path[39m
                  [33md[39m=[32m"M21 15v4a2 2 0 0 1-2 2H5a2 2 0 0 1-2-2v-4"[39m
                [36m/>[39m
                [36m<path[39m
                  [33md[39m=[32m"m7 10 5 5 5-5"[39m
                [36m/>[39m
              [36m</svg>[39m
              [0m下载原文件[0m
            [36m</a>[39m
            [36m<button[39m
              [33mclass[39m=[32m"pvs-ghost"[39m
              [33mtype[39m=[32m"button"[39m
            [36m>[39m
              [36m<svg[39m
                [33maria-hidden[39m=[32m"true"[39m
                [33mclass[39m=[32m"lucide lucide-pencil-line"[39m
                [33mfill[39m=[32m"none"[39m
                [33mheight[39m=[32m"14"[39m
                [33mstroke[39m=[32m"currentColor"[39m
                [33mstroke-linecap[39m=[32m"round"[39m
                [33mstroke-linejoin[39m=[32m"round"[39m
                [33mstroke-width[39m=[32m"2"[39m
                [33mviewBox[39m=[32m"0 0 24 24"[39m
                [33mwidth[39m=[32m"14"[39m
                [33mxmlns[39m=[32m"http://www.w3.org/2000/svg"[39m
              [36m>[39m
                [36m<path[39m
                  [33md[39m=[32m"M13 21h8"[39m
                [36m/>[39m
                [36m<path[39m
                  [33md[39m=[32m"m15 5 4 4"[39m
                [36m/>[39m
                [36m<path[39m
                  [33md[39m=[32m"M21.174 6.812a1 1 0 0 0-3.986-3.987L3.842 16.174a2 2 0 0 0-.5.83l-1.321 4.352a.5.5 0 0 0 .623.622l4.353-1.32a2 2 0 0 0 .83-.497z"[39m
                [36m/>[39m
              [36m</svg>[39m
              [0m更正类别或版本[0m
            [36m</button>[39m
          [36m</div>[39m
        [36m</li>[39m
      [36m</ul>[39m
    [36m</section>[39m
  [36m</div>[39m
[36m</body>[39m
 ❯ waitForWrapper node_modules/@testing-library/dom/dist/wait-for.js:163:27
 ❯ node_modules/@testing-library/dom/dist/query-helpers.js:86:33
 ❯ src/features/medical-writing/protocol-workbench/ProtocolSourceIntake.test.jsx:569:16
    567|   fireEvent.change(screen.getByLabelText("资料类别"), { target: { value: "…
    568|   fireEvent.click(screen.getByRole("button", { name: "保存到资料" }));
    569|   await screen.findByText("连接中断，保存结果尚待确认。");
       |                ^
    570|   await waitFor(() => expect(api.listSources).toHaveBeenCalledTimes(2)…
    571|   expect(api.importSource).toHaveBeenCalledTimes(2);

⎯⎯⎯⎯⎯⎯⎯⎯⎯⎯⎯⎯⎯⎯⎯⎯⎯⎯⎯⎯⎯⎯⎯⎯[2/2]⎯


 Test Files  1 failed (1)
      Tests  2 failed | 17 passed (19)
   Start at  11:11:45
   Duration  1.94s (transform 42ms, setup 0ms, import 147ms, tests 1.33s, environment 392ms)

