
 RUN  v4.1.10 /Users/smkzw/Documents/康哲项目资料/AI/医学经理工作台/implementation/protocol-v3-workbench-mw_protocol_v3_phase0_20260809_111313/frontend

 ❯ src/features/medical-writing/protocol-workbench/StudyContextWorkspace.test.jsx (0 test)

⎯⎯⎯⎯⎯⎯ Failed Suites 1 ⎯⎯⎯⎯⎯⎯⎯

 FAIL  src/features/medical-writing/protocol-workbench/StudyContextWorkspace.test.jsx [ src/features/medical-writing/protocol-workbench/StudyContextWorkspace.test.jsx ]
Error: Failed to resolve import "./StudyContextWorkspace" from "src/features/medical-writing/protocol-workbench/StudyContextWorkspace.test.jsx". Does the file exist?
  Plugin: vite:import-analysis
  File: /Users/smkzw/Documents/康哲项目资料/AI/医学经理工作台/implementation/protocol-v3-workbench-mw_protocol_v3_phase0_20260809_111313/frontend/src/features/medical-writing/protocol-workbench/StudyContextWorkspace.test.jsx:3:38
  2  |  import { afterEach, expect, it, vi } from "vitest";
  3  |  import { cleanup, fireEvent, render, screen } from "@testing-library/react";
  4  |  import { StudyContextWorkspace } from "./StudyContextWorkspace";
     |                                         ^
  5  |  afterEach(() => {
  6  |    cleanup();
 ❯ TransformPluginContext._formatLog ../../../../../../%E5%BA%B7%E5%93%B2%E9%A1%B9%E7%9B%AE%E8%B5%84%E6%96%99/AI/%E5%8C%BB%E5%AD%A6%E7%BB%8F%E7%90%86%E5%B7%A5%E4%BD%9C%E5%8F%B0/implementation/protocol-v3-workbench-mw_protocol_v3_phase0_20260809_111313/frontend/node_modules/vite/dist/node/chunks/dep-Dq2t6Dq0.js:42553:41
 ❯ TransformPluginContext.error ../../../../../../%E5%BA%B7%E5%93%B2%E9%A1%B9%E7%9B%AE%E8%B5%84%E6%96%99/AI/%E5%8C%BB%E5%AD%A6%E7%BB%8F%E7%90%86%E5%B7%A5%E4%BD%9C%E5%8F%B0/implementation/protocol-v3-workbench-mw_protocol_v3_phase0_20260809_111313/frontend/node_modules/vite/dist/node/chunks/dep-Dq2t6Dq0.js:42550:16
 ❯ normalizeUrl ../../../../../../%E5%BA%B7%E5%93%B2%E9%A1%B9%E7%9B%AE%E8%B5%84%E6%96%99/AI/%E5%8C%BB%E5%AD%A6%E7%BB%8F%E7%90%86%E5%B7%A5%E4%BD%9C%E5%8F%B0/implementation/protocol-v3-workbench-mw_protocol_v3_phase0_20260809_111313/frontend/node_modules/vite/dist/node/chunks/dep-Dq2t6Dq0.js:40529:23
 ❯ ../../../../../../%E5%BA%B7%E5%93%B2%E9%A1%B9%E7%9B%AE%E8%B5%84%E6%96%99/AI/%E5%8C%BB%E5%AD%A6%E7%BB%8F%E7%90%86%E5%B7%A5%E4%BD%9C%E5%8F%B0/implementation/protocol-v3-workbench-mw_protocol_v3_phase0_20260809_111313/frontend/node_modules/vite/dist/node/chunks/dep-Dq2t6Dq0.js:40648:37
 ❯ TransformPluginContext.transform ../../../../../../%E5%BA%B7%E5%93%B2%E9%A1%B9%E7%9B%AE%E8%B5%84%E6%96%99/AI/%E5%8C%BB%E5%AD%A6%E7%BB%8F%E7%90%86%E5%B7%A5%E4%BD%9C%E5%8F%B0/implementation/protocol-v3-workbench-mw_protocol_v3_phase0_20260809_111313/frontend/node_modules/vite/dist/node/chunks/dep-Dq2t6Dq0.js:40575:7
 ❯ EnvironmentPluginContainer.transform ../../../../../../%E5%BA%B7%E5%93%B2%E9%A1%B9%E7%9B%AE%E8%B5%84%E6%96%99/AI/%E5%8C%BB%E5%AD%A6%E7%BB%8F%E7%90%86%E5%B7%A5%E4%BD%9C%E5%8F%B0/implementation/protocol-v3-workbench-mw_protocol_v3_phase0_20260809_111313/frontend/node_modules/vite/dist/node/chunks/dep-Dq2t6Dq0.js:42348:18
 ❯ loadAndTransform ../../../../../../%E5%BA%B7%E5%93%B2%E9%A1%B9%E7%9B%AE%E8%B5%84%E6%96%99/AI/%E5%8C%BB%E5%AD%A6%E7%BB%8F%E7%90%86%E5%B7%A5%E4%BD%9C%E5%8F%B0/implementation/protocol-v3-workbench-mw_protocol_v3_phase0_20260809_111313/frontend/node_modules/vite/dist/node/chunks/dep-Dq2t6Dq0.js:35740:27

⎯⎯⎯⎯⎯⎯⎯⎯⎯⎯⎯⎯⎯⎯⎯⎯⎯⎯⎯⎯⎯⎯⎯⎯[1/1]⎯


 Test Files  1 failed (1)
      Tests  no tests
   Start at  16:27:19
   Duration  491ms (transform 0ms, setup 0ms, import 0ms, tests 0ms, environment 415ms)

