Working...
# T17 第六轮端到端测试会商审阅意见书

**会商审阅者**：T17 会商专家组  
**审阅基准时间**：2026-09-20  
**审阅对象**：四名独立测试者第六轮端到端测试报告及关联证据：
- 测试者 1 (`tester1_gemini`)：IgA 肾病 II 期 · 入口 A（`synthetic-reference.docx` + 写作说明）
- 测试者 2 (`tester2_grok-4.6`)：IgA 肾病 II 期 · 入口 B 交叉
- 测试者 3 (`tester3_deepseek-v4.1`)：子宫内膜异位症 II 期 · 盲测（含 OCR / 英文文献与 PDF 导入）
- 测试者 4 (`tester4_glm-5.2`)：绝经后骨质疏松 II 期 · 自选领域（合成药 B 硬骨抑素类似物）

---

## 一、 交叉印证矩阵（问题 × 测试者 × 印证状态）

| 缺陷/现象描述 | 测试者 1 | 测试者 2 | 测试者 3 | 测试者 4 | 印证状态与结论 |
| :--- | :---: | :---: | :---: | :---: | :--- |
| **设计建议“未决问题”渲染空白，反问作答链路完全阻断** | 报告 P1-1 | 截图 20 命中 | 报告 P1-2 | 报告 P1-1 | **四人强互证（100% 同根因）**。前端取值路径错误，关键设计卡片未渲染。 |
| **导出 Word 正文与初稿大面积泄漏工程内部标识符与事实键名** | 报告 P1-3 | docx 命中 (109处) | 报告 P1-3 (108处) | docx 命中 (110处) | **四人强互证（100% 同根因）**。后端成文装配与导出桥硬编码直出。 |
| **章节导航与成文状态割裂：导航 100+ 章置灰禁用，实际 Word 已成文** | 未独立提报 | 截图 30-32 命中 | 报告 P2-1 | 报告 P2-1 | **两人报告，三人证据互证（同根因）**。导航仅按实时 proposal 判定禁用。 |
| **GenOffice 编辑器关闭无模态，强制原地二次点击且文案误导** | 报告 P2-2 | 未独立提报 | 未独立提报 | 报告 P2-2 | **两人强互证（同根因）**。关闭逻辑无弹窗、强制二次确认且文案恐吓。 |
| **“导入方案摘要”入口上传 PDF/DOCX 永久停在“正在准备文档内容”** | 未覆盖该入口 | 未覆盖该入口 | 报告 P0-1 | 历史轮次同复现 | **独立报告但证据确凿（同根因）**。同步阻塞解析+任务复用逻辑假死。 |
| **英文文献纳入资料整理耗时 285s 失败，流程回退且初稿入口消失** | 未覆盖英文文献 | 未覆盖英文文献 | 报告 P1-1 | 未覆盖英文文献 | **独立报告，代码已证实**。全局门禁单点依赖，未完成任务清空下游工作区。 |
| **给药设计工作流 blocked 且前端无重试/错误暴露，操作被钉死** | 主流程顺利未触发 | 截图 17-18 未阻断 | 未触发 | 报告 P1-2 | **独立报告，代码已证实**。前端对 blocked 状态缺乏重试与容错自愈。 |
| **39 项组织执行信息展开明细直接直出底层字典键名（未汉化）** | 报告 P1-2 | 截图 21 命中 | 未独立提报 | 未独立提报 | **一人报告，两人证据互证**。`summarizeResidualValue` 对象递归未映射键名。 |
| **“资料来源”文件框 input 仅 accept=".docx"，期刊 PDF 无法添加** | 未上传 PDF | 未上传 PDF | 报告 P2-3 | 未上传 PDF | **独立报告，代码已证实**。`ProtocolSourceIntake.jsx` 物理限制仅 docx。 |
| **导出 Word「目 录」章节重复出现两次，且无 Word 原生 TOC 域** | 报告模块(b) | 未独立提报 | 报告 P2-2 | 报告模块(b) | **三人强互证**。模板自带前置目录与后端追加目录冲突，无域代码。 |
| **页面刷新后 activeProjectId 重置回默认项目，需重新选项目** | 未刷新页面 | 未独立提报 | 未独立提报 | 报告 P2-4 | **独立报告，代码已证实**。URL 与 localStorage 未同步 activeProjectId。 |
| **“导出Word工作稿”为段落内行内链接，发现性差** | 未独立提报 | 未独立提报 | 未独立提报 | 报告 P2-3 | **独立报告，代码已证实**。`<a>` 标签内嵌于 `<p>` 提示语内，无按钮形态。 |
| **导出的 Word 表格跳号，缺表 3** | 报告 P2-1 | — | — | — | **误报（FALSE POSITIVE）**。实测 docx P566 存在完整的表 3。 |
| **已确认事实未传导至初稿（骨密度 BMD 0 次出现）** | — | — | — | 报告 P1-3 | **现象确认，但为衍生级联缺陷**。系 P1-1 导致要素卡片无法确认的下游反应。 |
| **来源台账读取失败（503）** | — | — | 报告 P2-4 | — | **非缺陷 / 已知预期行为**。属宿主认证缝隙保护机制。 |
| **新建项目输入框 placeholder 被无障碍工具当作值读出** | — | — | 报告 P2-5 | — | **非缺陷 / 工具交互差异**。浏览器 AX 树读取正常行为，不予记缺陷。 |

---

## 二、 确认问题清单（含根因假设与修复方向）

### 1. 【P0 级阻断】「导入方案摘要」文件上传后永久卡在“正在准备文档内容”
- **测试者反馈**：Tester 3 P0-1（PDF 1.3MB 挂死 600s，DOCX 52KB 挂死 610s，无错误、无取消、无新轮询）。
- **前后端归层**：
  - **前端交互层**（`MedicalWritingSynopsisProjectIntake.jsx:460-475`）：点击「导入并提取」后，UI 状态立即切为 `busy="upload"`。此时后台 `intake` 尚未返回，界面渲染 `phaseLabel(null)` 得到“准备导入”，`total` 为 0 显示“正在准备文档内容”。因为 `intake` 为 `null`，**取消按钮（Cancel）根本未挂载**；且当请求超时或挂死时，无自动超时回退保护。
  - **后端协议与解析层**（`main.py:7327` & `medical_writing_synopsis_import.py:845-951`）：`start_file_first_synopsis_project_intake` 接收上传文件后，在同步请求主线程中执行 `_deterministic_parse`（包含 `pymupdf` 遍历全页、复杂版面边缘指纹与重叠候选分析）。当处理大文件或特定 PDF 格式时耗时严重；更关键的是，若该文件内容曾在系统中有过失败历史任务（基于文件 SHA-256 复用机制），后端直接返回 `status="reused", phase="failed"`，由于后台并无活动 worker 在执行，前端轮询陷入死锁或直接挂起。
- **严重级别复核**：**P0 级阻断缺陷**（入口 B 方案导入场景的核心功能彻底瘫痪）。
- **最小正确修法方向**：
  1. 后端必须将 `_deterministic_parse` 移入后台异步任务队列执行，接口在 500ms 内快速返回 202 并生成持久化 Job，禁止在 HTTP 线程做同步解析；对于 `status="reused"` 的非终态或历史失败任务，必须启动恢复执行逻辑，严禁返回死锁状态。
  2. 前端 `MedicalWritingSynopsisProjectIntake.jsx` 必须常驻“取消”按钮（即便 `intake` 未就绪也可主动中止当前 fetch），并增加 60 秒前置超时熔断提示。

---

### 2. 【P1 级严重】设计要素“未决问题”渲染空白，关键设计确认链路阻断
- **测试者反馈**：Tester 1 P1-1、Tester 2 截图 20、Tester 3 P1-2、Tester 4 P1-1 共同触发。
- **前后端归层**：**前端数据适配层**（`DesignElementsCards.jsx:207-208`）。
- **根因确认**：
  - 后端接口 `/protocol-workflow/design/elements/{id}` 返回的数据结构中，未决问题位于 `res.validation.proposal.questions` 或 `unresolved_questions`；
  - 前端原代码错误地读取了 `state?.proposal?.questions`（`state` 根对象无 `proposal`，它在 `state.validation.proposal` 下），且仅尝试读取单一字段 `questions`，导致计算结果为 `[]`；
  - 最终只渲染了 `<p role="alert">设计建议尚有未决问题：</p>`，冒号后没有任何问题卡片和作答输入框；用户无法回答反问，导致主要终点、估计目标、样本量等设计要素卡片全线无法确认，进一步传导至 Tester 4 发现的初稿正文要素全成【缺口】。
- **严重级别复核**：**P1 级严重缺陷**（医学经理方案设计核心决策路径中断）。
- **最小正确修法方向**：
  在 `DesignElementsCards.jsx` 中修正数据解构路径：
  ```javascript
  const proposal = state?.validation?.proposal;
  const pending = [...new Set([
    ...(proposal?.questions || []),
    ...(proposal?.unresolved_questions || []),
  ])].filter(Boolean);
  ```
  并提供明确的条目列表展示与重填引导。

---

### 3. 【P1 级严重】初稿正文与导出 Word 大面积泄漏工程内部标识符与变量键
- **测试者反馈**：Tester 1 P1-3、Tester 2（109处）、Tester 3 P1-3（108处）、Tester 4（110处）全量命中。
- **前后端归层**：**后端数据装配与导出桥接层**（`manuscript_document.py` + `word_export.py`）。
- **根因确认**：
  1. `services/api/app/protocol_workflow/agent3/manuscript_document.py:26`：在生成显式缺口块时，硬编码拼接了程序内部契约 ID：
     `content = f'{text}（缺口身份：{node_id}）'`，导致正文中出现 105+ 处 `（缺口身份：v2_n_1_2）`、`（缺口身份：v2_n_15）` 等代码符号；
  2. 同文件第 18 行：`_GAP_INSTRUCTION` 直接使用 `fact_paths='、'.join(fact_paths)` 拼接底层点号实体键（如 `synopsis.design`、`document_control.applicable_parties`、`glossary.term_count`）；
  3. `services/api/app/protocol_workflow/agent3/word_export.py:58`：工作稿导出时，当章节未在标题表中登记（如模板封面载体 `v2_front_block`），代码 fallback 行为是 `doc.add_heading(info.get('title', node_id), level=heading_level)`，直接将工程字符串 `"v2_front_block"` 作为 Heading 2 写入正文；
  4. `word_export.py` 导出桥完全缺乏面向出版交付的敏感字符与工程标记脱敏层。
- **严重级别复核**：**P1 级严重缺陷**（方案 Word 为交付伦理与申办者的法定受控文件，工程词汇外溢破坏法律/医学严肃性）。
- **最小正确修法方向**：
  1. 修改 `manuscript_document.py:26`，彻底移除正文字符串中的 `（缺口身份：{node_id}）` 机器后缀，节点标识仅保留在 `SemanticBlock.semantic_node_id` 元数据中，不写入 `content`；
  2. 对 `fact_paths` 建立人类可读标签字典（如 `synopsis.design` $\to$ “试验设计类型”，`synopsis.sample_size` $\to$ “样本量估算依据”），缺失映射时降级为通用描述“相关设计要素”，禁止直出点号变量；
  3. 修改 `word_export.py`：对 `node_id == 'v2_front_block'` 或无人类标题的内部载体，跳过 Heading 生成，绝不允许直出 `v2_*` 标题；并在正文段落写入前调用正则表达式统一清洗剥离遗留代码锚点。

---

### 4. 【P1 级严重】英文文献纳入导致资料整理失败（285s）且全局流程异常回退
- **测试者反馈**：Tester 3 P1-1（添加英文文献后耗时 285s 失败；页面从成稿/Office阶段瞬间回退至第一步，且已保存初稿入口全部消失；再次点击瞬时报错）。
- **前后端归层**：
  - **前端架构生命周期缺陷**（`ProtocolIntakeWorkspace.jsx:235-245`）：工作台将后续的所有高级工作区（`ResearchInformationCard`、`DesignElementsCards`、`ManuscriptWorkspace`）的渲染条件**单点绑定**在当前最新的 `job?.validation?.valid === true` 上。一旦用户后续补充文献并重新点击“准备写作材料”，如果该次任务失败，`job` 变为 invalid，导致前端直接将下方已成稿的整个工作区全部 **unmount**，初稿阅读、Office 编辑入口全部物理消失；同时 `remember` 覆盖了 `runId`，刷新后依然停留在不可逆的失效态。
  - **后端 AI 语义理解层**：长篇英文文献解析时，后台 Prompt 未设置严格的单次超时与降级兜底，285s 超长耗时后由于输出格式校验失败被判定为 `needs_structure_correction`。
- **严重级别复核**：**P1 级严重缺陷**（数据更新引发破坏性流程倒退与成果屏蔽）。
- **最小正确修法方向**：
  1. 前端解耦流程门禁：已生成的初稿及已保存的版本（`savedDocument`、历史版本记录）必须作为持久化资产常驻展示，绝不能因为新一轮的“资料整理”失败而把既有下游成果全部销毁隐藏；
  2. 当新任务处于失败或阻塞态时，仅在资料整理卡片局部提示错误并提供“放弃本次更新，恢复上一有效状态”按钮；
  3. 后端增强大篇幅英文文献资料抽取的超时熔断（建议 90s）与结构提取宽容度。

---

### 5. 【P1 级严重】给药设计工作流 blocked 且无 UI 暴露/恢复操作
- **测试者反馈**：Tester 4 P1-2（`regimen-design` 任务返回 `status: "blocked"`，按钮消失，仅留提示文案，无任何可点击项，流程死锁）。
- **前后端归层**：**前端交互与错误恢复层**（`RegimenDesignWorkspace.jsx:147-157`）。
- **根因确认**：
  - 当 `job?.status === "blocked"` 时，由于本地已存有 `saved.runId`，导致第 147 行的 `!saved.runId` 为 false，“整理完整给药建议”按钮被隐藏；
  - 界面第 156 行仅静态渲染 `<p role="status">本次设计结果需要核对，原资料和记录已保留。</p>`，没有提供重试、核对或重新发起的按钮；
  - 用户被永久卡在该步骤，无法继续推进。
- **严重级别复核**：**P1 级缺陷**（特定场景下流程死锁）。
- **最小正确修法方向**：
  在 `RegimenDesignWorkspace.jsx` 中增加针对 `blocked` 且不可 resume 状态的处理：提供「重新整理给药建议」操作，允许用户重置本地 `runId` 并发起新任务。

---

### 6. 【P2 级体验】39 项组织执行信息展开明细直接直出底层字典键名
- **测试者反馈**：Tester 1 P1-2、Tester 2 截图 21 均证实。
- **前后端归层**：**前端展示层**（`ManuscriptWorkspace.jsx:23-28`）。
- **根因确认**：`summarizeResidualValue(value)` 遇到 object 类型时，直接使用了原生的 `${key}：${summarizeResidualValue(item)}`，未经过本地国际化/中文标签映射字典转换，导致 `arrangement`、`roles`、`measures`、`reserved_for_signing` 等英文 key 直出。
- **严重级别复核**：**复核定为 P2 级**（不影响功能逻辑，但属于界面汉化缺陷）。
- **最小正确修法方向**：在 `ManuscriptWorkspace.jsx` 内配置 `RESIDUAL_KEY_LABELS` 映射表，对常见键名映射为中文（如 `arrangement` $\to$ “组织安排”，`roles` $\to$ “职责分工”，`role` $\to$ “签署角色”，`name_note` $\to$ “签署人说明”）。

---

### 7. 【P2 级体验】章节导航状态与实际成文矛盾（100+ 章置灰禁用）
- **测试者反馈**：Tester 3 P2-1、Tester 4 P2-1。
- **前后端归层**：**前端交互层**（`ManuscriptWorkspace.jsx:555-557`）。
- **根因确认**：
  - 导航列表中按钮禁用逻辑写死为：`disabled={!chapter.validation?.proposal}`；
  - 对于系统以显式缺口形式自动成文的 72 个章节（`kept_as_gap`），其 `chapter.validation.proposal` 为 `null`，但正文实际已组装入 `savedDocument`；
  - 导致用户在界面上看到 100+ 个章节全部灰色 disabled 且标注“尚未完成”，误以为初稿撰写失败，与 Word 导出的实际内容形成明显矛盾。
- **严重级别复核**：**P2 级**（造成严重心理疑惑，但实际 Word 可正常导出完整内容）。
- **最小正确修法方向**：
  修改按钮激活判定逻辑：若章节属于 `chapter.validation?.proposal` 或在 `savedDocument` 中存在有效文本块（含缺口成文块），允许点击进入阅读预览视图。

---

### 8. 【P2 级功能】“资料来源”文件框 input 仅限制 DOCX，期刊 PDF 无入口
- **测试者反馈**：Tester 3 P2-3。
- **前后端归层**：**前端配置层**（`ProtocolSourceIntake.jsx:487`）。
- **根因确认**：`accept` 属性硬编码为 `.docx,application/vnd.openxmlformats-officedocument.wordprocessingml.document`，将临床试验方案撰写最常见的 PDF 格式期刊文献完全隔离在外。
- **严重级别复核**：**P2 级**。
- **最小正确修法方向**：扩充 `accept` 属性，加入 `.pdf,application/pdf`，并在后台接入已有的 PDF 原生文本解析器。

---

### 9. 【P2 级规范】导出 Word「目 录」标题重复出现，且无 Word 原生 TOC 域代码
- **测试者反馈**：Tester 3 P2-2、Tester 1 重点模块(b)。
- **前后端归层**：**后端导出器**（`word_export.py`）。
- **根因确认**：工作稿导出时既保留了模板底稿中原有的前置目录标题，又追加了章节装配生成的目录章节；同时仅写入静态文本缺口，未插入 Word 的 `w:fldSimple` 或 `w:instrText TOC \o "1-3"` 动态目录域。
- **严重级别复核**：**P2 级**。
- **最小正确修法方向**：在导出时对目录章节进行去重判定，并插入标准的 Word 原生 `{ TOC }` 域代码，使用户在 Word 中按 F9 即可一键更新页码与跳转条目。

---

### 10. 【P2 级交互】GenOffice 编辑器无模态确认的二次隐形点击
- **测试者反馈**：Tester 1 P2-2、Tester 4 P2-2。
- **前后端归层**：**前端交互层**（`GenOfficeFrame.jsx:101-103`）。
- **根因确认**：关闭编辑器未采用浏览器标准 `confirm` 或专用 Modal 弹窗，而是将按钮文字在原地改为“再点一次确认关闭（未保存的修改将丢失）”，且无论刚刚是否保存过均强制拦截，引发界面无响应或误解。
- **严重级别复核**：**P2 级**。
- **最小正确修法方向**：改为标准的模态确认弹窗，或在本次会话已有保存动作且无新输入时允许直接平滑关闭。

---

### 11. 【P2 级交互】页面刷新后项目选择被重置回默认项目
- **测试者反馈**：Tester 4 P2-4。
- **前后端归层**：**前端状态保持层**（`App.jsx:15307-15316`）。
- **根因确认**：页面重新加载时，`activeProjectId` 默认走 `resolveMedicalMonitoringProjectRoute` 取首项，未优先读取 URL Query 参数（如 `?projectId=...`）或 `localStorage` 中的最近活跃项目。
- **严重级别复核**：**P2 级**。
- **最小正确修法方向**：在 `App.jsx` 初始化时增加从 URL Search Params 及 localStorage 读取上次激活项目的逻辑。

---

### 12. 【P2 级交互】“导出Word工作稿”为段落内行内链接，发现性差
- **测试者反馈**：Tester 4 P2-3。
- **前后端归层**：**前端样式与结构层**（`ManuscriptWorkspace.jsx:541`）。
- **根因确认**：导出入口作为 `<a>` 标签包裹在一段很长的说明性段落文字中间，缺乏醒目的主操作按钮视觉阶梯。
- **严重级别复核**：**P2 级**。
- **最小正确修法方向**：将其抽离为独立的工具栏按钮（如 `<button className="kz-manuscript-secondary">`），提升视觉发现性。

---

## 三、 误报 / 降级清单（含理由）

| 序号 | 报告项编号与描述 | 报告测试者 | 会商判定 | 判定依据与事实核查 |
| :---: | :--- | :---: | :---: | :--- |
| **1** | **导出 Word 表格编号跳号，缺失“表3”** | Tester 1 (P2-1) | **误报（FALSE POSITIVE）** | **实测证据否决**：解压分析 Tester 1 导出的 `exported_working_draft.docx` XML，在段落 P566 处明确存在 `<w:t>表3 试验参与者的补偿、赔偿与保险</w:t>`，表格实体完整存在，从表 1 至表 4 序号完全连续无断号。测试者因浏览位置跳跃（从前言第 1 章直接翻至附录）造成视觉检索遗漏。 |
| **2** | **已确认事实未传导至初稿（骨密度 BMD 0 次出现，概要全缺口）** | Tester 4 (P1-3) | **降级（级联衍生现象，非独立缺陷）** | **因果链审查**：此现象并非后端事实流转管道损坏，而是由于 P1-1（设计建议未决问题渲染空白）导致用户未能确认主要终点与样本量等关键卡片。系统严格遵循“未确认事实绝不编造”的 **Fail-Closed** 安全红线，因此初稿中该项显式标记为缺口。修复 P1-1 后该问题自然闭环。 |
| **3** | **来源台账读取失败（503 服务验证身份尚未接入）** | Tester 3 (P2-4) | **已知非缺陷（KNOWN_BEHAVIOR）** | 任务已知背景明确约定：`monitoring_principal_unavailable (HTTP 503)` 属于宿主认证缝隙的预期行为，未开放该子系统前按规范放行，不计入系统缺陷。 |
| **4** | **输入框 placeholder 被无障碍工具当作预填值读出** | Tester 3 (P2-5) | **误报 / 忽略（TOOL_ARTIFACT）** | 经审查 DOM 结构，输入框 `value` 实际为空，仅包含 `placeholder="药物代号或通用名"`。系测试辅助无障碍树（Accessibility Tree）提取文本层时的固有表现，对真实用户的键盘输入与点击交互零影响。 |

---

## 四、 重点专项深度复核

### 1. 深度复核：Tester 3 报告的 P0-1（PDF/DOCX 方案摘要导入永久挂死）
- **现象复核**：
  Tester 3 提供的截图 `/tmp/t17_tester3/27_extract_stuck.png` 呈现典型假死特征：弹窗标题“准备导入”，文本“正在准备文档内容”，橙色 Spinner 无限旋转，界面无任何报错、无耗时计数、无任何可操作按钮（包括取消按钮）。
- **深层机制挖掘**：
  1. **前端单向门禁失守**：`MedicalWritingSynopsisProjectIntake.jsx` 中 `busy="upload"` 时，由于后端异步初始化完成前的响应尚未返回，此时 `intake === null`。而取消按钮的挂载条件被写成了 `{intake && (<button onClick={cancel}>取消</button>)}`！这导致在最脆弱的文件上传和等待初始响应期间，用户被完全剥夺了“取消”的权利。
  2. **后端同步负荷过载**：`services/api/app/main.py:7327` 暴露的 HTTP POST 端点直接阻塞在 `medical_writing_synopsis_import_service.start_job` 上。`start_job` 内部的 `_deterministic_parse` 在 HTTP 线程内同步进行全量 PDF 页面提取与字符指纹分析。对于 9 页、1.3MB 且含有密集表格的临床方案文件，同步处理极易造成代理超时或线程阻塞；
  3. **任务复用死锁**：若文件 SHA-256 命中数据库既有历史记录，后端仅返回旧状态而不会主动 revive 执行器，前端判定 `synopsisJobState` 时未将 `reused` 列为终止态，从而陷入静默死循环。
- **裁决结论**：**确认此项为 P0 级设计与实现缺陷**。必须执行异步化解耦与前端超时熔断重构。

---

### 2. 深度复核：Tester 1 报告的 P1-3（导出 Word 大面积泄漏底层内部标识符）
- **数据统计复核（四份 Docx XML 全量检索）**：
  在四位测试者真实导出的工作稿中执行严密正则比对，结果完全一致：
  - `v2_n_*` 章节契约 ID：**均出现 107 ~ 110 处**；
  - `v2_front_block` 直出为 Heading 2 标题：**均出现 2 处**（P311 等）；
  - 点号底层事实键（`document_control.*`, `synopsis.*` 等）：**均出现 31 ~ 35 处**；
  - `【缺口】`/`【待判定】` 显式占位：**均在 95 ~ 100 处之间**。
- **根因代码精准定位**：
  - 根源 1（`services/api/app/protocol_workflow/agent3/manuscript_document.py:26`）：
    ```python
    content = f'{text}（缺口身份：{node_id}）'  # <-- 罪魁祸首：人为将工程 ID 拼接进用户正文
    ```
  - 根源 2（`services/api/app/protocol_workflow/agent3/word_export.py:58`）：
    ```python
    doc.add_heading(info.get('title', node_id), level=heading_level)  # <-- title 为空时直接退化输出 node_id
    ```
- **合规性与严重性定性**：
  临床试验方案是受 GCP/ICH 规范严格约束的法律受控文件。在交付给外部伦理委员会和药监专员的 Word 文档中，直出 `v2_n_front_6`、`synopsis.analysis_strategy` 等程序员视角的变量命名，在合规稽查中会被直接认定为文件缺陷。
- **裁决结论**：**确认此项为高危 P1 级缺陷**。必须在成文装配层将机器元数据与人类阅读正文彻底解耦，在导出桥接层加入全局正则消解拦截器。

---

## 五、 重点检查模块综合评估结论

| 模块 | 完备度评级 | 实测表现与缺陷证据 | 用户最小期望与改进方向 |
| :--- | :---: | :--- | :--- |
| **(a) 文献引用与管理** | **缺失（仅外部桥接雏形）** | 1. 写作界面无“插入文献/引文”交互抽屉；<br>2. 第 15 章《参考文献》生成为【待判定】占位；<br>3. 正文 0 处 `[n]` 上标引用；<br>4. GenOffice 仅支持外部本地 Zotero 客户端，工作台原生闭环管理缺失；<br>5. **正面合规表现**：在无确认文献时，严格遵循 Fail-Closed，零编造虚假文献。 | 1. 资料库中的文献支持在正文段落中点选“插入引用”；<br>2. 插入后正文自动生成自增上标 `[1]`，文末第 15 章自动汇总 GB/T 7714 格式参考文献列表；<br>3. 段落移动或增删时引文序号全局自动重排。 |
| **(b) 目录与图表呈现** | **缺失（骨架占位未成型）** | 1. 导出的 Word 中包含“目 录”文本，但无原生 Word `{ TOC }` 域，无页码、点线与点击跳转；<br>2. 表目录和图目录仅生成显式缺口占位；<br>3. Word 中前置目录与正文目录重复出现两次；<br>4. 表格虽有编号但命名机械重复章节名。 | 1. 导出的 Word 必须预置标准 Word TOC 目录域代码，支持用户在 Word 中一键更新并实现 Ctrl+Click 跳转；<br>2. 表目录/图目录自动抓取正文中所有表格和插图的题注与页码；<br>3. 消除重复出现的“目 录”章节。 |
| **(c) 研究流程示意图** | **缺失（完全占位未成图）** | 1. 1.2 节《研究流程图》完全呈现为【待判定】缺口（`v2_n_1_2`）；<br>2. 未生成任何图形对象、矢量图（SVG/EMF）或结构流程框图；<br>3. 与 1.3 节 SOA 流程表均未成文，方案前言部分产生视觉断层。 | 1. 根据已确认的设计要素（筛选期 $\to$ 随机化 $\to$ 治疗期 $\to$ 安全随访），自动生成可编辑的高保真流程框图（或规范文本卡片流程图）；<br>2. 严禁暴露 `v2_n_1_2` 等底层占位标识。 |

---

## 六、 修复优先级排序表（用户影响 × 出现频次）

| 排序 | 缺陷编号 | 问题摘要 | 影响 × 频次 | 归层 | 最小正确修法方向 |
| :---: | :---: | :--- | :---: | :---: | :--- |
| **1** | **FIX-01** | **设计要素未决提问渲染空白** (P1-1/P1-2) | **极高 × 极高 (4/4)** | 前端数据层 | 在 `DesignElementsCards.jsx` 修正 `validation.proposal` 取值路径，合并去重 `questions` 与 `unresolved_questions`。 |
| **2** | **FIX-02** | **导出Word泄漏内部标识符与事实键** (P1-3) | **极高 × 极高 (4/4)** | 后端装配与导出 | 修改 `manuscript_document.py` 移除正文 `（缺口身份：...）`；`word_export.py` 过滤 `v2_*` 标题并执行正则脱敏。 |
| **3** | **FIX-03** | **导入方案摘要 PDF/DOCX 永久挂死** (P0-1) | **极高 × 中等 (1/4)** | 前后端架构 | 后端 `start_job` 异步化解析；前端 `MedicalWritingSynopsisProjectIntake.jsx` 常驻取消按钮并增加超时熔断。 |
| **4** | **FIX-04** | **英文文献纳入失败致工作区回退** (P1-1) | **高 × 中等 (1/4)** | 前端生命周期 | `ProtocolIntakeWorkspace.jsx` 解耦已成文工作区，禁止因后续单次整理失败 unmount 历史已保存初稿。 |
| **5** | **FIX-05** | **给药建议 blocked 状态死锁无操作入口** (P1-2) | **高 × 低 (1/4)** | 前端状态层 | `RegimenDesignWorkspace.jsx` 对 blocked 且不可 resume 的任务提供「重新整理给药建议」重置操作。 |
| **6** | **FIX-06** | **章节导航状态与实际成文割裂置灰** (P2-1) | **中 × 高 (3/4)** | 前端交互层 | `ManuscriptWorkspace.jsx` 放宽导航激活条件，支持包含已保存缺口成文块（`savedDocument`）的章节进入阅读。 |
| **7** | **FIX-07** | **39项组织信息直出字典英文键名** (P1-2) | **中 × 中 (2/4)** | 前端展示层 | `ManuscriptWorkspace.jsx:summarizeResidualValue` 引入中文标签映射字典，替换英文原生属性名。 |
| **8** | **FIX-08** | **资料来源 input 限制仅 docx 排除 PDF** (P2-3) | **中 × 中 (1/4)** | 前端配置层 | `ProtocolSourceIntake.jsx` 文件上传控件 `accept` 属性补充 `.pdf` 格式支持。 |
| **9** | **FIX-09** | **Word 目录重复且无原生 TOC 域** (P2-2) | **中 × 高 (3/4)** | 后端导出器 | `word_export.py` 去除多余的目录章，并注入标准的 Word 原生 `{ TOC }` 域代码。 |
| **10** | **FIX-10** | **GenOffice 关闭编辑器强制二次隐形点击** (P2-2) | **低 × 中 (2/4)** | 前端交互层 | `GenOfficeFrame.jsx` 引入醒目的模态确认弹窗，或在已保存无脏数据时允许直接关闭。 |
| **11** | **FIX-11** | **刷新页面后项目选择重置回首个项目** (P2-4) | **低 × 中 (1/4)** | 前端路由层 | `App.jsx` 在初始化及刷新时优先从 URL SearchParams 与 localStorage 恢复当前活跃项目 ID。 |
| **12** | **FIX-12** | **导出Word工作稿链接为普通行内文本** (P2-3) | **低 × 低 (1/4)** | 前端样式层 | `ManuscriptWorkspace.jsx` 将行内 `<a>` 链接提升为醒目的次级功能按钮样式。 |

---

## 七、 举一反三清单（同类隐患排查）

1. **面向用户的正文成文层与内部元数据契约必须做绝对物理隔离**：
   - *同类隐患点*：除 `manuscript_document.py` 的缺口块外，检查 `chapter_draft.py`、`fact_bindings.py`、`qc_rules.py` 中是否存在类似 `f"{text} ({contract_id})"` 或 `f"【依据：{source_locator}】"` 等将内部数据结构直接拼接给最终用户看的代码模式。元数据应只留在属性或隐藏字段中。
2. **异步长任务的挂起态（Blocked / Failed）前端自愈能力审查**：
   - *同类隐患点*：在 `ResearchInformationCard`、`StudyContextWorkspace`、`RegimenDesignWorkspace` 等所有依赖异步工作流的组件中，全面排查当后端返回 `blocked`、`needs_structure_correction`、`409 Conflict` 或网络丢包时，是否存在“按钮消失、文案定格、无法重试、无法取消、清空缓存前无法重置”的前端单向死锁逻辑。
3. **全局流程门禁对局部更新的韧性容错（Anti-Regression）**：
   - *同类隐患点*：排查整个工作台的状态提升（State Lifting）机制。当前只要最顶层的“资料整理”尝试重跑，就会导致整个下游初稿组件被销毁。必须确立架构规范：**已有历史版本与持久化初稿属于已归档事实，严禁因为上游正在进行的未决操作而卸载或隐藏下游成果**。
4. **文件导入管道的同步解析性能瓶颈审查**：
   - *同类隐患点*：检查入排模块、PV 模块、TFL 模块中的附件上传接口，是否存在任何在 FastAPI/Starlette 同步请求主线程中直接执行 OCR、PyMuPDF 全文提取、Pandas 大表处理的同步阻塞逻辑。所有涉及外部文档解析的操作必须 100% 异步 Job 化。
5. **字段渲染与字典序列化的汉化兜底**：
   - *同类隐患点*：全面扫描前端各模块中的 `Object.entries(dict).map(([key, val]) => ...)` 模式。检查入排标准审查、生命体征异常、实验室指标等列表渲染，确保每个底层字段名在直出前都有字典转换或默认安全 fallback，严禁暴露代码标识符。

---

CONFERENCE=DONE
EXIT=0
